Already up to date
Done in 354ms using pnpm v11.19.0
$ pnpm typecheck && pnpm check:boundaries && pnpm test && pnpm build
$ tsc --noEmit
$ node scripts/check-boundaries.mjs
源码边界通过：A/B 互不导入；shared 独立；integration 负责装配。
$ tsx --test tests/*.test.ts
TAP version 13
# Subtest: one road change compares the same weighted window without keeping mutable config
ok 1 - one road change compares the same weighted window without keeping mutable config
  ---
  duration_ms: 2.3837
  ...
# Subtest: changed operating conditions block numeric deltas even when values are present
ok 2 - changed operating conditions block numeric deltas even when values are present
  ---
  duration_ms: 0.5208
  ...
# Subtest: multiple configuration changes remain visible and missing seat values stay unavailable
ok 3 - multiple configuration changes remain visible and missing seat values stay unavailable
  ---
  duration_ms: 0.7483
  ...
# Subtest: legacy teaching layout compares with explicit teaching ID but another layout suppresses deltas
ok 4 - legacy teaching layout compares with explicit teaching ID but another layout suppresses deltas
  ---
  duration_ms: 0.2763
  ...
# Subtest: exported A/B summary survives JSON roundtrip and recomputes deltas
ok 5 - exported A/B summary survives JSON roundtrip and recomputes deltas
  ---
  duration_ms: 3.9805
  ...
# Subtest: condition mismatch imports but suppresses unsupported deltas
ok 6 - condition mismatch imports but suppresses unsupported deltas
  ---
  duration_ms: 2.9344
  ...
# Subtest: rejects oversized, forged, malformed and nonfinite evidence
ok 7 - rejects oversized, forged, malformed and nonfinite evidence
  ---
  duration_ms: 2.9929
  ...
# Subtest: foreign layouts remain readable but never acquire a numeric comparison
ok 8 - foreign layouts remain readable but never acquire a numeric comparison
  ---
  duration_ms: 1.0723
  ...
# Subtest: older rnc-case-v1 without layout identity imports as teaching layout
ok 9 - older rnc-case-v1 without layout identity imports as teaching layout
  ---
  duration_ms: 0.6566
  ...
# Subtest: one-variable review reports measured direction without assigning cause or approval
ok 10 - one-variable review reports measured direction without assigning cause or approval
  ---
  duration_ms: 2.0111
  ...
# Subtest: confounded or mismatched cases never receive a causal or numeric verdict
ok 11 - confounded or mismatched cases never receive a causal or numeric verdict
  ---
  duration_ms: 0.498
  ...
# Subtest: an unregistered layout is labeled as file-reported evidence without a verdict
ok 12 - an unregistered layout is labeled as file-reported evidence without a verdict
  ---
  duration_ms: 0.4035
  ...
# Subtest: new human fields roundtrip, legacy v1 imports blank, computed facts ignore human claims
ok 13 - new human fields roundtrip, legacy v1 imports blank, computed facts ignore human claims
  ---
  duration_ms: 4.8246
  ...
# Subtest: A1: unavailable convergence values leave gaps rather than zero gain or connecting across missing data
ok 14 - A1: unavailable convergence values leave gaps rather than zero gain or connecting across missing data
  ---
  duration_ms: 1.7564
  ...
# Subtest: A1: original noise draws once in grey, residual compares against the same original channel
ok 15 - A1: original noise draws once in grey, residual compares against the same original channel
  ---
  duration_ms: 0.4832
  ...
# Subtest: paired spatial evidence distinguishes quieter, louder and near-zero samples without claiming a volume mean
ok 16 - paired spatial evidence distinguishes quieter, louder and near-zero samples without claiming a volume mean
  ---
  duration_ms: 1.8902
  ...
# Subtest: invalid, mismatched and nonfinite samples cannot produce a stale or invented spatial verdict
ok 17 - invalid, mismatched and nonfinite samples cannot produce a stale or invented spatial verdict
  ---
  duration_ms: 0.2976
  ...
# Subtest: guide requires actual baseline and candidate runs before showing comparison evidence
ok 18 - guide requires actual baseline and candidate runs before showing comparison evidence
  ---
  duration_ms: 1.85
  ...
# Subtest: changed operating condition or multiple edits block the guided verdict
ok 19 - changed operating condition or multiple edits block the guided verdict
  ---
  duration_ms: 0.5089
  ...
# Subtest: invalid candidate and stale field never unlock listening
ok 20 - invalid candidate and stale field never unlock listening
  ---
  duration_ms: 0.2892
  ...
# Subtest: a candidate field unlocks guidance only at the comparison window end
ok 21 - a candidate field unlocks guidance only at the comparison window end
  ---
  duration_ms: 0.2909
  ...
# Subtest: lab playback applies one gain to all eight signals, preserves d/e ratios and does not mutate physics
ok 22 - lab playback applies one gain to all eight signals, preserves d/e ratios and does not mutate physics
  ---
  duration_ms: 29.0749
  ...
# Subtest: actual extreme valid lab experiment has no clipped samples after shared preparation
ok 23 - actual extreme valid lab experiment has no clipped samples after shared preparation
  ---
  duration_ms: 1150.161
  ...
# Subtest: sinc overshoot is covered by the strict bound; silence and low-level legacy gain remain unchanged
ok 24 - sinc overshoot is covered by the strict bound; silence and low-level legacy gain remain unchanged
  ---
  duration_ms: 1.768
  ...
# Subtest: live Worker cancellation rejects pending work and late old errors cannot kill the new run
ok 25 - live Worker cancellation rejects pending work and late old errors cannot kill the new run
  ---
  duration_ms: 14.982
  ...
# Subtest: field failure is recoverable but a processor failure rejects every pending query
ok 26 - field failure is recoverable but a processor failure rejects every pending query
  ---
  duration_ms: 1.0491
  ...
# Subtest: start cancellation and foreign run identities fail explicitly; batch mode cannot produce live chunks
ok 27 - start cancellation and foreign run identities fail explicitly; batch mode cannot produce live chunks
  ---
  duration_ms: 1.5069
  ...
# Subtest: live RNC control returns the exact sample boundary and a rejected switch preserves the running worker
ok 28 - live RNC control returns the exact sample boundary and a rejected switch preserves the running worker
  ---
  duration_ms: 1.5094
  ...
# Subtest: legacy layout is stamped and unimplemented layouts fail before replacing a running experiment
ok 29 - legacy layout is stamped and unimplemented layouts fail before replacing a running experiment
  ---
  duration_ms: 1.406
  ...
# Subtest: field frames without the active physical layout are rejected without killing the experiment
ok 30 - field frames without the active physical layout are rejected without killing the experiment
  ---
  duration_ms: 2.1703
  ...
# Subtest: a field reply cannot substitute another time, weighting or sampling plane within the same run
ok 31 - a field reply cannot substitute another time, weighting or sampling plane within the same run
  ---
  duration_ms: 1.1326
  ...
# Subtest: batch results and live packets cannot switch physical layout inside an accepted run
ok 32 - batch results and live packets cannot switch physical layout inside an accepted run
  ---
  duration_ms: 1.0101
  ...
# Subtest: same-layout responses cannot substitute another vehicle or physical experiment configuration
ok 33 - same-layout responses cannot substitute another vehicle or physical experiment configuration
  ---
  duration_ms: 1.4309
  ...
# Subtest: Worker replies without the active run identity cannot enter results or field views
ok 34 - Worker replies without the active run identity cannot enter results or field views
  ---
  duration_ms: 1.3815
  ...
# Subtest: log frequency coordinates give equal spacing to equal ratios and omit DC
ok 35 - log frequency coordinates give equal spacing to equal ratios and omit DC
  ---
  duration_ms: 1.8435
  ...
# Subtest: seat curves preserve full-run SPL history and missing values while excluding future frames
ok 36 - seat curves preserve full-run SPL history and missing values while excluding future frames
  ---
  duration_ms: 1.0545
  ...
# Subtest: physical traces share Pa scale, show original and use absolute sample time after a live history wrap
ok 37 - physical traces share Pa scale, show original and use absolute sample time after a live history wrap
  ---
  duration_ms: 0.8098
  ...
# Subtest: the initial waveform uses the same five-second scale as a full rolling window
ok 38 - the initial waveform uses the same five-second scale as a full rolling window
  ---
  duration_ms: 0.6067
  ...
# Subtest: PSD comparisons use actual FFT bin positions and original selection is not drawn twice
ok 39 - PSD comparisons use actual FFT bin positions and original selection is not drawn twice
  ---
  duration_ms: 0.4083
  ...
# Subtest: first valid point is visible and null SPL gaps never create fake zero levels
ok 40 - first valid point is visible and null SPL gaps never create fake zero levels
  ---
  duration_ms: 0.2036
  ...
# Subtest: acceleration and speaker drive never masquerade as pressure on a common axis
ok 41 - acceleration and speaker drive never masquerade as pressure on a common axis
  ---
  duration_ms: 0.3534
  ...
# Subtest: manual plot bounds and hidden primary traces apply independently without changing samples
ok 42 - manual plot bounds and hidden primary traces apply independently without changing samples
  ---
  duration_ms: 0.9458
  ...
# Subtest: divergent but finite Float32 pressure is bounded only in the audition copies
ok 43 - divergent but finite Float32 pressure is bounded only in the audition copies
  ---
  duration_ms: 55.4346
  ...
# Subtest: streaming sinc is independent of chunk partition and matches continuous interpolation before the real lookahead tail
ok 44 - streaming sinc is independent of chunk partition and matches continuous interpolation before the real lookahead tail
  ---
  duration_ms: 236.4471
  ...
# Subtest: common lookahead safety envelope preserves all eight d/e ratios, bounds peaks and retains bounded memory
ok 45 - common lookahead safety envelope preserves all eight d/e ratios, bounds peaks and retains bounded memory
  ---
  duration_ms: 1301.6717
  ...
# Subtest: finishing releases exactly the real lookahead tail, including a run shorter than that tail
ok 46 - finishing releases exactly the real lookahead tail, including a run shorter than that tail
  ---
  duration_ms: 13.7431
  ...
# Subtest: live queue validates complete finite contiguous chunks without changing accepted state on rejection
ok 47 - live queue validates complete finite contiguous chunks without changing accepted state on rejection
  ---
  duration_ms: 74.0263
  ...
# Subtest: one audio clock freezes on starvation and resumes at the missing sample instead of skipping wall time
ok 48 - one audio clock freezes on starvation and resumes at the missing sample instead of skipping wall time
  ---
  duration_ms: 26.3258
  ...
# Subtest: queued chunks are gapless and all comparisons share one eight-channel buffer without a new clock on switching
ok 49 - queued chunks are gapless and all comparisons share one eight-channel buffer without a new clock on switching
  ---
  duration_ms: 10.0475
  ...
# Subtest: pause preserves partly consumed audio and a cold allocation never advances the simulation clock
ok 50 - pause preserves partly consumed audio and a cold allocation never advances the simulation clock
  ---
  duration_ms: 4.305
  ...
# Subtest: async resume cannot revive pause/reset/dispose or clear a newer request, and failure is retryable
ok 51 - async resume cannot revive pause/reset/dispose or clear a newer request, and failure is retryable
  ---
  duration_ms: 9.626
  ...
# Subtest: continuous enqueue stays bounded for ten minutes and finishes exactly without a false underrun or restart
ok 52 - continuous enqueue stays bounded for ten minutes and finishes exactly without a false underrun or restart
  ---
  duration_ms: 12681.0068
  ...
# Subtest: pause and resume while draining keeps the final samples and exact endpoint
ok 53 - pause and resume while draining keeps the final samples and exact endpoint
  ---
  duration_ms: 14.4216
  ...
# Subtest: offline package verifier accepts the exact build and rejects changed, extra or missing files
ok 54 - offline package verifier accepts the exact build and rejects changed, extra or missing files
  ---
  duration_ms: 950.0975
  ...
# Subtest: A1: preparing first audio buffer does not skip the requested playback position
ok 55 - A1: preparing first audio buffer does not skip the requested playback position
  ---
  duration_ms: 39.7543
  ...
# Subtest: A1: pause cancels pending audio resume; repeated play creates one start
ok 56 - A1: pause cancels pending audio resume; repeated play creates one start
  ---
  duration_ms: 31.5439
  ...
# Subtest: A1: loading a new experiment cancels an earlier pending play
ok 57 - A1: loading a new experiment cancels an earlier pending play
  ---
  duration_ms: 1.2667
  ...
# Subtest: A1: reaching the end stays stopped when seeking, including before ended is delivered
ok 58 - A1: reaching the end stays stopped when seeking, including before ended is delivered
  ---
  duration_ms: 28.9286
  ...
# Subtest: A1: seeking to the end stops; replay starts only on explicit play
ok 59 - A1: seeking to the end stops; replay starts only on explicit play
  ---
  duration_ms: 28.9356
  ...
# Subtest: A1: cold seat/mode switches prepare audio before fading, keep time and use the same gain
ok 60 - A1: cold seat/mode switches prepare audio before fading, keep time and use the same gain
  ---
  duration_ms: 442.0115
  ...
# Subtest: A1: audio resume failure leaves a retryable paused player
ok 61 - A1: audio resume failure leaves a retryable paused player
  ---
  duration_ms: 36.6077
  ...
# Subtest: A1: an obsolete resume cannot clear or start a newer play request
ok 62 - A1: an obsolete resume cannot clear or start a newer play request
  ---
  duration_ms: 22.7057
  ...
# Subtest: A1: seeking while playing continues at the new position without a retired ended event stopping it
ok 63 - A1: seeking while playing continues at the new position without a retired ended event stopping it
  ---
  duration_ms: 27.6282
  ...
# Subtest: A1: a cold comparison prepared across the end never restarts the clip
ok 64 - A1: a cold comparison prepared across the end never restarts the clip
  ---
  duration_ms: 44.8036
  ...
# Subtest: variable duration playback seeks past 16s, switches modes and stops exactly at each loaded clip end
ok 65 - variable duration playback seeks past 16s, switches modes and stops exactly at each loaded clip end
  ---
  duration_ms: 150.162
  ...
# Subtest: asset shell modes isolate shared interior materials and restore original ownership once
ok 66 - asset shell modes isolate shared interior materials and restore original ownership once
  ---
  duration_ms: 8.7669
  ...
# Subtest: authored asset sections follow actual moving meshes without inventing solid caps or changing coordinates
ok 67 - authored asset sections follow actual moving meshes without inventing solid caps or changing coordinates
  ---
  duration_ms: 9.3707
  ...
# Subtest: asset picking skips hidden ancestors and discarded section surfaces, and selection bounds follow disassembly
ok 68 - asset picking skips hidden ancestors and discarded section surfaces, and selection bounds follow disassembly
  ---
  duration_ms: 14.1568
  ...
# Subtest: selection excludes hidden descendants and follows ancestor transforms without a section
ok 69 - selection excludes hidden descendants and follows ancestor transforms without a section
  ---
  duration_ms: 2.505
  ...
# Subtest: selection is restricted to retained section bounds and disappears when fully clipped
ok 70 - selection is restricted to retained section bounds and disappears when fully clipped
  ---
  duration_ms: 3.2428
  ...
# Subtest: actual ICE asset keeps all 74127 triangles and 30 groups through inspection, disassembly and full restoration
ok 71 - actual ICE asset keeps all 74127 triangles and 30 groups through inspection, disassembly and full restoration
  ---
  duration_ms: 261.1037
  ...
# Subtest: CP controlled comparison blocks road/source/seed/operating changes; scenario states differences
ok 72 - CP controlled comparison blocks road/source/seed/operating changes; scenario states differences
  ---
  duration_ms: 2.9396
  ...
# Subtest: CP declared controller changes retain negative outcomes and do not change input snapshots
ok 73 - CP declared controller changes retain negative outcomes and do not change input snapshots
  ---
  duration_ms: 0.4219
  ...
# Subtest: CP scenario cannot cross layout or absolute analysis window
ok 74 - CP scenario cannot cross layout or absolute analysis window
  ---
  duration_ms: 0.5298
  ...
# Subtest: CP mode survives summary roundtrip; old summaries retain historical comparison meaning
ok 75 - CP mode survives summary roundtrip; old summaries retain historical comparison meaning
  ---
  duration_ms: 2.9891
  ...
# Subtest: CP nonfinite external readings never become displayed delta
ok 76 - CP nonfinite external readings never become displayed delta
  ---
  duration_ms: 0.3443
  ...
# Subtest: separate curved sheets have continuous boundary normals and finite UV coordinates
ok 77 - separate curved sheets have continuous boundary normals and finite UV coordinates
  ---
  duration_ms: 29.2087
  ...
# Subtest: rounded lamp apertures preserve the original silhouette bounds without repeated sharp corners
ok 78 - rounded lamp apertures preserve the original silhouette bounds without repeated sharp corners
  ---
  duration_ms: 0.7189
  ...
# Subtest: P7 shoulder-to-window gap is closed by paint owned by the removable front door
ok 79 - P7 shoulder-to-window gap is closed by paint owned by the removable front door
  ---
  duration_ms: 1638.085
  ...
# Subtest: dense grid queries 1989 distinct locations across the original spatial extent
ok 80 - dense grid queries 1989 distinct locations across the original spatial extent
  ---
  duration_ms: 7.0203
  ...
# Subtest: dense texture retains the exact engine point order and paired channel energy
ok 81 - dense texture retains the exact engine point order and paired channel energy
  ---
  duration_ms: 3.2935
  ...
# Subtest: volume mode contains no visible planar slices; explicit slices remain available
ok 82 - volume mode contains no visible planar slices; explicit slices remain available
  ---
  duration_ms: 10.6943
  ...
# Subtest: temporal transition blends energy and a replacement starts at the displayed energy
ok 83 - temporal transition blends energy and a replacement starts at the displayed energy
  ---
  duration_ms: 9.0307
  ...
# Subtest: rewind, weighting, layout and point changes never blend incompatible frames
ok 84 - rewind, weighting, layout and point changes never blend incompatible frames
  ---
  duration_ms: 6.7879
  ...
# Subtest: driving distance uses the experiment clock, including pause and backward seek
ok 85 - driving distance uses the experiment clock, including pause and backward seek
  ---
  duration_ms: 1.9851
  ...
# Subtest: road segments cover a continuous range and preserve world identity while passing the car
ok 86 - road segments cover a continuous range and preserve world identity while passing the car
  ---
  duration_ms: 0.9202
  ...
# Subtest: four cabin eyes share P7 seat coordinates and are distinct from the microphones
ok 87 - four cabin eyes share P7 seat coordinates and are distinct from the microphones
  ---
  duration_ms: 0.3794
  ...
# Subtest: cabin look rotates around the eye without translating it and clamps pitch
ok 88 - cabin look rotates around the eye without translating it and clamps pitch
  ---
  duration_ms: 0.963
  ...
# Subtest: wheel spin preserves its axle and semantic attachment, keeping the brake caliper stationary
ok 89 - wheel spin preserves its axle and semantic attachment, keeping the brake caliper stationary
  ---
  duration_ms: 6.9484
  ...
# Subtest: curved graded route preserves arc length, periodic seams and reversible vehicle coordinates
ok 90 - curved graded route preserves arc length, periodic seams and reversible vehicle coordinates
  ---
  duration_ms: 81.3434
  ...
# Subtest: A2 landscape: finite, continuous, bounded slopes across every environment and negative world coordinates
ok 91 - A2 landscape: finite, continuous, bounded slopes across every environment and negative world coordinates
  ---
  duration_ms: 1578.7748
  ...
# Subtest: A2 road ground stays below the travelled lane through bends and grades
ok 92 - A2 road ground stays below the travelled lane through bends and grades
  ---
  duration_ms: 72.983
  ...
# Subtest: A2 recycled world tiles stay beyond the fully faded distance for forward and backward driving
ok 93 - A2 recycled world tiles stay beyond the fully faded distance for forward and backward driving
  ---
  duration_ms: 6.5774
  ...
# Subtest: A2 sky retains complete imagery while loading and blends monotonically; rapid requests retain referenced textures
ok 94 - A2 sky retains complete imagery while loading and blends monotonically; rapid requests retain referenced textures
  ---
  duration_ms: 12.4841
  ...
# Subtest: A2 outdoor camera cannot enter the floor, car shell or distant scenery after repeated pan/zoom/orbit
ok 95 - A2 outdoor camera cannot enter the floor, car shell or distant scenery after repeated pan/zoom/orbit
  ---
  duration_ms: 1.1987
  ...
# Subtest: volume texture keeps every queried point and both channels in WebGL storage order
ok 96 - volume texture keeps every queried point and both channels in WebGL storage order
  ---
  duration_ms: 11.2787
  ...
# Subtest: spatial smoothing operates on mean-square energy, not a mean of dB or RGB
ok 97 - spatial smoothing operates on mean-square energy, not a mean of dB or RGB
  ---
  duration_ms: 1.2347
  ...
# Subtest: improvement is the signed, same-point same-frame difference; worsening is retained
ok 98 - improvement is the signed, same-point same-frame difference; worsening is retained
  ---
  duration_ms: 1.0312
  ...
# Subtest: detail range includes both channels and has a nonzero span even for a flat frame
ok 99 - detail range includes both channels and has a nonzero span even for a flat frame
  ---
  duration_ms: 1.836
  ...
# Subtest: improvement detail keeps zero centered and includes real worsening and improvement
ok 100 - improvement detail keeps zero centered and includes real worsening and improvement
  ---
  duration_ms: 0.7388
  ...
# Subtest: camera moves around the car and reaches an exact endpoint without overshoot
ok 101 - camera moves around the car and reaches an exact endpoint without overshoot
  ---
  duration_ms: 1.5442
  ...
# Subtest: manual input cancels motion; a rapid replacement starts at the currently visible pose
ok 102 - manual input cancels motion; a rapid replacement starts at the currently visible pose
  ---
  duration_ms: 0.8261
  ...
# Subtest: dense queries yield in bounded batches and publish the original point order at one window
ok 103 - dense queries yield in bounded batches and publish the original point order at one window
  ---
  duration_ms: 119.2572
  ...
# Subtest: a late query is cancelled before more chunks are submitted
ok 104 - a late query is cancelled before more chunks are submitted
  ---
  duration_ms: 1.8949
  ...
# Subtest: different windows, weighting, positions and layout cannot be merged into one field
ok 105 - different windows, weighting, positions and layout cannot be merged into one field
  ---
  duration_ms: 43.3584
  ...
# Subtest: an invalid warm-up grid stays invalid instead of becoming a coloured result
ok 106 - an invalid warm-up grid stays invalid instead of becoming a coloured result
  ---
  duration_ms: 140.7802
  ...
# Subtest: three slice meshes use the original 280 queried positions, including their fixed physical planes
ok 107 - three slice meshes use the original 280 queried positions, including their fixed physical planes
  ---
  duration_ms: 4.8394
  ...
# Subtest: a reordered, truncated or non-finite B field frame cannot color the old locations
ok 108 - a reordered, truncated or non-finite B field frame cannot color the old locations
  ---
  duration_ms: 1.6279
  ...
# Subtest: moving each sampled plane requests its physical position and refuses the previous field frame
ok 109 - moving each sampled plane requests its physical position and refuses the previous field frame
  ---
  duration_ms: 3.1411
  ...
# Subtest: 12 coincident projections remain separate and inside the narrow supported viewer
ok 110 - 12 coincident projections remain separate and inside the narrow supported viewer
  ---
  duration_ms: 3.9982
  ...
# Subtest: four source illustrations can share a narrow view with all 12 hardware labels
ok 111 - four source illustrations can share a narrow view with all 12 hardware labels
  ---
  duration_ms: 1.96
  ...
# Subtest: labels at viewport edges and densely grouped hardware remain clickable
ok 112 - labels at viewport edges and densely grouped hardware remain clickable
  ---
  duration_ms: 7.3202
  ...
# Subtest: lab labels stay on the side rails at full-page size, leaving the vehicle clear
ok 113 - lab labels stay on the side rails at full-page size, leaving the vehicle clear
  ---
  duration_ms: 0.9311
  ...
# Subtest: lab side rails remain separate and clickable in a narrow 360 px viewer
ok 114 - lab side rails remain separate and clickable in a narrow 360 px viewer
  ---
  duration_ms: 0.4037
  ...
# Subtest: P7+ canopy, liftback glazing and rear bumper are separately owned assemblies
ok 115 - P7+ canopy, liftback glazing and rear bumper are separately owned assemblies
  ---
  duration_ms: 1707.259
  ...
# Subtest: P7+ hidden shell exposes actual seat picking, and clipping rejects the removed half
ok 116 - P7+ hidden shell exposes actual seat picking, and clipping rejects the removed half
  ---
  duration_ms: 1361.1333
  ...
# Subtest: P7+ intermediate explosion poses remain finite and return to identical world transforms
ok 117 - P7+ intermediate explosion poses remain finite and return to identical world transforms
  ---
  duration_ms: 955.2315
  ...
# Subtest: P7+ paint and shell presentation preserve independent glass, tires and cabin materials
ok 118 - P7+ paint and shell presentation preserve independent glass, tires and cabin materials
  ---
  duration_ms: 881.6604
  ...
# Subtest: P7 detailed EV assemblies and acoustic diaphragms own their reversible geometry
ok 119 - P7 detailed EV assemblies and acoustic diaphragms own their reversible geometry
  ---
  duration_ms: 953.6246
  ...
# Subtest: featured structures exist in each generated architecture and explain its actual drive path
ok 120 - featured structures exist in each generated architecture and explain its actual drive path
  ---
  duration_ms: 491.815
  ...
# Subtest: true mesh-plane sections preserve area, plane position and outward normal after transforms
ok 121 - true mesh-plane sections preserve area, plane position and outward normal after transforms
  ---
  duration_ms: 7.8317
  ...
# Subtest: section through exact edges is closed; tangencies and existing coplanar faces are not duplicated
ok 122 - section through exact edges is closed; tangencies and existing coplanar faces are not duplicated
  ---
  duration_ms: 6.2579
  ...
# Subtest: ring sections keep their holes and disconnected islands; open surfaces never get a solid cap
ok 123 - ring sections keep their holes and disconnected islands; open surfaces never get a solid cap
  ---
  duration_ms: 63.9561
  ...
# Subtest: section display updates from exploded geometry, respects ancestor visibility and material opacity
ok 124 - section display updates from exploded geometry, respects ancestor visibility and material opacity
  ---
  duration_ms: 6.7994
  ...
# Subtest: bundled showroom SUV is the attributed, offline CC BY asset within the geometry budget
ok 125 - bundled showroom SUV is the attributed, offline CC BY asset within the geometry budget
  ---
  duration_ms: 7.5559
  ...
# Subtest: BEV showroom keeps the original attribution and bundles a decodable offline model
ok 126 - BEV showroom keeps the original attribution and bundles a decodable offline model
  ---
  duration_ms: 8.7408
  ...
# Subtest: four drivetrains preserve their physical differences and five-seat cabin
ok 127 - four drivetrains preserve their physical differences and five-seat cabin
  ---
  duration_ms: 484.9921
  ...
# Subtest: vehicle geometry is finite and every owned GPU resource is disposed once
ok 128 - vehicle geometry is finite and every owned GPU resource is disposed once
  ---
  duration_ms: 390.5324
  ...
# Subtest: the BEV and EREV battery enclosure remains directly visible from the underbody
ok 129 - the BEV and EREV battery enclosure remains directly visible from the underbody
  ---
  duration_ms: 245.3453
  ...
# Subtest: the closed side sill hides the floor and battery at door level on all four vehicles
ok 130 - the closed side sill hides the floor and battery at door level on all four vehicles
  ---
  duration_ms: 298.5954
  ...
# Subtest: xpeng-p7plus: independent layout, full cross paths, both sources and live/batch/field agreement
ok 131 - xpeng-p7plus: independent layout, full cross paths, both sources and live/batch/field agreement
  ---
  duration_ms: 513.2181
  ...
# Subtest: xpeng-p7plus: observer seats and acoustic attachment nodes exist in the actual detachable model
ok 132 - xpeng-p7plus: observer seats and acoustic attachment nodes exist in the actual detachable model
  ---
  duration_ms: 1414.6575
  ...
# Subtest: xpeng-x9: independent layout, full cross paths, both sources and live/batch/field agreement
ok 133 - xpeng-x9: independent layout, full cross paths, both sources and live/batch/field agreement
  ---
  duration_ms: 335.961
  ...
# Subtest: xpeng-x9: observer seats and acoustic attachment nodes exist in the actual detachable model
ok 134 - xpeng-x9: observer seats and acoustic attachment nodes exist in the actual detachable model
  ---
  duration_ms: 1612.9092
  ...
# Subtest: xpeng-l03: independent layout, full cross paths, both sources and live/batch/field agreement
ok 135 - xpeng-l03: independent layout, full cross paths, both sources and live/batch/field agreement
  ---
  duration_ms: 396.4769
  ...
# Subtest: xpeng-l03: observer seats and acoustic attachment nodes exist in the actual detachable model
ok 136 - xpeng-l03: observer seats and acoustic attachment nodes exist in the actual detachable model
  ---
  duration_ms: 1221.1042
  ...
# Subtest: xpeng-m03: independent layout, full cross paths, both sources and live/batch/field agreement
ok 137 - xpeng-m03: independent layout, full cross paths, both sources and live/batch/field agreement
  ---
  duration_ms: 351.5991
  ...
# Subtest: xpeng-m03: observer seats and acoustic attachment nodes exist in the actual detachable model
ok 138 - xpeng-m03: observer seats and acoustic attachment nodes exist in the actual detachable model
  ---
  duration_ms: 1081.9956
  ...
# Subtest: xpeng-gx: independent layout, full cross paths, both sources and live/batch/field agreement
ok 139 - xpeng-gx: independent layout, full cross paths, both sources and live/batch/field agreement
  ---
  duration_ms: 321.5797
  ...
# Subtest: xpeng-gx: observer seats and acoustic attachment nodes exist in the actual detachable model
ok 140 - xpeng-gx: observer seats and acoustic attachment nodes exist in the actual detachable model
  ---
  duration_ms: 1272.8827
  ...
# Subtest: x9: P7-level structural coverage and correctly separated battery layers
ok 141 - x9: P7-level structural coverage and correctly separated battery layers
  ---
  duration_ms: 2161.2917
  ...
# Subtest: x9: interior ray picking and sampled disassembly restore world transforms
ok 142 - x9: interior ray picking and sampled disassembly restore world transforms
  ---
  duration_ms: 1783.3816
  ...
# Subtest: l03: P7-level structural coverage and correctly separated battery layers
ok 143 - l03: P7-level structural coverage and correctly separated battery layers
  ---
  duration_ms: 1262.713
  ...
# Subtest: l03: interior ray picking and sampled disassembly restore world transforms
ok 144 - l03: interior ray picking and sampled disassembly restore world transforms
  ---
  duration_ms: 1192.2097
  ...
# Subtest: m03: P7-level structural coverage and correctly separated battery layers
ok 145 - m03: P7-level structural coverage and correctly separated battery layers
  ---
  duration_ms: 1291.4408
  ...
# Subtest: m03: interior ray picking and sampled disassembly restore world transforms
ok 146 - m03: interior ray picking and sampled disassembly restore world transforms
  ---
  duration_ms: 1379.5485
  ...
# Subtest: gx: P7-level structural coverage and correctly separated battery layers
ok 147 - gx: P7-level structural coverage and correctly separated battery layers
  ---
  duration_ms: 1169.3993
  ...
# Subtest: gx: interior ray picking and sampled disassembly restore world transforms
ok 148 - gx: interior ray picking and sampled disassembly restore world transforms
  ---
  duration_ms: 1098.399
  ...
# Subtest: Verified drivetrain and suspension differences survive shared construction helpers
ok 149 - Verified drivetrain and suspension differences survive shared construction helpers
  ---
  duration_ms: 3666.4642
  ...
# Subtest: A2 XPeng x9: real proportions, semantic rows and finite geometry
ok 150 - A2 XPeng x9: real proportions, semantic rows and finite geometry
  ---
  duration_ms: 2565.1706
  ...
# Subtest: A2 XPeng x9: explosion is reversible, clamped and above floor
ok 151 - A2 XPeng x9: explosion is reversible, clamped and above floor
  ---
  duration_ms: 1878.2528
  ...
# Subtest: A2 XPeng p7plus: real proportions, semantic rows and finite geometry
ok 152 - A2 XPeng p7plus: real proportions, semantic rows and finite geometry
  ---
  duration_ms: 1336.9686
  ...
# Subtest: A2 XPeng p7plus: explosion is reversible, clamped and above floor
ok 153 - A2 XPeng p7plus: explosion is reversible, clamped and above floor
  ---
  duration_ms: 978.3777
  ...
# Subtest: A2 XPeng l03: real proportions, semantic rows and finite geometry
ok 154 - A2 XPeng l03: real proportions, semantic rows and finite geometry
  ---
  duration_ms: 1333.437
  ...
# Subtest: A2 XPeng l03: explosion is reversible, clamped and above floor
ok 155 - A2 XPeng l03: explosion is reversible, clamped and above floor
  ---
  duration_ms: 1050.21
  ...
# Subtest: A2 XPeng m03: real proportions, semantic rows and finite geometry
ok 156 - A2 XPeng m03: real proportions, semantic rows and finite geometry
  ---
  duration_ms: 1239.5035
  ...
# Subtest: A2 XPeng m03: explosion is reversible, clamped and above floor
ok 157 - A2 XPeng m03: explosion is reversible, clamped and above floor
  ---
  duration_ms: 1068.9691
  ...
# Subtest: A2 XPeng gx: real proportions, semantic rows and finite geometry
ok 158 - A2 XPeng gx: real proportions, semantic rows and finite geometry
  ---
  duration_ms: 1278.4998
  ...
# Subtest: A2 XPeng gx: explosion is reversible, clamped and above floor
ok 159 - A2 XPeng gx: explosion is reversible, clamped and above floor
  ---
  duration_ms: 981.3311
  ...
# Subtest: A2 XPeng paint affects exterior clones only; resources dispose exactly once
ok 160 - A2 XPeng paint affects exterior clones only; resources dispose exactly once
  ---
  duration_ms: 910.6783
  ...
# Subtest: B2-003 async: Web Crypto produces the same container and detached data as sync API
ok 161 - B2-003 async: Web Crypto produces the same container and detached data as sync API
  ---
  duration_ms: 115.71
  ...
# Subtest: B2-003 async: encoding snapshots config, run identity, samples and budgets before awaiting
ok 162 - B2-003 async: encoding snapshots config, run identity, samples and budgets before awaiting
  ---
  duration_ms: 68.7886
  ...
# Subtest: B2-003 async: decode owns a snapshot across Buffer mutation, offset views and transfer
ok 163 - B2-003 async: decode owns a snapshot across Buffer mutation, offset views and transfer
  ---
  duration_ms: 76.8981
  ...
# Subtest: B2-003 async: hash rejections and invalid digests propagate without a partial result
ok 164 - B2-003 async: hash rejections and invalid digests propagate without a partial result
  ---
  duration_ms: 107.4183
  ...
# Subtest: B2-003 async: malformed, nonfinite and over-budget inputs reject before invoking crypto
ok 165 - B2-003 async: malformed, nonfinite and over-budget inputs reject before invoking crypto
  ---
  duration_ms: 27.6016
  ...
# Subtest: B2-003: default binary roundtrip, recipe recompute and Python oracle
ok 166 - B2-003: default binary roundtrip, recipe recompute and Python oracle
  ---
  duration_ms: 1306.7119
  ...
# Subtest: B2-003: seed29 binary roundtrip, recipe recompute and Python oracle
ok 167 - B2-003: seed29 binary roundtrip, recipe recompute and Python oracle
  ---
  duration_ms: 1160.5809
  ...
# Subtest: B2-003: seed47 binary roundtrip, recipe recompute and Python oracle
ok 168 - B2-003: seed47 binary roundtrip, recipe recompute and Python oracle
  ---
  duration_ms: 1221.9245
  ...
# Subtest: B2-003: taps32 binary roundtrip, recipe recompute and Python oracle
ok 169 - B2-003: taps32 binary roundtrip, recipe recompute and Python oracle
  ---
  duration_ms: 869.5513
  ...
# Subtest: B2-003: mu0 binary roundtrip, recipe recompute and Python oracle
ok 170 - B2-003: mu0 binary roundtrip, recipe recompute and Python oracle
  ---
  duration_ms: 672.0015
  ...
# Subtest: B2-003: registered source hashes match the numerical implementation
ok 171 - B2-003: registered source hashes match the numerical implementation
  ---
  duration_ms: 3.4139
  ...
# Subtest: B2-003: preserve reference identity, little-endian edge bits and offset views
ok 172 - B2-003: preserve reference identity, little-endian edge bits and offset views
  ---
  duration_ms: 490.6682
  ...
# Subtest: B2-003: silent and zero-denominator metrics retain nonfinite tags and unavailable measurements
ok 173 - B2-003: silent and zero-denominator metrics retain nonfinite tags and unavailable measurements
  ---
  duration_ms: 96.7091
  ...
# Subtest: B2-003: genuine zero/negative reductions and tagged negative zero stay distinct from silence
ok 174 - B2-003: genuine zero/negative reductions and tagged negative zero stay distinct from silence
  ---
  duration_ms: 93.1953
  ...
# Subtest: B2-003: malformed/truncated headers, overflow lengths, trailing bytes and padding are rejected
ok 175 - B2-003: malformed/truncated headers, overflow lengths, trailing bytes and padding are rejected
  ---
  duration_ms: 10.9891
  ...
# Subtest: B2-003: schema, channel mapping, units, metadata, normalized config and metrics are validated
ok 176 - B2-003: schema, channel mapping, units, metadata, normalized config and metrics are validated
  ---
  duration_ms: 60.3142
  ...
# Subtest: B2-003: integrity mismatch and hash-correct nonfinite payload cannot import
ok 177 - B2-003: integrity mismatch and hash-correct nonfinite payload cannot import
  ---
  duration_ms: 28.3625
  ...
# Subtest: B2-003: budgets refuse before hashing/large output and count UTF-8 bytes
ok 178 - B2-003: budgets refuse before hashing/large output and count UTF-8 bytes
  ---
  duration_ms: 17.6847
  ...
# Subtest: B2-003: unknown numerical models are read-only; recipe recompute revalidates identity and fresh id
ok 179 - B2-003: unknown numerical models are read-only; recipe recompute revalidates identity and fresh id
  ---
  duration_ms: 7.606
  ...
# Subtest: B2-003: recipes reject extra scripts/URLs/arrays, bad text/config and different schemas
ok 180 - B2-003: recipes reject extra scripts/URLs/arrays, bad text/config and different schemas
  ---
  duration_ms: 1.4881
  ...
# Subtest: B2-003: live snapshots, partial results, bad dimensions and invalid samples are not batches
ok 181 - B2-003: live snapshots, partial results, bad dimensions and invalid samples are not batches
  ---
  duration_ms: 29.0627
  ...
# Subtest: B2-003 lab recipe: ice, both sources and 1/4/8 reference topology
ok 182 - B2-003 lab recipe: ice, both sources and 1/4/8 reference topology
  ---
  duration_ms: 1398.728
  ...
# Subtest: B2-003 lab recipe: bev, both sources and 1/4/8 reference topology
ok 183 - B2-003 lab recipe: bev, both sources and 1/4/8 reference topology
  ---
  duration_ms: 1183.5367
  ...
# Subtest: B2-003 lab recipe: hev, both sources and 1/4/8 reference topology
ok 184 - B2-003 lab recipe: hev, both sources and 1/4/8 reference topology
  ---
  duration_ms: 871.0573
  ...
# Subtest: B2-003 lab recipe: erev, both sources and 1/4/8 reference topology
ok 185 - B2-003 lab recipe: erev, both sources and 1/4/8 reference topology
  ---
  duration_ms: 855.463
  ...
# Subtest: B2-003 lab recipe: model/source/recording identities match current files
not ok 186 - B2-003 lab recipe: model/source/recording identities match current files
  ---
  duration_ms: 5.3311
  location: 'C:\\Users\\Jiang\\Desktop\\RNC_3D\\RNC_3D_SIMULATION\\tests\\helpers\\lab-recipe-tests.ts:1:1308'
  failureType: 'testCodeFailure'
  error: |-
    src/shared/lab-contracts.ts
    + actual - expected

    + 'b1a0af463bbe9b3a2dbcacb800bc42cd5597f6ebfa8bdfd73bc08c11000d2d2a'
    - '4cddd97edd7716a3ce63e22eff16118f93ea14bb630d9b21f5aa03d45fb280b5'

  code: 'ERR_ASSERTION'
  name: 'AssertionError'
  expected: '4cddd97edd7716a3ce63e22eff16118f93ea14bb630d9b21f5aa03d45fb280b5'
  actual: 'b1a0af463bbe9b3a2dbcacb800bc42cd5597f6ebfa8bdfd73bc08c11000d2d2a'
  operator: 'strictEqual'
  stack: |-
    TestContext.<anonymous> (C:\Users\Jiang\Desktop\RNC_3D\RNC_3D_SIMULATION\tests\helpers\lab-recipe-tests.ts:19:12)
    Test.runInAsyncScope (node:async_hooks:211:14)
    Test.run (node:internal/test_runner/test:979:25)
    Test.processPendingSubtests (node:internal/test_runner/test:677:18)
    Test.postRun (node:internal/test_runner/test:1090:19)
    Test.run (node:internal/test_runner/test:1018:12)
    async Test.processPendingSubtests (node:internal/test_runner/test:677:7)
  ...
# Subtest: B2-003 lab recipe: preserve legacy absence and normalize shaped/layout/offset defaults explicitly
ok 187 - B2-003 lab recipe: preserve legacy absence and normalize shaped/layout/offset defaults explicitly
  ---
  duration_ms: 164.2754
  ...
# Subtest: B2-003 lab recipe: RNC off, zero step, speaker disable, seed/taps changes and negative gains retain exact behavior
ok 188 - B2-003 lab recipe: RNC off, zero step, speaker disable, seed/taps changes and negative gains retain exact behavior
  ---
  duration_ms: 410.9118
  ...
# Subtest: B2-003 lab recipe: actual divergence is a finite prefix, never padded or called complete
ok 189 - B2-003 lab recipe: actual divergence is a finite prefix, never padded or called complete
  ---
  duration_ms: 205.7498
  ...
# Subtest: B2-003 lab recipe: unknown layouts cannot encode/recompute and unknown model is only parsed
not ok 190 - B2-003 lab recipe: unknown layouts cannot encode/recompute and unknown model is only parsed
  ---
  duration_ms: 0.8661
  location: 'C:\\Users\\Jiang\\Desktop\\RNC_3D\\RNC_3D_SIMULATION\\tests\\helpers\\lab-recipe-tests.ts:1:3532'
  failureType: 'testCodeFailure'
  error: |-
    The validation function is expected to return "true". Received false

    Caught error:

    ExportError: Invalid lab batch configuration
  code: 'ERR_ASSERTION'
  name: 'AssertionError'
  stack: |-
    TestContext.<anonymous> (C:\Users\Jiang\Desktop\RNC_3D\RNC_3D_SIMULATION\tests\helpers\lab-recipe-tests.ts:48:10)
    Test.runInAsyncScope (node:async_hooks:211:14)
    Test.run (node:internal/test_runner/test:979:25)
    Test.processPendingSubtests (node:internal/test_runner/test:677:18)
    Test.postRun (node:internal/test_runner/test:1090:19)
    Test.run (node:internal/test_runner/test:1018:12)
    async Test.processPendingSubtests (node:internal/test_runner/test:677:7)
  ...
# Subtest: B2-003 lab recipe: recording asset is mandatory, full-byte hash checked, never random fallback
ok 191 - B2-003 lab recipe: recording asset is mandatory, full-byte hash checked, never random fallback
  ---
  duration_ms: 4.7734
  ...
# Subtest: B2-003 lab recipe: snapshot config/id/budget and asset before await, propagate resolver/hash failures
ok 192 - B2-003 lab recipe: snapshot config/id/budget and asset before await, propagate resolver/hash failures
  ---
  duration_ms: 127.1972
  ...
# Subtest: B2-003 lab recipe: reject bad config, dimensions, identities, extra scripts, live mode and altered defaults
ok 193 - B2-003 lab recipe: reject bad config, dimensions, identities, extra scripts, live mode and altered defaults
  ---
  duration_ms: 5.2148
  ...
# Subtest: B2-003 lab recipe: byte and recompute budgets reject before asset loading or calculation
ok 194 - B2-003 lab recipe: byte and recompute budgets reject before asset loading or calculation
  ---
  duration_ms: 2.4851
  ...
# Subtest: B2-003 lab result: ice, both sources and 1/4/8 references sync/async exact roundtrip
ok 195 - B2-003 lab result: ice, both sources and 1/4/8 references sync/async exact roundtrip
  ---
  duration_ms: 526.9929
  ...
# Subtest: B2-003 lab result: bev, both sources and 1/4/8 references sync/async exact roundtrip
ok 196 - B2-003 lab result: bev, both sources and 1/4/8 references sync/async exact roundtrip
  ---
  duration_ms: 482.8285
  ...
# Subtest: B2-003 lab result: hev, both sources and 1/4/8 references sync/async exact roundtrip
ok 197 - B2-003 lab result: hev, both sources and 1/4/8 references sync/async exact roundtrip
  ---
  duration_ms: 490.6517
  ...
# Subtest: B2-003 lab result: erev, both sources and 1/4/8 references sync/async exact roundtrip
ok 198 - B2-003 lab result: erev, both sources and 1/4/8 references sync/async exact roundtrip
  ---
  duration_ms: 445.7026
  ...
# Subtest: B2-003 lab result: divergence, disabled RNC/output, mu0 and legacy absence retain status and identities
ok 199 - B2-003 lab result: divergence, disabled RNC/output, mu0 and legacy absence retain status and identities
  ---
  duration_ms: 310.6977
  ...
# Subtest: B2-003 lab result: tagged invalid metrics survive, disagreeing summary is quarantined
ok 200 - B2-003 lab result: tagged invalid metrics survive, disagreeing summary is quarantined
  ---
  duration_ms: 81.6113
  ...
# Subtest: B2-003 lab result: silence and empty divergence never become valid zero dB, real mu0 does
ok 201 - B2-003 lab result: silence and empty divergence never become valid zero dB, real mu0 does
  ---
  duration_ms: 21.3638
  ...
# Subtest: B2-003 lab result: finite edge bits and offset views survive with independent arrays
ok 202 - B2-003 lab result: finite edge bits and offset views survive with independent arrays
  ---
  duration_ms: 46.2492
  ...
# Subtest: B2-003 lab result: unknown model/layout remain read-only without verified metrics
not ok 203 - B2-003 lab result: unknown model/layout remain read-only without verified metrics
  ---
  duration_ms: 26.6896
  location: 'C:\\Users\\Jiang\\Desktop\\RNC_3D\\RNC_3D_SIMULATION\\tests\\helpers\\lab-result-tests.ts:1:5843'
  failureType: 'testCodeFailure'
  error: 'Invalid lab batch configuration'
  code: 'INVALID_DATA'
  name: 'ExportError'
  stack: |-
    fail (C:\Users\Jiang\Desktop\RNC_3D\RNC_3D_SIMULATION\src\team-b\export\lab-recipe.ts:42:70)
    readConfig (C:\Users\Jiang\Desktop\RNC_3D\RNC_3D_SIMULATION\src\team-b\export\lab-recipe.ts:85:46)
    validated (C:\Users\Jiang\Desktop\RNC_3D\RNC_3D_SIMULATION\src\team-b\export\lab-recipe.ts:129:18)
    decodeLabRecipe (C:\Users\Jiang\Desktop\RNC_3D\RNC_3D_SIMULATION\src\team-b\export\lab-recipe.ts:158:10)
    inspect (C:\Users\Jiang\Desktop\RNC_3D\RNC_3D_SIMULATION\src\team-b\export\lab-result.ts:188:18)
    decodeLabResult (C:\Users\Jiang\Desktop\RNC_3D\RNC_3D_SIMULATION\src\team-b\export\lab-result.ts:239:21)
    TestContext.<anonymous> (C:\Users\Jiang\Desktop\RNC_3D\RNC_3D_SIMULATION\tests\helpers\lab-result-tests.ts:72:18)
    Test.runInAsyncScope (node:async_hooks:211:14)
    Test.run (node:internal/test_runner/test:979:25)
    Test.processPendingSubtests (node:internal/test_runner/test:677:18)
  ...
# Subtest: B2-003 lab result: hostile manifest identities, dimensions, units, clocks, state and scalar tags reject before hashing
ok 204 - B2-003 lab result: hostile manifest identities, dimensions, units, clocks, state and scalar tags reject before hashing
  ---
  duration_ms: 37.948
  ...
# Subtest: B2-003 lab result: truncation, trailing data, lengths, padding, UTF-8 and nonfinite samples reject
ok 205 - B2-003 lab result: truncation, trailing data, lengths, padding, UTF-8 and nonfinite samples reject
  ---
  duration_ms: 41.1892
  ...
# Subtest: B2-003 lab result: explicit batch, complete/prefix rules, array shape, UTF-8 identity and budgets reject before crypto
ok 206 - B2-003 lab result: explicit batch, complete/prefix rules, array shape, UTF-8 identity and budgets reject before crypto
  ---
  duration_ms: 27.1789
  ...
# Subtest: B2-003 lab result: async encoder captures all signals/metadata/limits before await
ok 207 - B2-003 lab result: async encoder captures all signals/metadata/limits before await
  ---
  duration_ms: 34.0599
  ...
# Subtest: B2-003 lab result: async import owns Buffer/offset views across mutation or transfer; SHA failures propagate
ok 208 - B2-003 lab result: async import owns Buffer/offset views across mutation or transfer; SHA failures propagate
  ---
  duration_ms: 55.0498
  ...
# Subtest: Hann Welch one-sided PSD integrates to tone mean-square and has the correct peak
ok 209 - Hann Welch one-sided PSD integrates to tone mean-square and has the correct peak
  ---
  duration_ms: 10.8548
  ...
# Subtest: B2-002: RMS uses exactly the trailing 1000 samples, including first and final windows
ok 210 - B2-002: RMS uses exactly the trailing 1000 samples, including first and final windows
  ---
  duration_ms: 6.3383
  ...
# Subtest: B2-002: same-window reduction preserves negative gains and aggregates powers before dB
ok 211 - B2-002: same-window reduction preserves negative gains and aggregates powers before dB
  ---
  duration_ms: 3.1691
  ...
# Subtest: B2-002: silence and near-floor pressure never report valid zero-dB benefit
ok 212 - B2-002: silence and near-floor pressure never report valid zero-dB benefit
  ---
  duration_ms: 7.3265
  ...
# Subtest: B2-002: non-finite pressure is unavailable, never a valid analysis frame
ok 213 - B2-002: non-finite pressure is unavailable, never a valid analysis frame
  ---
  duration_ms: 12.7142
  ...
# Subtest: B2-002: power rejects invalid ranges and PSD clamps finite sample cursors to actual data
ok 214 - B2-002: power rejects invalid ranges and PSD clamps finite sample cursors to actual data
  ---
  duration_ms: 1.9392
  ...
# Subtest: B2-002: PSD rejects non-finite samples in its complete windows and ignores future samples
ok 215 - B2-002: PSD rejects non-finite samples in its complete windows and ignores future samples
  ---
  duration_ms: 4.1462
  ...
# Subtest: B2-002: non-finite PSD cursors cannot trap a caller in an unbounded loop
ok 216 - B2-002: non-finite PSD cursors cannot trap a caller in an unbounded loop
  ---
  duration_ms: 227.502
  ...
# Subtest: B2-002: shared PSD preserves lab pressure weighting and vibration/drive/source units
ok 217 - B2-002: shared PSD preserves lab pressure weighting and vibration/drive/source units
  ---
  duration_ms: 6.271
  ...
# Subtest: B2-002: asymmetric signal Welch bins match direct DFT, 50% overlap and incomplete-tail handling
ok 218 - B2-002: asymmetric signal Welch bins match direct DFT, 50% overlap and incomplete-tail handling
  ---
  duration_ms: 104.6397
  ...
# Subtest: B2-002: DC and Nyquist are not doubled; PSD scales as signal-unit squared per Hz
ok 219 - B2-002: DC and Nyquist are not doubled; PSD scales as signal-unit squared per Hz
  ---
  duration_ms: 12.237
  ...
# Subtest: analysis warming-up, window boundary, channel identity and pressure calibration
ok 220 - analysis warming-up, window boundary, channel identity and pressure calibration
  ---
  duration_ms: 1.6238
  ...
# Subtest: step size accepts every nonnegative finite value and finite drives exceed the former 100 threshold
ok 221 - step size accepts every nonnegative finite value and finite drives exceed the former 100 threshold
  ---
  duration_ms: 356.581
  ...
# Subtest: batch and chunked overflow stop at the same Float32 boundary, keeping the last finite samples and spectra
ok 222 - batch and chunked overflow stop at the same Float32 boundary, keeping the last finite samples and spectra
  ---
  duration_ms: 405.0921
  ...
# Subtest: overflow on the first weight update gives an empty finite prefix and a terminal diagnostic
ok 223 - overflow on the first weight update gives an empty finite prefix and a terminal diagnostic
  ---
  duration_ms: 43.0778
  ...
# Subtest: new lab experiments learn before two seconds without changing sources or superposition
ok 224 - new lab experiments learn before two seconds without changing sources or superposition
  ---
  duration_ms: 912.477
  ...
# Subtest: lab FxLMS produces finite true superposition, baseline then learned reduction at all microphones
ok 225 - lab FxLMS produces finite true superposition, baseline then learned reduction at all microphones
  ---
  duration_ms: 24.1593
  ...
# Subtest: all 16 secondary paths have causal cross coupling and every source reaches every mic
ok 226 - all 16 secondary paths have causal cross coupling and every source reaches every mic
  ---
  duration_ms: 2.5559
  ...
# Subtest: first adaptive output matches an independent all-error normalized gradient calculation
ok 227 - first adaptive output matches an independent all-error normalized gradient calculation
  ---
  duration_ms: 54.5149
  ...
# Subtest: RNC off, zero step and all disabled speakers retain original noise exactly
ok 228 - RNC off, zero step and all disabled speakers retain original noise exactly
  ---
  duration_ms: 893.2201
  ...
# Subtest: one and eight references and disabled output actually change controller dimensions and results
ok 229 - one and eight references and disabled output actually change controller dimensions and results
  ---
  duration_ms: 1667.3945
  ...
# Subtest: recording-shaped sources retain high finite values and return the valid prefix on overflow
ok 230 - recording-shaped sources retain high finite values and return the valid prefix on overflow
  ---
  duration_ms: 2984.6431
  ...
# Subtest: field at microphone positions equals independently measured trace power in the same window
ok 231 - field at microphone positions equals independently measured trace power in the same window
  ---
  duration_ms: 32.0067
  ...
# Subtest: off-microphone field is recalculated from wheel q and speaker u, not microphone interpolation
ok 232 - off-microphone field is recalculated from wheel q and speaker u, not microphone interpolation
  ---
  duration_ms: 118.538
  ...
# Subtest: vehicle paths vary, seed is reproducible and speed/roughness trends are source-driven
ok 233 - vehicle paths vary, seed is reproducible and speed/roughness trends are source-driven
  ---
  duration_ms: 1068.2878
  ...
# Subtest: warm-up, zero-speed energy floor and bad configurations are explicit
ok 234 - warm-up, zero-speed energy floor and bad configurations are explicit
  ---
  duration_ms: 638.0576
  ...
# Subtest: q selection analyzes each actual wheel source independently of reference layout
ok 235 - q selection analyzes each actual wheel source independently of reference layout
  ---
  duration_ms: 390.1646
  ...
# Subtest: A weighting matches reference corrections and applies power rather than amplitude to PSD
ok 236 - A weighting matches reference corrections and applies power rather than amplitude to PSD
  ---
  duration_ms: 21.0887
  ...
# Subtest: teaching calibration anchors pooled 40 km/h baseline at 60 dBA; offset changes H only
ok 237 - teaching calibration anchors pooled 40 km/h baseline at 60 dBA; offset changes H only
  ---
  duration_ms: 790.4636
  ...
# Subtest: A/Z analysis and field agree at microphones, including first window and wrapped live history
ok 238 - A/Z analysis and field agree at microphones, including first window and wrapped live history
  ---
  duration_ms: 3493.1281
  ...
# Subtest: duration budget rejects invalid allocations; short runs have finite metrics and long runs share streaming samples
ok 239 - duration budget rejects invalid allocations; short runs have finite metrics and long runs share streaming samples
  ---
  duration_ms: 4730.3685
  ...
# Subtest: pressure density levels use 20uPa while other signals keep unit reference; manual waveform bounds never reveal future samples
ok 240 - pressure density levels use 20uPa while other signals keep unit reference; manual waveform bounds never reveal future samples
  ---
  duration_ms: 408.8389
  ...
# Subtest: NFxLMS joint normalization scales inversely with filtered-reference power and regularizes silence
ok 241 - NFxLMS joint normalization scales inversely with filtered-reference power and regularizes silence
  ---
  duration_ms: 0.4264
  ...
# Subtest: stateful first 16 seconds match the unchanged batch q/x/u/d/a/e bit for bit
ok 242 - stateful first 16 seconds match the unchanged batch q/x/u/d/a/e bit for bit
  ---
  duration_ms: 2367.4591
  ...
# Subtest: arbitrary block sizes preserve source/filter/weight state beyond 16 seconds and repeated history wraps
ok 243 - arbitrary block sizes preserve source/filter/weight state beyond 16 seconds and repeated history wraps
  ---
  duration_ms: 7078.088
  ...
# Subtest: RNC off, zero step, disabled speakers and eight references retain the batch semantics across blocks
ok 244 - RNC off, zero step, disabled speakers and eight references retain the batch semantics across blocks
  ---
  duration_ms: 3585.2146
  ...
# Subtest: wrapped snapshots use one absolute clock and yield the same field window at mic and off-mic points
ok 245 - wrapped snapshots use one absolute clock and yield the same field window at mic and off-mic points
  ---
  duration_ms: 1544.8851
  ...
# Subtest: resident storage stays bounded through two minutes and invalid requests do not advance the stream
ok 246 - resident storage stays bounded through two minutes and invalid requests do not advance the stream
  ---
  duration_ms: 3157.5634
  ...
# Subtest: live RNC OFF freezes learned weights and zeros drive; ON resumes from those weights without restarting sources
ok 247 - live RNC OFF freezes learned weights and zeros drive; ON resumes from those weights without restarting sources
  ---
  duration_ms: 553.1294
  ...
# Subtest: an initially disabled live controller can start adapting later
ok 248 - an initially disabled live controller can start adapting later
  ---
  duration_ms: 176.2637
  ...
# Subtest: wrapped live history retains five seconds at the audible clock despite producer prefetch
ok 249 - wrapped live history retains five seconds at the audible clock despite producer prefetch
  ---
  duration_ms: 1582.6123
  ...
# Subtest: numeric overflow returns the finite prefix, preserves history, and cannot resume
ok 250 - numeric overflow returns the finite prefix, preserves history, and cannot resume
  ---
  duration_ms: 10.687
  ...
# Subtest: live generation ignores replay duration, preserves bounded adaptation for ten minutes and refuses overflow atomically
ok 251 - live generation ignores replay duration, preserves bounded adaptation for ten minutes and refuses overflow atomically
  ---
  duration_ms: 23757.4776
  ...
# Subtest: P7 layout has its own cabin and paths; legacy layout unchanged and unsupported IDs rejected
ok 252 - P7 layout has its own cabin and paths; legacy layout unchanged and unsupported IDs rejected
  ---
  duration_ms: 4.9736
  ...
# Subtest: P7 arbitrary stream blocks match batch q/x/u/d/a/e bit for bit
ok 253 - P7 arbitrary stream blocks match batch q/x/u/d/a/e bit for bit
  ---
  duration_ms: 438.9761
  ...
# Subtest: P7 field equals independent microphone trace power at the same point and window
ok 254 - P7 field equals independent microphone trace power at the same point and window
  ---
  duration_ms: 34.3962
  ...
# Subtest: P7 recorded-source branch shares fractional paths between batch, streaming and field
ok 255 - P7 recorded-source branch shares fractional paths between batch, streaming and field
  ---
  duration_ms: 530.617
  ...
# Subtest: a pure delayed gain has constant magnitude and exact analytic group delay
ok 256 - a pure delayed gain has constant magnitude and exact analytic group delay
  ---
  duration_ms: 2.2132
  ...
# Subtest: response zeros are undefined rather than false finite phase/delay; all sixteen paths remain selectable
ok 257 - response zeros are undefined rather than false finite phase/delay; all sixteen paths remain selectable
  ---
  duration_ms: 62.5399
  ...
# Subtest: recorded sources use the four primary-noise ears, validate assets and require explicit data
ok 258 - recorded sources use the four primary-noise ears, validate assets and require explicit data
  ---
  duration_ms: 49.7749
  ...
# Subtest: recorded source samples retain shared timing and gain, crossfade synchronously and do not become random or pitch shifted
ok 259 - recorded source samples retain shared timing and gain, crossfade synchronously and do not become random or pitch shifted
  ---
  duration_ms: 88.6042
  ...
# Subtest: recorded batch and irregular live blocks agree exactly through two source loops; storage and adaptation remain continuous
ok 260 - recorded batch and irregular live blocks agree exactly through two source loops; storage and adaptation remain continuous
  ---
  duration_ms: 7373.4557
  ...
# Subtest: recorded primary paths stay causal and fully coupled, match the passenger 48dBA/Hz peak anchor, and match microphone fields
ok 261 - recorded primary paths stay causal and fully coupled, match the passenger 48dBA/Hz peak anchor, and match microphone fields
  ---
  duration_ms: 271.3223
  ...
# Subtest: recording-derived data keeps all references and uncalibrated provenance; spectra distinguish vibration and cabin noise
ok 262 - recording-derived data keeps all references and uncalibrated provenance; spectra distinguish vibration and cabin noise
  ---
  duration_ms: 1381.7129
  ...
# Subtest: spectral stretch remains causal, normalized and exactly shared by batch/stream at temperature-pressure limits
ok 263 - spectral stretch remains causal, normalized and exactly shared by batch/stream at temperature-pressure limits
  ---
  duration_ms: 2237.8219
  ...
# Subtest: B1-002: unchanged core in test harness matches normal production entry sample-for-sample
ok 264 - B1-002: unchanged core in test harness matches normal production entry sample-for-sample
  ---
  duration_ms: 1026.3484
  ...
# Subtest: B1-002: asymmetric matrices and independent recurrence detect sign/index/cross-path/timing faults
ok 265 - B1-002: asymmetric matrices and independent recurrence detect sign/index/cross-path/timing faults
  ---
  duration_ms: 5031.6607
  ...
# Subtest: B1-002: every one of 16 output/reference controller routes contributes with the correct update
ok 266 - B1-002: every one of 16 output/reference controller routes contributes with the correct update
  ---
  duration_ms: 1537.4147
  ...
# Subtest: B1-002: modifying future x/d cannot change any past output
ok 267 - B1-002: modifying future x/d cannot change any past output
  ---
  duration_ms: 541.8155
  ...
# Subtest: B1-003: invalid shapes, every missing/fixed field and nonfinite values return structured config errors
ok 268 - B1-003: invalid shapes, every missing/fixed field and nonfinite values return structured config errors
  ---
  duration_ms: 2.5003
  ...
# Subtest: B1-003: all 12 legal configurations have finite isolated Float32 channels and exact zero-step identities
ok 269 - B1-003: all 12 legal configurations have finite isolated Float32 channels and exact zero-step identities
  ---
  duration_ms: 2604.17
  ...
# Subtest: B1-003: nonfinite data, short arrays, drive failure and Float32 overflow never return partial success
ok 270 - B1-003: nonfinite data, short arrays, drive failure and Float32 overflow never return partial success
  ---
  duration_ms: 1273.5766
  ...
# Subtest: B1-003: a failed call preserves prior results and cannot poison the next run
ok 271 - B1-003: a failed call preserves prior results and cannot poison the next run
  ---
  duration_ms: 634.8553
  ...
# Subtest: B1-001: default all 640000 samples and metrics match independent Python; exact repeat
ok 272 - B1-001: default all 640000 samples and metrics match independent Python; exact repeat
  ---
  duration_ms: 480.9482
  ...
# Subtest: B1-001: seed29 all 640000 samples and metrics match independent Python; exact repeat
ok 273 - B1-001: seed29 all 640000 samples and metrics match independent Python; exact repeat
  ---
  duration_ms: 501.2392
  ...
# Subtest: B1-001: seed47 all 640000 samples and metrics match independent Python; exact repeat
ok 274 - B1-001: seed47 all 640000 samples and metrics match independent Python; exact repeat
  ---
  duration_ms: 473.7374
  ...
# Subtest: B1-001: taps32 all 640000 samples and metrics match independent Python; exact repeat
ok 275 - B1-001: taps32 all 640000 samples and metrics match independent Python; exact repeat
  ---
  duration_ms: 389.1685
  ...
# Subtest: B1-001: mu0 all 640000 samples and metrics match independent Python; exact repeat
ok 276 - B1-001: mu0 all 640000 samples and metrics match independent Python; exact repeat
  ---
  duration_ms: 314.6667
  ...
# Subtest: B1-001: comparison rejects sign, time shift, zeroed output, NaN and near-zero overflow
ok 277 - B1-001: comparison rejects sign, time shift, zeroed output, NaN and near-zero overflow
  ---
  duration_ms: 2.575
  ...
# Subtest: B01/B03: all 640,000 samples match immutable Python Float32 golden and e=d+a
ok 278 - B01/B03: all 640,000 samples match immutable Python Float32 golden and e=d+a
  ---
  duration_ms: 33.9903
  ...
# Subtest: B02/B04/B05: five configurations match Python metrics; repeat is deterministic
ok 279 - B02/B04/B05: five configurations match Python metrics; repeat is deterministic
  ---
  duration_ms: 910.6834
  ...
# Subtest: B06: every output reaches every mic; removing one cross-path removes only that response
ok 280 - B06: every output reaches every mic; removing one cross-path removes only that response
  ---
  duration_ms: 0.3074
  ...
# Subtest: B07: rejects invalid taps, negative/NaN step, wrong fixed dimensions, null config
ok 281 - B07: rejects invalid taps, negative/NaN step, wrong fixed dimensions, null config
  ---
  duration_ms: 0.2281
  ...
# Subtest: B2-001: independent unsigned PRNG oracle preserves all three seeds and distinct channel streams
ok 282 - B2-001: independent unsigned PRNG oracle preserves all three seeds and distinct channel streams
  ---
  duration_ms: 0.8532
  ...
# Subtest: B2-001: three-seed shaped references and primary pressure match every Python Float32 sample
ok 283 - B2-001: three-seed shaped references and primary pressure match every Python Float32 sample
  ---
  duration_ms: 119.7535
  ...
# Subtest: B2-001: all primary and secondary FIRs retain oracle taps, causal delays and complete cross-coupling
ok 284 - B2-001: all primary and secondary FIRs retain oracle taps, causal delays and complete cross-coupling
  ---
  duration_ms: 0.6695
  ...
# Subtest: B2-001: original pressure includes the documented independent disturbance after causal P*x
ok 285 - B2-001: original pressure includes the documented independent disturbance after causal P*x
  ---
  duration_ms: 58.8956
  ...
# Subtest: B2-001: exported demo-v2 identity, units and last-sample time stay explicit
ok 286 - B2-001: exported demo-v2 identity, units and last-sample time stay explicit
  ---
  duration_ms: 0.1737
  ...
# Subtest: audio paths use the same linear gain and sinc resampling
ok 287 - audio paths use the same linear gain and sinc resampling
  ---
  duration_ms: 15.5888
  ...
1..287
# tests 287
# suites 0
# pass 284
# fail 3
# cancelled 0
# skipped 0
# todo 0
# duration_ms 47013.66
[ELIFECYCLE] Test failed. See above for more details.
[ELIFECYCLE] Command failed with exit code 1.
