$ pnpm typecheck && pnpm check:boundaries && pnpm test && pnpm build
$ tsc --noEmit
$ node scripts/check-boundaries.mjs
源码边界通过：A/B 互不导入；shared 独立；integration 负责装配。
$ tsx --test tests/*.test.ts
✔ A1: unavailable convergence values leave gaps rather than zero gain or connecting across missing data (3.7773ms)
✔ A1: original noise draws once in grey, residual compares against the same original channel (1.7009ms)
✔ lab playback applies one gain to all eight signals, preserves d/e ratios and does not mutate physics (42.7553ms)
✔ actual extreme valid lab experiment has no clipped samples after shared preparation (1045.6892ms)
✔ sinc overshoot is covered by the strict bound; silence and low-level legacy gain remain unchanged (2.9903ms)
✔ live Worker cancellation rejects pending work and late old errors cannot kill the new run (4.0612ms)
✔ field failure is recoverable but a processor failure rejects every pending query (1.5957ms)
✔ start cancellation and foreign run identities fail explicitly; batch mode cannot produce live chunks (1.0918ms)
✔ seat curves use supplied SPL, preserve missing values and exclude future or expired frames (2.6026ms)
✔ physical traces share Pa scale, show original and use absolute sample time after a live history wrap (1.7795ms)
✔ PSD comparisons use actual FFT bin positions and original selection is not drawn twice (0.7071ms)
✔ first valid point is visible and null SPL gaps never create fake zero levels (0.5256ms)
✔ acceleration and speaker drive never masquerade as pressure on a common axis (0.6483ms)
✔ streaming sinc is independent of chunk partition and matches continuous interpolation before the real lookahead tail (337.6607ms)
✔ common lookahead safety envelope preserves all eight d/e ratios, bounds peaks and retains bounded memory (1172.4504ms)
✔ live queue validates complete finite contiguous chunks without changing accepted state on rejection (30.9965ms)
✔ one audio clock freezes on starvation and resumes at the missing sample instead of skipping wall time (5.2428ms)
✔ queued chunks are gapless and all comparisons share one eight-channel buffer without a new clock on switching (4.2764ms)
✔ pause preserves partly consumed audio and a cold allocation never advances the simulation clock (2.493ms)
✔ async resume cannot revive pause/reset/dispose or clear a newer request, and failure is retryable (5.0107ms)
✔ continuous enqueue reclaims ended audio and keeps the schedule bounded through 100 simulated seconds (1125.905ms)
✔ A1: preparing first audio buffer does not skip the requested playback position (37.5428ms)
✔ A1: pause cancels pending audio resume; repeated play creates one start (34.1989ms)
✔ A1: loading a new experiment cancels an earlier pending play (0.9324ms)
✔ A1: reaching the end stays stopped when seeking, including before ended is delivered (24.834ms)
✔ A1: seeking to the end stops; replay starts only on explicit play (25.1689ms)
✔ A1: cold seat/mode switches prepare audio before fading, keep time and use the same gain (442.2565ms)
✔ A1: audio resume failure leaves a retryable paused player (21.368ms)
✔ A1: an obsolete resume cannot clear or start a newer play request (16.8213ms)
✔ A1: seeking while playing continues at the new position without a retired ended event stopping it (17.0984ms)
✔ A1: a cold comparison prepared across the end never restarts the clip (29.9594ms)
✔ variable duration playback seeks past 16s, switches modes and stops exactly at each loaded clip end (71.4018ms)
✔ three slice meshes use the original 280 queried positions, including their fixed physical planes (4.217ms)
✔ a reordered, truncated or non-finite B field frame cannot color the old locations (1.1386ms)
✔ moving each sampled plane requests its physical position and refuses the previous field frame (6.3411ms)
✔ 12 coincident projections remain separate and inside the narrow supported viewer (5.3866ms)
✔ four source illustrations can share a narrow view with all 12 hardware labels (4.1731ms)
✔ labels at viewport edges and densely grouped hardware remain clickable (25.1941ms)
✔ lab labels stay on the side rails at full-page size, leaving the vehicle clear (1.6045ms)
✔ lab side rails remain separate and clickable in a narrow 360 px viewer (0.8164ms)
✔ featured structures exist in each generated architecture and explain its actual drive path (472.9602ms)
✔ true mesh-plane sections preserve area, plane position and outward normal after transforms (11.7266ms)
✔ section through exact edges is closed; tangencies and existing coplanar faces are not duplicated (1.5455ms)
✔ ring sections keep their holes and disconnected islands; open surfaces never get a solid cap (46.48ms)
✔ section display updates from exploded geometry, respects ancestor visibility and material opacity (9.2695ms)
✔ bundled showroom SUV is the attributed, offline CC BY asset within the geometry budget (8.2166ms)
✔ BEV showroom keeps the original attribution and bundles a decodable offline model (8.3658ms)
✔ four drivetrains preserve their physical differences and five-seat cabin (417.4022ms)
✔ vehicle geometry is finite and every owned GPU resource is disposed once (329.4014ms)
✔ the BEV and EREV battery enclosure remains directly visible from the underbody (181.9339ms)
✔ the closed side sill hides the floor and battery at door level on all four vehicles (160.0338ms)
✔ Hann Welch one-sided PSD integrates to tone mean-square and has the correct peak (22.3599ms)
✔ analysis warming-up, window boundary, channel identity and pressure calibration (5.2509ms)
✔ new lab experiments learn before two seconds without changing sources or superposition (465.0874ms)
✔ lab FxLMS produces finite true superposition, baseline then learned reduction at all microphones (9.3744ms)
✔ all 16 secondary paths have causal cross coupling and every source reaches every mic (1.6871ms)
✔ first adaptive output matches an independent all-error normalized gradient calculation (25.034ms)
✔ RNC off, zero step and all disabled speakers retain original noise exactly (459.6112ms)
✔ one and eight references and disabled output actually change controller dimensions and results (707.3811ms)
✔ recording-shaped sources handle high energy at default step and reject unstable high-step runs explicitly (1165.8066ms)
✔ field at microphone positions equals independently measured trace power in the same window (15.5281ms)
✔ off-microphone field is recalculated from wheel q and speaker u, not microphone interpolation (60.3832ms)
✔ vehicle paths vary, seed is reproducible and speed/roughness trends are source-driven (522.7988ms)
✔ warm-up, zero-speed energy floor and bad configurations are explicit (268.6841ms)
✔ q selection analyzes each actual wheel source independently of reference layout (180.033ms)
✔ A weighting matches reference corrections and applies power rather than amplitude to PSD (16.1956ms)
✔ teaching calibration anchors pooled 40 km/h baseline at 60 dBA; offset changes H only (532.4358ms)
✔ A/Z analysis and field agree at microphones, including first window and wrapped live history (1299.3138ms)
✔ duration budget rejects invalid allocations; short runs have finite metrics and long runs share streaming samples (1739.0922ms)
✔ NFxLMS joint normalization scales inversely with filtered-reference power and regularizes silence (0.3834ms)
✔ stateful first 16 seconds match the unchanged batch q/x/u/d/a/e bit for bit (1106.0065ms)
✔ arbitrary block sizes preserve source/filter/weight state beyond 16 seconds and repeated history wraps (2309.6621ms)
✔ RNC off, zero step, disabled speakers and eight references retain the batch semantics across blocks (1676.9368ms)
✔ wrapped snapshots use one absolute clock and yield the same field window at mic and off-mic points (724.9327ms)
✔ resident storage stays bounded through two minutes and invalid requests do not advance the stream (661.4843ms)
✔ numerical divergence is explicit and a partially advanced failed sample cannot be resumed (24.1612ms)
✔ recording-derived data keeps all references and uncalibrated provenance; spectra distinguish vibration and cabin noise (1009.7733ms)
✔ spectral stretch remains causal, normalized and exactly shared by batch/stream at temperature-pressure limits (875.0391ms)
✔ B01/B03: all 640,000 samples match immutable Python Float32 golden and e=d+a (28.8263ms)
✔ B02/B04/B05: five configurations match Python metrics; repeat is deterministic (832.4169ms)
✔ B06: every output reaches every mic; removing one cross-path removes only that response (0.5885ms)
✔ B07: rejects invalid taps, negative/NaN step, wrong fixed dimensions, null config (0.5332ms)
✔ audio paths use the same linear gain and sinc resampling (30.9285ms)
ℹ tests 83
ℹ suites 0
ℹ pass 83
ℹ fail 0
ℹ cancelled 0
ℹ skipped 0
ℹ todo 0
ℹ duration_ms 7690.9831
$ tsc --noEmit && vite build
vite v7.1.7 building for production...
transforming...
✓ 54 modules transformed.
rendering chunks...
computing gzip size...
dist/index.html                                        0.64 kB │ gzip:     0.37 kB
dist/assets/engine.worker-DAEd859z.js                  4.16 kB
dist/assets/lab.worker-mXy9UZ55.js                    24.32 kB
dist/assets/golden_browser_fixture-BhKaGSeS.json   3,414.19 kB │ gzip: 2,407.80 kB
dist/assets/range-rover-sport-svr-4ykCwhl8.glb     5,726.33 kB
dist/assets/tesla-model-y.meshopt-DxsAdN_g.glb    10,353.64 kB
dist/assets/index-Di_b5R-_.css                         6.73 kB │ gzip:     2.23 kB
dist/assets/viewer-BHE4Qc7o.css                       10.35 kB │ gzip:     2.62 kB
dist/assets/index-B4u1257H.css                        11.85 kB │ gzip:     3.25 kB
dist/assets/contracts-nWp9BSjY.js                      0.09 kB │ gzip:     0.11 kB │ map:     2.22 kB
dist/assets/lab-contracts-BxOkIKIk.js                  0.93 kB │ gzip:     0.62 kB │ map:     6.07 kB
dist/assets/preload-helper-PPVm8Dsz.js                 1.28 kB │ gzip:     0.75 kB │ map:     0.11 kB
dist/assets/index-T7UGU3Lx.js                          1.59 kB │ gzip:     0.92 kB │ map:     6.51 kB
dist/assets/lab-engine-DZ8ofE5k.js                     1.86 kB │ gzip:     1.01 kB │ map:     6.89 kB
dist/assets/index-BGpoeapW.js                          3.38 kB │ gzip:     1.73 kB │ map:     6.42 kB
dist/assets/index-Da6wtmGc.js                         20.52 kB │ gzip:     9.21 kB │ map:    53.78 kB
dist/assets/index-DvOokgvP.js                         24.23 kB │ gzip:    11.63 kB │ map:    81.26 kB
dist/assets/showroom-model-B2C4hdE6.js                77.29 kB │ gzip:    23.27 kB │ map:   291.56 kB
dist/assets/index-Cr8FoNiX.js                        126.54 kB │ gzip:    49.48 kB │ map:   385.96 kB
dist/assets/viewer-CCiDXucP.js                       593.26 kB │ gzip:   151.98 kB │ map: 2,905.36 kB

(!) Some chunks are larger than 500 kB after minification. Consider:
- Using dynamic import() to code-split the application
- Use build.rollupOptions.output.manualChunks to improve chunking: https://rollupjs.org/configuration-options/#output-manualchunks
- Adjust chunk size limit for this warning via build.chunkSizeWarningLimit.
✓ built in 1.84s
