$ pnpm typecheck && pnpm check:boundaries && pnpm test && pnpm build
$ tsc --noEmit
$ node scripts/check-boundaries.mjs
源码边界通过：A/B 互不导入；shared 独立；integration 负责装配。
$ tsx --test tests/*.test.ts
✔ one road change compares the same weighted window without keeping mutable config (4.2768ms)
✔ changed operating conditions block numeric deltas even when values are present (0.8244ms)
✔ multiple configuration changes remain visible and missing seat values stay unavailable (1.0456ms)
✔ legacy teaching layout compares with explicit teaching ID but another layout suppresses deltas (0.5362ms)
✔ exported A/B summary survives JSON roundtrip and recomputes deltas (5.9695ms)
✔ condition mismatch imports but suppresses unsupported deltas (3.4237ms)
✔ rejects oversized, forged, malformed and nonfinite evidence (6.9962ms)
✔ foreign layouts remain readable but never acquire a numeric comparison (1.3909ms)
✔ older rnc-case-v1 without layout identity imports as teaching layout (1.6494ms)
✔ one-variable review reports measured direction without assigning cause or approval (2.8919ms)
✔ confounded or mismatched cases never receive a causal or numeric verdict (0.903ms)
✔ an unregistered layout is labeled as file-reported evidence without a verdict (0.7505ms)
✔ new human fields roundtrip, legacy v1 imports blank, computed facts ignore human claims (41.4644ms)
✔ A1: unavailable convergence values leave gaps rather than zero gain or connecting across missing data (2.6644ms)
✔ A1: original noise draws once in grey, residual compares against the same original channel (0.9481ms)
✔ paired spatial evidence distinguishes quieter, louder and near-zero samples without claiming a volume mean (2.4777ms)
✔ invalid, mismatched and nonfinite samples cannot produce a stale or invented spatial verdict (0.5905ms)
✔ A1: overview snapshot preserves lab quantity, slice, range and interpolation even when rendering fails (10.911ms)
✔ A1: one-second field cadence keeps moving past the old 350 ms plateau (3.9964ms)
✔ A1: slices and volume share the same energy blend, including interrupted frames (3.5438ms)
✔ A1: paused same-window quantity changes crossfade without replacing physical textures (2.2649ms)
✔ A1: pause settles both slice textures and new identities cannot inherit a mode crossfade (4.9689ms)
✔ guide requires actual baseline and candidate runs before showing comparison evidence (2.9171ms)
✔ changed operating condition or multiple edits block the guided verdict (0.7539ms)
✔ invalid candidate and stale field never unlock listening (0.364ms)
✔ a candidate field unlocks guidance only at the comparison window end (0.3ms)
✔ lab playback applies one gain to all eight signals, preserves d/e ratios and does not mutate physics (58.8967ms)
✔ actual extreme valid lab experiment has no clipped samples after shared preparation (1531.7493ms)
✔ sinc overshoot is covered by the strict bound; silence and low-level legacy gain remain unchanged (6.5219ms)
✔ live Worker cancellation rejects pending work and late old errors cannot kill the new run (39.7829ms)
✔ field failure is recoverable but a processor failure rejects every pending query (1.5535ms)
✔ start cancellation and foreign run identities fail explicitly; batch mode cannot produce live chunks (3.1679ms)
✔ live RNC control returns the exact sample boundary and a rejected switch preserves the running worker (2.5675ms)
✔ legacy layout is stamped and unimplemented layouts fail before replacing a running experiment (1.642ms)
✔ field frames without the active physical layout are rejected without killing the experiment (1.6078ms)
✔ a field reply cannot substitute another time, weighting or sampling plane within the same run (1.606ms)
✔ batch results and live packets cannot switch physical layout inside an accepted run (1.487ms)
✔ same-layout responses cannot substitute another vehicle or physical experiment configuration (1.8225ms)
✔ Worker replies without the active run identity cannot enter results or field views (1.4869ms)
✔ log frequency coordinates give equal spacing to equal ratios and omit DC (2.9595ms)
✔ seat curves preserve full-run SPL history and missing values while excluding future frames (1.6712ms)
✔ physical traces share Pa scale, show original and use absolute sample time after a live history wrap (1.3257ms)
✔ the initial waveform uses the same five-second scale as a full rolling window (0.5921ms)
✔ PSD comparisons use actual FFT bin positions and original selection is not drawn twice (0.5857ms)
✔ first valid point is visible and null SPL gaps never create fake zero levels (0.3815ms)
✔ acceleration and speaker drive never masquerade as pressure on a common axis (0.4958ms)
✔ manual plot bounds and hidden primary traces apply independently without changing samples (0.6703ms)
✔ divergent but finite Float32 pressure is bounded only in the audition copies (118.3128ms)
✔ streaming sinc is independent of chunk partition and matches continuous interpolation before the real lookahead tail (408.1589ms)
✔ common lookahead safety envelope preserves all eight d/e ratios, bounds peaks and retains bounded memory (1741.5823ms)
✔ finishing releases exactly the real lookahead tail, including a run shorter than that tail (27.4864ms)
✔ live queue validates complete finite contiguous chunks without changing accepted state on rejection (118.0041ms)
✔ one audio clock freezes on starvation and resumes at the missing sample instead of skipping wall time (14.3582ms)
✔ queued chunks are gapless and all comparisons share one eight-channel buffer without a new clock on switching (10.6676ms)
✔ pause preserves partly consumed audio and a cold allocation never advances the simulation clock (6.3055ms)
✔ async resume cannot revive pause/reset/dispose or clear a newer request, and failure is retryable (10.8317ms)
✔ continuous enqueue stays bounded for ten minutes and finishes exactly without a false underrun or restart (12359.2572ms)
✔ pause and resume while draining keeps the final samples and exact endpoint (13.6828ms)
✔ offline package verifier accepts the exact build and rejects changed, extra or missing files (1735.815ms)
✔ A1: preparing first audio buffer does not skip the requested playback position (44.4371ms)
✔ A1: pause cancels pending audio resume; repeated play creates one start (44.1745ms)
✔ A1: loading a new experiment cancels an earlier pending play (0.6985ms)
✔ A1: reaching the end stays stopped when seeking, including before ended is delivered (33.0198ms)
✔ A1: seeking to the end stops; replay starts only on explicit play (33.2343ms)
✔ A1: cold seat/mode switches prepare audio before fading, keep time and use the same gain (711.692ms)
✔ A1: audio resume failure leaves a retryable paused player (71.2712ms)
✔ A1: an obsolete resume cannot clear or start a newer play request (43.7842ms)
✔ A1: seeking while playing continues at the new position without a retired ended event stopping it (26.4835ms)
✔ A1: a cold comparison prepared across the end never restarts the clip (55.0628ms)
✔ variable duration playback seeks past 16s, switches modes and stops exactly at each loaded clip end (239.7414ms)
✔ asset shell modes isolate shared interior materials and restore original ownership once (31.1796ms)
✔ authored asset sections follow actual moving meshes without inventing solid caps or changing coordinates (6.8518ms)
✔ asset picking skips hidden ancestors and discarded section surfaces, and selection bounds follow disassembly (5.849ms)
✔ selection excludes hidden descendants and follows ancestor transforms without a section (1.5013ms)
✔ selection is restricted to retained section bounds and disappears when fully clipped (3.1115ms)
✔ actual ICE asset keeps all 74127 triangles and 30 groups through inspection, disassembly and full restoration (426.6302ms)
✔ CP controlled comparison blocks road/source/seed/operating changes; scenario states differences (3.9657ms)
✔ CP declared controller changes retain negative outcomes and do not change input snapshots (0.5939ms)
✔ CP scenario cannot cross layout or absolute analysis window (0.5258ms)
✔ CP mode survives summary roundtrip; old summaries retain historical comparison meaning (25.2566ms)
✔ CP nonfinite external readings never become displayed delta (19.3186ms)
✔ separate curved sheets have continuous boundary normals and finite UV coordinates (9.6676ms)
✔ rounded lamp apertures preserve the original silhouette bounds without repeated sharp corners (1.3309ms)
✔ P7 shoulder-to-window gap is closed by paint owned by the removable front door (2272.9385ms)
✔ dense grid queries 1989 distinct locations across the original spatial extent (5.3508ms)
✔ dense texture retains the exact engine point order and paired channel energy (3.5408ms)
✔ volume mode contains no visible planar slices; explicit slices remain available (38.8515ms)
✔ temporal transition blends energy and a replacement starts at the displayed energy (9.2829ms)
✔ rewind, weighting, layout and point changes never blend incompatible frames (9.6702ms)
✔ driving distance uses the experiment clock, including pause and backward seek (1.1716ms)
✔ road segments cover a continuous range and preserve world identity while passing the car (0.7772ms)
✔ four cabin eyes share P7 seat coordinates and are distinct from the microphones (0.3389ms)
✔ cabin look rotates around the eye without translating it and clamps pitch (1.4709ms)
✔ wheel spin preserves its axle and semantic attachment, keeping the brake caliper stationary (5.8444ms)
✔ curved graded route preserves arc length, periodic seams and reversible vehicle coordinates (74.6822ms)
✔ A2 landscape: finite, continuous, bounded slopes across every environment and negative world coordinates (1741.0771ms)
✔ A2 road ground stays below the travelled lane through bends and grades (83.1811ms)
✔ A2 recycled world tiles stay beyond the fully faded distance for forward and backward driving (5.2425ms)
✔ A2 sky retains complete imagery while loading and blends monotonically; rapid requests retain referenced textures (13.4465ms)
✔ A2 outdoor camera cannot enter the floor, car shell or distant scenery after repeated pan/zoom/orbit (2.9855ms)
✔ volume texture keeps every queried point and both channels in WebGL storage order (4.551ms)
✔ spatial smoothing operates on mean-square energy, not a mean of dB or RGB (1.036ms)
✔ improvement is the signed, same-point same-frame difference; worsening is retained (0.662ms)
✔ detail range includes both channels and has a nonzero span even for a flat frame (1.0699ms)
✔ improvement detail keeps zero centered and includes real worsening and improvement (0.9668ms)
✔ camera moves around the car and reaches an exact endpoint without overshoot (1.9857ms)
✔ manual input cancels motion; a rapid replacement starts at the currently visible pose (0.8928ms)
✔ dense queries yield in bounded batches and publish the original point order at one window (307.2872ms)
✔ a late query is cancelled before more chunks are submitted (4.0384ms)
✔ different windows, weighting, positions and layout cannot be merged into one field (44.6773ms)
✔ an invalid warm-up grid stays invalid instead of becoming a coloured result (140.0277ms)
✔ three slice meshes use the original 280 queried positions, including their fixed physical planes (4.422ms)
✔ a reordered, truncated or non-finite B field frame cannot color the old locations (1.2295ms)
✔ moving each sampled plane requests its physical position and refuses the previous field frame (4.2164ms)
✔ 12 coincident projections remain separate and inside the narrow supported viewer (4.7403ms)
✔ four source illustrations can share a narrow view with all 12 hardware labels (3.0673ms)
✔ labels at viewport edges and densely grouped hardware remain clickable (25.837ms)
✔ lab labels stay on the side rails at full-page size, leaving the vehicle clear (1.1493ms)
✔ lab side rails remain separate and clickable in a narrow 360 px viewer (0.5747ms)
✔ P7+ canopy, liftback glazing and rear bumper are separately owned assemblies (2082.911ms)
✔ P7+ hidden shell exposes actual seat picking, and clipping rejects the removed half (1442.8649ms)
✔ P7+ intermediate explosion poses remain finite and return to identical world transforms (1150.6802ms)
✔ P7+ paint and shell presentation preserve independent glass, tires and cabin materials (1040.8256ms)
✔ P7 detailed EV assemblies and acoustic diaphragms own their reversible geometry (1005.0861ms)
✔ featured structures exist in each generated architecture and explain its actual drive path (713.7855ms)
✔ true mesh-plane sections preserve area, plane position and outward normal after transforms (9.1605ms)
✔ section through exact edges is closed; tangencies and existing coplanar faces are not duplicated (2.3333ms)
✔ ring sections keep their holes and disconnected islands; open surfaces never get a solid cap (75.9828ms)
✔ section display updates from exploded geometry, respects ancestor visibility and material opacity (10.1023ms)
✔ bundled showroom SUV is the attributed, offline CC BY asset within the geometry budget (10.5703ms)
✔ BEV showroom keeps the original attribution and bundles a decodable offline model (27.5472ms)
✔ four drivetrains preserve their physical differences and five-seat cabin (744.7907ms)
✔ vehicle geometry is finite and every owned GPU resource is disposed once (514.4738ms)
✔ the BEV and EREV battery enclosure remains directly visible from the underbody (301.1574ms)
✔ the closed side sill hides the floor and battery at door level on all four vehicles (306.43ms)
✔ xpeng-p7plus: independent layout, full cross paths, both sources and live/batch/field agreement (561.6624ms)
✔ xpeng-p7plus: observer seats and acoustic attachment nodes exist in the actual detachable model (1358.2682ms)
✔ xpeng-x9: independent layout, full cross paths, both sources and live/batch/field agreement (388.6875ms)
✔ xpeng-x9: observer seats and acoustic attachment nodes exist in the actual detachable model (1668.4756ms)
✔ xpeng-l03: independent layout, full cross paths, both sources and live/batch/field agreement (406.0038ms)
✔ xpeng-l03: observer seats and acoustic attachment nodes exist in the actual detachable model (1110.6177ms)
✔ xpeng-m03: independent layout, full cross paths, both sources and live/batch/field agreement (327.6773ms)
✔ xpeng-m03: observer seats and acoustic attachment nodes exist in the actual detachable model (1141.6876ms)
✔ xpeng-gx: independent layout, full cross paths, both sources and live/batch/field agreement (350.2758ms)
✔ xpeng-gx: observer seats and acoustic attachment nodes exist in the actual detachable model (1277.0072ms)
✔ x9: P7-level structural coverage and correctly separated battery layers (2469.3822ms)
✔ x9: interior ray picking and sampled disassembly restore world transforms (2001.315ms)
✔ l03: P7-level structural coverage and correctly separated battery layers (1170.6429ms)
✔ l03: interior ray picking and sampled disassembly restore world transforms (1346.8208ms)
✔ m03: P7-level structural coverage and correctly separated battery layers (1206.5159ms)
✔ m03: interior ray picking and sampled disassembly restore world transforms (1304.8615ms)
✔ gx: P7-level structural coverage and correctly separated battery layers (1145.6549ms)
✔ gx: interior ray picking and sampled disassembly restore world transforms (1319.1696ms)
✔ Verified drivetrain and suspension differences survive shared construction helpers (4017.6336ms)
✔ A2 XPeng x9: real proportions, semantic rows and finite geometry (2908.5647ms)
✔ A2 XPeng x9: explosion is reversible, clamped and above floor (2018.2181ms)
✔ A2 XPeng p7plus: real proportions, semantic rows and finite geometry (1365.9366ms)
✔ A2 XPeng p7plus: explosion is reversible, clamped and above floor (1195.9636ms)
✔ A2 XPeng l03: real proportions, semantic rows and finite geometry (1462.4993ms)
✔ A2 XPeng l03: explosion is reversible, clamped and above floor (1137.4585ms)
✔ A2 XPeng m03: real proportions, semantic rows and finite geometry (1337.9579ms)
✔ A2 XPeng m03: explosion is reversible, clamped and above floor (1126.1518ms)
✔ A2 XPeng gx: real proportions, semantic rows and finite geometry (1418.3676ms)
✔ A2 XPeng gx: explosion is reversible, clamped and above floor (1181.2358ms)
✔ A2 XPeng paint affects exterior clones only; resources dispose exactly once (992.2044ms)
✔ B2-003 async: Web Crypto produces the same container and detached data as sync API (98.4886ms)
✔ B2-003 async: encoding snapshots config, run identity, samples and budgets before awaiting (70.1318ms)
✔ B2-003 async: decode owns a snapshot across Buffer mutation, offset views and transfer (84.0798ms)
✔ B2-003 async: hash rejections and invalid digests propagate without a partial result (69.8692ms)
✔ B2-003 async: malformed, nonfinite and over-budget inputs reject before invoking crypto (23.7849ms)
✔ B2-003: default binary roundtrip, recipe recompute and Python oracle (1148.3344ms)
✔ B2-003: seed29 binary roundtrip, recipe recompute and Python oracle (1160.4129ms)
✔ B2-003: seed47 binary roundtrip, recipe recompute and Python oracle (1072.0283ms)
✔ B2-003: taps32 binary roundtrip, recipe recompute and Python oracle (808.1677ms)
✔ B2-003: mu0 binary roundtrip, recipe recompute and Python oracle (676.9757ms)
✔ B2-003: registered source hashes match the numerical implementation (1.6178ms)
✔ B2-003: preserve reference identity, little-endian edge bits and offset views (418.1083ms)
✔ B2-003: silent and zero-denominator metrics retain nonfinite tags and unavailable measurements (139.0148ms)
✔ B2-003: genuine zero/negative reductions and tagged negative zero stay distinct from silence (133.1494ms)
✔ B2-003: malformed/truncated headers, overflow lengths, trailing bytes and padding are rejected (8.1886ms)
✔ B2-003: schema, channel mapping, units, metadata, normalized config and metrics are validated (51.3742ms)
✔ B2-003: integrity mismatch and hash-correct nonfinite payload cannot import (29.6066ms)
✔ B2-003: budgets refuse before hashing/large output and count UTF-8 bytes (18.4014ms)
✔ B2-003: unknown numerical models are read-only; recipe recompute revalidates identity and fresh id (24.1611ms)
✔ B2-003: recipes reject extra scripts/URLs/arrays, bad text/config and different schemas (1.5333ms)
✔ B2-003: live snapshots, partial results, bad dimensions and invalid samples are not batches (30.7724ms)
✔ B2-003 lab recipe: ice, both sources and 1/4/8 reference topology (1421.0391ms)
✔ B2-003 lab recipe: bev, both sources and 1/4/8 reference topology (1107.015ms)
✔ B2-003 lab recipe: hev, both sources and 1/4/8 reference topology (1140.3204ms)
✔ B2-003 lab recipe: erev, both sources and 1/4/8 reference topology (1051.7467ms)
✖ B2-003 lab recipe: model/source/recording identities match current files (6.0791ms)
✔ B2-003 lab recipe: preserve legacy absence and normalize shaped/layout/offset defaults explicitly (182.9388ms)
✔ B2-003 lab recipe: RNC off, zero step, speaker disable, seed/taps changes and negative gains retain exact behavior (368.6675ms)
✔ B2-003 lab recipe: actual divergence is a finite prefix, never padded or called complete (246.1499ms)
✖ B2-003 lab recipe: unknown layouts cannot encode/recompute and unknown model is only parsed (1.4958ms)
✔ B2-003 lab recipe: recording asset is mandatory, full-byte hash checked, never random fallback (7.7472ms)
✔ B2-003 lab recipe: snapshot config/id/budget and asset before await, propagate resolver/hash failures (127.8606ms)
✔ B2-003 lab recipe: reject bad config, dimensions, identities, extra scripts, live mode and altered defaults (4.8416ms)
✔ B2-003 lab recipe: byte and recompute budgets reject before asset loading or calculation (1.2727ms)
✔ B2-003 lab result: ice, both sources and 1/4/8 references sync/async exact roundtrip (637.8196ms)
✔ B2-003 lab result: bev, both sources and 1/4/8 references sync/async exact roundtrip (511.8078ms)
✔ B2-003 lab result: hev, both sources and 1/4/8 references sync/async exact roundtrip (598.8783ms)
✔ B2-003 lab result: erev, both sources and 1/4/8 references sync/async exact roundtrip (537.3089ms)
✔ B2-003 lab result: divergence, disabled RNC/output, mu0 and legacy absence retain status and identities (342.3942ms)
✔ B2-003 lab result: tagged invalid metrics survive, disagreeing summary is quarantined (59.6813ms)
✔ B2-003 lab result: silence and empty divergence never become valid zero dB, real mu0 does (29.3785ms)
✔ B2-003 lab result: finite edge bits and offset views survive with independent arrays (51.2028ms)
✖ B2-003 lab result: unknown model/layout remain read-only without verified metrics (23.1128ms)
✔ B2-003 lab result: hostile manifest identities, dimensions, units, clocks, state and scalar tags reject before hashing (42.0525ms)
✔ B2-003 lab result: truncation, trailing data, lengths, padding, UTF-8 and nonfinite samples reject (55.7693ms)
✔ B2-003 lab result: explicit batch, complete/prefix rules, array shape, UTF-8 identity and budgets reject before crypto (35.7421ms)
✔ B2-003 lab result: async encoder captures all signals/metadata/limits before await (35.5948ms)
✔ B2-003 lab result: async import owns Buffer/offset views across mutation or transfer; SHA failures propagate (47.6192ms)
✔ Hann Welch one-sided PSD integrates to tone mean-square and has the correct peak (12.815ms)
✔ B2-002: RMS uses exactly the trailing 1000 samples, including first and final windows (5.8655ms)
✔ B2-002: same-window reduction preserves negative gains and aggregates powers before dB (3.6711ms)
✔ B2-002: silence and near-floor pressure never report valid zero-dB benefit (11.6046ms)
✔ B2-002: non-finite pressure is unavailable, never a valid analysis frame (10.8303ms)
✔ B2-002: power rejects invalid ranges and PSD clamps finite sample cursors to actual data (2.4467ms)
✔ B2-002: PSD rejects non-finite samples in its complete windows and ignores future samples (2.2743ms)
✔ B2-002: non-finite PSD cursors cannot trap a caller in an unbounded loop (231.3316ms)
✔ B2-002: shared PSD preserves lab pressure weighting and vibration/drive/source units (6.2003ms)
✔ B2-002: asymmetric signal Welch bins match direct DFT, 50% overlap and incomplete-tail handling (141.4532ms)
✔ B2-002: DC and Nyquist are not doubled; PSD scales as signal-unit squared per Hz (8.7599ms)
✔ analysis warming-up, window boundary, channel identity and pressure calibration (0.9342ms)
✔ step size accepts every nonnegative finite value and finite drives exceed the former 100 threshold (344.1797ms)
✔ batch and chunked overflow stop at the same Float32 boundary, keeping the last finite samples and spectra (584.6153ms)
✔ overflow on the first weight update gives an empty finite prefix and a terminal diagnostic (37.1906ms)
✔ new lab experiments learn before two seconds without changing sources or superposition (875.8197ms)
✔ lab FxLMS produces finite true superposition, baseline then learned reduction at all microphones (15.2932ms)
✔ all 16 secondary paths have causal cross coupling and every source reaches every mic (3.4898ms)
✔ first adaptive output matches an independent all-error normalized gradient calculation (64.2096ms)
✔ RNC off, zero step and all disabled speakers retain original noise exactly (976.2499ms)
✔ one and eight references and disabled output actually change controller dimensions and results (1854.8183ms)
✔ recording-shaped sources retain high finite values and return the valid prefix on overflow (3367.6807ms)
✔ field at microphone positions equals independently measured trace power in the same window (41.6954ms)
✔ off-microphone field is recalculated from wheel q and speaker u, not microphone interpolation (161.2267ms)
✔ vehicle paths vary, seed is reproducible and speed/roughness trends are source-driven (1262.6628ms)
✔ warm-up, zero-speed energy floor and bad configurations are explicit (726.083ms)
✔ q selection analyzes each actual wheel source independently of reference layout (439.9543ms)
✔ A weighting matches reference corrections and applies power rather than amplitude to PSD (30.8225ms)
✔ teaching calibration anchors pooled 40 km/h baseline at 60 dBA; offset changes H only (963.4497ms)
✔ A/Z analysis and field agree at microphones, including first window and wrapped live history (3747.7937ms)
✔ duration budget rejects invalid allocations; short runs have finite metrics and long runs share streaming samples (5483.3243ms)
✔ pressure density levels use 20uPa while other signals keep unit reference; manual waveform bounds never reveal future samples (509.065ms)
✔ NFxLMS joint normalization scales inversely with filtered-reference power and regularizes silence (0.4805ms)
✔ stateful first 16 seconds match the unchanged batch q/x/u/d/a/e bit for bit (2430.342ms)
✔ arbitrary block sizes preserve source/filter/weight state beyond 16 seconds and repeated history wraps (7863.5738ms)
✔ RNC off, zero step, disabled speakers and eight references retain the batch semantics across blocks (4822.4263ms)
✔ wrapped snapshots use one absolute clock and yield the same field window at mic and off-mic points (1810.6465ms)
✔ resident storage stays bounded through two minutes and invalid requests do not advance the stream (3795.8449ms)
✔ live RNC OFF freezes learned weights and zeros drive; ON resumes from those weights without restarting sources (628.9179ms)
✔ an initially disabled live controller can start adapting later (233.5493ms)
✔ wrapped live history retains five seconds at the audible clock despite producer prefetch (1942.9084ms)
✔ numeric overflow returns the finite prefix, preserves history, and cannot resume (16.6086ms)
✔ live generation ignores replay duration, preserves bounded adaptation for ten minutes and refuses overflow atomically (27652.9079ms)
✔ P7 layout has its own cabin and paths; legacy layout unchanged and unsupported IDs rejected (6.429ms)
✔ P7 arbitrary stream blocks match batch q/x/u/d/a/e bit for bit (449.4764ms)
✔ P7 field equals independent microphone trace power at the same point and window (37.9284ms)
✔ P7 recorded-source branch shares fractional paths between batch, streaming and field (546.6061ms)
✔ a pure delayed gain has constant magnitude and exact analytic group delay (4.4416ms)
✔ response zeros are undefined rather than false finite phase/delay; all sixteen paths remain selectable (99.4ms)
✔ recorded sources use the four primary-noise ears, validate assets and require explicit data (57.1463ms)
✔ recorded source samples retain shared timing and gain, crossfade synchronously and do not become random or pitch shifted (89.8216ms)
✔ recorded batch and irregular live blocks agree exactly through two source loops; storage and adaptation remain continuous (7937.3061ms)
✔ recorded primary paths stay causal and fully coupled, match the passenger 48dBA/Hz peak anchor, and match microphone fields (354.3284ms)
✔ recording-derived data keeps all references and uncalibrated provenance; spectra distinguish vibration and cabin noise (1568.9181ms)
✔ spectral stretch remains causal, normalized and exactly shared by batch/stream at temperature-pressure limits (2338.4489ms)
✔ B1-002: unchanged core in test harness matches normal production entry sample-for-sample (914.7829ms)
✔ B1-002: asymmetric matrices and independent recurrence detect sign/index/cross-path/timing faults (4886.2932ms)
✔ B1-002: every one of 16 output/reference controller routes contributes with the correct update (1700.5925ms)
✔ B1-002: modifying future x/d cannot change any past output (652.6009ms)
✔ B1-003: invalid shapes, every missing/fixed field and nonfinite values return structured config errors (3.4717ms)
✔ B1-003: all 12 legal configurations have finite isolated Float32 channels and exact zero-step identities (2644.4933ms)
✔ B1-003: nonfinite data, short arrays, drive failure and Float32 overflow never return partial success (1323.3968ms)
✔ B1-003: a failed call preserves prior results and cannot poison the next run (776.0937ms)
✔ B1-001: default all 640000 samples and metrics match independent Python; exact repeat (650.2317ms)
✔ B1-001: seed29 all 640000 samples and metrics match independent Python; exact repeat (585.065ms)
✔ B1-001: seed47 all 640000 samples and metrics match independent Python; exact repeat (511.2184ms)
✔ B1-001: taps32 all 640000 samples and metrics match independent Python; exact repeat (344.6941ms)
✔ B1-001: mu0 all 640000 samples and metrics match independent Python; exact repeat (286.0988ms)
✔ B1-001: comparison rejects sign, time shift, zeroed output, NaN and near-zero overflow (2.7615ms)
✔ B01/B03: all 640,000 samples match immutable Python Float32 golden and e=d+a (31.6351ms)
✔ B02/B04/B05: five configurations match Python metrics; repeat is deterministic (921.3299ms)
✔ B06: every output reaches every mic; removing one cross-path removes only that response (0.6205ms)
✔ B07: rejects invalid taps, negative/NaN step, wrong fixed dimensions, null config (0.5397ms)
✔ B2-001: independent unsigned PRNG oracle preserves all three seeds and distinct channel streams (2.0477ms)
✔ B2-001: three-seed shaped references and primary pressure match every Python Float32 sample (112.7049ms)
✔ B2-001: all primary and secondary FIRs retain oracle taps, causal delays and complete cross-coupling (0.5819ms)
✔ B2-001: original pressure includes the documented independent disturbance after causal P*x (54.5119ms)
✔ B2-001: exported demo-v2 identity, units and last-sample time stay explicit (0.2855ms)
✔ audio paths use the same linear gain and sinc resampling (39.8736ms)
ℹ tests 292
ℹ suites 0
ℹ pass 289
ℹ fail 3
ℹ cancelled 0
ℹ skipped 0
ℹ todo 0
ℹ duration_ms 53889.1441

✖ failing tests:

test at tests\helpers\lab-recipe-tests.ts:1:1308
✖ B2-003 lab recipe: model/source/recording identities match current files (6.0791ms)
  AssertionError [ERR_ASSERTION]: src/shared/lab-contracts.ts
  + actual - expected

  + 'b1a0af463bbe9b3a2dbcacb800bc42cd5597f6ebfa8bdfd73bc08c11000d2d2a'
  - '4cddd97edd7716a3ce63e22eff16118f93ea14bb630d9b21f5aa03d45fb280b5'

      at TestContext.<anonymous> (D:\lzh\Desktop\RNC_3D\RNC_3D_SIMULATION_DEMO\tests\helpers\lab-recipe-tests.ts:19:12)
      at Test.runInAsyncScope (node:async_hooks:214:14)
      at Test.run (node:internal/test_runner/test:1103:25)
      at Test.processPendingSubtests (node:internal/test_runner/test:785:18)
      at Test.postRun (node:internal/test_runner/test:1232:19)
      at Test.run (node:internal/test_runner/test:1160:12)
      at async Test.processPendingSubtests (node:internal/test_runner/test:785:7) {
    generatedMessage: false,
    code: 'ERR_ASSERTION',
    actual: 'b1a0af463bbe9b3a2dbcacb800bc42cd5597f6ebfa8bdfd73bc08c11000d2d2a',
    expected: '4cddd97edd7716a3ce63e22eff16118f93ea14bb630d9b21f5aa03d45fb280b5',
    operator: 'strictEqual',
    diff: 'simple'
  }

test at tests\helpers\lab-recipe-tests.ts:1:3532
✖ B2-003 lab recipe: unknown layouts cannot encode/recompute and unknown model is only parsed (1.4958ms)
  AssertionError [ERR_ASSERTION]: The validation function is expected to return "true". Received false

  Caught error:

  ExportError: Invalid lab batch configuration
      at TestContext.<anonymous> (D:\lzh\Desktop\RNC_3D\RNC_3D_SIMULATION_DEMO\tests\helpers\lab-recipe-tests.ts:48:10)
      at Test.runInAsyncScope (node:async_hooks:214:14)
      at Test.run (node:internal/test_runner/test:1103:25)
      at Test.processPendingSubtests (node:internal/test_runner/test:785:18)
      at Test.postRun (node:internal/test_runner/test:1232:19)
      at Test.run (node:internal/test_runner/test:1160:12)
      at async Test.processPendingSubtests (node:internal/test_runner/test:785:7) {
    generatedMessage: true,
    code: 'ERR_ASSERTION',
    actual: ExportError: Invalid lab batch configuration
        at fail (D:\lzh\Desktop\RNC_3D\RNC_3D_SIMULATION_DEMO\src\team-b\export\lab-recipe.ts:42:70)
        at readConfig (D:\lzh\Desktop\RNC_3D\RNC_3D_SIMULATION_DEMO\src\team-b\export\lab-recipe.ts:85:46)
        at encodeLabRecipe (D:\lzh\Desktop\RNC_3D\RNC_3D_SIMULATION_DEMO\src\team-b\export\lab-recipe.ts:143:18)
        at <anonymous> (D:\lzh\Desktop\RNC_3D\RNC_3D_SIMULATION_DEMO\tests\helpers\lab-recipe-tests.ts:48:23)
        at getActual (node:assert:611:5)
        at strict.throws (node:assert:759:24)
        at TestContext.<anonymous> (D:\lzh\Desktop\RNC_3D\RNC_3D_SIMULATION_DEMO\tests\helpers\lab-recipe-tests.ts:48:10)
        at Test.runInAsyncScope (node:async_hooks:214:14)
        at Test.run (node:internal/test_runner/test:1103:25)
        at Test.processPendingSubtests (node:internal/test_runner/test:785:18),
    operator: 'throws',
    diff: 'simple'
  }

test at tests\helpers\lab-result-tests.ts:1:5843
✖ B2-003 lab result: unknown model/layout remain read-only without verified metrics (23.1128ms)
  Error [ExportError]: Invalid lab batch configuration
      at fail (D:\lzh\Desktop\RNC_3D\RNC_3D_SIMULATION_DEMO\src\team-b\export\lab-recipe.ts:42:70)
      at readConfig (D:\lzh\Desktop\RNC_3D\RNC_3D_SIMULATION_DEMO\src\team-b\export\lab-recipe.ts:85:46)
      at validated (D:\lzh\Desktop\RNC_3D\RNC_3D_SIMULATION_DEMO\src\team-b\export\lab-recipe.ts:129:18)
      at decodeLabRecipe (D:\lzh\Desktop\RNC_3D\RNC_3D_SIMULATION_DEMO\src\team-b\export\lab-recipe.ts:158:10)
      at inspect (D:\lzh\Desktop\RNC_3D\RNC_3D_SIMULATION_DEMO\src\team-b\export\lab-result.ts:188:18)
      at decodeLabResult (D:\lzh\Desktop\RNC_3D\RNC_3D_SIMULATION_DEMO\src\team-b\export\lab-result.ts:239:21)
      at TestContext.<anonymous> (D:\lzh\Desktop\RNC_3D\RNC_3D_SIMULATION_DEMO\tests\helpers\lab-result-tests.ts:72:18)
      at Test.runInAsyncScope (node:async_hooks:214:14)
      at Test.run (node:internal/test_runner/test:1103:25)
      at Test.processPendingSubtests (node:internal/test_runner/test:785:18) {
    code: 'INVALID_DATA'
  }
[ELIFECYCLE] Test failed. See above for more details.
[ELIFECYCLE] Command failed with exit code 1.
