$ pnpm typecheck && pnpm check:boundaries && pnpm test && pnpm build
$ tsc --noEmit
$ node scripts/check-boundaries.mjs
源码边界通过：A/B 互不导入；shared 独立；integration 负责装配。
$ tsx --test tests/*.test.ts
✔ one road change compares the same weighted window without keeping mutable config (3.6396ms)
✔ changed operating conditions block numeric deltas even when values are present (0.6801ms)
✔ multiple configuration changes remain visible and missing seat values stay unavailable (1.1619ms)
✔ legacy teaching layout compares with explicit teaching ID but another layout suppresses deltas (0.6251ms)
✔ exported A/B summary survives JSON roundtrip and recomputes deltas (5.3507ms)
✔ condition mismatch imports but suppresses unsupported deltas (2.7137ms)
✔ rejects oversized, forged, malformed and nonfinite evidence (29.2752ms)
✔ foreign layouts remain readable but never acquire a numeric comparison (3.1842ms)
✔ older rnc-case-v1 without layout identity imports as teaching layout (1.1751ms)
✔ one-variable review reports measured direction without assigning cause or approval (2.9163ms)
✔ confounded or mismatched cases never receive a causal or numeric verdict (0.8994ms)
✔ an unregistered layout is labeled as file-reported evidence without a verdict (0.6062ms)
✔ new human fields roundtrip, legacy v1 imports blank, computed facts ignore human claims (19.6209ms)
✔ A1: unavailable convergence values leave gaps rather than zero gain or connecting across missing data (3.1549ms)
✔ A1: original noise draws once in grey, residual compares against the same original channel (1.3116ms)
✔ paired spatial evidence distinguishes quieter, louder and near-zero samples without claiming a volume mean (2.5292ms)
✔ invalid, mismatched and nonfinite samples cannot produce a stale or invented spatial verdict (0.6648ms)
✔ A1: overview snapshot preserves lab quantity, slice, range and interpolation even when rendering fails (17.9706ms)
✔ A1: one-second field cadence keeps moving past the old 350 ms plateau (4.3184ms)
✔ A1: slices and volume share the same energy blend, including interrupted frames (3.0986ms)
✔ A1: paused same-window quantity changes crossfade without replacing physical textures (2.1486ms)
✔ A1: pause settles both slice textures and new identities cannot inherit a mode crossfade (6.3035ms)
✔ guide requires actual baseline and candidate runs before showing comparison evidence (3.4342ms)
✔ changed operating condition or multiple edits block the guided verdict (0.7258ms)
✔ invalid candidate and stale field never unlock listening (0.406ms)
✔ a candidate field unlocks guidance only at the comparison window end (0.3286ms)
✔ lab playback applies one gain to all eight signals, preserves d/e ratios and does not mutate physics (76.9815ms)
✔ actual extreme valid lab experiment has no clipped samples after shared preparation (1808.0152ms)
✔ sinc overshoot is covered by the strict bound; silence and low-level legacy gain remain unchanged (2.6049ms)
✔ live Worker cancellation rejects pending work and late old errors cannot kill the new run (75.398ms)
✔ field failure is recoverable but a processor failure rejects every pending query (3.6934ms)
✔ start cancellation and foreign run identities fail explicitly; batch mode cannot produce live chunks (1.8643ms)
✔ live RNC control returns the exact sample boundary and a rejected switch preserves the running worker (2.8315ms)
✔ legacy layout is stamped and unimplemented layouts fail before replacing a running experiment (1.4253ms)
✔ field frames without the active physical layout are rejected without killing the experiment (1.296ms)
✔ a field reply cannot substitute another time, weighting or sampling plane within the same run (1.6754ms)
✔ batch results and live packets cannot switch physical layout inside an accepted run (2.1104ms)
✔ same-layout responses cannot substitute another vehicle or physical experiment configuration (1.7172ms)
✔ Worker replies without the active run identity cannot enter results or field views (1.235ms)
✔ log frequency coordinates give equal spacing to equal ratios and omit DC (2.9478ms)
✔ seat curves preserve full-run SPL history and missing values while excluding future frames (1.82ms)
✔ physical traces share Pa scale, show original and use absolute sample time after a live history wrap (1.4821ms)
✔ the initial waveform uses the same five-second scale as a full rolling window (0.6188ms)
✔ PSD comparisons use actual FFT bin positions and original selection is not drawn twice (0.6238ms)
✔ first valid point is visible and null SPL gaps never create fake zero levels (0.4231ms)
✔ acceleration and speaker drive never masquerade as pressure on a common axis (0.3998ms)
✔ manual plot bounds and hidden primary traces apply independently without changing samples (8.8287ms)
✔ divergent but finite Float32 pressure is bounded only in the audition copies (125.0133ms)
✔ streaming sinc is independent of chunk partition and matches continuous interpolation before the real lookahead tail (406.721ms)
✔ common lookahead safety envelope preserves all eight d/e ratios, bounds peaks and retains bounded memory (2055.0212ms)
✔ finishing releases exactly the real lookahead tail, including a run shorter than that tail (24.9259ms)
✔ live queue validates complete finite contiguous chunks without changing accepted state on rejection (65.4284ms)
✔ one audio clock freezes on starvation and resumes at the missing sample instead of skipping wall time (13.5431ms)
✔ queued chunks are gapless and all comparisons share one eight-channel buffer without a new clock on switching (16.5569ms)
✔ pause preserves partly consumed audio and a cold allocation never advances the simulation clock (6.8231ms)
✔ async resume cannot revive pause/reset/dispose or clear a newer request, and failure is retryable (14.1062ms)
✔ continuous enqueue stays bounded for ten minutes and finishes exactly without a false underrun or restart (12871.0629ms)
✔ pause and resume while draining keeps the final samples and exact endpoint (19.8196ms)
✔ offline package verifier accepts the exact build and rejects changed, extra or missing files (1482.0797ms)
✔ A1: preparing first audio buffer does not skip the requested playback position (41.1865ms)
✔ A1: pause cancels pending audio resume; repeated play creates one start (33.413ms)
✔ A1: loading a new experiment cancels an earlier pending play (0.7508ms)
✔ A1: reaching the end stays stopped when seeking, including before ended is delivered (35.7444ms)
✔ A1: seeking to the end stops; replay starts only on explicit play (33.0937ms)
✔ A1: cold seat/mode switches prepare audio before fading, keep time and use the same gain (632.388ms)
✔ A1: audio resume failure leaves a retryable paused player (29.6868ms)
✔ A1: an obsolete resume cannot clear or start a newer play request (25.7521ms)
✔ A1: seeking while playing continues at the new position without a retired ended event stopping it (27.2393ms)
✔ A1: a cold comparison prepared across the end never restarts the clip (53.5246ms)
✔ variable duration playback seeks past 16s, switches modes and stops exactly at each loaded clip end (156.9733ms)
✔ asset shell modes isolate shared interior materials and restore original ownership once (77.1248ms)
✔ authored asset sections follow actual moving meshes without inventing solid caps or changing coordinates (5.9293ms)
✔ asset picking skips hidden ancestors and discarded section surfaces, and selection bounds follow disassembly (5.3073ms)
✔ selection excludes hidden descendants and follows ancestor transforms without a section (1.7709ms)
✔ selection is restricted to retained section bounds and disappears when fully clipped (3.2922ms)
✔ actual ICE asset keeps all 74127 triangles and 30 groups through inspection, disassembly and full restoration (560.4487ms)
✔ CP controlled comparison blocks road/source/seed/operating changes; scenario states differences (4.1347ms)
✔ CP declared controller changes retain negative outcomes and do not change input snapshots (0.7104ms)
✔ CP scenario cannot cross layout or absolute analysis window (0.5494ms)
✔ CP mode survives summary roundtrip; old summaries retain historical comparison meaning (46.4761ms)
✔ CP nonfinite external readings never become displayed delta (0.5444ms)
✔ separate curved sheets have continuous boundary normals and finite UV coordinates (9.4695ms)
✔ rounded lamp apertures preserve the original silhouette bounds without repeated sharp corners (1.0573ms)
✔ P7 shoulder-to-window gap is closed by paint owned by the removable front door (2249.0579ms)
✔ dense grid queries 1989 distinct locations across the original spatial extent (5.0777ms)
✔ dense texture retains the exact engine point order and paired channel energy (3.7584ms)
✔ volume mode contains no visible planar slices; explicit slices remain available (47.3385ms)
✔ temporal transition blends energy and a replacement starts at the displayed energy (7.8165ms)
✔ rewind, weighting, layout and point changes never blend incompatible frames (8.6668ms)
✔ driving distance uses the experiment clock, including pause and backward seek (1.6041ms)
✔ road segments cover a continuous range and preserve world identity while passing the car (0.9485ms)
✔ four cabin eyes share P7 seat coordinates and are distinct from the microphones (0.4157ms)
✔ cabin look rotates around the eye without translating it and clamps pitch (1.1411ms)
✔ wheel spin preserves its axle and semantic attachment, keeping the brake caliper stationary (5.4093ms)
✔ curved graded route preserves arc length, periodic seams and reversible vehicle coordinates (73.4874ms)
✔ A2 landscape: finite, continuous, bounded slopes across every environment and negative world coordinates (1842.9841ms)
✔ A2 road ground stays below the travelled lane through bends and grades (64.1526ms)
✔ A2 recycled world tiles stay beyond the fully faded distance for forward and backward driving (8.7688ms)
✔ A2 sky retains complete imagery while loading and blends monotonically; rapid requests retain referenced textures (12.9714ms)
✔ A2 outdoor camera cannot enter the floor, car shell or distant scenery after repeated pan/zoom/orbit (2.9657ms)
✔ volume texture keeps every queried point and both channels in WebGL storage order (5.2563ms)
✔ spatial smoothing operates on mean-square energy, not a mean of dB or RGB (1.1332ms)
✔ improvement is the signed, same-point same-frame difference; worsening is retained (0.5701ms)
✔ detail range includes both channels and has a nonzero span even for a flat frame (1.0527ms)
✔ improvement detail keeps zero centered and includes real worsening and improvement (0.7329ms)
✔ camera moves around the car and reaches an exact endpoint without overshoot (1.5642ms)
✔ manual input cancels motion; a rapid replacement starts at the currently visible pose (48.4052ms)
✔ dense queries yield in bounded batches and publish the original point order at one window (341.0644ms)
✔ a late query is cancelled before more chunks are submitted (4.4887ms)
✔ different windows, weighting, positions and layout cannot be merged into one field (24.2629ms)
✔ an invalid warm-up grid stays invalid instead of becoming a coloured result (138.9988ms)
✔ three slice meshes use the original 280 queried positions, including their fixed physical planes (3.4963ms)
✔ a reordered, truncated or non-finite B field frame cannot color the old locations (1.1375ms)
✔ moving each sampled plane requests its physical position and refuses the previous field frame (4.4193ms)
✔ 12 coincident projections remain separate and inside the narrow supported viewer (4.7951ms)
✔ four source illustrations can share a narrow view with all 12 hardware labels (3.5374ms)
✔ labels at viewport edges and densely grouped hardware remain clickable (41.4697ms)
✔ lab labels stay on the side rails at full-page size, leaving the vehicle clear (1.1119ms)
✔ lab side rails remain separate and clickable in a narrow 360 px viewer (0.4953ms)
✔ P7+ canopy, liftback glazing and rear bumper are separately owned assemblies (2070.7067ms)
✔ P7+ hidden shell exposes actual seat picking, and clipping rejects the removed half (1452.2065ms)
✔ P7+ intermediate explosion poses remain finite and return to identical world transforms (1092.1349ms)
✔ P7+ paint and shell presentation preserve independent glass, tires and cabin materials (1033.4887ms)
✔ P7 detailed EV assemblies and acoustic diaphragms own their reversible geometry (1061.1234ms)
✔ featured structures exist in each generated architecture and explain its actual drive path (905.5068ms)
✔ true mesh-plane sections preserve area, plane position and outward normal after transforms (7.7498ms)
✔ section through exact edges is closed; tangencies and existing coplanar faces are not duplicated (1.8532ms)
✔ ring sections keep their holes and disconnected islands; open surfaces never get a solid cap (57.3971ms)
✔ section display updates from exploded geometry, respects ancestor visibility and material opacity (17.7377ms)
✔ bundled showroom SUV is the attributed, offline CC BY asset within the geometry budget (11.3131ms)
✔ BEV showroom keeps the original attribution and bundles a decodable offline model (57.9744ms)
✔ four drivetrains preserve their physical differences and five-seat cabin (883.5771ms)
✔ vehicle geometry is finite and every owned GPU resource is disposed once (494.1127ms)
✔ the BEV and EREV battery enclosure remains directly visible from the underbody (248.1392ms)
✔ the closed side sill hides the floor and battery at door level on all four vehicles (307.4098ms)
✔ xpeng-p7plus: independent layout, full cross paths, both sources and live/batch/field agreement (642.4996ms)
✔ xpeng-p7plus: observer seats and acoustic attachment nodes exist in the actual detachable model (1305.7907ms)
✔ xpeng-x9: independent layout, full cross paths, both sources and live/batch/field agreement (398.2444ms)
✔ xpeng-x9: observer seats and acoustic attachment nodes exist in the actual detachable model (1612.2057ms)
✔ xpeng-l03: independent layout, full cross paths, both sources and live/batch/field agreement (426.6682ms)
✔ xpeng-l03: observer seats and acoustic attachment nodes exist in the actual detachable model (1168.6369ms)
✔ xpeng-m03: independent layout, full cross paths, both sources and live/batch/field agreement (337.9645ms)
✔ xpeng-m03: observer seats and acoustic attachment nodes exist in the actual detachable model (1185.1023ms)
✔ xpeng-gx: independent layout, full cross paths, both sources and live/batch/field agreement (349.5043ms)
✔ xpeng-gx: observer seats and acoustic attachment nodes exist in the actual detachable model (1282.3433ms)
✔ x9: P7-level structural coverage and correctly separated battery layers (2403.1394ms)
✔ x9: interior ray picking and sampled disassembly restore world transforms (1943.8101ms)
✔ l03: P7-level structural coverage and correctly separated battery layers (1203.2174ms)
✔ l03: interior ray picking and sampled disassembly restore world transforms (1318.5218ms)
✔ m03: P7-level structural coverage and correctly separated battery layers (1219.0824ms)
✔ m03: interior ray picking and sampled disassembly restore world transforms (1295.3829ms)
✔ gx: P7-level structural coverage and correctly separated battery layers (1143.6604ms)
✔ gx: interior ray picking and sampled disassembly restore world transforms (1286.7775ms)
✔ Verified drivetrain and suspension differences survive shared construction helpers (4103.4579ms)
✔ A2 XPeng x9: real proportions, semantic rows and finite geometry (2752.9172ms)
✔ A2 XPeng x9: explosion is reversible, clamped and above floor (1980.5132ms)
✔ A2 XPeng p7plus: real proportions, semantic rows and finite geometry (1363.5279ms)
✔ A2 XPeng p7plus: explosion is reversible, clamped and above floor (1212.3955ms)
✔ A2 XPeng l03: real proportions, semantic rows and finite geometry (1414.7786ms)
✔ A2 XPeng l03: explosion is reversible, clamped and above floor (1128.5835ms)
✔ A2 XPeng m03: real proportions, semantic rows and finite geometry (1314.3959ms)
✔ A2 XPeng m03: explosion is reversible, clamped and above floor (1112.6162ms)
✔ A2 XPeng gx: real proportions, semantic rows and finite geometry (1488.3351ms)
✔ A2 XPeng gx: explosion is reversible, clamped and above floor (1265.9604ms)
✔ A2 XPeng paint affects exterior clones only; resources dispose exactly once (981.0321ms)
✔ B2-003 async: Web Crypto produces the same container and detached data as sync API (107.1325ms)
✔ B2-003 async: encoding snapshots config, run identity, samples and budgets before awaiting (67.8742ms)
✔ B2-003 async: decode owns a snapshot across Buffer mutation, offset views and transfer (76.0344ms)
✔ B2-003 async: hash rejections and invalid digests propagate without a partial result (65.4541ms)
✔ B2-003 async: malformed, nonfinite and over-budget inputs reject before invoking crypto (22.2191ms)
✔ B2-003: default binary roundtrip, recipe recompute and Python oracle (1136.6434ms)
✔ B2-003: seed29 binary roundtrip, recipe recompute and Python oracle (1177.1453ms)
✔ B2-003: seed47 binary roundtrip, recipe recompute and Python oracle (1095.5941ms)
✔ B2-003: taps32 binary roundtrip, recipe recompute and Python oracle (818.722ms)
✔ B2-003: mu0 binary roundtrip, recipe recompute and Python oracle (672.9655ms)
✔ B2-003: registered source hashes match the numerical implementation (1.8276ms)
✔ B2-003: preserve reference identity, little-endian edge bits and offset views (407.4659ms)
✔ B2-003: silent and zero-denominator metrics retain nonfinite tags and unavailable measurements (148.4936ms)
✔ B2-003: genuine zero/negative reductions and tagged negative zero stay distinct from silence (128.6887ms)
✔ B2-003: malformed/truncated headers, overflow lengths, trailing bytes and padding are rejected (9.6525ms)
✔ B2-003: schema, channel mapping, units, metadata, normalized config and metrics are validated (43.1837ms)
✔ B2-003: integrity mismatch and hash-correct nonfinite payload cannot import (31.4722ms)
✔ B2-003: budgets refuse before hashing/large output and count UTF-8 bytes (15.311ms)
✔ B2-003: unknown numerical models are read-only; recipe recompute revalidates identity and fresh id (20.6055ms)
✔ B2-003: recipes reject extra scripts/URLs/arrays, bad text/config and different schemas (2.6832ms)
✔ B2-003: live snapshots, partial results, bad dimensions and invalid samples are not batches (28.785ms)
✔ B2-003 lab recipe: ice, both sources and 1/4/8 reference topology (1329.0291ms)
✔ B2-003 lab recipe: bev, both sources and 1/4/8 reference topology (1170.8809ms)
✔ B2-003 lab recipe: hev, both sources and 1/4/8 reference topology (1036.1565ms)
✔ B2-003 lab recipe: erev, both sources and 1/4/8 reference topology (1076.6652ms)
✖ B2-003 lab recipe: model/source/recording identities match current files (6.7239ms)
✔ B2-003 lab recipe: preserve legacy absence and normalize shaped/layout/offset defaults explicitly (184.9841ms)
✔ B2-003 lab recipe: RNC off, zero step, speaker disable, seed/taps changes and negative gains retain exact behavior (344.4331ms)
✔ B2-003 lab recipe: actual divergence is a finite prefix, never padded or called complete (253.1315ms)
✖ B2-003 lab recipe: unknown layouts cannot encode/recompute and unknown model is only parsed (1.1967ms)
✔ B2-003 lab recipe: recording asset is mandatory, full-byte hash checked, never random fallback (5.688ms)
✔ B2-003 lab recipe: snapshot config/id/budget and asset before await, propagate resolver/hash failures (115.8001ms)
✔ B2-003 lab recipe: reject bad config, dimensions, identities, extra scripts, live mode and altered defaults (3.6359ms)
✔ B2-003 lab recipe: byte and recompute budgets reject before asset loading or calculation (1.8953ms)
✔ B2-003 lab result: ice, both sources and 1/4/8 references sync/async exact roundtrip (623.9765ms)
✔ B2-003 lab result: bev, both sources and 1/4/8 references sync/async exact roundtrip (646.2412ms)
✔ B2-003 lab result: hev, both sources and 1/4/8 references sync/async exact roundtrip (598.0155ms)
✔ B2-003 lab result: erev, both sources and 1/4/8 references sync/async exact roundtrip (550.4855ms)
✔ B2-003 lab result: divergence, disabled RNC/output, mu0 and legacy absence retain status and identities (331.4174ms)
✔ B2-003 lab result: tagged invalid metrics survive, disagreeing summary is quarantined (80.5962ms)
✔ B2-003 lab result: silence and empty divergence never become valid zero dB, real mu0 does (25.7997ms)
✔ B2-003 lab result: finite edge bits and offset views survive with independent arrays (46.6486ms)
✖ B2-003 lab result: unknown model/layout remain read-only without verified metrics (25.9404ms)
✔ B2-003 lab result: hostile manifest identities, dimensions, units, clocks, state and scalar tags reject before hashing (41.8148ms)
✔ B2-003 lab result: truncation, trailing data, lengths, padding, UTF-8 and nonfinite samples reject (53.317ms)
✔ B2-003 lab result: explicit batch, complete/prefix rules, array shape, UTF-8 identity and budgets reject before crypto (42.551ms)
✔ B2-003 lab result: async encoder captures all signals/metadata/limits before await (28.0018ms)
✔ B2-003 lab result: async import owns Buffer/offset views across mutation or transfer; SHA failures propagate (50.7129ms)
✔ Hann Welch one-sided PSD integrates to tone mean-square and has the correct peak (10.048ms)
✔ B2-002: RMS uses exactly the trailing 1000 samples, including first and final windows (6.0338ms)
✔ B2-002: same-window reduction preserves negative gains and aggregates powers before dB (3.954ms)
✔ B2-002: silence and near-floor pressure never report valid zero-dB benefit (8.937ms)
✔ B2-002: non-finite pressure is unavailable, never a valid analysis frame (10.4692ms)
✔ B2-002: power rejects invalid ranges and PSD clamps finite sample cursors to actual data (1.9505ms)
✔ B2-002: PSD rejects non-finite samples in its complete windows and ignores future samples (2.282ms)
✔ B2-002: non-finite PSD cursors cannot trap a caller in an unbounded loop (240.5806ms)
✔ B2-002: shared PSD preserves lab pressure weighting and vibration/drive/source units (8.9935ms)
✔ B2-002: asymmetric signal Welch bins match direct DFT, 50% overlap and incomplete-tail handling (173.9051ms)
✔ B2-002: DC and Nyquist are not doubled; PSD scales as signal-unit squared per Hz (10.5675ms)
✔ analysis warming-up, window boundary, channel identity and pressure calibration (1.6521ms)
✔ step size accepts every nonnegative finite value and finite drives exceed the former 100 threshold (368.3429ms)
✔ batch and chunked overflow stop at the same Float32 boundary, keeping the last finite samples and spectra (552.9172ms)
✔ overflow on the first weight update gives an empty finite prefix and a terminal diagnostic (41.0104ms)
✔ new lab experiments learn before two seconds without changing sources or superposition (859.587ms)
✔ lab FxLMS produces finite true superposition, baseline then learned reduction at all microphones (11.6607ms)
✔ all 16 secondary paths have causal cross coupling and every source reaches every mic (2.4515ms)
✔ first adaptive output matches an independent all-error normalized gradient calculation (65.3825ms)
✔ RNC off, zero step and all disabled speakers retain original noise exactly (975.8312ms)
✔ one and eight references and disabled output actually change controller dimensions and results (1837.5097ms)
✔ recording-shaped sources retain high finite values and return the valid prefix on overflow (3379.5131ms)
✔ field at microphone positions equals independently measured trace power in the same window (40.8211ms)
✔ off-microphone field is recalculated from wheel q and speaker u, not microphone interpolation (150.3624ms)
✔ vehicle paths vary, seed is reproducible and speed/roughness trends are source-driven (1216.0233ms)
✔ warm-up, zero-speed energy floor and bad configurations are explicit (712.4898ms)
✔ q selection analyzes each actual wheel source independently of reference layout (415.0629ms)
✔ A weighting matches reference corrections and applies power rather than amplitude to PSD (21.3116ms)
✔ teaching calibration anchors pooled 40 km/h baseline at 60 dBA; offset changes H only (853.8454ms)
✔ A/Z analysis and field agree at microphones, including first window and wrapped live history (2993.8778ms)
✔ duration budget rejects invalid allocations; short runs have finite metrics and long runs share streaming samples (4978.332ms)
✔ pressure density levels use 20uPa while other signals keep unit reference; manual waveform bounds never reveal future samples (509.2717ms)
✔ NFxLMS joint normalization scales inversely with filtered-reference power and regularizes silence (0.359ms)
✔ stateful first 16 seconds match the unchanged batch q/x/u/d/a/e bit for bit (2337.5534ms)
✔ arbitrary block sizes preserve source/filter/weight state beyond 16 seconds and repeated history wraps (7742.6602ms)
✔ RNC off, zero step, disabled speakers and eight references retain the batch semantics across blocks (5085.1397ms)
✔ wrapped snapshots use one absolute clock and yield the same field window at mic and off-mic points (1809.7024ms)
✔ resident storage stays bounded through two minutes and invalid requests do not advance the stream (4003.9258ms)
✔ live RNC OFF freezes learned weights and zeros drive; ON resumes from those weights without restarting sources (628.763ms)
✔ an initially disabled live controller can start adapting later (167.7895ms)
✔ wrapped live history retains five seconds at the audible clock despite producer prefetch (1967.1168ms)
✔ numeric overflow returns the finite prefix, preserves history, and cannot resume (13.1019ms)
✔ live generation ignores replay duration, preserves bounded adaptation for ten minutes and refuses overflow atomically (29218.4981ms)
✔ P7 layout has its own cabin and paths; legacy layout unchanged and unsupported IDs rejected (6.9659ms)
✔ P7 arbitrary stream blocks match batch q/x/u/d/a/e bit for bit (440.8502ms)
✔ P7 field equals independent microphone trace power at the same point and window (30.2894ms)
✔ P7 recorded-source branch shares fractional paths between batch, streaming and field (506.5272ms)
✔ a pure delayed gain has constant magnitude and exact analytic group delay (4.7909ms)
✔ response zeros are undefined rather than false finite phase/delay; all sixteen paths remain selectable (80.9045ms)
✔ recorded sources use the four primary-noise ears, validate assets and require explicit data (55.4365ms)
✔ recorded source samples retain shared timing and gain, crossfade synchronously and do not become random or pitch shifted (90.0115ms)
✔ recorded batch and irregular live blocks agree exactly through two source loops; storage and adaptation remain continuous (8039.1589ms)
✔ recorded primary paths stay causal and fully coupled, match the passenger 48dBA/Hz peak anchor, and match microphone fields (348.6024ms)
✔ recording-derived data keeps all references and uncalibrated provenance; spectra distinguish vibration and cabin noise (1420.2205ms)
✔ spectral stretch remains causal, normalized and exactly shared by batch/stream at temperature-pressure limits (2216.0269ms)
✔ B1-002: unchanged core in test harness matches normal production entry sample-for-sample (857.8562ms)
✔ B1-002: asymmetric matrices and independent recurrence detect sign/index/cross-path/timing faults (5146.5623ms)
✔ B1-002: every one of 16 output/reference controller routes contributes with the correct update (2001.5127ms)
✔ B1-002: modifying future x/d cannot change any past output (582.7291ms)
✔ B1-003: invalid shapes, every missing/fixed field and nonfinite values return structured config errors (3.4405ms)
✔ B1-003: all 12 legal configurations have finite isolated Float32 channels and exact zero-step identities (2460.7212ms)
✔ B1-003: nonfinite data, short arrays, drive failure and Float32 overflow never return partial success (1414.5622ms)
✔ B1-003: a failed call preserves prior results and cannot poison the next run (855.8441ms)
✔ B1-001: default all 640000 samples and metrics match independent Python; exact repeat (662.8812ms)
✔ B1-001: seed29 all 640000 samples and metrics match independent Python; exact repeat (604.0871ms)
✔ B1-001: seed47 all 640000 samples and metrics match independent Python; exact repeat (531.8719ms)
✔ B1-001: taps32 all 640000 samples and metrics match independent Python; exact repeat (403.8077ms)
✔ B1-001: mu0 all 640000 samples and metrics match independent Python; exact repeat (354.1529ms)
✔ B1-001: comparison rejects sign, time shift, zeroed output, NaN and near-zero overflow (3.6496ms)
✔ B01/B03: all 640,000 samples match immutable Python Float32 golden and e=d+a (34.6334ms)
✔ B02/B04/B05: five configurations match Python metrics; repeat is deterministic (921.817ms)
✔ B06: every output reaches every mic; removing one cross-path removes only that response (0.3343ms)
✔ B07: rejects invalid taps, negative/NaN step, wrong fixed dimensions, null config (0.251ms)
✔ B2-001: independent unsigned PRNG oracle preserves all three seeds and distinct channel streams (0.9283ms)
✔ B2-001: three-seed shaped references and primary pressure match every Python Float32 sample (114.4241ms)
✔ B2-001: all primary and secondary FIRs retain oracle taps, causal delays and complete cross-coupling (0.6969ms)
✔ B2-001: original pressure includes the documented independent disturbance after causal P*x (54.5064ms)
✔ B2-001: exported demo-v2 identity, units and last-sample time stay explicit (0.1658ms)
✔ audio paths use the same linear gain and sinc resampling (37.3738ms)
ℹ tests 292
ℹ suites 0
ℹ pass 289
ℹ fail 3
ℹ cancelled 0
ℹ skipped 0
ℹ todo 0
ℹ duration_ms 55849.241

✖ failing tests:

test at tests\helpers\lab-recipe-tests.ts:1:1308
✖ B2-003 lab recipe: model/source/recording identities match current files (6.7239ms)
  AssertionError [ERR_ASSERTION]: src/shared/lab-contracts.ts
  + actual - expected

  + 'b1a0af463bbe9b3a2dbcacb800bc42cd5597f6ebfa8bdfd73bc08c11000d2d2a'
  - '4cddd97edd7716a3ce63e22eff16118f93ea14bb630d9b21f5aa03d45fb280b5'

      at TestContext.<anonymous> (D:\lzh\Desktop\RNC_3D\RNC_3D_SIMULATION_DEMO\tests\helpers\lab-recipe-tests.ts:19:12)
      at Test.runInAsyncScope (node:async_hooks:214:14)
      at Test.run (node:internal/test_runner/test:1103:25)
      at Test.processPendingSubtests (node:internal/test_runner/test:785:18)
      at Test.postRun (node:internal/test_runner/test:1232:19)
      at Test.run (node:internal/test_runner/test:1160:12)
      at async Test.processPendingSubtests (node:internal/test_runner/test:785:7) {
    generatedMessage: false,
    code: 'ERR_ASSERTION',
    actual: 'b1a0af463bbe9b3a2dbcacb800bc42cd5597f6ebfa8bdfd73bc08c11000d2d2a',
    expected: '4cddd97edd7716a3ce63e22eff16118f93ea14bb630d9b21f5aa03d45fb280b5',
    operator: 'strictEqual',
    diff: 'simple'
  }

test at tests\helpers\lab-recipe-tests.ts:1:3532
✖ B2-003 lab recipe: unknown layouts cannot encode/recompute and unknown model is only parsed (1.1967ms)
  AssertionError [ERR_ASSERTION]: The validation function is expected to return "true". Received false

  Caught error:

  ExportError: Invalid lab batch configuration
      at TestContext.<anonymous> (D:\lzh\Desktop\RNC_3D\RNC_3D_SIMULATION_DEMO\tests\helpers\lab-recipe-tests.ts:48:10)
      at Test.runInAsyncScope (node:async_hooks:214:14)
      at Test.run (node:internal/test_runner/test:1103:25)
      at Test.processPendingSubtests (node:internal/test_runner/test:785:18)
      at Test.postRun (node:internal/test_runner/test:1232:19)
      at Test.run (node:internal/test_runner/test:1160:12)
      at async Test.processPendingSubtests (node:internal/test_runner/test:785:7) {
    generatedMessage: true,
    code: 'ERR_ASSERTION',
    actual: ExportError: Invalid lab batch configuration
        at fail (D:\lzh\Desktop\RNC_3D\RNC_3D_SIMULATION_DEMO\src\team-b\export\lab-recipe.ts:42:70)
        at readConfig (D:\lzh\Desktop\RNC_3D\RNC_3D_SIMULATION_DEMO\src\team-b\export\lab-recipe.ts:85:46)
        at encodeLabRecipe (D:\lzh\Desktop\RNC_3D\RNC_3D_SIMULATION_DEMO\src\team-b\export\lab-recipe.ts:143:18)
        at <anonymous> (D:\lzh\Desktop\RNC_3D\RNC_3D_SIMULATION_DEMO\tests\helpers\lab-recipe-tests.ts:48:23)
        at getActual (node:assert:611:5)
        at strict.throws (node:assert:759:24)
        at TestContext.<anonymous> (D:\lzh\Desktop\RNC_3D\RNC_3D_SIMULATION_DEMO\tests\helpers\lab-recipe-tests.ts:48:10)
        at Test.runInAsyncScope (node:async_hooks:214:14)
        at Test.run (node:internal/test_runner/test:1103:25)
        at Test.processPendingSubtests (node:internal/test_runner/test:785:18),
    operator: 'throws',
    diff: 'simple'
  }

test at tests\helpers\lab-result-tests.ts:1:5843
✖ B2-003 lab result: unknown model/layout remain read-only without verified metrics (25.9404ms)
  Error [ExportError]: Invalid lab batch configuration
      at fail (D:\lzh\Desktop\RNC_3D\RNC_3D_SIMULATION_DEMO\src\team-b\export\lab-recipe.ts:42:70)
      at readConfig (D:\lzh\Desktop\RNC_3D\RNC_3D_SIMULATION_DEMO\src\team-b\export\lab-recipe.ts:85:46)
      at validated (D:\lzh\Desktop\RNC_3D\RNC_3D_SIMULATION_DEMO\src\team-b\export\lab-recipe.ts:129:18)
      at decodeLabRecipe (D:\lzh\Desktop\RNC_3D\RNC_3D_SIMULATION_DEMO\src\team-b\export\lab-recipe.ts:158:10)
      at inspect (D:\lzh\Desktop\RNC_3D\RNC_3D_SIMULATION_DEMO\src\team-b\export\lab-result.ts:188:18)
      at decodeLabResult (D:\lzh\Desktop\RNC_3D\RNC_3D_SIMULATION_DEMO\src\team-b\export\lab-result.ts:239:21)
      at TestContext.<anonymous> (D:\lzh\Desktop\RNC_3D\RNC_3D_SIMULATION_DEMO\tests\helpers\lab-result-tests.ts:72:18)
      at Test.runInAsyncScope (node:async_hooks:214:14)
      at Test.run (node:internal/test_runner/test:1103:25)
      at Test.processPendingSubtests (node:internal/test_runner/test:785:18) {
    code: 'INVALID_DATA'
  }
[ELIFECYCLE] Test failed. See above for more details.
[ELIFECYCLE] Command failed with exit code 1.
