$ pnpm typecheck && pnpm check:boundaries && pnpm test && pnpm build
$ tsc --noEmit
$ node scripts/check-boundaries.mjs
源码边界通过：A/B 互不导入；shared 独立；integration 负责装配。
$ tsx --test tests/*.test.ts
✔ one road change compares the same weighted window without keeping mutable config (3.4377ms)
✔ changed operating conditions block numeric deltas even when values are present (0.6862ms)
✔ multiple configuration changes remain visible and missing seat values stay unavailable (1.1203ms)
✔ legacy teaching layout compares with explicit teaching ID but another layout suppresses deltas (0.6255ms)
✔ exported A/B summary survives JSON roundtrip and recomputes deltas (5.6341ms)
✔ condition mismatch imports but suppresses unsupported deltas (3.529ms)
✔ rejects oversized, forged, malformed and nonfinite evidence (7.686ms)
✔ foreign layouts remain readable but never acquire a numeric comparison (1.4457ms)
✔ older rnc-case-v1 without layout identity imports as teaching layout (2.0942ms)
✔ one-variable review reports measured direction without assigning cause or approval (2.6904ms)
✔ confounded or mismatched cases never receive a causal or numeric verdict (0.7858ms)
✔ an unregistered layout is labeled as file-reported evidence without a verdict (0.5897ms)
✔ new human fields roundtrip, legacy v1 imports blank, computed facts ignore human claims (13.9982ms)
✔ A1: unavailable convergence values leave gaps rather than zero gain or connecting across missing data (2.6633ms)
✔ A1: original noise draws once in grey, residual compares against the same original channel (0.9635ms)
✔ paired spatial evidence distinguishes quieter, louder and near-zero samples without claiming a volume mean (2.3221ms)
✔ invalid, mismatched and nonfinite samples cannot produce a stale or invented spatial verdict (0.4731ms)
✔ A1: overview snapshot preserves lab quantity, slice, range and interpolation even when rendering fails (10.9318ms)
✔ A1: one-second field cadence keeps moving past the old 350 ms plateau (39.261ms)
✔ A1: slices and volume share the same energy blend, including interrupted frames (6.571ms)
✔ A1: paused same-window quantity changes crossfade without replacing physical textures (6.8547ms)
✔ A1: pause settles both slice textures and new identities cannot inherit a mode crossfade (4.4881ms)
✔ guide requires actual baseline and candidate runs before showing comparison evidence (2.9986ms)
✔ changed operating condition or multiple edits block the guided verdict (0.7393ms)
✔ invalid candidate and stale field never unlock listening (0.3994ms)
✔ a candidate field unlocks guidance only at the comparison window end (0.3323ms)
✔ lab playback applies one gain to all eight signals, preserves d/e ratios and does not mutate physics (47.9138ms)
✔ actual extreme valid lab experiment has no clipped samples after shared preparation (1792.6246ms)
✔ sinc overshoot is covered by the strict bound; silence and low-level legacy gain remain unchanged (2.655ms)
✔ live Worker cancellation rejects pending work and late old errors cannot kill the new run (34.0528ms)
✔ field failure is recoverable but a processor failure rejects every pending query (2.039ms)
✔ start cancellation and foreign run identities fail explicitly; batch mode cannot produce live chunks (2.1739ms)
✔ live RNC control returns the exact sample boundary and a rejected switch preserves the running worker (3.677ms)
✔ legacy layout is stamped and unimplemented layouts fail before replacing a running experiment (1.7826ms)
✔ field frames without the active physical layout are rejected without killing the experiment (1.6778ms)
✔ a field reply cannot substitute another time, weighting or sampling plane within the same run (1.8231ms)
✔ batch results and live packets cannot switch physical layout inside an accepted run (1.6052ms)
✔ same-layout responses cannot substitute another vehicle or physical experiment configuration (15.7222ms)
✔ Worker replies without the active run identity cannot enter results or field views (2.3584ms)
✔ log frequency coordinates give equal spacing to equal ratios and omit DC (2.8634ms)
✔ seat curves preserve full-run SPL history and missing values while excluding future frames (1.6169ms)
✔ physical traces share Pa scale, show original and use absolute sample time after a live history wrap (1.4191ms)
✔ the initial waveform uses the same five-second scale as a full rolling window (0.6015ms)
✔ PSD comparisons use actual FFT bin positions and original selection is not drawn twice (0.7613ms)
✔ first valid point is visible and null SPL gaps never create fake zero levels (0.4841ms)
✔ acceleration and speaker drive never masquerade as pressure on a common axis (0.531ms)
✔ manual plot bounds and hidden primary traces apply independently without changing samples (0.8142ms)
✔ divergent but finite Float32 pressure is bounded only in the audition copies (95.7593ms)
✔ streaming sinc is independent of chunk partition and matches continuous interpolation before the real lookahead tail (528.8976ms)
✔ common lookahead safety envelope preserves all eight d/e ratios, bounds peaks and retains bounded memory (1869.803ms)
✔ finishing releases exactly the real lookahead tail, including a run shorter than that tail (50.0896ms)
✔ live queue validates complete finite contiguous chunks without changing accepted state on rejection (72.9101ms)
✔ one audio clock freezes on starvation and resumes at the missing sample instead of skipping wall time (13.8676ms)
✔ queued chunks are gapless and all comparisons share one eight-channel buffer without a new clock on switching (16.1982ms)
✔ pause preserves partly consumed audio and a cold allocation never advances the simulation clock (10.2105ms)
✔ async resume cannot revive pause/reset/dispose or clear a newer request, and failure is retryable (13.1748ms)
✔ continuous enqueue stays bounded for ten minutes and finishes exactly without a false underrun or restart (11820.5293ms)
✔ pause and resume while draining keeps the final samples and exact endpoint (14.1409ms)
✔ offline package verifier accepts the exact build and rejects changed, extra or missing files (1313.1671ms)
✔ A1 overview: paused microphone levels survive display-only page and field changes (2.8235ms)
✔ A1 overview: invalidated experiment, warm-up and unavailable microphone never show stale levels (1.5238ms)
✔ A1: preparing first audio buffer does not skip the requested playback position (48.1248ms)
✔ A1: pause cancels pending audio resume; repeated play creates one start (74.161ms)
✔ A1: loading a new experiment cancels an earlier pending play (2.2159ms)
✔ A1: reaching the end stays stopped when seeking, including before ended is delivered (34.1323ms)
✔ A1: seeking to the end stops; replay starts only on explicit play (34.5681ms)
✔ A1: cold seat/mode switches prepare audio before fading, keep time and use the same gain (664.5175ms)
✔ A1: audio resume failure leaves a retryable paused player (29.995ms)
✔ A1: an obsolete resume cannot clear or start a newer play request (27.4894ms)
✔ A1: seeking while playing continues at the new position without a retired ended event stopping it (27.1071ms)
✔ A1: a cold comparison prepared across the end never restarts the clip (53.981ms)
✔ variable duration playback seeks past 16s, switches modes and stops exactly at each loaded clip end (138.225ms)
✔ asset shell modes isolate shared interior materials and restore original ownership once (17.5404ms)
✔ authored asset sections follow actual moving meshes without inventing solid caps or changing coordinates (7.743ms)
✔ asset picking skips hidden ancestors and discarded section surfaces, and selection bounds follow disassembly (16.2154ms)
✔ selection excludes hidden descendants and follows ancestor transforms without a section (1.7424ms)
✔ selection is restricted to retained section bounds and disappears when fully clipped (30.5303ms)
✔ actual ICE asset keeps all 74127 triangles and 30 groups through inspection, disassembly and full restoration (420.2912ms)
✔ CP controlled comparison blocks road/source/seed/operating changes; scenario states differences (4.4701ms)
✔ CP declared controller changes retain negative outcomes and do not change input snapshots (0.6746ms)
✔ CP scenario cannot cross layout or absolute analysis window (0.5ms)
✔ CP mode survives summary roundtrip; old summaries retain historical comparison meaning (3.6154ms)
✔ CP nonfinite external readings never become displayed delta (0.5452ms)
✔ separate curved sheets have continuous boundary normals and finite UV coordinates (30.3208ms)
✔ rounded lamp apertures preserve the original silhouette bounds without repeated sharp corners (1.0937ms)
✔ P7 shoulder-to-window gap is closed by paint owned by the removable front door (2310.3015ms)
✔ dense grid queries 1989 distinct locations across the original spatial extent (5.2012ms)
✔ dense texture retains the exact engine point order and paired channel energy (4.2532ms)
✔ volume mode contains no visible planar slices; explicit slices remain available (34.2025ms)
✔ temporal transition blends energy and a replacement starts at the displayed energy (8.418ms)
✔ rewind, weighting, layout and point changes never blend incompatible frames (11.989ms)
✔ driving distance uses the experiment clock, including pause and backward seek (1.4388ms)
✔ road segments cover a continuous range and preserve world identity while passing the car (1.0178ms)
✔ four cabin eyes share P7 seat coordinates and are distinct from the microphones (0.4509ms)
✔ cabin look rotates around the eye without translating it and clamps pitch (1.6352ms)
✔ wheel spin preserves its axle and semantic attachment, keeping the brake caliper stationary (7.1862ms)
✔ curved graded route preserves arc length, periodic seams and reversible vehicle coordinates (51.7605ms)
✔ A2 landscape: finite, continuous, bounded slopes across every environment and negative world coordinates (1814.0166ms)
✔ A2 road ground stays below the travelled lane through bends and grades (73.5164ms)
✔ A2 recycled world tiles stay beyond the fully faded distance for forward and backward driving (5.9429ms)
✔ A2 sky retains complete imagery while loading and blends monotonically; rapid requests retain referenced textures (15.9886ms)
✔ A2 outdoor camera cannot enter the floor, car shell or distant scenery after repeated pan/zoom/orbit (2.3136ms)
✔ volume texture keeps every queried point and both channels in WebGL storage order (4.4126ms)
✔ spatial smoothing operates on mean-square energy, not a mean of dB or RGB (0.9933ms)
✔ improvement is the signed, same-point same-frame difference; worsening is retained (0.4882ms)
✔ detail range includes both channels and has a nonzero span even for a flat frame (0.8572ms)
✔ improvement detail keeps zero centered and includes real worsening and improvement (0.6956ms)
✔ camera moves around the car and reaches an exact endpoint without overshoot (1.4513ms)
✔ manual input cancels motion; a rapid replacement starts at the currently visible pose (0.656ms)
✔ dense queries yield in bounded batches and publish the original point order at one window (252.6902ms)
✔ a late query is cancelled before more chunks are submitted (4.1074ms)
✔ different windows, weighting, positions and layout cannot be merged into one field (57.8301ms)
✔ an invalid warm-up grid stays invalid instead of becoming a coloured result (140.8208ms)
✔ three slice meshes use the original 280 queried positions, including their fixed physical planes (3.8518ms)
✔ a reordered, truncated or non-finite B field frame cannot color the old locations (1.2072ms)
✔ moving each sampled plane requests its physical position and refuses the previous field frame (5.293ms)
✔ 12 coincident projections remain separate and inside the narrow supported viewer (5.1242ms)
✔ four source illustrations can share a narrow view with all 12 hardware labels (5.4564ms)
✔ labels at viewport edges and densely grouped hardware remain clickable (30.9363ms)
✔ lab callouts stay beside the projected hardware instead of the full viewport edges (2.811ms)
✔ near-car labels remain separate and clickable in a narrow 360 px viewer (0.6943ms)
✔ 720p structure panels and transport never cover the 16 hardware callouts (1.5685ms)
✔ a completely obstructed viewport does not put an invisible clickable label behind its panel (0.4246ms)
✔ P7+ canopy, liftback glazing and rear bumper are separately owned assemblies (2192.0776ms)
✔ P7+ hidden shell exposes actual seat picking, and clipping rejects the removed half (1511.0867ms)
✔ P7+ intermediate explosion poses remain finite and return to identical world transforms (1076.5039ms)
✔ P7+ paint and shell presentation preserve independent glass, tires and cabin materials (1017.8102ms)
✔ P7 detailed EV assemblies and acoustic diaphragms own their reversible geometry (1040.564ms)
✔ featured structures exist in each generated architecture and explain its actual drive path (876.8871ms)
✔ true mesh-plane sections preserve area, plane position and outward normal after transforms (8.2773ms)
✔ section through exact edges is closed; tangencies and existing coplanar faces are not duplicated (1.7064ms)
✔ ring sections keep their holes and disconnected islands; open surfaces never get a solid cap (73.8664ms)
✔ section display updates from exploded geometry, respects ancestor visibility and material opacity (5.8218ms)
✔ bundled showroom SUV is the attributed, offline CC BY asset within the geometry budget (11.6785ms)
✔ BEV showroom keeps the original attribution and bundles a decodable offline model (41.5913ms)
✔ contoured upholstery remains finite, smoothly shaded and inside the assembled seat envelope (307.5984ms)
✔ GX seat detail retains part ownership, reversibility and shared micrograin lifetime (2476.7032ms)
✔ four drivetrains preserve their physical differences and five-seat cabin (740.2422ms)
✔ vehicle geometry is finite and every owned GPU resource is disposed once (558.6919ms)
✔ the BEV and EREV battery enclosure remains directly visible from the underbody (274.6027ms)
✔ the closed side sill hides the floor and battery at door level on all four vehicles (348.8251ms)
✔ xpeng-p7plus: independent layout, full cross paths, both sources and live/batch/field agreement (697.0268ms)
✔ xpeng-p7plus: observer seats and acoustic attachment nodes exist in the actual detachable model (1517.5831ms)
✔ xpeng-x9: independent layout, full cross paths, both sources and live/batch/field agreement (359.0893ms)
✔ xpeng-x9: observer seats and acoustic attachment nodes exist in the actual detachable model (1814.412ms)
✔ xpeng-l03: independent layout, full cross paths, both sources and live/batch/field agreement (455.5635ms)
✔ xpeng-l03: observer seats and acoustic attachment nodes exist in the actual detachable model (1324.7274ms)
✔ xpeng-m03: independent layout, full cross paths, both sources and live/batch/field agreement (299.5159ms)
✔ xpeng-m03: observer seats and acoustic attachment nodes exist in the actual detachable model (1287.9603ms)
✔ xpeng-gx: independent layout, full cross paths, both sources and live/batch/field agreement (284.6374ms)
✔ xpeng-gx: observer seats and acoustic attachment nodes exist in the actual detachable model (1371.0552ms)
✔ x9: P7-level structural coverage and correctly separated battery layers (2758.8075ms)
✔ x9: interior ray picking and sampled disassembly restore world transforms (2184.3328ms)
✔ l03: P7-level structural coverage and correctly separated battery layers (1326.8827ms)
✔ l03: interior ray picking and sampled disassembly restore world transforms (1467.8504ms)
✔ m03: P7-level structural coverage and correctly separated battery layers (1309.1955ms)
✔ m03: interior ray picking and sampled disassembly restore world transforms (1344.2538ms)
✔ gx: P7-level structural coverage and correctly separated battery layers (1280.2899ms)
✔ gx: interior ray picking and sampled disassembly restore world transforms (1421.7413ms)
✔ Verified drivetrain and suspension differences survive shared construction helpers (4362.358ms)
✔ A2 XPeng x9: real proportions, semantic rows and finite geometry (3488.9677ms)
✔ A2 XPeng x9: explosion is reversible, clamped and above floor (2177.1426ms)
✔ A2 XPeng p7plus: real proportions, semantic rows and finite geometry (1376.0247ms)
✔ A2 XPeng p7plus: explosion is reversible, clamped and above floor (1175.9333ms)
✔ A2 XPeng l03: real proportions, semantic rows and finite geometry (1481.5972ms)
✔ A2 XPeng l03: explosion is reversible, clamped and above floor (1262.3468ms)
✔ A2 XPeng m03: real proportions, semantic rows and finite geometry (1380.9656ms)
✔ A2 XPeng m03: explosion is reversible, clamped and above floor (1167.7425ms)
✔ A2 XPeng gx: real proportions, semantic rows and finite geometry (1481.534ms)
✔ A2 XPeng gx: explosion is reversible, clamped and above floor (1242.1723ms)
✔ A2 XPeng paint affects exterior clones only; resources dispose exactly once (1094.6794ms)
✔ B2-003 async: Web Crypto produces the same container and detached data as sync API (116.06ms)
✔ B2-003 async: encoding snapshots config, run identity, samples and budgets before awaiting (74.266ms)
✔ B2-003 async: decode owns a snapshot across Buffer mutation, offset views and transfer (73.038ms)
✔ B2-003 async: hash rejections and invalid digests propagate without a partial result (72.6755ms)
✔ B2-003 async: malformed, nonfinite and over-budget inputs reject before invoking crypto (22.4393ms)
✔ B2-003: default binary roundtrip, recipe recompute and Python oracle (1164.3ms)
✔ B2-003: seed29 binary roundtrip, recipe recompute and Python oracle (1084.8039ms)
✔ B2-003: seed47 binary roundtrip, recipe recompute and Python oracle (1084.1181ms)
✔ B2-003: taps32 binary roundtrip, recipe recompute and Python oracle (828.0276ms)
✔ B2-003: mu0 binary roundtrip, recipe recompute and Python oracle (696.9976ms)
✔ B2-003: registered source hashes match the numerical implementation (3.0361ms)
✔ B2-003: preserve reference identity, little-endian edge bits and offset views (413.9452ms)
✔ B2-003: silent and zero-denominator metrics retain nonfinite tags and unavailable measurements (138.0896ms)
✔ B2-003: genuine zero/negative reductions and tagged negative zero stay distinct from silence (123.9631ms)
✔ B2-003: malformed/truncated headers, overflow lengths, trailing bytes and padding are rejected (11.8425ms)
✔ B2-003: schema, channel mapping, units, metadata, normalized config and metrics are validated (62.1122ms)
✔ B2-003: integrity mismatch and hash-correct nonfinite payload cannot import (25.3391ms)
✔ B2-003: budgets refuse before hashing/large output and count UTF-8 bytes (19.1114ms)
✔ B2-003: unknown numerical models are read-only; recipe recompute revalidates identity and fresh id (18.5993ms)
✔ B2-003: recipes reject extra scripts/URLs/arrays, bad text/config and different schemas (1.9869ms)
✔ B2-003: live snapshots, partial results, bad dimensions and invalid samples are not batches (26.9401ms)
✔ B2-003 lab recipe: ice, both sources and 1/4/8 reference topology (1315.4186ms)
✔ B2-003 lab recipe: bev, both sources and 1/4/8 reference topology (1176.602ms)
✔ B2-003 lab recipe: hev, both sources and 1/4/8 reference topology (1010.6701ms)
✔ B2-003 lab recipe: erev, both sources and 1/4/8 reference topology (1019.2027ms)
✖ B2-003 lab recipe: model/source/recording identities match current files (7.8663ms)
✔ B2-003 lab recipe: preserve legacy absence and normalize shaped/layout/offset defaults explicitly (183.3994ms)
✔ B2-003 lab recipe: RNC off, zero step, speaker disable, seed/taps changes and negative gains retain exact behavior (327.5182ms)
✔ B2-003 lab recipe: actual divergence is a finite prefix, never padded or called complete (217.6325ms)
✖ B2-003 lab recipe: unknown layouts cannot encode/recompute and unknown model is only parsed (1.2061ms)
✔ B2-003 lab recipe: recording asset is mandatory, full-byte hash checked, never random fallback (5.1628ms)
✔ B2-003 lab recipe: snapshot config/id/budget and asset before await, propagate resolver/hash failures (116.89ms)
✔ B2-003 lab recipe: reject bad config, dimensions, identities, extra scripts, live mode and altered defaults (2.8516ms)
✔ B2-003 lab recipe: byte and recompute budgets reject before asset loading or calculation (1.2615ms)
✔ B2-003 lab result: ice, both sources and 1/4/8 references sync/async exact roundtrip (586.1203ms)
✔ B2-003 lab result: bev, both sources and 1/4/8 references sync/async exact roundtrip (554.4308ms)
✔ B2-003 lab result: hev, both sources and 1/4/8 references sync/async exact roundtrip (529.5472ms)
✔ B2-003 lab result: erev, both sources and 1/4/8 references sync/async exact roundtrip (550.1584ms)
✔ B2-003 lab result: divergence, disabled RNC/output, mu0 and legacy absence retain status and identities (341.1573ms)
✔ B2-003 lab result: tagged invalid metrics survive, disagreeing summary is quarantined (78.5239ms)
✔ B2-003 lab result: silence and empty divergence never become valid zero dB, real mu0 does (28.672ms)
✔ B2-003 lab result: finite edge bits and offset views survive with independent arrays (55.4019ms)
✖ B2-003 lab result: unknown model/layout remain read-only without verified metrics (34.3856ms)
✔ B2-003 lab result: hostile manifest identities, dimensions, units, clocks, state and scalar tags reject before hashing (57.7691ms)
✔ B2-003 lab result: truncation, trailing data, lengths, padding, UTF-8 and nonfinite samples reject (60.3312ms)
✔ B2-003 lab result: explicit batch, complete/prefix rules, array shape, UTF-8 identity and budgets reject before crypto (42.3806ms)
✔ B2-003 lab result: async encoder captures all signals/metadata/limits before await (39.628ms)
✔ B2-003 lab result: async import owns Buffer/offset views across mutation or transfer; SHA failures propagate (64.3602ms)
✔ Hann Welch one-sided PSD integrates to tone mean-square and has the correct peak (11.0943ms)
✔ B2-002: RMS uses exactly the trailing 1000 samples, including first and final windows (6.4296ms)
✔ B2-002: same-window reduction preserves negative gains and aggregates powers before dB (4.2529ms)
✔ B2-002: silence and near-floor pressure never report valid zero-dB benefit (11.9667ms)
✔ B2-002: non-finite pressure is unavailable, never a valid analysis frame (12.5004ms)
✔ B2-002: power rejects invalid ranges and PSD clamps finite sample cursors to actual data (2.0805ms)
✔ B2-002: PSD rejects non-finite samples in its complete windows and ignores future samples (2.5686ms)
✔ B2-002: non-finite PSD cursors cannot trap a caller in an unbounded loop (289.6362ms)
✔ B2-002: shared PSD preserves lab pressure weighting and vibration/drive/source units (11.3105ms)
✔ B2-002: asymmetric signal Welch bins match direct DFT, 50% overlap and incomplete-tail handling (192.929ms)
✔ B2-002: DC and Nyquist are not doubled; PSD scales as signal-unit squared per Hz (14.3864ms)
✔ analysis warming-up, window boundary, channel identity and pressure calibration (1.1282ms)
✔ step size accepts every nonnegative finite value and finite drives exceed the former 100 threshold (432.6511ms)
✔ batch and chunked overflow stop at the same Float32 boundary, keeping the last finite samples and spectra (496.9858ms)
✔ overflow on the first weight update gives an empty finite prefix and a terminal diagnostic (46.1887ms)
✔ new lab experiments learn before two seconds without changing sources or superposition (953.4725ms)
✔ lab FxLMS produces finite true superposition, baseline then learned reduction at all microphones (16.9868ms)
✔ all 16 secondary paths have causal cross coupling and every source reaches every mic (4.4991ms)
✔ first adaptive output matches an independent all-error normalized gradient calculation (66.5569ms)
✔ RNC off, zero step and all disabled speakers retain original noise exactly (978.795ms)
✔ one and eight references and disabled output actually change controller dimensions and results (1798.224ms)
✔ recording-shaped sources retain high finite values and return the valid prefix on overflow (3244.3307ms)
✔ field at microphone positions equals independently measured trace power in the same window (36.4367ms)
✔ off-microphone field is recalculated from wheel q and speaker u, not microphone interpolation (145.9109ms)
✔ vehicle paths vary, seed is reproducible and speed/roughness trends are source-driven (1249.5772ms)
✔ warm-up, zero-speed energy floor and bad configurations are explicit (699.5534ms)
✔ q selection analyzes each actual wheel source independently of reference layout (401.4658ms)
✔ A weighting matches reference corrections and applies power rather than amplitude to PSD (22.273ms)
✔ teaching calibration anchors pooled 40 km/h baseline at 60 dBA; offset changes H only (976.0296ms)
✔ A/Z analysis and field agree at microphones, including first window and wrapped live history (3587.3369ms)
✔ duration budget rejects invalid allocations; short runs have finite metrics and long runs share streaming samples (5360.8539ms)
✔ pressure density levels use 20uPa while other signals keep unit reference; manual waveform bounds never reveal future samples (480.0069ms)
✔ NFxLMS joint normalization scales inversely with filtered-reference power and regularizes silence (0.6272ms)
✔ stateful first 16 seconds match the unchanged batch q/x/u/d/a/e bit for bit (2602.5877ms)
✔ arbitrary block sizes preserve source/filter/weight state beyond 16 seconds and repeated history wraps (7722.7936ms)
✔ RNC off, zero step, disabled speakers and eight references retain the batch semantics across blocks (4668.8919ms)
✔ wrapped snapshots use one absolute clock and yield the same field window at mic and off-mic points (1913.581ms)
✔ resident storage stays bounded through two minutes and invalid requests do not advance the stream (3844.7547ms)
✔ live RNC OFF freezes learned weights and zeros drive; ON resumes from those weights without restarting sources (649.559ms)
✔ an initially disabled live controller can start adapting later (202.3952ms)
✔ wrapped live history retains five seconds at the audible clock despite producer prefetch (1839.6183ms)
✔ numeric overflow returns the finite prefix, preserves history, and cannot resume (10.8647ms)
✔ live generation ignores replay duration, preserves bounded adaptation for ten minutes and refuses overflow atomically (26404.8055ms)
✔ P7 layout has its own cabin and paths; legacy layout unchanged and unsupported IDs rejected (7.3862ms)
✔ P7 arbitrary stream blocks match batch q/x/u/d/a/e bit for bit (455.065ms)
✔ P7 field equals independent microphone trace power at the same point and window (30.7586ms)
✔ P7 recorded-source branch shares fractional paths between batch, streaming and field (590.602ms)
✔ a pure delayed gain has constant magnitude and exact analytic group delay (5.7968ms)
✔ response zeros are undefined rather than false finite phase/delay; all sixteen paths remain selectable (112.5955ms)
✔ recorded sources use the four primary-noise ears, validate assets and require explicit data (49.0999ms)
✔ recorded source samples retain shared timing and gain, crossfade synchronously and do not become random or pitch shifted (100.6633ms)
✔ recorded batch and irregular live blocks agree exactly through two source loops; storage and adaptation remain continuous (8102.845ms)
✔ recorded primary paths stay causal and fully coupled, match the passenger 48dBA/Hz peak anchor, and match microphone fields (342.1821ms)
✔ recording-derived data keeps all references and uncalibrated provenance; spectra distinguish vibration and cabin noise (1581.9788ms)
✔ spectral stretch remains causal, normalized and exactly shared by batch/stream at temperature-pressure limits (2229.7669ms)
✔ B1-002: unchanged core in test harness matches normal production entry sample-for-sample (882.1478ms)
✔ B1-002: asymmetric matrices and independent recurrence detect sign/index/cross-path/timing faults (4683.872ms)
✔ B1-002: every one of 16 output/reference controller routes contributes with the correct update (1630.1531ms)
✔ B1-002: modifying future x/d cannot change any past output (559.0396ms)
✔ B1-003: invalid shapes, every missing/fixed field and nonfinite values return structured config errors (3.3573ms)
✔ B1-003: all 12 legal configurations have finite isolated Float32 channels and exact zero-step identities (2385.6041ms)
✔ B1-003: nonfinite data, short arrays, drive failure and Float32 overflow never return partial success (1359.1599ms)
✔ B1-003: a failed call preserves prior results and cannot poison the next run (810.6991ms)
✔ B1-001: default all 640000 samples and metrics match independent Python; exact repeat (635.1132ms)
✔ B1-001: seed29 all 640000 samples and metrics match independent Python; exact repeat (663.8346ms)
✔ B1-001: seed47 all 640000 samples and metrics match independent Python; exact repeat (643.0611ms)
✔ B1-001: taps32 all 640000 samples and metrics match independent Python; exact repeat (475.8328ms)
✔ B1-001: mu0 all 640000 samples and metrics match independent Python; exact repeat (324.9409ms)
✔ B1-001: comparison rejects sign, time shift, zeroed output, NaN and near-zero overflow (1.751ms)
✔ B01/B03: all 640,000 samples match immutable Python Float32 golden and e=d+a (28.4472ms)
✔ B02/B04/B05: five configurations match Python metrics; repeat is deterministic (754.8562ms)
✔ B06: every output reaches every mic; removing one cross-path removes only that response (0.6325ms)
✔ B07: rejects invalid taps, negative/NaN step, wrong fixed dimensions, null config (0.3462ms)
✔ B2-001: independent unsigned PRNG oracle preserves all three seeds and distinct channel streams (2.6458ms)
✔ B2-001: three-seed shaped references and primary pressure match every Python Float32 sample (117.1164ms)
✔ B2-001: all primary and secondary FIRs retain oracle taps, causal delays and complete cross-coupling (0.6754ms)
✔ B2-001: original pressure includes the documented independent disturbance after causal P*x (68.4311ms)
✔ B2-001: exported demo-v2 identity, units and last-sample time stay explicit (0.1858ms)
✔ audio paths use the same linear gain and sinc resampling (35.3121ms)
ℹ tests 298
ℹ suites 0
ℹ pass 295
ℹ fail 3
ℹ cancelled 0
ℹ skipped 0
ℹ todo 0
ℹ duration_ms 52642.816

✖ failing tests:

test at tests\helpers\lab-recipe-tests.ts:1:1308
✖ B2-003 lab recipe: model/source/recording identities match current files (7.8663ms)
  AssertionError [ERR_ASSERTION]: src/shared/lab-contracts.ts
  + actual - expected

  + 'b1a0af463bbe9b3a2dbcacb800bc42cd5597f6ebfa8bdfd73bc08c11000d2d2a'
  - '4cddd97edd7716a3ce63e22eff16118f93ea14bb630d9b21f5aa03d45fb280b5'

      at TestContext.<anonymous> (D:\lzh\Desktop\RNC_3D\RNC_3D_SIMULATION_DEMO\tests\helpers\lab-recipe-tests.ts:19:12)
      at Test.runInAsyncScope (node:async_hooks:214:14)
      at Test.run (node:internal/test_runner/test:1103:25)
      at Test.processPendingSubtests (node:internal/test_runner/test:785:18)
      at Test.postRun (node:internal/test_runner/test:1232:19)
      at Test.run (node:internal/test_runner/test:1160:12)
      at async Test.processPendingSubtests (node:internal/test_runner/test:785:7) {
    generatedMessage: false,
    code: 'ERR_ASSERTION',
    actual: 'b1a0af463bbe9b3a2dbcacb800bc42cd5597f6ebfa8bdfd73bc08c11000d2d2a',
    expected: '4cddd97edd7716a3ce63e22eff16118f93ea14bb630d9b21f5aa03d45fb280b5',
    operator: 'strictEqual',
    diff: 'simple'
  }

test at tests\helpers\lab-recipe-tests.ts:1:3532
✖ B2-003 lab recipe: unknown layouts cannot encode/recompute and unknown model is only parsed (1.2061ms)
  AssertionError [ERR_ASSERTION]: The validation function is expected to return "true". Received false

  Caught error:

  ExportError: Invalid lab batch configuration
      at TestContext.<anonymous> (D:\lzh\Desktop\RNC_3D\RNC_3D_SIMULATION_DEMO\tests\helpers\lab-recipe-tests.ts:48:10)
      at Test.runInAsyncScope (node:async_hooks:214:14)
      at Test.run (node:internal/test_runner/test:1103:25)
      at Test.processPendingSubtests (node:internal/test_runner/test:785:18)
      at Test.postRun (node:internal/test_runner/test:1232:19)
      at Test.run (node:internal/test_runner/test:1160:12)
      at async Test.processPendingSubtests (node:internal/test_runner/test:785:7) {
    generatedMessage: true,
    code: 'ERR_ASSERTION',
    actual: ExportError: Invalid lab batch configuration
        at fail (D:\lzh\Desktop\RNC_3D\RNC_3D_SIMULATION_DEMO\src\team-b\export\lab-recipe.ts:42:70)
        at readConfig (D:\lzh\Desktop\RNC_3D\RNC_3D_SIMULATION_DEMO\src\team-b\export\lab-recipe.ts:85:46)
        at encodeLabRecipe (D:\lzh\Desktop\RNC_3D\RNC_3D_SIMULATION_DEMO\src\team-b\export\lab-recipe.ts:143:18)
        at <anonymous> (D:\lzh\Desktop\RNC_3D\RNC_3D_SIMULATION_DEMO\tests\helpers\lab-recipe-tests.ts:48:23)
        at getActual (node:assert:611:5)
        at strict.throws (node:assert:759:24)
        at TestContext.<anonymous> (D:\lzh\Desktop\RNC_3D\RNC_3D_SIMULATION_DEMO\tests\helpers\lab-recipe-tests.ts:48:10)
        at Test.runInAsyncScope (node:async_hooks:214:14)
        at Test.run (node:internal/test_runner/test:1103:25)
        at Test.processPendingSubtests (node:internal/test_runner/test:785:18),
    operator: 'throws',
    diff: 'simple'
  }

test at tests\helpers\lab-result-tests.ts:1:5843
✖ B2-003 lab result: unknown model/layout remain read-only without verified metrics (34.3856ms)
  Error [ExportError]: Invalid lab batch configuration
      at fail (D:\lzh\Desktop\RNC_3D\RNC_3D_SIMULATION_DEMO\src\team-b\export\lab-recipe.ts:42:70)
      at readConfig (D:\lzh\Desktop\RNC_3D\RNC_3D_SIMULATION_DEMO\src\team-b\export\lab-recipe.ts:85:46)
      at validated (D:\lzh\Desktop\RNC_3D\RNC_3D_SIMULATION_DEMO\src\team-b\export\lab-recipe.ts:129:18)
      at decodeLabRecipe (D:\lzh\Desktop\RNC_3D\RNC_3D_SIMULATION_DEMO\src\team-b\export\lab-recipe.ts:158:10)
      at inspect (D:\lzh\Desktop\RNC_3D\RNC_3D_SIMULATION_DEMO\src\team-b\export\lab-result.ts:188:18)
      at decodeLabResult (D:\lzh\Desktop\RNC_3D\RNC_3D_SIMULATION_DEMO\src\team-b\export\lab-result.ts:239:21)
      at TestContext.<anonymous> (D:\lzh\Desktop\RNC_3D\RNC_3D_SIMULATION_DEMO\tests\helpers\lab-result-tests.ts:72:18)
      at Test.runInAsyncScope (node:async_hooks:214:14)
      at Test.run (node:internal/test_runner/test:1103:25)
      at Test.processPendingSubtests (node:internal/test_runner/test:785:18) {
    code: 'INVALID_DATA'
  }
[ELIFECYCLE] Test failed. See above for more details.
[ELIFECYCLE] Command failed with exit code 1.
