$ pnpm typecheck && pnpm check:boundaries && pnpm test && pnpm build
$ tsc --noEmit
$ node scripts/check-boundaries.mjs
源码边界通过：A/B 互不导入；shared 独立；integration 负责装配。
$ tsx --test tests/*.test.ts
✔ one road change compares the same weighted window without keeping mutable config (4.1168ms)
✔ changed operating conditions block numeric deltas even when values are present (0.7467ms)
✔ multiple configuration changes remain visible and missing seat values stay unavailable (1.1272ms)
✔ legacy teaching layout compares with explicit teaching ID but another layout suppresses deltas (0.6468ms)
✔ exported A/B summary survives JSON roundtrip and recomputes deltas (5.0522ms)
✔ condition mismatch imports but suppresses unsupported deltas (3.7802ms)
✔ rejects oversized, forged, malformed and nonfinite evidence (32.1169ms)
✔ foreign layouts remain readable but never acquire a numeric comparison (1.3916ms)
✔ older rnc-case-v1 without layout identity imports as teaching layout (1.1213ms)
✔ one-variable review reports measured direction without assigning cause or approval (2.9743ms)
✔ confounded or mismatched cases never receive a causal or numeric verdict (0.9223ms)
✔ an unregistered layout is labeled as file-reported evidence without a verdict (0.679ms)
✔ new human fields roundtrip, legacy v1 imports blank, computed facts ignore human claims (30.6729ms)
✔ A1: unavailable convergence values leave gaps rather than zero gain or connecting across missing data (2.7649ms)
✔ A1: original noise draws once in grey, residual compares against the same original channel (0.96ms)
✔ paired spatial evidence distinguishes quieter, louder and near-zero samples without claiming a volume mean (2.3824ms)
✔ invalid, mismatched and nonfinite samples cannot produce a stale or invented spatial verdict (0.5341ms)
✔ A1: overview snapshot preserves lab quantity, slice, range and interpolation even when rendering fails (16.0391ms)
✔ A1: one-second field cadence keeps moving past the old 350 ms plateau (4.0448ms)
✔ A1: slices and volume share the same energy blend, including interrupted frames (13.1992ms)
✔ A1: paused same-window quantity changes crossfade without replacing physical textures (3.9693ms)
✔ A1: pause settles both slice textures and new identities cannot inherit a mode crossfade (3.9786ms)
✔ guide requires actual baseline and candidate runs before showing comparison evidence (2.9404ms)
✔ changed operating condition or multiple edits block the guided verdict (0.7355ms)
✔ invalid candidate and stale field never unlock listening (0.3917ms)
✔ a candidate field unlocks guidance only at the comparison window end (0.4225ms)
✔ lab playback applies one gain to all eight signals, preserves d/e ratios and does not mutate physics (74.0817ms)
✔ actual extreme valid lab experiment has no clipped samples after shared preparation (1794.8798ms)
✔ sinc overshoot is covered by the strict bound; silence and low-level legacy gain remain unchanged (9.1392ms)
✔ live Worker cancellation rejects pending work and late old errors cannot kill the new run (26.1616ms)
✔ field failure is recoverable but a processor failure rejects every pending query (3.5029ms)
✔ start cancellation and foreign run identities fail explicitly; batch mode cannot produce live chunks (1.5855ms)
✔ live RNC control returns the exact sample boundary and a rejected switch preserves the running worker (2.5706ms)
✔ legacy layout is stamped and unimplemented layouts fail before replacing a running experiment (1.4713ms)
✔ field frames without the active physical layout are rejected without killing the experiment (1.5671ms)
✔ a field reply cannot substitute another time, weighting or sampling plane within the same run (1.807ms)
✔ batch results and live packets cannot switch physical layout inside an accepted run (1.4738ms)
✔ same-layout responses cannot substitute another vehicle or physical experiment configuration (2.0151ms)
✔ Worker replies without the active run identity cannot enter results or field views (1.5697ms)
✔ log frequency coordinates give equal spacing to equal ratios and omit DC (2.6725ms)
✔ seat curves preserve full-run SPL history and missing values while excluding future frames (1.7039ms)
✔ physical traces share Pa scale, show original and use absolute sample time after a live history wrap (1.4056ms)
✔ the initial waveform uses the same five-second scale as a full rolling window (0.6457ms)
✔ PSD comparisons use actual FFT bin positions and original selection is not drawn twice (0.5831ms)
✔ first valid point is visible and null SPL gaps never create fake zero levels (0.3328ms)
✔ acceleration and speaker drive never masquerade as pressure on a common axis (0.4162ms)
✔ manual plot bounds and hidden primary traces apply independently without changing samples (0.6527ms)
✔ divergent but finite Float32 pressure is bounded only in the audition copies (94.4847ms)
✔ streaming sinc is independent of chunk partition and matches continuous interpolation before the real lookahead tail (293.818ms)
✔ common lookahead safety envelope preserves all eight d/e ratios, bounds peaks and retains bounded memory (2081.467ms)
✔ finishing releases exactly the real lookahead tail, including a run shorter than that tail (45.0833ms)
✔ live queue validates complete finite contiguous chunks without changing accepted state on rejection (105.4054ms)
✔ one audio clock freezes on starvation and resumes at the missing sample instead of skipping wall time (26.6086ms)
✔ queued chunks are gapless and all comparisons share one eight-channel buffer without a new clock on switching (16.7873ms)
✔ pause preserves partly consumed audio and a cold allocation never advances the simulation clock (5.9458ms)
✔ async resume cannot revive pause/reset/dispose or clear a newer request, and failure is retryable (13.918ms)
✔ continuous enqueue stays bounded for ten minutes and finishes exactly without a false underrun or restart (11731.6117ms)
✔ pause and resume while draining keeps the final samples and exact endpoint (18.0198ms)
✔ offline package verifier accepts the exact build and rejects changed, extra or missing files (1844.5591ms)
✔ A1 overview: paused microphone levels survive display-only page and field changes (2.4465ms)
✔ A1 overview: invalidated experiment, warm-up and unavailable microphone never show stale levels (0.4675ms)
✔ A1: preparing first audio buffer does not skip the requested playback position (47.3857ms)
✔ A1: pause cancels pending audio resume; repeated play creates one start (30.705ms)
✔ A1: loading a new experiment cancels an earlier pending play (0.837ms)
✔ A1: reaching the end stays stopped when seeking, including before ended is delivered (30.3482ms)
✔ A1: seeking to the end stops; replay starts only on explicit play (33.3818ms)
✔ A1: cold seat/mode switches prepare audio before fading, keep time and use the same gain (663.1969ms)
✔ A1: audio resume failure leaves a retryable paused player (33.8244ms)
✔ A1: an obsolete resume cannot clear or start a newer play request (28.3826ms)
✔ A1: seeking while playing continues at the new position without a retired ended event stopping it (29.266ms)
✔ A1: a cold comparison prepared across the end never restarts the clip (54.8225ms)
✔ variable duration playback seeks past 16s, switches modes and stops exactly at each loaded clip end (146.1177ms)
✔ asset shell modes isolate shared interior materials and restore original ownership once (10.0852ms)
✔ authored asset sections follow actual moving meshes without inventing solid caps or changing coordinates (6.9262ms)
✔ asset picking skips hidden ancestors and discarded section surfaces, and selection bounds follow disassembly (6.0397ms)
✔ selection excludes hidden descendants and follows ancestor transforms without a section (1.4477ms)
✔ selection is restricted to retained section bounds and disappears when fully clipped (4.1ms)
✔ actual ICE asset keeps all 74127 triangles and 30 groups through inspection, disassembly and full restoration (489.8701ms)
✔ CP controlled comparison blocks road/source/seed/operating changes; scenario states differences (4.5304ms)
✔ CP declared controller changes retain negative outcomes and do not change input snapshots (0.7029ms)
✔ CP scenario cannot cross layout or absolute analysis window (0.4986ms)
✔ CP mode survives summary roundtrip; old summaries retain historical comparison meaning (14.2236ms)
✔ CP nonfinite external readings never become displayed delta (0.7083ms)
✔ separate curved sheets have continuous boundary normals and finite UV coordinates (11.5844ms)
✔ rounded lamp apertures preserve the original silhouette bounds without repeated sharp corners (1.7536ms)
✔ P7 shoulder-to-window gap is closed by paint owned by the removable front door (2298.5599ms)
✔ dense grid queries 1989 distinct locations across the original spatial extent (6.5684ms)
✔ dense texture retains the exact engine point order and paired channel energy (4.1136ms)
✔ volume mode contains no visible planar slices; explicit slices remain available (17.2518ms)
✔ temporal transition blends energy and a replacement starts at the displayed energy (48.0138ms)
✔ rewind, weighting, layout and point changes never blend incompatible frames (11.8962ms)
✔ driving distance uses the experiment clock, including pause and backward seek (1.5676ms)
✔ road segments cover a continuous range and preserve world identity while passing the car (0.8829ms)
✔ four cabin eyes share P7 seat coordinates and are distinct from the microphones (0.369ms)
✔ cabin look rotates around the eye without translating it and clamps pitch (1.2511ms)
✔ wheel spin preserves its axle and semantic attachment, keeping the brake caliper stationary (6.0888ms)
✔ curved graded route preserves arc length, periodic seams and reversible vehicle coordinates (87.9472ms)
✔ A2 landscape: finite, continuous, bounded slopes across every environment and negative world coordinates (1743.8548ms)
✔ A2 road ground stays below the travelled lane through bends and grades (115.882ms)
✔ A2 recycled world tiles stay beyond the fully faded distance for forward and backward driving (3.2931ms)
✔ A2 sky retains complete imagery while loading and blends monotonically; rapid requests retain referenced textures (12.0911ms)
✔ A2 outdoor camera cannot enter the floor, car shell or distant scenery after repeated pan/zoom/orbit (2.294ms)
✔ volume texture keeps every queried point and both channels in WebGL storage order (6.8159ms)
✔ spatial smoothing operates on mean-square energy, not a mean of dB or RGB (1.0367ms)
✔ improvement is the signed, same-point same-frame difference; worsening is retained (0.7388ms)
✔ detail range includes both channels and has a nonzero span even for a flat frame (0.9654ms)
✔ improvement detail keeps zero centered and includes real worsening and improvement (0.9357ms)
✔ camera moves around the car and reaches an exact endpoint without overshoot (2.0955ms)
✔ manual input cancels motion; a rapid replacement starts at the currently visible pose (1.0128ms)
✔ dense queries yield in bounded batches and publish the original point order at one window (251.9157ms)
✔ a late query is cancelled before more chunks are submitted (4.6417ms)
✔ different windows, weighting, positions and layout cannot be merged into one field (124.9419ms)
✔ an invalid warm-up grid stays invalid instead of becoming a coloured result (445.2548ms)
✔ three slice meshes use the original 280 queried positions, including their fixed physical planes (3.9415ms)
✔ a reordered, truncated or non-finite B field frame cannot color the old locations (1.3214ms)
✔ moving each sampled plane requests its physical position and refuses the previous field frame (4.2304ms)
✔ 12 coincident projections remain separate and inside the narrow supported viewer (4.604ms)
✔ four source illustrations can share a narrow view with all 12 hardware labels (3.0276ms)
✔ labels at viewport edges and densely grouped hardware remain clickable (40.1097ms)
✔ lab callouts stay beside the projected hardware instead of the full viewport edges (1.9988ms)
✔ near-car labels remain separate and clickable in a narrow 360 px viewer (0.6244ms)
✔ 720p structure panels and transport never cover the 16 hardware callouts (1.1349ms)
✔ a completely obstructed viewport does not put an invisible clickable label behind its panel (0.3212ms)
✔ P7+ canopy, liftback glazing and rear bumper are separately owned assemblies (2007.5955ms)
✔ P7+ hidden shell exposes actual seat picking, and clipping rejects the removed half (1464.0287ms)
✔ P7+ intermediate explosion poses remain finite and return to identical world transforms (1039.9332ms)
✔ P7+ paint and shell presentation preserve independent glass, tires and cabin materials (1035.0082ms)
✔ P7 detailed EV assemblies and acoustic diaphragms own their reversible geometry (1022.4816ms)
✔ featured structures exist in each generated architecture and explain its actual drive path (840.7347ms)
✔ true mesh-plane sections preserve area, plane position and outward normal after transforms (7.7938ms)
✔ section through exact edges is closed; tangencies and existing coplanar faces are not duplicated (2.1821ms)
✔ ring sections keep their holes and disconnected islands; open surfaces never get a solid cap (77.9341ms)
✔ section display updates from exploded geometry, respects ancestor visibility and material opacity (7.0183ms)
✔ bundled showroom SUV is the attributed, offline CC BY asset within the geometry budget (11.7435ms)
✔ BEV showroom keeps the original attribution and bundles a decodable offline model (35.5324ms)
✔ contoured upholstery remains finite, smoothly shaded and inside the assembled seat envelope (328.4409ms)
✔ GX seat detail retains part ownership, reversibility and shared micrograin lifetime (2478.2615ms)
✔ four drivetrains preserve their physical differences and five-seat cabin (889.2271ms)
✔ vehicle geometry is finite and every owned GPU resource is disposed once (570.7802ms)
✔ the BEV and EREV battery enclosure remains directly visible from the underbody (286.7296ms)
✔ the closed side sill hides the floor and battery at door level on all four vehicles (290.9989ms)
✔ xpeng-p7plus: independent layout, full cross paths, both sources and live/batch/field agreement (585.0513ms)
✔ xpeng-p7plus: observer seats and acoustic attachment nodes exist in the actual detachable model (1402.4297ms)
✔ xpeng-x9: independent layout, full cross paths, both sources and live/batch/field agreement (386.472ms)
✔ xpeng-x9: observer seats and acoustic attachment nodes exist in the actual detachable model (1819.7712ms)
✔ xpeng-l03: independent layout, full cross paths, both sources and live/batch/field agreement (418.451ms)
✔ xpeng-l03: observer seats and acoustic attachment nodes exist in the actual detachable model (1348.2332ms)
✔ xpeng-m03: independent layout, full cross paths, both sources and live/batch/field agreement (282.8592ms)
✔ xpeng-m03: observer seats and acoustic attachment nodes exist in the actual detachable model (1249.4624ms)
✔ xpeng-gx: independent layout, full cross paths, both sources and live/batch/field agreement (283.7698ms)
✔ xpeng-gx: observer seats and acoustic attachment nodes exist in the actual detachable model (1363.0641ms)
✔ x9: P7-level structural coverage and correctly separated battery layers (2739.7396ms)
✔ x9: interior ray picking and sampled disassembly restore world transforms (2110.0864ms)
✔ l03: P7-level structural coverage and correctly separated battery layers (1365.3062ms)
✔ l03: interior ray picking and sampled disassembly restore world transforms (1413.8917ms)
✔ m03: P7-level structural coverage and correctly separated battery layers (1295.4535ms)
✔ m03: interior ray picking and sampled disassembly restore world transforms (1375.2156ms)
✔ gx: P7-level structural coverage and correctly separated battery layers (1243.8145ms)
✔ gx: interior ray picking and sampled disassembly restore world transforms (1404.0391ms)
✔ Verified drivetrain and suspension differences survive shared construction helpers (4272.1096ms)
✔ A2 XPeng x9: real proportions, semantic rows and finite geometry (3301.2612ms)
✔ A2 XPeng x9: explosion is reversible, clamped and above floor (2205.5367ms)
✔ A2 XPeng p7plus: real proportions, semantic rows and finite geometry (1374.633ms)
✔ A2 XPeng p7plus: explosion is reversible, clamped and above floor (1196.4154ms)
✔ A2 XPeng l03: real proportions, semantic rows and finite geometry (1484.8041ms)
✔ A2 XPeng l03: explosion is reversible, clamped and above floor (1217.9561ms)
✔ A2 XPeng m03: real proportions, semantic rows and finite geometry (1350.1501ms)
✔ A2 XPeng m03: explosion is reversible, clamped and above floor (1171.7999ms)
✔ A2 XPeng gx: real proportions, semantic rows and finite geometry (1433.8676ms)
✔ A2 XPeng gx: explosion is reversible, clamped and above floor (1263.4281ms)
✔ A2 XPeng paint affects exterior clones only; resources dispose exactly once (1153.8432ms)
✔ B2-003 async: Web Crypto produces the same container and detached data as sync API (110.0952ms)
✔ B2-003 async: encoding snapshots config, run identity, samples and budgets before awaiting (71.0843ms)
✔ B2-003 async: decode owns a snapshot across Buffer mutation, offset views and transfer (75.5354ms)
✔ B2-003 async: hash rejections and invalid digests propagate without a partial result (70.9612ms)
✔ B2-003 async: malformed, nonfinite and over-budget inputs reject before invoking crypto (20.719ms)
✔ B2-003: default binary roundtrip, recipe recompute and Python oracle (1164.104ms)
✔ B2-003: seed29 binary roundtrip, recipe recompute and Python oracle (1112.0217ms)
✔ B2-003: seed47 binary roundtrip, recipe recompute and Python oracle (1101.8315ms)
✔ B2-003: taps32 binary roundtrip, recipe recompute and Python oracle (807.9485ms)
✔ B2-003: mu0 binary roundtrip, recipe recompute and Python oracle (642.5895ms)
✔ B2-003: registered source hashes match the numerical implementation (2.2348ms)
✔ B2-003: preserve reference identity, little-endian edge bits and offset views (407.1761ms)
✔ B2-003: silent and zero-denominator metrics retain nonfinite tags and unavailable measurements (142.3762ms)
✔ B2-003: genuine zero/negative reductions and tagged negative zero stay distinct from silence (114.8822ms)
✔ B2-003: malformed/truncated headers, overflow lengths, trailing bytes and padding are rejected (10.3693ms)
✔ B2-003: schema, channel mapping, units, metadata, normalized config and metrics are validated (67.3595ms)
✔ B2-003: integrity mismatch and hash-correct nonfinite payload cannot import (30.368ms)
✔ B2-003: budgets refuse before hashing/large output and count UTF-8 bytes (21.1036ms)
✔ B2-003: unknown numerical models are read-only; recipe recompute revalidates identity and fresh id (20.5078ms)
✔ B2-003: recipes reject extra scripts/URLs/arrays, bad text/config and different schemas (1.7611ms)
✔ B2-003: live snapshots, partial results, bad dimensions and invalid samples are not batches (32.2361ms)
✔ B2-003 lab recipe: ice, both sources and 1/4/8 reference topology (1287.7345ms)
✔ B2-003 lab recipe: bev, both sources and 1/4/8 reference topology (1240.3393ms)
✔ B2-003 lab recipe: hev, both sources and 1/4/8 reference topology (1118.8035ms)
✔ B2-003 lab recipe: erev, both sources and 1/4/8 reference topology (934.2451ms)
✔ B2-003 lab recipe: model/source/recording identities match current files (7.6897ms)
✔ B2-003 lab recipe: preserve legacy absence and normalize shaped/layout/offset defaults explicitly (230.1423ms)
✔ B2-003 lab recipe: RNC off, zero step, speaker disable, seed/taps changes and negative gains retain exact behavior (331.6404ms)
✔ B2-003 lab recipe: actual divergence is a finite prefix, never padded or called complete (230.4146ms)
✔ B2-003 lab recipe: unknown layouts cannot encode/recompute and unknown model is only parsed (3.4653ms)
✔ B2-003 lab recipe: recording asset is mandatory, full-byte hash checked, never random fallback (6.4884ms)
✔ B2-003 lab recipe: snapshot config/id/budget and asset before await, propagate resolver/hash failures (115.9357ms)
✔ B2-003 lab recipe: reject bad config, dimensions, identities, extra scripts, live mode and altered defaults (4.7069ms)
✔ B2-003 lab recipe: byte and recompute budgets reject before asset loading or calculation (1.9034ms)
✔ B2-003 lab result: ice, both sources and 1/4/8 references sync/async exact roundtrip (555.5753ms)
✔ B2-003 lab result: bev, both sources and 1/4/8 references sync/async exact roundtrip (634.8231ms)
✔ B2-003 lab result: hev, both sources and 1/4/8 references sync/async exact roundtrip (537.305ms)
✔ B2-003 lab result: erev, both sources and 1/4/8 references sync/async exact roundtrip (576.7353ms)
✔ B2-003 lab result: divergence, disabled RNC/output, mu0 and legacy absence retain status and identities (320.9507ms)
✔ B2-003 lab result: tagged invalid metrics survive, disagreeing summary is quarantined (95.9434ms)
✔ B2-003 lab result: silence and empty divergence never become valid zero dB, real mu0 does (26.1143ms)
✔ B2-003 lab result: finite edge bits and offset views survive with independent arrays (55.7075ms)
✔ B2-003 lab result: unknown model/layout remain read-only without verified metrics (32.7948ms)
✔ B2-003 lab result: hostile manifest identities, dimensions, units, clocks, state and scalar tags reject before hashing (40.6059ms)
✔ B2-003 lab result: truncation, trailing data, lengths, padding, UTF-8 and nonfinite samples reject (61.7143ms)
✔ B2-003 lab result: explicit batch, complete/prefix rules, array shape, UTF-8 identity and budgets reject before crypto (23.6063ms)
✔ B2-003 lab result: async encoder captures all signals/metadata/limits before await (38.031ms)
✔ B2-003 lab result: async import owns Buffer/offset views across mutation or transfer; SHA failures propagate (50.6634ms)
✔ B2-003 registered export: xpeng-p7plus-bev-v1, both sources, 1/4/8 references (701.5711ms)
✔ B2-003 registered export: xpeng-x9-erev-v1, both sources, 1/4/8 references (610.4422ms)
✔ B2-003 registered export: xpeng-l03-bev-v1, both sources, 1/4/8 references (585.2914ms)
✔ B2-003 registered export: xpeng-m03-bev-v1, both sources, 1/4/8 references (617.3371ms)
✔ B2-003 registered export: xpeng-gx-erev-v1, both sources, 1/4/8 references (590.1656ms)
✔ B2-003 registered export: actual historical model-1 files remain read-only and cannot load assets (35.4723ms)
✔ B2-003 registered export: unknown, asset aliases and powertrain mismatches parse without enabling execution (35.4414ms)
✔ B2-003 registered export: unsupported layouts still reject invalid config and normalization before hashing (45.6205ms)
✔ Hann Welch one-sided PSD integrates to tone mean-square and has the correct peak (8.4418ms)
✔ B2-002: RMS uses exactly the trailing 1000 samples, including first and final windows (6.649ms)
✔ B2-002: same-window reduction preserves negative gains and aggregates powers before dB (4.8333ms)
✔ B2-002: silence and near-floor pressure never report valid zero-dB benefit (11.1245ms)
✔ B2-002: non-finite pressure is unavailable, never a valid analysis frame (11.3846ms)
✔ B2-002: power rejects invalid ranges and PSD clamps finite sample cursors to actual data (2.3722ms)
✔ B2-002: PSD rejects non-finite samples in its complete windows and ignores future samples (2.5903ms)
✔ B2-002: non-finite PSD cursors cannot trap a caller in an unbounded loop (234.5636ms)
✔ B2-002: shared PSD preserves lab pressure weighting and vibration/drive/source units (10.8547ms)
✔ B2-002: asymmetric signal Welch bins match direct DFT, 50% overlap and incomplete-tail handling (190.0938ms)
✔ B2-002: DC and Nyquist are not doubled; PSD scales as signal-unit squared per Hz (9.2959ms)
✔ analysis warming-up, window boundary, channel identity and pressure calibration (1.156ms)
✔ step size accepts every nonnegative finite value and finite drives exceed the former 100 threshold (360.9224ms)
✔ batch and chunked overflow stop at the same Float32 boundary, keeping the last finite samples and spectra (517.5288ms)
✔ overflow on the first weight update gives an empty finite prefix and a terminal diagnostic (34.461ms)
✔ new lab experiments learn before two seconds without changing sources or superposition (882.1357ms)
✔ lab FxLMS produces finite true superposition, baseline then learned reduction at all microphones (15.4576ms)
✔ all 16 secondary paths have causal cross coupling and every source reaches every mic (2.5443ms)
✔ first adaptive output matches an independent all-error normalized gradient calculation (62.2556ms)
✔ RNC off, zero step and all disabled speakers retain original noise exactly (965.786ms)
✔ one and eight references and disabled output actually change controller dimensions and results (1785.0788ms)
✔ recording-shaped sources retain high finite values and return the valid prefix on overflow (3237.1964ms)
✔ field at microphone positions equals independently measured trace power in the same window (33.908ms)
✔ off-microphone field is recalculated from wheel q and speaker u, not microphone interpolation (133.7441ms)
✔ vehicle paths vary, seed is reproducible and speed/roughness trends are source-driven (1326.2092ms)
✔ warm-up, zero-speed energy floor and bad configurations are explicit (692.5093ms)
✔ q selection analyzes each actual wheel source independently of reference layout (377.6293ms)
✔ A weighting matches reference corrections and applies power rather than amplitude to PSD (22.4419ms)
✔ teaching calibration anchors pooled 40 km/h baseline at 60 dBA; offset changes H only (845.1064ms)
✔ A/Z analysis and field agree at microphones, including first window and wrapped live history (3480.3586ms)
✔ duration budget rejects invalid allocations; short runs have finite metrics and long runs share streaming samples (5345.8485ms)
✔ pressure density levels use 20uPa while other signals keep unit reference; manual waveform bounds never reveal future samples (462.6823ms)
✔ NFxLMS joint normalization scales inversely with filtered-reference power and regularizes silence (0.4894ms)
✔ stateful first 16 seconds match the unchanged batch q/x/u/d/a/e bit for bit (2423.8945ms)
✔ arbitrary block sizes preserve source/filter/weight state beyond 16 seconds and repeated history wraps (7660.6481ms)
✔ RNC off, zero step, disabled speakers and eight references retain the batch semantics across blocks (4603.3225ms)
✔ wrapped snapshots use one absolute clock and yield the same field window at mic and off-mic points (1924.5834ms)
✔ resident storage stays bounded through two minutes and invalid requests do not advance the stream (3868.0204ms)
✔ live RNC OFF freezes learned weights and zeros drive; ON resumes from those weights without restarting sources (645.8703ms)
✔ an initially disabled live controller can start adapting later (213.1402ms)
✔ wrapped live history retains five seconds at the audible clock despite producer prefetch (1799.9828ms)
✔ numeric overflow returns the finite prefix, preserves history, and cannot resume (12.1706ms)
✔ live generation ignores replay duration, preserves bounded adaptation for ten minutes and refuses overflow atomically (26249.2121ms)
✔ P7 layout has its own cabin and paths; legacy layout unchanged and unsupported IDs rejected (6.6302ms)
✔ P7 arbitrary stream blocks match batch q/x/u/d/a/e bit for bit (492.742ms)
✔ P7 field equals independent microphone trace power at the same point and window (28.966ms)
✔ P7 recorded-source branch shares fractional paths between batch, streaming and field (541.6629ms)
✔ a pure delayed gain has constant magnitude and exact analytic group delay (6.8972ms)
✔ response zeros are undefined rather than false finite phase/delay; all sixteen paths remain selectable (63.8345ms)
✔ recorded sources use the four primary-noise ears, validate assets and require explicit data (80.0365ms)
✔ recorded source samples retain shared timing and gain, crossfade synchronously and do not become random or pitch shifted (108.4665ms)
✔ recorded batch and irregular live blocks agree exactly through two source loops; storage and adaptation remain continuous (7994.0544ms)
✔ recorded primary paths stay causal and fully coupled, match the passenger 48dBA/Hz peak anchor, and match microphone fields (354.0028ms)
✔ recording-derived data keeps all references and uncalibrated provenance; spectra distinguish vibration and cabin noise (1484.834ms)
✔ spectral stretch remains causal, normalized and exactly shared by batch/stream at temperature-pressure limits (2169.3716ms)
✔ B1-002: unchanged core in test harness matches normal production entry sample-for-sample (863.6383ms)
✔ B1-002: asymmetric matrices and independent recurrence detect sign/index/cross-path/timing faults (5361.1639ms)
✔ B1-002: every one of 16 output/reference controller routes contributes with the correct update (1633.5735ms)
✔ B1-002: modifying future x/d cannot change any past output (558.5348ms)
✔ B1-003: invalid shapes, every missing/fixed field and nonfinite values return structured config errors (5.6785ms)
✔ B1-003: all 12 legal configurations have finite isolated Float32 channels and exact zero-step identities (2402.8238ms)
✔ B1-003: nonfinite data, short arrays, drive failure and Float32 overflow never return partial success (1342.4873ms)
✔ B1-003: a failed call preserves prior results and cannot poison the next run (783.6928ms)
✔ B1-001: default all 640000 samples and metrics match independent Python; exact repeat (638.1619ms)
✔ B1-001: seed29 all 640000 samples and metrics match independent Python; exact repeat (637.4645ms)
✔ B1-001: seed47 all 640000 samples and metrics match independent Python; exact repeat (567.8684ms)
✔ B1-001: taps32 all 640000 samples and metrics match independent Python; exact repeat (429.6847ms)
✔ B1-001: mu0 all 640000 samples and metrics match independent Python; exact repeat (337.2108ms)
✔ B1-001: comparison rejects sign, time shift, zeroed output, NaN and near-zero overflow (2.0452ms)
✔ B01/B03: all 640,000 samples match immutable Python Float32 golden and e=d+a (28.6378ms)
✔ B02/B04/B05: five configurations match Python metrics; repeat is deterministic (907.6347ms)
✔ B06: every output reaches every mic; removing one cross-path removes only that response (0.6403ms)
✔ B07: rejects invalid taps, negative/NaN step, wrong fixed dimensions, null config (0.5383ms)
✔ B2-001: independent unsigned PRNG oracle preserves all three seeds and distinct channel streams (14.9569ms)
✔ B2-001: three-seed shaped references and primary pressure match every Python Float32 sample (132.5585ms)
✔ B2-001: all primary and secondary FIRs retain oracle taps, causal delays and complete cross-coupling (0.5742ms)
✔ B2-001: original pressure includes the documented independent disturbance after causal P*x (54.1764ms)
✔ B2-001: exported demo-v2 identity, units and last-sample time stay explicit (0.1831ms)
✔ audio paths use the same linear gain and sinc resampling (21.6843ms)
ℹ tests 306
ℹ suites 0
ℹ pass 306
ℹ fail 0
ℹ cancelled 0
ℹ skipped 0
ℹ todo 0
ℹ duration_ms 52316.8411
$ tsc --noEmit && vite build
vite v7.1.7 building for production...
transforming...
✓ 96 modules transformed.
rendering chunks...
computing gzip size...
dist/index.html                                            1.03 kB │ gzip:     0.57 kB
dist/assets/engine.worker-Sv3u2Fdq.js                      4.29 kB
dist/assets/rnc-serif-DH6On44C.woff2                      17.78 kB
dist/assets/gallery-desert-B0GsNK42.webp                  19.07 kB
dist/assets/gallery-mountain-B9cQlO9E.webp                19.91 kB
dist/assets/gallery-snow-nXhd3GdG.webp                    22.82 kB
dist/assets/gallery-coast-Dl7q4u_l.webp                   26.81 kB
dist/assets/lab.worker-C7FgpgE2.js                        30.88 kB
dist/assets/rnc-sans-vf96sMn8.woff2                      235.82 kB
dist/assets/recorded-primary-BSu6qUp_.f32              1,280.02 kB
dist/assets/layout-BJyQje-f.png                        1,671.89 kB
dist/assets/gallery-champagne-sunset-v2-DNZvigIO.png   1,944.61 kB
dist/assets/paths-C9jf-qv9.png                         1,989.86 kB
dist/assets/field-CNNqPcDN.png                         2,388.10 kB
dist/assets/aerial_grass_rock_diff_2k-BtlOO1j7.jpg     2,624.64 kB
dist/assets/golden_browser_fixture-BhKaGSeS.json       3,414.19 kB │ gzip: 2,407.80 kB
dist/assets/lakes_8k-Cpp28BEr.jpg                      4,742.10 kB
dist/assets/asphalt_02_nor_gl_2k-UEyVbT-h.jpg          4,943.95 kB
dist/assets/goegap_2k-Jq4FxBej.hdr                     5,445.36 kB
dist/assets/range-rover-sport-svr-4ykCwhl8.glb         5,726.33 kB
dist/assets/lakes_2k-Cp9fVIm5.hdr                      5,918.43 kB
dist/assets/goegap_8k-BpN4yx3b.jpg                     6,050.86 kB
dist/assets/gravel_floor_nor_gl_2k-DtygZ1JK.jpg        6,139.01 kB
dist/assets/tesla-model-y.meshopt-DxsAdN_g.glb        10,353.64 kB
dist/assets/asphalt_02_diff_4k-ztmUkEFu.jpg           11,654.13 kB
dist/assets/gravel_floor_diff_4k-B_Xe7M1M.jpg         18,167.19 kB
dist/assets/lago_disola_4k-CMa_-4Rz.hdr               26,197.09 kB
dist/assets/alps_field_4k-DL9vOQ3t.hdr                26,520.86 kB
dist/assets/lago_disola_8k-C31ajjrJ.jpg               50,106.04 kB
dist/assets/alps_field_8k-BrpRqQi6.jpg                53,871.22 kB
dist/assets/index-Di_b5R-_.css                             6.73 kB │ gzip:     2.23 kB
dist/assets/viewer-BKEBPkNH.css                           14.36 kB │ gzip:     3.45 kB
dist/assets/index-BaLzYi8g.css                            78.92 kB │ gzip:    17.41 kB
dist/assets/contracts-nWp9BSjY.js                          0.09 kB │ gzip:     0.11 kB │ map:     2.22 kB
dist/assets/preload-helper-PPVm8Dsz.js                     1.28 kB │ gzip:     0.75 kB │ map:     0.11 kB
dist/assets/path-analysis-COwjqcbF.js                      1.48 kB │ gzip:     0.85 kB │ map:     5.24 kB
dist/assets/index-BJJq3Ru5.js                              2.00 kB │ gzip:     1.05 kB │ map:     7.96 kB
dist/assets/asset-inspection-Bf7uppnv.js                   3.24 kB │ gzip:     1.54 kB │ map:    11.38 kB
dist/assets/lab-contracts-BIycLH2B.js                      3.25 kB │ gzip:     1.52 kB │ map:    15.85 kB
dist/assets/index-CbKg7XsI.js                              3.69 kB │ gzip:     1.83 kB │ map:     6.85 kB
dist/assets/lab-engine-Ci4Y6_4r.js                         4.22 kB │ gzip:     1.90 kB │ map:    14.44 kB
dist/assets/paths-C-m_HCM-.js                             11.02 kB │ gzip:     5.42 kB │ map:    28.52 kB
dist/assets/index-CtZ-usB_.js                             17.96 kB │ gzip:     8.12 kB │ map:    70.68 kB
dist/assets/index-DRKw3oe6.js                             20.53 kB │ gzip:     9.21 kB │ map:    53.78 kB
dist/assets/xpeng-model-D0QYAiS7.js                       53.77 kB │ gzip:    22.02 kB │ map:   190.56 kB
dist/assets/showroom-model-DrKCXzBU.js                    78.19 kB │ gzip:    23.59 kB │ map:   294.72 kB
dist/assets/index-Djcf7Ui8.js                            296.37 kB │ gzip:   110.06 kB │ map:   840.06 kB
dist/assets/viewer-CKAvdsUc.js                           599.51 kB │ gzip:   154.14 kB │ map: 2,917.21 kB

(!) Some chunks are larger than 500 kB after minification. Consider:
- Using dynamic import() to code-split the application
- Use build.rollupOptions.output.manualChunks to improve chunking: https://rollupjs.org/configuration-options/#output-manualchunks
- Adjust chunk size limit for this warning via build.chunkSizeWarningLimit.
✓ built in 2.83s
