### Result
{"errors":[],"replay":{"run":"纯电 SUV · 布局 teaching-fixed-v1 · 4×4×4 · f384328e","status":"实验就绪 · 283 ms · 末4秒线性总改善 12.0 dB（教学模型）；四座位d/e共用试听衰减 0.059"},"started":{"run":"纯电 SUV · 布局 teaching-fixed-v1 · 实时 4×4×4 · 99cb3407","status":"实时运行 · 0.0 s · 缓冲 1.36 s · 共同安全增益 0.135 · 补缓冲 0 次"},"off":{"status":"实时运行 · 1.4 s · 缓冲 1.40 s · 共同安全增益 0.134 · 补缓冲 0 次","audition":"实时试听：残差 e · 权重冻结 / 输出关闭"},"on":{"status":"实时运行 · 2.8 s · 缓冲 1.39 s · 共同安全增益 0.097 · 补缓冲 0 次","audition":"实时试听：残差 e · 自适应控制","field":"教学布局声场截至 2.50 s · 写实外观不投影"}}
### Ran Playwright code
```js
await (// Production build: PORT=5193 pnpm start
// Run:
// npx --yes --package @playwright/cli playwright-cli -s=a1-field-request run-code --filename docs/evidence/A1/A1-FULL-013/field-request-identity/qa-live.js
async (page) => {
  const errors = [];
  page.on('pageerror', error => errors.push(error.message));
  await page.setViewportSize({ width: 1440, height: 900 });
  await page.goto('http://127.0.0.1:5193/');
  await page.locator('#lab-viewer canvas').waitFor();
  await page.locator('#lab-mode').selectOption('replay');
  await page.locator('#lab-duration').selectOption('10');
  await page.locator('#lab-calculate').click();
  await page.waitForFunction(() => document.querySelector('#lab-status')?.textContent?.includes('实验就绪'), undefined, { timeout: 30000 });
  const replay = {
    run: await page.locator('#lab-run').textContent(),
    status: await page.locator('#lab-status').textContent(),
  };
  await page.locator('#lab-mode').selectOption('live');
  await page.locator('#lab-field').selectOption('residual');
  await page.locator('#lab-calculate').click();
  await page.waitForFunction(() => document.querySelector('#lab-status')?.textContent?.includes('实时运行'), undefined, { timeout: 30000 });
  const started = {
    run: await page.locator('#lab-run').textContent(),
    status: await page.locator('#lab-status').textContent(),
  };
  await page.locator('#lab-rnc-on').click();
  await page.waitForFunction(() => document.querySelector('#lab-rnc-on')?.getAttribute('aria-pressed') === 'false' && document.querySelector('#lab-audition-state')?.textContent?.includes('权重冻结'), undefined, { timeout: 30000 });
  const off = {
    status: await page.locator('#lab-status').textContent(),
    audition: await page.locator('#lab-audition-state').textContent(),
  };
  await page.locator('#lab-rnc-on').click();
  await page.waitForFunction(() => document.querySelector('#lab-rnc-on')?.getAttribute('aria-pressed') === 'true' && document.querySelector('#lab-audition-state')?.textContent?.includes('自适应控制'), undefined, { timeout: 30000 });
  await page.waitForFunction(() => {
    const status = document.querySelector('#lab-field-status')?.textContent ?? '';
    const seconds = Number(status.match(/截至 ([\d.]+) s/)?.[1]);
    return status.includes('教学布局声场') && seconds >= 2;
  }, undefined, { timeout: 30000 });
  const on = {
    status: await page.locator('#lab-status').textContent(),
    audition: await page.locator('#lab-audition-state').textContent(),
    field: await page.locator('#lab-field-status').textContent(),
  };
  await page.locator('.lab-workspace').screenshot({ path: 'docs/evidence/A1/A1-FULL-013/field-request-identity/live-rnc.png' });
  if (errors.length || !replay.run?.includes('teaching-fixed-v1') || !started.run?.includes('teaching-fixed-v1') || !off.status?.includes('实时运行') || !on.status?.includes('实时运行')) {
    throw new Error(JSON.stringify({ errors, replay, started, off, on }));
  }
  return { errors, replay, started, off, on };
}
)(page);
```
### Page
- Page URL: http://127.0.0.1:5193/
- Page Title: RNC · 四通道声学实验室
- Console: 1 errors, 0 warnings
### Events
- New console entries: .playwright-cli\console-2026-09-28T20-45-06-722Z.log#L3
