Already up to date
Done in 503ms using pnpm v11.19.0
pnpm.cmd : $ pnpm typecheck && pnpm check:boundaries && pnpm test && pnpm build
所在位置 行:3 字符: 1
+ pnpm.cmd check *> test-results/env011/check-release.log
+ ~~~~~~~~~~~~~~~~~~~~~~~~~~~~~~~~~~~~~~~~~~~~~~~~~~~~~~~
    + CategoryInfo          : NotSpecified: ($ pnpm typechec...t && pnpm build:String) [], RemoteException
    + FullyQualifiedErrorId : NativeCommandError

$ tsc --noEmit
$ node scripts/check-boundaries.mjs
源码边界通过：A/B 互不导入；shared 独立；integration 负责装配。
$ tsx --test tests/*.test.ts
TAP version 13
# Subtest: one road change compares the same weighted window without keeping mutable config
ok 1 - one road change compares the same weighted window without keeping mutable config
  ---
  duration_ms: 3.2612
  ...
# Subtest: changed operating conditions block numeric deltas even when values are present
ok 2 - changed operating conditions block numeric deltas even when values are present
  ---
  duration_ms: 0.6726
  ...
# Subtest: multiple configuration changes remain visible and missing seat values stay unavailable
ok 3 - multiple configuration changes remain visible and missing seat values stay unavailable
  ---
  duration_ms: 0.9092
  ...
# Subtest: legacy teaching layout compares with explicit teaching ID but another layout suppresses deltas
ok 4 - legacy teaching layout compares with explicit teaching ID but another layout suppresses deltas
  ---
  duration_ms: 0.3886
  ...
# Subtest: exported A/B summary survives JSON roundtrip and recomputes deltas
ok 5 - exported A/B summary survives JSON roundtrip and recomputes deltas
  ---
  duration_ms: 4.5292
  ...
# Subtest: condition mismatch imports but suppresses unsupported deltas
ok 6 - condition mismatch imports but suppresses unsupported deltas
  ---
  duration_ms: 2.6797
  ...
# Subtest: rejects oversized, forged, malformed and nonfinite evidence
ok 7 - rejects oversized, forged, malformed and nonfinite evidence
  ---
  duration_ms: 3.2128
  ...
# Subtest: foreign layouts remain readable but never acquire a numeric comparison
ok 8 - foreign layouts remain readable but never acquire a numeric comparison
  ---
  duration_ms: 1.2962
  ...
# Subtest: older rnc-case-v1 without layout identity imports as teaching layout
ok 9 - older rnc-case-v1 without layout identity imports as teaching layout
  ---
  duration_ms: 0.8928
  ...
# Subtest: one-variable review reports measured direction without assigning cause or approval
ok 10 - one-variable review reports measured direction without assigning cause or approval
  ---
  duration_ms: 2.4457
  ...
# Subtest: confounded or mismatched cases never receive a causal or numeric verdict
ok 11 - confounded or mismatched cases never receive a causal or numeric verdict
  ---
  duration_ms: 0.7885
  ...
# Subtest: an unregistered layout is labeled as file-reported evidence without a verdict
ok 12 - an unregistered layout is labeled as file-reported evidence without a verdict
  ---
  duration_ms: 0.5307
  ...
# Subtest: new human fields roundtrip, legacy v1 imports blank, computed facts ignore human claims
ok 13 - new human fields roundtrip, legacy v1 imports blank, computed facts ignore human claims
  ---
  duration_ms: 5.3029
  ...
# Subtest: A1: unavailable convergence values leave gaps rather than zero gain or connecting across missing data
ok 14 - A1: unavailable convergence values leave gaps rather than zero gain or connecting across missing data
  ---
  duration_ms: 2.494
  ...
# Subtest: A1: original noise draws once in grey, residual compares against the same original channel
ok 15 - A1: original noise draws once in grey, residual compares against the same original channel
  ---
  duration_ms: 0.9604
  ...
# Subtest: paired spatial evidence distinguishes quieter, louder and near-zero samples without claiming a volume mean
ok 16 - paired spatial evidence distinguishes quieter, louder and near-zero samples without claiming a volume mean
  ---
  duration_ms: 1.9443
  ...
# Subtest: invalid, mismatched and nonfinite samples cannot produce a stale or invented spatial verdict
ok 17 - invalid, mismatched and nonfinite samples cannot produce a stale or invented spatial verdict
  ---
  duration_ms: 0.3681
  ...
# Subtest: guide requires actual baseline and candidate runs before showing comparison evidence
ok 18 - guide requires actual baseline and candidate runs before showing comparison evidence
  ---
  duration_ms: 2.1129
  ...
# Subtest: changed operating condition or multiple edits block the guided verdict
ok 19 - changed operating condition or multiple edits block the guided verdict
  ---
  duration_ms: 0.7401
  ...
# Subtest: invalid candidate and stale field never unlock listening
ok 20 - invalid candidate and stale field never unlock listening
  ---
  duration_ms: 0.4174
  ...
# Subtest: a candidate field unlocks guidance only at the comparison window end
ok 21 - a candidate field unlocks guidance only at the comparison window end
  ---
  duration_ms: 0.2888
  ...
# Subtest: lab playback applies one gain to all eight signals, preserves d/e ratios and does not mutate physics
ok 22 - lab playback applies one gain to all eight signals, preserves d/e ratios and does not mutate physics
  ---
  duration_ms: 54.0673
  ...
# Subtest: actual extreme valid lab experiment has no clipped samples after shared preparation
ok 23 - actual extreme valid lab experiment has no clipped samples after shared preparation
  ---
  duration_ms: 1530.0549
  ...
# Subtest: sinc overshoot is covered by the strict bound; silence and low-level legacy gain remain unchanged
ok 24 - sinc overshoot is covered by the strict bound; silence and low-level legacy gain remain unchanged
  ---
  duration_ms: 2.7965
  ...
# Subtest: live Worker cancellation rejects pending work and late old errors cannot kill the new run
ok 25 - live Worker cancellation rejects pending work and late old errors cannot kill the new run
  ---
  duration_ms: 32.3655
  ...
# Subtest: field failure is recoverable but a processor failure rejects every pending query
ok 26 - field failure is recoverable but a processor failure rejects every pending query
  ---
  duration_ms: 3.1336
  ...
# Subtest: start cancellation and foreign run identities fail explicitly; batch mode cannot produce live chunks
ok 27 - start cancellation and foreign run identities fail explicitly; batch mode cannot produce live chunks
  ---
  duration_ms: 4.5221
  ...
# Subtest: live RNC control returns the exact sample boundary and a rejected switch preserves the running worker
ok 28 - live RNC control returns the exact sample boundary and a rejected switch preserves the running worker
  ---
  duration_ms: 7.3145
  ...
# Subtest: legacy layout is stamped and unimplemented layouts fail before replacing a running experiment
ok 29 - legacy layout is stamped and unimplemented layouts fail before replacing a running experiment
  ---
  duration_ms: 3.9826
  ...
# Subtest: field frames without the active physical layout are rejected without killing the experiment
ok 30 - field frames without the active physical layout are rejected without killing the experiment
  ---
  duration_ms: 2.4284
  ...
# Subtest: a field reply cannot substitute another time, weighting or sampling plane within the same run
ok 31 - a field reply cannot substitute another time, weighting or sampling plane within the same run
  ---
  duration_ms: 1.3033
  ...
# Subtest: batch results and live packets cannot switch physical layout inside an accepted run
ok 32 - batch results and live packets cannot switch physical layout inside an accepted run
  ---
  duration_ms: 1.1141
  ...
# Subtest: same-layout responses cannot substitute another vehicle or physical experiment configuration
ok 33 - same-layout responses cannot substitute another vehicle or physical experiment configuration
  ---
  duration_ms: 1.7986
  ...
# Subtest: Worker replies without the active run identity cannot enter results or field views
ok 34 - Worker replies without the active run identity cannot enter results or field views
  ---
  duration_ms: 1.3038
  ...
# Subtest: log frequency coordinates give equal spacing to equal ratios and omit DC
ok 35 - log frequency coordinates give equal spacing to equal ratios and omit DC
  ---
  duration_ms: 3.1798
  ...
# Subtest: seat curves preserve full-run SPL history and missing values while excluding future frames
ok 36 - seat curves preserve full-run SPL history and missing values while excluding future frames
  ---
  duration_ms: 1.4512
  ...
# Subtest: physical traces share Pa scale, show original and use absolute sample time after a live history wrap
ok 37 - physical traces share Pa scale, show original and use absolute sample time after a live history wrap
  ---
  duration_ms: 1.1822
  ...
# Subtest: the initial waveform uses the same five-second scale as a full rolling window
ok 38 - the initial waveform uses the same five-second scale as a full rolling window
  ---
  duration_ms: 1.077
  ...
# Subtest: PSD comparisons use actual FFT bin positions and original selection is not drawn twice
ok 39 - PSD comparisons use actual FFT bin positions and original selection is not drawn twice
  ---
  duration_ms: 1.7015
  ...
# Subtest: first valid point is visible and null SPL gaps never create fake zero levels
ok 40 - first valid point is visible and null SPL gaps never create fake zero levels
  ---
  duration_ms: 3.568
  ...
# Subtest: acceleration and speaker drive never masquerade as pressure on a common axis
ok 41 - acceleration and speaker drive never masquerade as pressure on a common axis
  ---
  duration_ms: 1.0739
  ...
# Subtest: manual plot bounds and hidden primary traces apply independently without changing samples
ok 42 - manual plot bounds and hidden primary traces apply independently without changing samples
  ---
  duration_ms: 2.2637
  ...
# Subtest: divergent but finite Float32 pressure is bounded only in the audition copies
ok 43 - divergent but finite Float32 pressure is bounded only in the audition copies
  ---
  duration_ms: 123.8669
  ...
# Subtest: streaming sinc is independent of chunk partition and matches continuous interpolation before the real lookahead tail
ok 44 - streaming sinc is independent of chunk partition and matches continuous interpolation before the real lookahead tail
  ---
  duration_ms: 271.7634
  ...
# Subtest: common lookahead safety envelope preserves all eight d/e ratios, bounds peaks and retains bounded memory
ok 45 - common lookahead safety envelope preserves all eight d/e ratios, bounds peaks and retains bounded memory
  ---
  duration_ms: 1515.34
  ...
# Subtest: finishing releases exactly the real lookahead tail, including a run shorter than that tail
ok 46 - finishing releases exactly the real lookahead tail, including a run shorter than that tail
  ---
  duration_ms: 18.4288
  ...
# Subtest: live queue validates complete finite contiguous chunks without changing accepted state on rejection
ok 47 - live queue validates complete finite contiguous chunks without changing accepted state on rejection
  ---
  duration_ms: 71.2791
  ...
# Subtest: one audio clock freezes on starvation and resumes at the missing sample instead of skipping wall time
ok 48 - one audio clock freezes on starvation and resumes at the missing sample instead of skipping wall time
  ---
  duration_ms: 8.0033
  ...
# Subtest: queued chunks are gapless and all comparisons share one eight-channel buffer without a new clock on switching
ok 49 - queued chunks are gapless and all comparisons share one eight-channel buffer without a new clock on switching
  ---
  duration_ms: 8.8893
  ...
# Subtest: pause preserves partly consumed audio and a cold allocation never advances the simulation clock
ok 50 - pause preserves partly consumed audio and a cold allocation never advances the simulation clock
  ---
  duration_ms: 3.7325
  ...
# Subtest: async resume cannot revive pause/reset/dispose or clear a newer request, and failure is retryable
ok 51 - async resume cannot revive pause/reset/dispose or clear a newer request, and failure is retryable
  ---
  duration_ms: 14.082
  ...
# Subtest: continuous enqueue stays bounded for ten minutes and finishes exactly without a false underrun or restart
ok 52 - continuous enqueue stays bounded for ten minutes and finishes exactly without a false underrun or restart
  ---
  duration_ms: 17822.2639
  ...
# Subtest: pause and resume while draining keeps the final samples and exact endpoint
ok 53 - pause and resume while draining keeps the final samples and exact endpoint
  ---
  duration_ms: 19.9229
  ...
# Subtest: offline package verifier accepts the exact build and rejects changed, extra or missing files
ok 54 - offline package verifier accepts the exact build and rejects changed, extra or missing files
  ---
  duration_ms: 2494.0522
  ...
# Subtest: A1: preparing first audio buffer does not skip the requested playback position
ok 55 - A1: preparing first audio buffer does not skip the requested playback position
  ---
  duration_ms: 91.8146
  ...
# Subtest: A1: pause cancels pending audio resume; repeated play creates one start
ok 56 - A1: pause cancels pending audio resume; repeated play creates one start
  ---
  duration_ms: 43.8827
  ...
# Subtest: A1: loading a new experiment cancels an earlier pending play
ok 57 - A1: loading a new experiment cancels an earlier pending play
  ---
  duration_ms: 1.4277
  ...
# Subtest: A1: reaching the end stays stopped when seeking, including before ended is delivered
ok 58 - A1: reaching the end stays stopped when seeking, including before ended is delivered
  ---
  duration_ms: 30.2114
  ...
# Subtest: A1: seeking to the end stops; replay starts only on explicit play
ok 59 - A1: seeking to the end stops; replay starts only on explicit play
  ---
  duration_ms: 29.5601
  ...
# Subtest: A1: cold seat/mode switches prepare audio before fading, keep time and use the same gain
ok 60 - A1: cold seat/mode switches prepare audio before fading, keep time and use the same gain
  ---
  duration_ms: 523.9166
  ...
# Subtest: A1: audio resume failure leaves a retryable paused player
ok 61 - A1: audio resume failure leaves a retryable paused player
  ---
  duration_ms: 45.2303
  ...
# Subtest: A1: an obsolete resume cannot clear or start a newer play request
ok 62 - A1: an obsolete resume cannot clear or start a newer play request
  ---
  duration_ms: 20.4137
  ...
# Subtest: A1: seeking while playing continues at the new position without a retired ended event stopping it
ok 63 - A1: seeking while playing continues at the new position without a retired ended event stopping it
  ---
  duration_ms: 29.6115
  ...
# Subtest: A1: a cold comparison prepared across the end never restarts the clip
ok 64 - A1: a cold comparison prepared across the end never restarts the clip
  ---
  duration_ms: 73.4913
  ...
# Subtest: variable duration playback seeks past 16s, switches modes and stops exactly at each loaded clip end
ok 65 - variable duration playback seeks past 16s, switches modes and stops exactly at each loaded clip end
  ---
  duration_ms: 158.4817
  ...
# Subtest: asset shell modes isolate shared interior materials and restore original ownership once
ok 66 - asset shell modes isolate shared interior materials and restore original ownership once
  ---
  duration_ms: 19.919
  ...
# Subtest: authored asset sections follow actual moving meshes without inventing solid caps or changing coordinates
ok 67 - authored asset sections follow actual moving meshes without inventing solid caps or changing coordinates
  ---
  duration_ms: 32.5017
  ...
# Subtest: asset picking skips hidden ancestors and discarded section surfaces, and selection bounds follow disassembly
ok 68 - asset picking skips hidden ancestors and discarded section surfaces, and selection bounds follow disassembly
  ---
  duration_ms: 13.4988
  ...
# Subtest: selection excludes hidden descendants and follows ancestor transforms without a section
ok 69 - selection excludes hidden descendants and follows ancestor transforms without a section
  ---
  duration_ms: 5.2997
  ...
# Subtest: selection is restricted to retained section bounds and disappears when fully clipped
ok 70 - selection is restricted to retained section bounds and disappears when fully clipped
  ---
  duration_ms: 6.8165
  ...
# Subtest: actual ICE asset keeps all 74127 triangles and 30 groups through inspection, disassembly and full restoration
ok 71 - actual ICE asset keeps all 74127 triangles and 30 groups through inspection, disassembly and full restoration
  ---
  duration_ms: 344.031
  ...
# Subtest: CP controlled comparison blocks road/source/seed/operating changes; scenario states differences
ok 72 - CP controlled comparison blocks road/source/seed/operating changes; scenario states differences
  ---
  duration_ms: 3.4258
  ...
# Subtest: CP declared controller changes retain negative outcomes and do not change input snapshots
ok 73 - CP declared controller changes retain negative outcomes and do not change input snapshots
  ---
  duration_ms: 0.5644
  ...
# Subtest: CP scenario cannot cross layout or absolute analysis window
ok 74 - CP scenario cannot cross layout or absolute analysis window
  ---
  duration_ms: 0.5525
  ...
# Subtest: CP mode survives summary roundtrip; old summaries retain historical comparison meaning
ok 75 - CP mode survives summary roundtrip; old summaries retain historical comparison meaning
  ---
  duration_ms: 3.5657
  ...
# Subtest: CP nonfinite external readings never become displayed delta
ok 76 - CP nonfinite external readings never become displayed delta
  ---
  duration_ms: 0.3505
  ...
# Subtest: separate curved sheets have continuous boundary normals and finite UV coordinates
ok 77 - separate curved sheets have continuous boundary normals and finite UV coordinates
  ---
  duration_ms: 12.1384
  ...
# Subtest: rounded lamp apertures preserve the original silhouette bounds without repeated sharp corners
ok 78 - rounded lamp apertures preserve the original silhouette bounds without repeated sharp corners
  ---
  duration_ms: 0.7775
  ...
# Subtest: P7 shoulder-to-window gap is closed by paint owned by the removable front door
ok 79 - P7 shoulder-to-window gap is closed by paint owned by the removable front door
  ---
  duration_ms: 1940.1206
  ...
# Subtest: dense grid queries 1989 distinct locations across the original spatial extent
ok 80 - dense grid queries 1989 distinct locations across the original spatial extent
  ---
  duration_ms: 7.5236
  ...
# Subtest: dense texture retains the exact engine point order and paired channel energy
ok 81 - dense texture retains the exact engine point order and paired channel energy
  ---
  duration_ms: 7.4523
  ...
# Subtest: volume mode contains no visible planar slices; explicit slices remain available
ok 82 - volume mode contains no visible planar slices; explicit slices remain available
  ---
  duration_ms: 23.5431
  ...
# Subtest: temporal transition blends energy and a replacement starts at the displayed energy
ok 83 - temporal transition blends energy and a replacement starts at the displayed energy
  ---
  duration_ms: 16.9404
  ...
# Subtest: rewind, weighting, layout and point changes never blend incompatible frames
ok 84 - rewind, weighting, layout and point changes never blend incompatible frames
  ---
  duration_ms: 12.0033
  ...
# Subtest: driving distance uses the experiment clock, including pause and backward seek
ok 85 - driving distance uses the experiment clock, including pause and backward seek
  ---
  duration_ms: 1.8392
  ...
# Subtest: road segments cover a continuous range and preserve world identity while passing the car
ok 86 - road segments cover a continuous range and preserve world identity while passing the car
  ---
  duration_ms: 1.5007
  ...
# Subtest: four cabin eyes share P7 seat coordinates and are distinct from the microphones
ok 87 - four cabin eyes share P7 seat coordinates and are distinct from the microphones
  ---
  duration_ms: 0.3677
  ...
# Subtest: cabin look rotates around the eye without translating it and clamps pitch
ok 88 - cabin look rotates around the eye without translating it and clamps pitch
  ---
  duration_ms: 1.6806
  ...
# Subtest: wheel spin preserves its axle and semantic attachment, keeping the brake caliper stationary
ok 89 - wheel spin preserves its axle and semantic attachment, keeping the brake caliper stationary
  ---
  duration_ms: 8.1158
  ...
# Subtest: curved graded route preserves arc length, periodic seams and reversible vehicle coordinates
ok 90 - curved graded route preserves arc length, periodic seams and reversible vehicle coordinates
  ---
  duration_ms: 161.3874
  ...
# Subtest: A2 landscape: finite, continuous, bounded slopes across every environment and negative world coordinates
ok 91 - A2 landscape: finite, continuous, bounded slopes across every environment and negative world coordinates
  ---
  duration_ms: 2283.59
  ...
# Subtest: A2 road ground stays below the travelled lane through bends and grades
ok 92 - A2 road ground stays below the travelled lane through bends and grades
  ---
  duration_ms: 95.611
  ...
# Subtest: A2 recycled world tiles stay beyond the fully faded distance for forward and backward driving
ok 93 - A2 recycled world tiles stay beyond the fully faded distance for forward and backward driving
  ---
  duration_ms: 6.0207
  ...
# Subtest: A2 sky retains complete imagery while loading and blends monotonically; rapid requests retain referenced textures
ok 94 - A2 sky retains complete imagery while loading and blends monotonically; rapid requests retain referenced textures
  ---
  duration_ms: 26.0616
  ...
# Subtest: A2 outdoor camera cannot enter the floor, car shell or distant scenery after repeated pan/zoom/orbit
ok 95 - A2 outdoor camera cannot enter the floor, car shell or distant scenery after repeated pan/zoom/orbit
  ---
  duration_ms: 1.4928
  ...
# Subtest: volume texture keeps every queried point and both channels in WebGL storage order
ok 96 - volume texture keeps every queried point and both channels in WebGL storage order
  ---
  duration_ms: 5.6477
  ...
# Subtest: spatial smoothing operates on mean-square energy, not a mean of dB or RGB
ok 97 - spatial smoothing operates on mean-square energy, not a mean of dB or RGB
  ---
  duration_ms: 1.8857
  ...
# Subtest: improvement is the signed, same-point same-frame difference; worsening is retained
ok 98 - improvement is the signed, same-point same-frame difference; worsening is retained
  ---
  duration_ms: 0.4186
  ...
# Subtest: detail range includes both channels and has a nonzero span even for a flat frame
ok 99 - detail range includes both channels and has a nonzero span even for a flat frame
  ---
  duration_ms: 1.8172
  ...
# Subtest: improvement detail keeps zero centered and includes real worsening and improvement
ok 100 - improvement detail keeps zero centered and includes real worsening and improvement
  ---
  duration_ms: 0.5832
  ...
# Subtest: camera moves around the car and reaches an exact endpoint without overshoot
ok 101 - camera moves around the car and reaches an exact endpoint without overshoot
  ---
  duration_ms: 2.804
  ...
# Subtest: manual input cancels motion; a rapid replacement starts at the currently visible pose
ok 102 - manual input cancels motion; a rapid replacement starts at the currently visible pose
  ---
  duration_ms: 3.0121
  ...
# Subtest: dense queries yield in bounded batches and publish the original point order at one window
ok 103 - dense queries yield in bounded batches and publish the original point order at one window
  ---
  duration_ms: 118.5002
  ...
# Subtest: a late query is cancelled before more chunks are submitted
ok 104 - a late query is cancelled before more chunks are submitted
  ---
  duration_ms: 2.8491
  ...
# Subtest: different windows, weighting, positions and layout cannot be merged into one field
ok 105 - different windows, weighting, positions and layout cannot be merged into one field
  ---
  duration_ms: 49.7579
  ...
# Subtest: an invalid warm-up grid stays invalid instead of becoming a coloured result
ok 106 - an invalid warm-up grid stays invalid instead of becoming a coloured result
  ---
  duration_ms: 187.8248
  ...
# Subtest: three slice meshes use the original 280 queried positions, including their fixed physical planes
ok 107 - three slice meshes use the original 280 queried positions, including their fixed physical planes
  ---
  duration_ms: 2.6549
  ...
# Subtest: a reordered, truncated or non-finite B field frame cannot color the old locations
ok 108 - a reordered, truncated or non-finite B field frame cannot color the old locations
  ---
  duration_ms: 0.6901
  ...
# Subtest: moving each sampled plane requests its physical position and refuses the previous field frame
ok 109 - moving each sampled plane requests its physical position and refuses the previous field frame
  ---
  duration_ms: 2.6872
  ...
# Subtest: A2 gallery shore is one upward-facing indexed surface with an identical 360-degree seam
ok 110 - A2 gallery shore is one upward-facing indexed surface with an identical 360-degree seam
  ---
  duration_ms: 11516.1865
  ...
# Subtest: A2 platform perimeter is supported continuously and both stair landings finish above soil and water
ok 111 - A2 platform perimeter is supported continuously and both stair landings finish above soil and water
  ---
  duration_ms: 7.1678
  ...
# Subtest: A2 lake has an irregular continuous shore and low distant relief preserving the photographic skyline
ok 112 - A2 lake has an irregular continuous shore and low distant relief preserving the photographic skyline
  ---
  duration_ms: 235.9776
  ...
# Subtest: A2 deterministic landscape footprints clear the platform and stairs; plants only root on dry land
ok 113 - A2 deterministic landscape footprints clear the platform and stairs; plants only root on dry land
  ---
  duration_ms: 95.1511
  ...
# Subtest: A2 photographed grassland stays open while alpine trees form varied dry foothill groves
ok 114 - A2 photographed grassland stays open while alpine trees form varied dry foothill groves
  ---
  duration_ms: 55.4838
  ...
# Subtest: A2 platform has a continuous load-bearing car bay and a shallow, supported access path
ok 115 - A2 platform has a continuous load-bearing car bay and a shallow, supported access path
  ---
  duration_ms: 1163.2863
  ...
# Subtest: A2 platform remains one underfloor visibility unit and keeps rough stone opaque across environments
ok 116 - A2 platform remains one underfloor visibility unit and keeps rough stone opaque across environments
  ---
  duration_ms: 53.0455
  ...
# Subtest: A2 platform releases each owned GPU resource once, including instanced detail buffers
ok 117 - A2 platform releases each owned GPU resource once, including instanced detail buffers
  ---
  duration_ms: 12.8424
  ...
# Subtest: 12 coincident projections remain separate and inside the narrow supported viewer
ok 118 - 12 coincident projections remain separate and inside the narrow supported viewer
  ---
  duration_ms: 5.0943
  ...
# Subtest: four source illustrations can share a narrow view with all 12 hardware labels
ok 119 - four source illustrations can share a narrow view with all 12 hardware labels
  ---
  duration_ms: 2.2958
  ...
# Subtest: labels at viewport edges and densely grouped hardware remain clickable
ok 120 - labels at viewport edges and densely grouped hardware remain clickable
  ---
  duration_ms: 8.0846
  ...
# Subtest: lab labels stay on the side rails at full-page size, leaving the vehicle clear
ok 121 - lab labels stay on the side rails at full-page size, leaving the vehicle clear
  ---
  duration_ms: 1.2392
  ...
# Subtest: lab side rails remain separate and clickable in a narrow 360 px viewer
ok 122 - lab side rails remain separate and clickable in a narrow 360 px viewer
  ---
  duration_ms: 0.4538
  ...
# Subtest: P7+ canopy, liftback glazing and rear bumper are separately owned assemblies
ok 123 - P7+ canopy, liftback glazing and rear bumper are separately owned assemblies
  ---
  duration_ms: 2212.8903
  ...
# Subtest: P7+ hidden shell exposes actual seat picking, and clipping rejects the removed half
ok 124 - P7+ hidden shell exposes actual seat picking, and clipping rejects the removed half
  ---
  duration_ms: 2101.1238
  ...
# Subtest: P7+ intermediate explosion poses remain finite and return to identical world transforms
ok 125 - P7+ intermediate explosion poses remain finite and return to identical world transforms
  ---
  duration_ms: 1280.8319
  ...
# Subtest: P7+ paint and shell presentation preserve independent glass, tires and cabin materials
ok 126 - P7+ paint and shell presentation preserve independent glass, tires and cabin materials
  ---
  duration_ms: 1204.6316
  ...
# Subtest: P7 detailed EV assemblies and acoustic diaphragms own their reversible geometry
ok 127 - P7 detailed EV assemblies and acoustic diaphragms own their reversible geometry
  ---
  duration_ms: 1209.2565
  ...
# Subtest: featured structures exist in each generated architecture and explain its actual drive path
ok 128 - featured structures exist in each generated architecture and explain its actual drive path
  ---
  duration_ms: 736.1792
  ...
# Subtest: true mesh-plane sections preserve area, plane position and outward normal after transforms
ok 129 - true mesh-plane sections preserve area, plane position and outward normal after transforms
  ---
  duration_ms: 18.3741
  ...
# Subtest: section through exact edges is closed; tangencies and existing coplanar faces are not duplicated
ok 130 - section through exact edges is closed; tangencies and existing coplanar faces are not duplicated
  ---
  duration_ms: 3.0981
  ...
# Subtest: ring sections keep their holes and disconnected islands; open surfaces never get a solid cap
ok 131 - ring sections keep their holes and disconnected islands; open surfaces never get a solid cap
  ---
  duration_ms: 47.8922
  ...
# Subtest: section display updates from exploded geometry, respects ancestor visibility and material opacity
ok 132 - section display updates from exploded geometry, respects ancestor visibility and material opacity
  ---
  duration_ms: 4.4905
  ...
# Subtest: bundled showroom SUV is the attributed, offline CC BY asset within the geometry budget
ok 133 - bundled showroom SUV is the attributed, offline CC BY asset within the geometry budget
  ---
  duration_ms: 9.2634
  ...
# Subtest: BEV showroom keeps the original attribution and bundles a decodable offline model
ok 134 - BEV showroom keeps the original attribution and bundles a decodable offline model
  ---
  duration_ms: 9.3704
  ...
# Subtest: four drivetrains preserve their physical differences and five-seat cabin
ok 135 - four drivetrains preserve their physical differences and five-seat cabin
  ---
  duration_ms: 633.7321
  ...
# Subtest: vehicle geometry is finite and every owned GPU resource is disposed once
ok 136 - vehicle geometry is finite and every owned GPU resource is disposed once
  ---
  duration_ms: 567.4981
  ...
# Subtest: the BEV and EREV battery enclosure remains directly visible from the underbody
ok 137 - the BEV and EREV battery enclosure remains directly visible from the underbody
  ---
  duration_ms: 284.5498
  ...
# Subtest: the closed side sill hides the floor and battery at door level on all four vehicles
ok 138 - the closed side sill hides the floor and battery at door level on all four vehicles
  ---
  duration_ms: 541.3507
  ...
# Subtest: xpeng-p7plus: independent layout, full cross paths, both sources and live/batch/field agreement
ok 139 - xpeng-p7plus: independent layout, full cross paths, both sources and live/batch/field agreement
  ---
  duration_ms: 783.6241
  ...
# Subtest: xpeng-p7plus: observer seats and acoustic attachment nodes exist in the actual detachable model
ok 140 - xpeng-p7plus: observer seats and acoustic attachment nodes exist in the actual detachable model
  ---
  duration_ms: 2043.8515
  ...
# Subtest: xpeng-x9: independent layout, full cross paths, both sources and live/batch/field agreement
ok 141 - xpeng-x9: independent layout, full cross paths, both sources and live/batch/field agreement
  ---
  duration_ms: 477.2084
  ...
# Subtest: xpeng-x9: observer seats and acoustic attachment nodes exist in the actual detachable model
ok 142 - xpeng-x9: observer seats and acoustic attachment nodes exist in the actual detachable model
  ---
  duration_ms: 2234.8622
  ...
# Subtest: xpeng-l03: independent layout, full cross paths, both sources and live/batch/field agreement
ok 143 - xpeng-l03: independent layout, full cross paths, both sources and live/batch/field agreement
  ---
  duration_ms: 412.9819
  ...
# Subtest: xpeng-l03: observer seats and acoustic attachment nodes exist in the actual detachable model
ok 144 - xpeng-l03: observer seats and acoustic attachment nodes exist in the actual detachable model
  ---
  duration_ms: 1504.3766
  ...
# Subtest: xpeng-m03: independent layout, full cross paths, both sources and live/batch/field agreement
ok 145 - xpeng-m03: independent layout, full cross paths, both sources and live/batch/field agreement
  ---
  duration_ms: 498.9726
  ...
# Subtest: xpeng-m03: observer seats and acoustic attachment nodes exist in the actual detachable model
ok 146 - xpeng-m03: observer seats and acoustic attachment nodes exist in the actual detachable model
  ---
  duration_ms: 1838.6895
  ...
# Subtest: xpeng-gx: independent layout, full cross paths, both sources and live/batch/field agreement
ok 147 - xpeng-gx: independent layout, full cross paths, both sources and live/batch/field agreement
  ---
  duration_ms: 489.8044
  ...
# Subtest: xpeng-gx: observer seats and acoustic attachment nodes exist in the actual detachable model
ok 148 - xpeng-gx: observer seats and acoustic attachment nodes exist in the actual detachable model
  ---
  duration_ms: 1700.9173
  ...
# Subtest: x9: P7-level structural coverage and correctly separated battery layers
ok 149 - x9: P7-level structural coverage and correctly separated battery layers
  ---
  duration_ms: 3056.1051
  ...
# Subtest: x9: interior ray picking and sampled disassembly restore world transforms
ok 150 - x9: interior ray picking and sampled disassembly restore world transforms
  ---
  duration_ms: 2605.1103
  ...
# Subtest: l03: P7-level structural coverage and correctly separated battery layers
ok 151 - l03: P7-level structural coverage and correctly separated battery layers
  ---
  duration_ms: 1536.2355
  ...
# Subtest: l03: interior ray picking and sampled disassembly restore world transforms
ok 152 - l03: interior ray picking and sampled disassembly restore world transforms
  ---
  duration_ms: 1637.3442
  ...
# Subtest: m03: P7-level structural coverage and correctly separated battery layers
ok 153 - m03: P7-level structural coverage and correctly separated battery layers
  ---
  duration_ms: 1739.8337
  ...
# Subtest: m03: interior ray picking and sampled disassembly restore world transforms
ok 154 - m03: interior ray picking and sampled disassembly restore world transforms
  ---
  duration_ms: 1806.9421
  ...
# Subtest: gx: P7-level structural coverage and correctly separated battery layers
ok 155 - gx: P7-level structural coverage and correctly separated battery layers
  ---
  duration_ms: 1507.0771
  ...
# Subtest: gx: interior ray picking and sampled disassembly restore world transforms
ok 156 - gx: interior ray picking and sampled disassembly restore world transforms
  ---
  duration_ms: 1450.3855
  ...
# Subtest: Verified drivetrain and suspension differences survive shared construction helpers
ok 157 - Verified drivetrain and suspension differences survive shared construction helpers
  ---
  duration_ms: 4657.7298
  ...
# Subtest: A2 XPeng x9: real proportions, semantic rows and finite geometry
ok 158 - A2 XPeng x9: real proportions, semantic rows and finite geometry
  ---
  duration_ms: 3745.249
  ...
# Subtest: A2 XPeng x9: explosion is reversible, clamped and above floor
ok 159 - A2 XPeng x9: explosion is reversible, clamped and above floor
  ---
  duration_ms: 2499.8151
  ...
# Subtest: A2 XPeng p7plus: real proportions, semantic rows and finite geometry
ok 160 - A2 XPeng p7plus: real proportions, semantic rows and finite geometry
  ---
  duration_ms: 1885.7791
  ...
# Subtest: A2 XPeng p7plus: explosion is reversible, clamped and above floor
ok 161 - A2 XPeng p7plus: explosion is reversible, clamped and above floor
  ---
  duration_ms: 1364.3779
  ...
# Subtest: A2 XPeng l03: real proportions, semantic rows and finite geometry
ok 162 - A2 XPeng l03: real proportions, semantic rows and finite geometry
  ---
  duration_ms: 1687.3755
  ...
# Subtest: A2 XPeng l03: explosion is reversible, clamped and above floor
ok 163 - A2 XPeng l03: explosion is reversible, clamped and above floor
  ---
  duration_ms: 1502.4585
  ...
# Subtest: A2 XPeng m03: real proportions, semantic rows and finite geometry
ok 164 - A2 XPeng m03: real proportions, semantic rows and finite geometry
  ---
  duration_ms: 1807.6645
  ...
# Subtest: A2 XPeng m03: explosion is reversible, clamped and above floor
ok 165 - A2 XPeng m03: explosion is reversible, clamped and above floor
  ---
  duration_ms: 1447.1551
  ...
# Subtest: A2 XPeng gx: real proportions, semantic rows and finite geometry
ok 166 - A2 XPeng gx: real proportions, semantic rows and finite geometry
  ---
  duration_ms: 1594.1733
  ...
# Subtest: A2 XPeng gx: explosion is reversible, clamped and above floor
ok 167 - A2 XPeng gx: explosion is reversible, clamped and above floor
  ---
  duration_ms: 1249.8149
  ...
# Subtest: A2 XPeng paint affects exterior clones only; resources dispose exactly once
ok 168 - A2 XPeng paint affects exterior clones only; resources dispose exactly once
  ---
  duration_ms: 1202.5072
  ...
# Subtest: B2-003 async: Web Crypto produces the same container and detached data as sync API
ok 169 - B2-003 async: Web Crypto produces the same container and detached data as sync API
  ---
  duration_ms: 156.0083
  ...
# Subtest: B2-003 async: encoding snapshots config, run identity, samples and budgets before awaiting
ok 170 - B2-003 async: encoding snapshots config, run identity, samples and budgets before awaiting
  ---
  duration_ms: 103.609
  ...
# Subtest: B2-003 async: decode owns a snapshot across Buffer mutation, offset views and transfer
ok 171 - B2-003 async: decode owns a snapshot across Buffer mutation, offset views and transfer
  ---
  duration_ms: 103.0251
  ...
# Subtest: B2-003 async: hash rejections and invalid digests propagate without a partial result
ok 172 - B2-003 async: hash rejections and invalid digests propagate without a partial result
  ---
  duration_ms: 96.2411
  ...
# Subtest: B2-003 async: malformed, nonfinite and over-budget inputs reject before invoking crypto
ok 173 - B2-003 async: malformed, nonfinite and over-budget inputs reject before invoking crypto
  ---
  duration_ms: 34.4116
  ...
# Subtest: B2-003: default binary roundtrip, recipe recompute and Python oracle
ok 174 - B2-003: default binary roundtrip, recipe recompute and Python oracle
  ---
  duration_ms: 1705.2117
  ...
# Subtest: B2-003: seed29 binary roundtrip, recipe recompute and Python oracle
ok 175 - B2-003: seed29 binary roundtrip, recipe recompute and Python oracle
  ---
  duration_ms: 1781.8537
  ...
# Subtest: B2-003: seed47 binary roundtrip, recipe recompute and Python oracle
ok 176 - B2-003: seed47 binary roundtrip, recipe recompute and Python oracle
  ---
  duration_ms: 1635.0482
  ...
# Subtest: B2-003: taps32 binary roundtrip, recipe recompute and Python oracle
ok 177 - B2-003: taps32 binary roundtrip, recipe recompute and Python oracle
  ---
  duration_ms: 1110.144
  ...
# Subtest: B2-003: mu0 binary roundtrip, recipe recompute and Python oracle
ok 178 - B2-003: mu0 binary roundtrip, recipe recompute and Python oracle
  ---
  duration_ms: 896.4522
  ...
# Subtest: B2-003: registered source hashes match the numerical implementation
ok 179 - B2-003: registered source hashes match the numerical implementation
  ---
  duration_ms: 1.8859
  ...
# Subtest: B2-003: preserve reference identity, little-endian edge bits and offset views
ok 180 - B2-003: preserve reference identity, little-endian edge bits and offset views
  ---
  duration_ms: 704.3602
  ...
# Subtest: B2-003: silent and zero-denominator metrics retain nonfinite tags and unavailable measurements
ok 181 - B2-003: silent and zero-denominator metrics retain nonfinite tags and unavailable measurements
  ---
  duration_ms: 138.4951
  ...
# Subtest: B2-003: genuine zero/negative reductions and tagged negative zero stay distinct from silence
ok 182 - B2-003: genuine zero/negative reductions and tagged negative zero stay distinct from silence
  ---
  duration_ms: 104.362
  ...
# Subtest: B2-003: malformed/truncated headers, overflow lengths, trailing bytes and padding are rejected
ok 183 - B2-003: malformed/truncated headers, overflow lengths, trailing bytes and padding are rejected
  ---
  duration_ms: 16.1769
  ...
# Subtest: B2-003: schema, channel mapping, units, metadata, normalized config and metrics are validated
ok 184 - B2-003: schema, channel mapping, units, metadata, normalized config and metrics are validated
  ---
  duration_ms: 63.9101
  ...
# Subtest: B2-003: integrity mismatch and hash-correct nonfinite payload cannot import
ok 185 - B2-003: integrity mismatch and hash-correct nonfinite payload cannot import
  ---
  duration_ms: 34.3412
  ...
# Subtest: B2-003: budgets refuse before hashing/large output and count UTF-8 bytes
ok 186 - B2-003: budgets refuse before hashing/large output and count UTF-8 bytes
  ---
  duration_ms: 17.0536
  ...
# Subtest: B2-003: unknown numerical models are read-only; recipe recompute revalidates identity and fresh id
ok 187 - B2-003: unknown numerical models are read-only; recipe recompute revalidates identity and fresh id
  ---
  duration_ms: 11.297
  ...
# Subtest: B2-003: recipes reject extra scripts/URLs/arrays, bad text/config and different schemas
ok 188 - B2-003: recipes reject extra scripts/URLs/arrays, bad text/config and different schemas
  ---
  duration_ms: 1.4843
  ...
# Subtest: B2-003: live snapshots, partial results, bad dimensions and invalid samples are not batches
ok 189 - B2-003: live snapshots, partial results, bad dimensions and invalid samples are not batches
  ---
  duration_ms: 34.7753
  ...
# Subtest: B2-003 lab recipe: ice, both sources and 1/4/8 reference topology
ok 190 - B2-003 lab recipe: ice, both sources and 1/4/8 reference topology
  ---
  duration_ms: 1883.9805
  ...
# Subtest: B2-003 lab recipe: bev, both sources and 1/4/8 reference topology
ok 191 - B2-003 lab recipe: bev, both sources and 1/4/8 reference topology
  ---
  duration_ms: 1627.4058
  ...
# Subtest: B2-003 lab recipe: hev, both sources and 1/4/8 reference topology
ok 192 - B2-003 lab recipe: hev, both sources and 1/4/8 reference topology
  ---
  duration_ms: 1262.908
  ...
# Subtest: B2-003 lab recipe: erev, both sources and 1/4/8 reference topology
ok 193 - B2-003 lab recipe: erev, both sources and 1/4/8 reference topology
  ---
  duration_ms: 1179.0474
  ...
# Subtest: B2-003 lab recipe: model/source/recording identities match current files
ok 194 - B2-003 lab recipe: model/source/recording identities match current files
  ---
  duration_ms: 5.1797
  ...
# Subtest: B2-003 lab recipe: preserve legacy absence and normalize shaped/layout/offset defaults explicitly
ok 195 - B2-003 lab recipe: preserve legacy absence and normalize shaped/layout/offset defaults explicitly
  ---
  duration_ms: 221.7319
  ...
# Subtest: B2-003 lab recipe: RNC off, zero step, speaker disable, seed/taps changes and negative gains retain exact behavior
ok 196 - B2-003 lab recipe: RNC off, zero step, speaker disable, seed/taps changes and negative gains retain exact behavior
  ---
  duration_ms: 476.8219
  ...
# Subtest: B2-003 lab recipe: actual divergence is a finite prefix, never padded or called complete
ok 197 - B2-003 lab recipe: actual divergence is a finite prefix, never padded or called complete
  ---
  duration_ms: 253.0604
  ...
# Subtest: B2-003 lab recipe: unknown layouts cannot encode/recompute and unknown model is only parsed
ok 198 - B2-003 lab recipe: unknown layouts cannot encode/recompute and unknown model is only parsed
  ---
  duration_ms: 2.1076
  ...
# Subtest: B2-003 lab recipe: recording asset is mandatory, full-byte hash checked, never random fallback
ok 199 - B2-003 lab recipe: recording asset is mandatory, full-byte hash checked, never random fallback
  ---
  duration_ms: 5.6394
  ...
# Subtest: B2-003 lab recipe: snapshot config/id/budget and asset before await, propagate resolver/hash failures
ok 200 - B2-003 lab recipe: snapshot config/id/budget and asset before await, propagate resolver/hash failures
  ---
  duration_ms: 156.8999
  ...
# Subtest: B2-003 lab recipe: reject bad config, dimensions, identities, extra scripts, live mode and altered defaults
ok 201 - B2-003 lab recipe: reject bad config, dimensions, identities, extra scripts, live mode and altered defaults
  ---
  duration_ms: 5.5365
  ...
# Subtest: B2-003 lab recipe: byte and recompute budgets reject before asset loading or calculation
ok 202 - B2-003 lab recipe: byte and recompute budgets reject before asset loading or calculation
  ---
  duration_ms: 2.3466
  ...
# Subtest: B2-003 lab result: ice, both sources and 1/4/8 references sync/async exact roundtrip
ok 203 - B2-003 lab result: ice, both sources and 1/4/8 references sync/async exact roundtrip
  ---
  duration_ms: 665.1505
  ...
# Subtest: B2-003 lab result: bev, both sources and 1/4/8 references sync/async exact roundtrip
ok 204 - B2-003 lab result: bev, both sources and 1/4/8 references sync/async exact roundtrip
  ---
  duration_ms: 632.1306
  ...
# Subtest: B2-003 lab result: hev, both sources and 1/4/8 references sync/async exact roundtrip
ok 205 - B2-003 lab result: hev, both sources and 1/4/8 references sync/async exact roundtrip
  ---
  duration_ms: 628.8024
  ...
# Subtest: B2-003 lab result: erev, both sources and 1/4/8 references sync/async exact roundtrip
ok 206 - B2-003 lab result: erev, both sources and 1/4/8 references sync/async exact roundtrip
  ---
  duration_ms: 631.3863
  ...
# Subtest: B2-003 lab result: divergence, disabled RNC/output, mu0 and legacy absence retain status and identities
ok 207 - B2-003 lab result: divergence, disabled RNC/output, mu0 and legacy absence retain status and identities
  ---
  duration_ms: 361.2321
  ...
# Subtest: B2-003 lab result: tagged invalid metrics survive, disagreeing summary is quarantined
ok 208 - B2-003 lab result: tagged invalid metrics survive, disagreeing summary is quarantined
  ---
  duration_ms: 98.0839
  ...
# Subtest: B2-003 lab result: silence and empty divergence never become valid zero dB, real mu0 does
ok 209 - B2-003 lab result: silence and empty divergence never become valid zero dB, real mu0 does
  ---
  duration_ms: 31.0922
  ...
# Subtest: B2-003 lab result: finite edge bits and offset views survive with independent arrays
ok 210 - B2-003 lab result: finite edge bits and offset views survive with independent arrays
  ---
  duration_ms: 60.9127
  ...
# Subtest: B2-003 lab result: unknown model/layout remain read-only without verified metrics
ok 211 - B2-003 lab result: unknown model/layout remain read-only without verified metrics
  ---
  duration_ms: 31.7099
  ...
# Subtest: B2-003 lab result: hostile manifest identities, dimensions, units, clocks, state and scalar tags reject before hashing
ok 212 - B2-003 lab result: hostile manifest identities, dimensions, units, clocks, state and scalar tags reject before hashing
  ---
  duration_ms: 41.4613
  ...
# Subtest: B2-003 lab result: truncation, trailing data, lengths, padding, UTF-8 and nonfinite samples reject
ok 213 - B2-003 lab result: truncation, trailing data, lengths, padding, UTF-8 and nonfinite samples reject
  ---
  duration_ms: 51.0715
  ...
# Subtest: B2-003 lab result: explicit batch, complete/prefix rules, array shape, UTF-8 identity and budgets reject before crypto
ok 214 - B2-003 lab result: explicit batch, complete/prefix rules, array shape, UTF-8 identity and budgets reject before crypto
  ---
  duration_ms: 28.2549
  ...
# Subtest: B2-003 lab result: async encoder captures all signals/metadata/limits before await
ok 215 - B2-003 lab result: async encoder captures all signals/metadata/limits before await
  ---
  duration_ms: 32.8089
  ...
# Subtest: B2-003 lab result: async import owns Buffer/offset views across mutation or transfer; SHA failures propagate
ok 216 - B2-003 lab result: async import owns Buffer/offset views across mutation or transfer; SHA failures propagate
  ---
  duration_ms: 70.4707
  ...
# Subtest: B2-003 registered export: xpeng-p7plus-bev-v1, both sources, 1/4/8 references
ok 217 - B2-003 registered export: xpeng-p7plus-bev-v1, both sources, 1/4/8 references
  ---
  duration_ms: 629.2737
  ...
# Subtest: B2-003 registered export: xpeng-x9-erev-v1, both sources, 1/4/8 references
ok 218 - B2-003 registered export: xpeng-x9-erev-v1, both sources, 1/4/8 references
  ---
  duration_ms: 635.4031
  ...
# Subtest: B2-003 registered export: xpeng-l03-bev-v1, both sources, 1/4/8 references
ok 219 - B2-003 registered export: xpeng-l03-bev-v1, both sources, 1/4/8 references
  ---
  duration_ms: 650.832
  ...
# Subtest: B2-003 registered export: xpeng-m03-bev-v1, both sources, 1/4/8 references
ok 220 - B2-003 registered export: xpeng-m03-bev-v1, both sources, 1/4/8 references
  ---
  duration_ms: 548.0315
  ...
# Subtest: B2-003 registered export: xpeng-gx-erev-v1, both sources, 1/4/8 references
ok 221 - B2-003 registered export: xpeng-gx-erev-v1, both sources, 1/4/8 references
  ---
  duration_ms: 585.738
  ...
# Subtest: B2-003 registered export: actual historical model-1 files remain read-only and cannot load assets
ok 222 - B2-003 registered export: actual historical model-1 files remain read-only and cannot load assets
  ---
  duration_ms: 10.3152
  ...
# Subtest: B2-003 registered export: unknown, asset aliases and powertrain mismatches parse without enabling execution
ok 223 - B2-003 registered export: unknown, asset aliases and powertrain mismatches parse without enabling execution
  ---
  duration_ms: 69.9871
  ...
# Subtest: B2-003 registered export: unsupported layouts still reject invalid config and normalization before hashing
ok 224 - B2-003 registered export: unsupported layouts still reject invalid config and normalization before hashing
  ---
  duration_ms: 58.6323
  ...
# Subtest: Hann Welch one-sided PSD integrates to tone mean-square and has the correct peak
ok 225 - Hann Welch one-sided PSD integrates to tone mean-square and has the correct peak
  ---
  duration_ms: 8.0006
  ...
# Subtest: B2-002: RMS uses exactly the trailing 1000 samples, including first and final windows
ok 226 - B2-002: RMS uses exactly the trailing 1000 samples, including first and final windows
  ---
  duration_ms: 9.2669
  ...
# Subtest: B2-002: same-window reduction preserves negative gains and aggregates powers before dB
ok 227 - B2-002: same-window reduction preserves negative gains and aggregates powers before dB
  ---
  duration_ms: 6.1723
  ...
# Subtest: B2-002: silence and near-floor pressure never report valid zero-dB benefit
ok 228 - B2-002: silence and near-floor pressure never report valid zero-dB benefit
  ---
  duration_ms: 10.9605
  ...
# Subtest: B2-002: non-finite pressure is unavailable, never a valid analysis frame
ok 229 - B2-002: non-finite pressure is unavailable, never a valid analysis frame
  ---
  duration_ms: 10.8336
  ...
# Subtest: B2-002: power rejects invalid ranges and PSD clamps finite sample cursors to actual data
ok 230 - B2-002: power rejects invalid ranges and PSD clamps finite sample cursors to actual data
  ---
  duration_ms: 3.2819
  ...
# Subtest: B2-002: PSD rejects non-finite samples in its complete windows and ignores future samples
ok 231 - B2-002: PSD rejects non-finite samples in its complete windows and ignores future samples
  ---
  duration_ms: 6.6912
  ...
# Subtest: B2-002: non-finite PSD cursors cannot trap a caller in an unbounded loop
ok 232 - B2-002: non-finite PSD cursors cannot trap a caller in an unbounded loop
  ---
  duration_ms: 266.6996
  ...
# Subtest: B2-002: shared PSD preserves lab pressure weighting and vibration/drive/source units
ok 233 - B2-002: shared PSD preserves lab pressure weighting and vibration/drive/source units
  ---
  duration_ms: 12.8539
  ...
# Subtest: B2-002: asymmetric signal Welch bins match direct DFT, 50% overlap and incomplete-tail handling
ok 234 - B2-002: asymmetric signal Welch bins match direct DFT, 50% overlap and incomplete-tail handling
  ---
  duration_ms: 116.5789
  ...
# Subtest: B2-002: DC and Nyquist are not doubled; PSD scales as signal-unit squared per Hz
ok 235 - B2-002: DC and Nyquist are not doubled; PSD scales as signal-unit squared per Hz
  ---
  duration_ms: 13.8847
  ...
# Subtest: analysis warming-up, window boundary, channel identity and pressure calibration
ok 236 - analysis warming-up, window boundary, channel identity and pressure calibration
  ---
  duration_ms: 1.1127
  ...
# Subtest: step size accepts every nonnegative finite value and finite drives exceed the former 100 threshold
ok 237 - step size accepts every nonnegative finite value and finite drives exceed the former 100 threshold
  ---
  duration_ms: 413.0766
  ...
# Subtest: batch and chunked overflow stop at the same Float32 boundary, keeping the last finite samples and spectra
ok 238 - batch and chunked overflow stop at the same Float32 boundary, keeping the last finite samples and spectra
  ---
  duration_ms: 468.423
  ...
# Subtest: overflow on the first weight update gives an empty finite prefix and a terminal diagnostic
ok 239 - overflow on the first weight update gives an empty finite prefix and a terminal diagnostic
  ---
  duration_ms: 37.8905
  ...
# Subtest: new lab experiments learn before two seconds without changing sources or superposition
ok 240 - new lab experiments learn before two seconds without changing sources or superposition
  ---
  duration_ms: 1107.1272
  ...
# Subtest: lab FxLMS produces finite true superposition, baseline then learned reduction at all microphones
ok 241 - lab FxLMS produces finite true superposition, baseline then learned reduction at all microphones
  ---
  duration_ms: 29.5107
  ...
# Subtest: all 16 secondary paths have causal cross coupling and every source reaches every mic
ok 242 - all 16 secondary paths have causal cross coupling and every source reaches every mic
  ---
  duration_ms: 2.6201
  ...
# Subtest: first adaptive output matches an independent all-error normalized gradient calculation
ok 243 - first adaptive output matches an independent all-error normalized gradient calculation
  ---
  duration_ms: 63.7831
  ...
# Subtest: RNC off, zero step and all disabled speakers retain original noise exactly
ok 244 - RNC off, zero step and all disabled speakers retain original noise exactly
  ---
  duration_ms: 1358.116
  ...
# Subtest: one and eight references and disabled output actually change controller dimensions and results
ok 245 - one and eight references and disabled output actually change controller dimensions and results
  ---
  duration_ms: 2296.8651
  ...
# Subtest: recording-shaped sources retain high finite values and return the valid prefix on overflow
ok 246 - recording-shaped sources retain high finite values and return the valid prefix on overflow
  ---
  duration_ms: 4212.7443
  ...
# Subtest: field at microphone positions equals independently measured trace power in the same window
ok 247 - field at microphone positions equals independently measured trace power in the same window
  ---
  duration_ms: 41.9854
  ...
# Subtest: off-microphone field is recalculated from wheel q and speaker u, not microphone interpolation
ok 248 - off-microphone field is recalculated from wheel q and speaker u, not microphone interpolation
  ---
  duration_ms: 252.6818
  ...
# Subtest: vehicle paths vary, seed is reproducible and speed/roughness trends are source-driven
ok 249 - vehicle paths vary, seed is reproducible and speed/roughness trends are source-driven
  ---
  duration_ms: 1565.4333
  ...
# Subtest: warm-up, zero-speed energy floor and bad configurations are explicit
ok 250 - warm-up, zero-speed energy floor and bad configurations are explicit
  ---
  duration_ms: 857.8635
  ...
# Subtest: q selection analyzes each actual wheel source independently of reference layout
ok 251 - q selection analyzes each actual wheel source independently of reference layout
  ---
  duration_ms: 395.0207
  ...
# Subtest: A weighting matches reference corrections and applies power rather than amplitude to PSD
ok 252 - A weighting matches reference corrections and applies power rather than amplitude to PSD
  ---
  duration_ms: 24.6876
  ...
# Subtest: teaching calibration anchors pooled 40 km/h baseline at 60 dBA; offset changes H only
ok 253 - teaching calibration anchors pooled 40 km/h baseline at 60 dBA; offset changes H only
  ---
  duration_ms: 906.4883
  ...
# Subtest: A/Z analysis and field agree at microphones, including first window and wrapped live history
ok 254 - A/Z analysis and field agree at microphones, including first window and wrapped live history
  ---
  duration_ms: 4818.524
  ...
# Subtest: duration budget rejects invalid allocations; short runs have finite metrics and long runs share streaming samples
ok 255 - duration budget rejects invalid allocations; short runs have finite metrics and long runs share streaming samples
  ---
  duration_ms: 6596.221
  ...
# Subtest: pressure density levels use 20uPa while other signals keep unit reference; manual waveform bounds never reveal future samples
ok 256 - pressure density levels use 20uPa while other signals keep unit reference; manual waveform bounds never reveal future samples
  ---
  duration_ms: 601.1437
  ...
# Subtest: NFxLMS joint normalization scales inversely with filtered-reference power and regularizes silence
ok 257 - NFxLMS joint normalization scales inversely with filtered-reference power and regularizes silence
  ---
  duration_ms: 0.3509
  ...
# Subtest: stateful first 16 seconds match the unchanged batch q/x/u/d/a/e bit for bit
ok 258 - stateful first 16 seconds match the unchanged batch q/x/u/d/a/e bit for bit
  ---
  duration_ms: 3010.4859
  ...
# Subtest: arbitrary block sizes preserve source/filter/weight state beyond 16 seconds and repeated history wraps
ok 259 - arbitrary block sizes preserve source/filter/weight state beyond 16 seconds and repeated history wraps
  ---
  duration_ms: 9858.5223
  ...
# Subtest: RNC off, zero step, disabled speakers and eight references retain the batch semantics across blocks
ok 260 - RNC off, zero step, disabled speakers and eight references retain the batch semantics across blocks
  ---
  duration_ms: 4687.3752
  ...
# Subtest: wrapped snapshots use one absolute clock and yield the same field window at mic and off-mic points
ok 261 - wrapped snapshots use one absolute clock and yield the same field window at mic and off-mic points
  ---
  duration_ms: 1980.481
  ...
# Subtest: resident storage stays bounded through two minutes and invalid requests do not advance the stream
ok 262 - resident storage stays bounded through two minutes and invalid requests do not advance the stream
  ---
  duration_ms: 4073.4533
  ...
# Subtest: live RNC OFF freezes learned weights and zeros drive; ON resumes from those weights without restarting sources
ok 263 - live RNC OFF freezes learned weights and zeros drive; ON resumes from those weights without restarting sources
  ---
  duration_ms: 605.882
  ...
# Subtest: an initially disabled live controller can start adapting later
ok 264 - an initially disabled live controller can start adapting later
  ---
  duration_ms: 182.3024
  ...
# Subtest: wrapped live history retains five seconds at the audible clock despite producer prefetch
ok 265 - wrapped live history retains five seconds at the audible clock despite producer prefetch
  ---
  duration_ms: 1668.3042
  ...
# Subtest: numeric overflow returns the finite prefix, preserves history, and cannot resume
ok 266 - numeric overflow returns the finite prefix, preserves history, and cannot resume
  ---
  duration_ms: 11.718
  ...
# Subtest: live generation ignores replay duration, preserves bounded adaptation for ten minutes and refuses overflow atomically
ok 267 - live generation ignores replay duration, preserves bounded adaptation for ten minutes and refuses overflow atomically
  ---
  duration_ms: 24403.7837
  ...
# Subtest: P7 layout has its own cabin and paths; legacy layout unchanged and unsupported IDs rejected
ok 268 - P7 layout has its own cabin and paths; legacy layout unchanged and unsupported IDs rejected
  ---
  duration_ms: 9.7219
  ...
# Subtest: P7 arbitrary stream blocks match batch q/x/u/d/a/e bit for bit
ok 269 - P7 arbitrary stream blocks match batch q/x/u/d/a/e bit for bit
  ---
  duration_ms: 464.1826
  ...
# Subtest: P7 field equals independent microphone trace power at the same point and window
ok 270 - P7 field equals independent microphone trace power at the same point and window
  ---
  duration_ms: 48.3333
  ...
# Subtest: P7 recorded-source branch shares fractional paths between batch, streaming and field
ok 271 - P7 recorded-source branch shares fractional paths between batch, streaming and field
  ---
  duration_ms: 687.4006
  ...
# Subtest: a pure delayed gain has constant magnitude and exact analytic group delay
ok 272 - a pure delayed gain has constant magnitude and exact analytic group delay
  ---
  duration_ms: 2.9196
  ...
# Subtest: response zeros are undefined rather than false finite phase/delay; all sixteen paths remain selectable
ok 273 - response zeros are undefined rather than false finite phase/delay; all sixteen paths remain selectable
  ---
  duration_ms: 49.0959
  ...
# Subtest: recorded sources use the four primary-noise ears, validate assets and require explicit data
ok 274 - recorded sources use the four primary-noise ears, validate assets and require explicit data
  ---
  duration_ms: 72.0906
  ...
# Subtest: recorded source samples retain shared timing and gain, crossfade synchronously and do not become random or pitch shifted
ok 275 - recorded source samples retain shared timing and gain, crossfade synchronously and do not become random or pitch shifted
  ---
  duration_ms: 68.5577
  ...
# Subtest: recorded batch and irregular live blocks agree exactly through two source loops; storage and adaptation remain continuous
ok 276 - recorded batch and irregular live blocks agree exactly through two source loops; storage and adaptation remain continuous
  ---
  duration_ms: 10469.0992
  ...
# Subtest: recorded primary paths stay causal and fully coupled, match the passenger 48dBA/Hz peak anchor, and match microphone fields
ok 277 - recorded primary paths stay causal and fully coupled, match the passenger 48dBA/Hz peak anchor, and match microphone fields
  ---
  duration_ms: 397.8671
  ...
# Subtest: recording-derived data keeps all references and uncalibrated provenance; spectra distinguish vibration and cabin noise
ok 278 - recording-derived data keeps all references and uncalibrated provenance; spectra distinguish vibration and cabin noise
  ---
  duration_ms: 1830.5928
  ...
# Subtest: spectral stretch remains causal, normalized and exactly shared by batch/stream at temperature-pressure limits
ok 279 - spectral stretch remains causal, normalized and exactly shared by batch/stream at temperature-pressure limits
  ---
  duration_ms: 3120.1206
  ...
# Subtest: B1-002: unchanged core in test harness matches normal production entry sample-for-sample
ok 280 - B1-002: unchanged core in test harness matches normal production entry sample-for-sample
  ---
  duration_ms: 1432.5627
  ...
# Subtest: B1-002: asymmetric matrices and independent recurrence detect sign/index/cross-path/timing faults
ok 281 - B1-002: asymmetric matrices and independent recurrence detect sign/index/cross-path/timing faults
  ---
  duration_ms: 6826.9106
  ...
# Subtest: B1-002: every one of 16 output/reference controller routes contributes with the correct update
ok 282 - B1-002: every one of 16 output/reference controller routes contributes with the correct update
  ---
  duration_ms: 1959.5549
  ...
# Subtest: B1-002: modifying future x/d cannot change any past output
ok 283 - B1-002: modifying future x/d cannot change any past output
  ---
  duration_ms: 707.6735
  ...
# Subtest: B1-003: invalid shapes, every missing/fixed field and nonfinite values return structured config errors
ok 284 - B1-003: invalid shapes, every missing/fixed field and nonfinite values return structured config errors
  ---
  duration_ms: 3.0834
  ...
# Subtest: B1-003: all 12 legal configurations have finite isolated Float32 channels and exact zero-step identities
ok 285 - B1-003: all 12 legal configurations have finite isolated Float32 channels and exact zero-step identities
  ---
  duration_ms: 2986.0925
  ...
# Subtest: B1-003: nonfinite data, short arrays, drive failure and Float32 overflow never return partial success
ok 286 - B1-003: nonfinite data, short arrays, drive failure and Float32 overflow never return partial success
  ---
  duration_ms: 1526.9635
  ...
# Subtest: B1-003: a failed call preserves prior results and cannot poison the next run
ok 287 - B1-003: a failed call preserves prior results and cannot poison the next run
  ---
  duration_ms: 828.929
  ...
# Subtest: B1-001: default all 640000 samples and metrics match independent Python; exact repeat
ok 288 - B1-001: default all 640000 samples and metrics match independent Python; exact repeat
  ---
  duration_ms: 655.0304
  ...
# Subtest: B1-001: seed29 all 640000 samples and metrics match independent Python; exact repeat
ok 289 - B1-001: seed29 all 640000 samples and metrics match independent Python; exact repeat
  ---
  duration_ms: 608.5829
  ...
# Subtest: B1-001: seed47 all 640000 samples and metrics match independent Python; exact repeat
ok 290 - B1-001: seed47 all 640000 samples and metrics match independent Python; exact repeat
  ---
  duration_ms: 638.7312
  ...
# Subtest: B1-001: taps32 all 640000 samples and metrics match independent Python; exact repeat
ok 291 - B1-001: taps32 all 640000 samples and metrics match independent Python; exact repeat
  ---
  duration_ms: 443.81
  ...
# Subtest: B1-001: mu0 all 640000 samples and metrics match independent Python; exact repeat
ok 292 - B1-001: mu0 all 640000 samples and metrics match independent Python; exact repeat
  ---
  duration_ms: 350.735
  ...
# Subtest: B1-001: comparison rejects sign, time shift, zeroed output, NaN and near-zero overflow
ok 293 - B1-001: comparison rejects sign, time shift, zeroed output, NaN and near-zero overflow
  ---
  duration_ms: 3.3019
  ...
# Subtest: B01/B03: all 640,000 samples match immutable Python Float32 golden and e=d+a
ok 294 - B01/B03: all 640,000 samples match immutable Python Float32 golden and e=d+a
  ---
  duration_ms: 39.5018
  ...
# Subtest: B02/B04/B05: five configurations match Python metrics; repeat is deterministic
ok 295 - B02/B04/B05: five configurations match Python metrics; repeat is deterministic
  ---
  duration_ms: 987.1248
  ...
# Subtest: B06: every output reaches every mic; removing one cross-path removes only that response
ok 296 - B06: every output reaches every mic; removing one cross-path removes only that response
  ---
  duration_ms: 0.3367
  ...
# Subtest: B07: rejects invalid taps, negative/NaN step, wrong fixed dimensions, null config
ok 297 - B07: rejects invalid taps, negative/NaN step, wrong fixed dimensions, null config
  ---
  duration_ms: 0.2459
  ...
# Subtest: B2-001: independent unsigned PRNG oracle preserves all three seeds and distinct channel streams
ok 298 - B2-001: independent unsigned PRNG oracle preserves all three seeds and distinct channel streams
  ---
  duration_ms: 1.2453
  ...
# Subtest: B2-001: three-seed shaped references and primary pressure match every Python Float32 sample
ok 299 - B2-001: three-seed shaped references and primary pressure match every Python Float32 sample
  ---
  duration_ms: 145.2425
  ...
# Subtest: B2-001: all primary and secondary FIRs retain oracle taps, causal delays and complete cross-coupling
ok 300 - B2-001: all primary and secondary FIRs retain oracle taps, causal delays and complete cross-coupling
  ---
  duration_ms: 1.2348
  ...
# Subtest: B2-001: original pressure includes the documented independent disturbance after causal P*x
ok 301 - B2-001: original pressure includes the documented independent disturbance after causal P*x
  ---
  duration_ms: 60.0406
  ...
# Subtest: B2-001: exported demo-v2 identity, units and last-sample time stay explicit
ok 302 - B2-001: exported demo-v2 identity, units and last-sample time stay explicit
  ---
  duration_ms: 0.1852
  ...
# Subtest: audio paths use the same linear gain and sinc resampling
ok 303 - audio paths use the same linear gain and sinc resampling
  ---
  duration_ms: 16.1529
  ...
1..303
# tests 303
# suites 0
# pass 303
# fail 0
# cancelled 0
# skipped 0
# todo 0
# duration_ms 56585.8383
$ tsc --noEmit && vite build
vite v7.1.7 building for production...
transforming...
✓ 91 modules transformed.
rendering chunks...
computing gzip size...
dist/index.html                                          1.05 kB │ gzip:     0.57 kB
dist/assets/engine.worker-Sv3u2Fdq.js                    4.29 kB
dist/assets/gallery-desert-B0GsNK42.webp                19.07 kB
dist/assets/gallery-mountain-B9cQlO9E.webp              19.91 kB
dist/assets/gallery-snow-nXhd3GdG.webp                  22.82 kB
dist/assets/gallery-coast-Dl7q4u_l.webp                 26.81 kB
dist/assets/lab.worker-C7FgpgE2.js                      30.88 kB
dist/assets/recorded-primary-BSu6qUp_.f32            1,280.02 kB
dist/assets/aerial_grass_rock_diff_2k-BtlOO1j7.jpg   2,624.64 kB
dist/assets/golden_browser_fixture-BhKaGSeS.json     3,414.19 kB │ gzip: 2,407.80 kB
dist/assets/asphalt_02_nor_gl_2k-UEyVbT-h.jpg        4,943.95 kB
dist/assets/goegap_2k-Jq4FxBej.hdr                   5,445.36 kB
dist/assets/range-rover-sport-svr-4ykCwhl8.glb       5,726.33 kB
dist/assets/goegap_8k-BpN4yx3b.jpg                   6,050.86 kB
dist/assets/gravel_floor_nor_gl_2k-DtygZ1JK.jpg      6,139.01 kB
dist/assets/tesla-model-y.meshopt-DxsAdN_g.glb      10,353.64 kB
dist/assets/asphalt_02_diff_4k-ztmUkEFu.jpg         11,654.13 kB
dist/assets/gravel_floor_diff_4k-B_Xe7M1M.jpg       18,167.19 kB
dist/assets/qwantani_sunset_4k-D0g2gD-X.hdr         24,736.30 kB
dist/assets/lago_disola_4k-CMa_-4Rz.hdr             26,197.09 kB
dist/assets/alps_field_4k-DL9vOQ3t.hdr              26,520.86 kB
dist/assets/qwantani_sunset_8k-CtOG8UdS.jpg         44,654.66 kB
dist/assets/lago_disola_8k-C31ajjrJ.jpg             50,106.04 kB
dist/assets/alps_field_8k-BrpRqQi6.jpg              53,871.22 kB
dist/assets/index-Di_b5R-_.css                           6.73 kB │ gzip:     2.23 kB
dist/assets/viewer-D4AW86Z9.css                         13.36 kB │ gzip:     3.20 kB
dist/assets/index-BGbJ7xuz.css                          55.86 kB │ gzip:    12.98 kB
dist/assets/contracts-nWp9BSjY.js                        0.09 kB │ gzip:     0.11 kB │ map:     2.22 kB
dist/assets/preload-helper-PPVm8Dsz.js                   1.28 kB │ gzip:     0.75 kB │ map:     0.11 kB
dist/assets/path-analysis-COwjqcbF.js                    1.48 kB │ gzip:     0.85 kB │ map:     5.33 kB
dist/assets/index-BJJq3Ru5.js                            2.00 kB │ gzip:     1.05 kB │ map:     7.96 kB
dist/assets/asset-inspection-BVvw4ZRR.js                 2.47 kB │ gzip:     1.21 kB │ map:     9.50 kB
dist/assets/lab-contracts-BIycLH2B.js                    3.25 kB │ gzip:     1.52 kB │ map:    16.22 kB
dist/assets/index-r-2POJ4b.js                            3.69 kB │ gzip:     1.83 kB │ map:     6.85 kB
dist/assets/lab-engine-Ci4Y6_4r.js                       4.22 kB │ gzip:     1.90 kB │ map:    14.44 kB
dist/assets/paths-C-m_HCM-.js                           11.02 kB │ gzip:     5.42 kB │ map:    28.76 kB
dist/assets/index-CtZ-usB_.js                           17.96 kB │ gzip:     8.12 kB │ map:    71.51 kB
dist/assets/index-0pjf3e7z.js                           20.53 kB │ gzip:     9.21 kB │ map:    53.78 kB
dist/assets/xpeng-model-7yoriZwA.js                     52.02 kB │ gzip:    21.17 kB │ map:   185.59 kB
dist/assets/showroom-model-CQjxqh42.js                  78.19 kB │ gzip:    23.59 kB │ map:   294.72 kB
dist/assets/index-g9kUqPl1.js                          286.38 kB │ gzip:   106.62 kB │ map:   828.98 kB
dist/assets/viewer-Bj-qTtzW.js                         599.23 kB │ gzip:   154.03 kB │ map: 2,915.38 kB

(!) Some chunks are larger than 500 kB after minification. Consider:
- Using dynamic import() to code-split the application
- Use build.rollupOptions.output.manualChunks to improve chunking: https://rollupjs.org/configuration-options/#output-m
anualchunks
- Adjust chunk size limit for this warning via build.chunkSizeWarningLimit.
✓ built in 2.81s
