$ pnpm typecheck && pnpm check:boundaries && pnpm test && pnpm build
$ tsc --noEmit
$ node scripts/check-boundaries.mjs
源码边界通过：A/B 互不导入；shared 独立；integration 负责装配。
$ tsx --test tests/*.test.ts
✔ one road change compares the same weighted window without keeping mutable config (4.5066ms)
✔ changed operating conditions block numeric deltas even when values are present (0.8227ms)
✔ multiple configuration changes remain visible and missing seat values stay unavailable (1.243ms)
✔ legacy teaching layout compares with explicit teaching ID but another layout suppresses deltas (0.5595ms)
✔ exported A/B summary survives JSON roundtrip and recomputes deltas (5.436ms)
✔ condition mismatch imports but suppresses unsupported deltas (2.9516ms)
✔ rejects oversized, forged, malformed and nonfinite evidence (31.6105ms)
✔ foreign layouts remain readable but never acquire a numeric comparison (1.3676ms)
✔ older rnc-case-v1 without layout identity imports as teaching layout (1.0754ms)
✔ one-variable review reports measured direction without assigning cause or approval (2.7652ms)
✔ confounded or mismatched cases never receive a causal or numeric verdict (0.837ms)
✔ an unregistered layout is labeled as file-reported evidence without a verdict (0.6593ms)
✔ new human fields roundtrip, legacy v1 imports blank, computed facts ignore human claims (43.6687ms)
✔ A1: unavailable convergence values leave gaps rather than zero gain or connecting across missing data (2.9863ms)
✔ A1: original noise draws once in grey, residual compares against the same original channel (1.0941ms)
✔ paired spatial evidence distinguishes quieter, louder and near-zero samples without claiming a volume mean (2.4842ms)
✔ invalid, mismatched and nonfinite samples cannot produce a stale or invented spatial verdict (0.5403ms)
✔ A1: overview snapshot preserves lab quantity, slice, range and interpolation even when rendering fails (10.8495ms)
✔ A1: one-second field cadence keeps moving past the old 350 ms plateau (45.4708ms)
✔ A1: slices and volume share the same energy blend, including interrupted frames (7.6253ms)
✔ A1: paused same-window quantity changes crossfade without replacing physical textures (7.275ms)
✔ A1: pause settles both slice textures and new identities cannot inherit a mode crossfade (4.4686ms)
✔ guide requires actual baseline and candidate runs before showing comparison evidence (2.8759ms)
✔ changed operating condition or multiple edits block the guided verdict (0.753ms)
✔ invalid candidate and stale field never unlock listening (0.3819ms)
✔ a candidate field unlocks guidance only at the comparison window end (0.3573ms)
✔ lab playback applies one gain to all eight signals, preserves d/e ratios and does not mutate physics (87.4591ms)
✔ actual extreme valid lab experiment has no clipped samples after shared preparation (1690.2247ms)
✔ sinc overshoot is covered by the strict bound; silence and low-level legacy gain remain unchanged (3.4341ms)
✔ live Worker cancellation rejects pending work and late old errors cannot kill the new run (23.8969ms)
✔ field failure is recoverable but a processor failure rejects every pending query (1.7188ms)
✔ start cancellation and foreign run identities fail explicitly; batch mode cannot produce live chunks (3.3378ms)
✔ live RNC control returns the exact sample boundary and a rejected switch preserves the running worker (3.057ms)
✔ legacy layout is stamped and unimplemented layouts fail before replacing a running experiment (1.6506ms)
✔ field frames without the active physical layout are rejected without killing the experiment (1.8062ms)
✔ a field reply cannot substitute another time, weighting or sampling plane within the same run (1.6635ms)
✔ batch results and live packets cannot switch physical layout inside an accepted run (1.3017ms)
✔ same-layout responses cannot substitute another vehicle or physical experiment configuration (1.5957ms)
✔ Worker replies without the active run identity cannot enter results or field views (1.2527ms)
✔ log frequency coordinates give equal spacing to equal ratios and omit DC (2.5757ms)
✔ seat curves preserve full-run SPL history and missing values while excluding future frames (1.502ms)
✔ physical traces share Pa scale, show original and use absolute sample time after a live history wrap (1.3186ms)
✔ the initial waveform uses the same five-second scale as a full rolling window (0.5792ms)
✔ PSD comparisons use actual FFT bin positions and original selection is not drawn twice (0.6892ms)
✔ first valid point is visible and null SPL gaps never create fake zero levels (0.3503ms)
✔ acceleration and speaker drive never masquerade as pressure on a common axis (0.4437ms)
✔ manual plot bounds and hidden primary traces apply independently without changing samples (0.6303ms)
✔ divergent but finite Float32 pressure is bounded only in the audition copies (135.1838ms)
✔ streaming sinc is independent of chunk partition and matches continuous interpolation before the real lookahead tail (516.3945ms)
✔ common lookahead safety envelope preserves all eight d/e ratios, bounds peaks and retains bounded memory (2500.1814ms)
✔ finishing releases exactly the real lookahead tail, including a run shorter than that tail (26.0527ms)
✔ live queue validates complete finite contiguous chunks without changing accepted state on rejection (88.5554ms)
✔ one audio clock freezes on starvation and resumes at the missing sample instead of skipping wall time (15.7716ms)
✔ queued chunks are gapless and all comparisons share one eight-channel buffer without a new clock on switching (14.2809ms)
✔ pause preserves partly consumed audio and a cold allocation never advances the simulation clock (23.3729ms)
✔ async resume cannot revive pause/reset/dispose or clear a newer request, and failure is retryable (13.5114ms)
✔ continuous enqueue stays bounded for ten minutes and finishes exactly without a false underrun or restart (13569.2555ms)
✔ pause and resume while draining keeps the final samples and exact endpoint (21.8491ms)
✔ offline package verifier accepts the exact build and rejects changed, extra or missing files (2952.5019ms)
✔ A1: preparing first audio buffer does not skip the requested playback position (44.3004ms)
✔ A1: pause cancels pending audio resume; repeated play creates one start (32.5789ms)
✔ A1: loading a new experiment cancels an earlier pending play (0.7318ms)
✔ A1: reaching the end stays stopped when seeking, including before ended is delivered (33.1122ms)
✔ A1: seeking to the end stops; replay starts only on explicit play (33.9594ms)
✔ A1: cold seat/mode switches prepare audio before fading, keep time and use the same gain (669.6344ms)
✔ A1: audio resume failure leaves a retryable paused player (32.0571ms)
✔ A1: an obsolete resume cannot clear or start a newer play request (28.6253ms)
✔ A1: seeking while playing continues at the new position without a retired ended event stopping it (27.0036ms)
✔ A1: a cold comparison prepared across the end never restarts the clip (59.401ms)
✔ variable duration playback seeks past 16s, switches modes and stops exactly at each loaded clip end (189.1644ms)
✔ asset shell modes isolate shared interior materials and restore original ownership once (37.2664ms)
✔ authored asset sections follow actual moving meshes without inventing solid caps or changing coordinates (6.7628ms)
✔ asset picking skips hidden ancestors and discarded section surfaces, and selection bounds follow disassembly (7.6757ms)
✔ selection excludes hidden descendants and follows ancestor transforms without a section (2.2556ms)
✔ selection is restricted to retained section bounds and disappears when fully clipped (4.624ms)
✔ actual ICE asset keeps all 74127 triangles and 30 groups through inspection, disassembly and full restoration (584.865ms)
✔ CP controlled comparison blocks road/source/seed/operating changes; scenario states differences (3.8952ms)
✔ CP declared controller changes retain negative outcomes and do not change input snapshots (0.7088ms)
✔ CP scenario cannot cross layout or absolute analysis window (0.5495ms)
✔ CP mode survives summary roundtrip; old summaries retain historical comparison meaning (3.9092ms)
✔ CP nonfinite external readings never become displayed delta (0.5149ms)
✔ separate curved sheets have continuous boundary normals and finite UV coordinates (41.4457ms)
✔ rounded lamp apertures preserve the original silhouette bounds without repeated sharp corners (1.0626ms)
✔ P7 shoulder-to-window gap is closed by paint owned by the removable front door (2767.0639ms)
✔ dense grid queries 1989 distinct locations across the original spatial extent (6.196ms)
✔ dense texture retains the exact engine point order and paired channel energy (3.7206ms)
✔ volume mode contains no visible planar slices; explicit slices remain available (57.504ms)
✔ temporal transition blends energy and a replacement starts at the displayed energy (8.601ms)
✔ rewind, weighting, layout and point changes never blend incompatible frames (9.6449ms)
✔ driving distance uses the experiment clock, including pause and backward seek (1.4121ms)
✔ road segments cover a continuous range and preserve world identity while passing the car (0.9664ms)
✔ four cabin eyes share P7 seat coordinates and are distinct from the microphones (0.3942ms)
✔ cabin look rotates around the eye without translating it and clamps pitch (1.2662ms)
✔ wheel spin preserves its axle and semantic attachment, keeping the brake caliper stationary (4.8795ms)
✔ curved graded route preserves arc length, periodic seams and reversible vehicle coordinates (137.0632ms)
✔ A2 landscape: finite, continuous, bounded slopes across every environment and negative world coordinates (2064.9788ms)
✔ A2 road ground stays below the travelled lane through bends and grades (196.2178ms)
✔ A2 recycled world tiles stay beyond the fully faded distance for forward and backward driving (15.0838ms)
✔ A2 sky retains complete imagery while loading and blends monotonically; rapid requests retain referenced textures (20.313ms)
✔ A2 outdoor camera cannot enter the floor, car shell or distant scenery after repeated pan/zoom/orbit (3.6626ms)
✔ volume texture keeps every queried point and both channels in WebGL storage order (4.5632ms)
✔ spatial smoothing operates on mean-square energy, not a mean of dB or RGB (25.4368ms)
✔ improvement is the signed, same-point same-frame difference; worsening is retained (0.9503ms)
✔ detail range includes both channels and has a nonzero span even for a flat frame (2.1295ms)
✔ improvement detail keeps zero centered and includes real worsening and improvement (2.0074ms)
✔ camera moves around the car and reaches an exact endpoint without overshoot (1.8985ms)
✔ manual input cancels motion; a rapid replacement starts at the currently visible pose (0.8042ms)
✔ dense queries yield in bounded batches and publish the original point order at one window (353.6299ms)
✔ a late query is cancelled before more chunks are submitted (5.0316ms)
✔ different windows, weighting, positions and layout cannot be merged into one field (51.6033ms)
✔ an invalid warm-up grid stays invalid instead of becoming a coloured result (138.4476ms)
✔ three slice meshes use the original 280 queried positions, including their fixed physical planes (4.1097ms)
✔ a reordered, truncated or non-finite B field frame cannot color the old locations (1.1178ms)
✔ moving each sampled plane requests its physical position and refuses the previous field frame (3.9574ms)
✔ 12 coincident projections remain separate and inside the narrow supported viewer (5.0451ms)
✔ four source illustrations can share a narrow view with all 12 hardware labels (3.6606ms)
✔ labels at viewport edges and densely grouped hardware remain clickable (60.6391ms)
✔ lab labels stay on the side rails at full-page size, leaving the vehicle clear (1.1827ms)
✔ lab side rails remain separate and clickable in a narrow 360 px viewer (0.5764ms)
✔ P7+ canopy, liftback glazing and rear bumper are separately owned assemblies (2457.2315ms)
✔ P7+ hidden shell exposes actual seat picking, and clipping rejects the removed half (1678.0107ms)
✔ P7+ intermediate explosion poses remain finite and return to identical world transforms (1238.6345ms)
✔ P7+ paint and shell presentation preserve independent glass, tires and cabin materials (1205.7086ms)
✔ P7 detailed EV assemblies and acoustic diaphragms own their reversible geometry (1249.4199ms)
✔ featured structures exist in each generated architecture and explain its actual drive path (925.12ms)
✔ true mesh-plane sections preserve area, plane position and outward normal after transforms (7.6693ms)
✔ section through exact edges is closed; tangencies and existing coplanar faces are not duplicated (1.9098ms)
✔ ring sections keep their holes and disconnected islands; open surfaces never get a solid cap (65.0531ms)
✔ section display updates from exploded geometry, respects ancestor visibility and material opacity (7.7005ms)
✔ bundled showroom SUV is the attributed, offline CC BY asset within the geometry budget (11.2734ms)
✔ BEV showroom keeps the original attribution and bundles a decodable offline model (66.3889ms)
✔ four drivetrains preserve their physical differences and five-seat cabin (1100.2477ms)
✔ vehicle geometry is finite and every owned GPU resource is disposed once (683.4157ms)
✔ the BEV and EREV battery enclosure remains directly visible from the underbody (276.5329ms)
✔ the closed side sill hides the floor and battery at door level on all four vehicles (351.8181ms)
✔ xpeng-p7plus: independent layout, full cross paths, both sources and live/batch/field agreement (875.6493ms)
✔ xpeng-p7plus: observer seats and acoustic attachment nodes exist in the actual detachable model (1751.4869ms)
✔ xpeng-x9: independent layout, full cross paths, both sources and live/batch/field agreement (447.5703ms)
✔ xpeng-x9: observer seats and acoustic attachment nodes exist in the actual detachable model (1914.1378ms)
✔ xpeng-l03: independent layout, full cross paths, both sources and live/batch/field agreement (447.1618ms)
✔ xpeng-l03: observer seats and acoustic attachment nodes exist in the actual detachable model (1357.4401ms)
✔ xpeng-m03: independent layout, full cross paths, both sources and live/batch/field agreement (406.0804ms)
✔ xpeng-m03: observer seats and acoustic attachment nodes exist in the actual detachable model (1281.9874ms)
✔ xpeng-gx: independent layout, full cross paths, both sources and live/batch/field agreement (398.4595ms)
✔ xpeng-gx: observer seats and acoustic attachment nodes exist in the actual detachable model (1336.3458ms)
✔ x9: P7-level structural coverage and correctly separated battery layers (3170.752ms)
✔ x9: interior ray picking and sampled disassembly restore world transforms (2260.701ms)
✔ l03: P7-level structural coverage and correctly separated battery layers (1399.6991ms)
✔ l03: interior ray picking and sampled disassembly restore world transforms (1568.6261ms)
✔ m03: P7-level structural coverage and correctly separated battery layers (1387.1222ms)
✔ m03: interior ray picking and sampled disassembly restore world transforms (1383.1409ms)
✔ gx: P7-level structural coverage and correctly separated battery layers (1330.8911ms)
✔ gx: interior ray picking and sampled disassembly restore world transforms (1512.9679ms)
✔ Verified drivetrain and suspension differences survive shared construction helpers (4616.0777ms)
✔ A2 XPeng x9: real proportions, semantic rows and finite geometry (3547.1326ms)
✔ A2 XPeng x9: explosion is reversible, clamped and above floor (2275.9595ms)
✔ A2 XPeng p7plus: real proportions, semantic rows and finite geometry (1656.1868ms)
✔ A2 XPeng p7plus: explosion is reversible, clamped and above floor (1412.1576ms)
✔ A2 XPeng l03: real proportions, semantic rows and finite geometry (1528.1418ms)
✔ A2 XPeng l03: explosion is reversible, clamped and above floor (1262.3014ms)
✔ A2 XPeng m03: real proportions, semantic rows and finite geometry (1521.1957ms)
✔ A2 XPeng m03: explosion is reversible, clamped and above floor (1266.1585ms)
✔ A2 XPeng gx: real proportions, semantic rows and finite geometry (1578.2586ms)
✔ A2 XPeng gx: explosion is reversible, clamped and above floor (1368.7917ms)
✔ A2 XPeng paint affects exterior clones only; resources dispose exactly once (1247.5701ms)
✔ B2-003 async: Web Crypto produces the same container and detached data as sync API (127.0779ms)
✔ B2-003 async: encoding snapshots config, run identity, samples and budgets before awaiting (88.5612ms)
✔ B2-003 async: decode owns a snapshot across Buffer mutation, offset views and transfer (107.4513ms)
✔ B2-003 async: hash rejections and invalid digests propagate without a partial result (76.2699ms)
✔ B2-003 async: malformed, nonfinite and over-budget inputs reject before invoking crypto (25.9897ms)
✔ B2-003: default binary roundtrip, recipe recompute and Python oracle (1259.1303ms)
✔ B2-003: seed29 binary roundtrip, recipe recompute and Python oracle (1226.864ms)
✔ B2-003: seed47 binary roundtrip, recipe recompute and Python oracle (1223.5778ms)
✔ B2-003: taps32 binary roundtrip, recipe recompute and Python oracle (897.8012ms)
✔ B2-003: mu0 binary roundtrip, recipe recompute and Python oracle (736.1775ms)
✔ B2-003: registered source hashes match the numerical implementation (3.8344ms)
✔ B2-003: preserve reference identity, little-endian edge bits and offset views (470.5865ms)
✔ B2-003: silent and zero-denominator metrics retain nonfinite tags and unavailable measurements (163.8091ms)
✔ B2-003: genuine zero/negative reductions and tagged negative zero stay distinct from silence (151.0895ms)
✔ B2-003: malformed/truncated headers, overflow lengths, trailing bytes and padding are rejected (17.0299ms)
✔ B2-003: schema, channel mapping, units, metadata, normalized config and metrics are validated (57.9045ms)
✔ B2-003: integrity mismatch and hash-correct nonfinite payload cannot import (35.3212ms)
✔ B2-003: budgets refuse before hashing/large output and count UTF-8 bytes (19.6959ms)
✔ B2-003: unknown numerical models are read-only; recipe recompute revalidates identity and fresh id (22.367ms)
✔ B2-003: recipes reject extra scripts/URLs/arrays, bad text/config and different schemas (2.6022ms)
✔ B2-003: live snapshots, partial results, bad dimensions and invalid samples are not batches (34.4883ms)
✔ B2-003 lab recipe: ice, both sources and 1/4/8 reference topology (1436.4128ms)
✔ B2-003 lab recipe: bev, both sources and 1/4/8 reference topology (1238.5152ms)
✔ B2-003 lab recipe: hev, both sources and 1/4/8 reference topology (1308.1569ms)
✔ B2-003 lab recipe: erev, both sources and 1/4/8 reference topology (1183.9017ms)
✖ B2-003 lab recipe: model/source/recording identities match current files (6.2097ms)
✔ B2-003 lab recipe: preserve legacy absence and normalize shaped/layout/offset defaults explicitly (194.9936ms)
✔ B2-003 lab recipe: RNC off, zero step, speaker disable, seed/taps changes and negative gains retain exact behavior (388.1385ms)
✔ B2-003 lab recipe: actual divergence is a finite prefix, never padded or called complete (270.8922ms)
✖ B2-003 lab recipe: unknown layouts cannot encode/recompute and unknown model is only parsed (1.3032ms)
✔ B2-003 lab recipe: recording asset is mandatory, full-byte hash checked, never random fallback (6.0721ms)
✔ B2-003 lab recipe: snapshot config/id/budget and asset before await, propagate resolver/hash failures (140.2659ms)
✔ B2-003 lab recipe: reject bad config, dimensions, identities, extra scripts, live mode and altered defaults (4.4348ms)
✔ B2-003 lab recipe: byte and recompute budgets reject before asset loading or calculation (2.2028ms)
✔ B2-003 lab result: ice, both sources and 1/4/8 references sync/async exact roundtrip (702.7329ms)
✔ B2-003 lab result: bev, both sources and 1/4/8 references sync/async exact roundtrip (659.9646ms)
✔ B2-003 lab result: hev, both sources and 1/4/8 references sync/async exact roundtrip (627.4489ms)
✔ B2-003 lab result: erev, both sources and 1/4/8 references sync/async exact roundtrip (671.9055ms)
✔ B2-003 lab result: divergence, disabled RNC/output, mu0 and legacy absence retain status and identities (404.9728ms)
✔ B2-003 lab result: tagged invalid metrics survive, disagreeing summary is quarantined (114.28ms)
✔ B2-003 lab result: silence and empty divergence never become valid zero dB, real mu0 does (31.8167ms)
✔ B2-003 lab result: finite edge bits and offset views survive with independent arrays (55.8253ms)
✖ B2-003 lab result: unknown model/layout remain read-only without verified metrics (35.825ms)
✔ B2-003 lab result: hostile manifest identities, dimensions, units, clocks, state and scalar tags reject before hashing (45.551ms)
✔ B2-003 lab result: truncation, trailing data, lengths, padding, UTF-8 and nonfinite samples reject (66.5695ms)
✔ B2-003 lab result: explicit batch, complete/prefix rules, array shape, UTF-8 identity and budgets reject before crypto (44.8472ms)
✔ B2-003 lab result: async encoder captures all signals/metadata/limits before await (41.8899ms)
✔ B2-003 lab result: async import owns Buffer/offset views across mutation or transfer; SHA failures propagate (66.5944ms)
✔ Hann Welch one-sided PSD integrates to tone mean-square and has the correct peak (13.3429ms)
✔ B2-002: RMS uses exactly the trailing 1000 samples, including first and final windows (6.7746ms)
✔ B2-002: same-window reduction preserves negative gains and aggregates powers before dB (4.0556ms)
✔ B2-002: silence and near-floor pressure never report valid zero-dB benefit (10.4462ms)
✔ B2-002: non-finite pressure is unavailable, never a valid analysis frame (14.6663ms)
✔ B2-002: power rejects invalid ranges and PSD clamps finite sample cursors to actual data (2.1219ms)
✔ B2-002: PSD rejects non-finite samples in its complete windows and ignores future samples (1.8903ms)
✔ B2-002: non-finite PSD cursors cannot trap a caller in an unbounded loop (355.8733ms)
✔ B2-002: shared PSD preserves lab pressure weighting and vibration/drive/source units (13.2072ms)
✔ B2-002: asymmetric signal Welch bins match direct DFT, 50% overlap and incomplete-tail handling (187.2417ms)
✔ B2-002: DC and Nyquist are not doubled; PSD scales as signal-unit squared per Hz (18.6616ms)
✔ analysis warming-up, window boundary, channel identity and pressure calibration (1.1034ms)
✔ step size accepts every nonnegative finite value and finite drives exceed the former 100 threshold (584.0086ms)
✔ batch and chunked overflow stop at the same Float32 boundary, keeping the last finite samples and spectra (585.9748ms)
✔ overflow on the first weight update gives an empty finite prefix and a terminal diagnostic (37.2377ms)
✔ new lab experiments learn before two seconds without changing sources or superposition (974.4893ms)
✔ lab FxLMS produces finite true superposition, baseline then learned reduction at all microphones (16.4378ms)
✔ all 16 secondary paths have causal cross coupling and every source reaches every mic (7.3261ms)
✔ first adaptive output matches an independent all-error normalized gradient calculation (71.0962ms)
✔ RNC off, zero step and all disabled speakers retain original noise exactly (1185.7557ms)
✔ one and eight references and disabled output actually change controller dimensions and results (1981.1809ms)
✔ recording-shaped sources retain high finite values and return the valid prefix on overflow (3521.9069ms)
✔ field at microphone positions equals independently measured trace power in the same window (40.0517ms)
✔ off-microphone field is recalculated from wheel q and speaker u, not microphone interpolation (153.2889ms)
✔ vehicle paths vary, seed is reproducible and speed/roughness trends are source-driven (1347.3318ms)
✔ warm-up, zero-speed energy floor and bad configurations are explicit (792.7448ms)
✔ q selection analyzes each actual wheel source independently of reference layout (442.5274ms)
✔ A weighting matches reference corrections and applies power rather than amplitude to PSD (75.192ms)
✔ teaching calibration anchors pooled 40 km/h baseline at 60 dBA; offset changes H only (1017.0229ms)
✔ A/Z analysis and field agree at microphones, including first window and wrapped live history (3918.8895ms)
✔ duration budget rejects invalid allocations; short runs have finite metrics and long runs share streaming samples (5876.5468ms)
✔ pressure density levels use 20uPa while other signals keep unit reference; manual waveform bounds never reveal future samples (541.6428ms)
✔ NFxLMS joint normalization scales inversely with filtered-reference power and regularizes silence (0.7248ms)
✔ stateful first 16 seconds match the unchanged batch q/x/u/d/a/e bit for bit (2762.6232ms)
✔ arbitrary block sizes preserve source/filter/weight state beyond 16 seconds and repeated history wraps (8542.5422ms)
✔ RNC off, zero step, disabled speakers and eight references retain the batch semantics across blocks (5523.1505ms)
✔ wrapped snapshots use one absolute clock and yield the same field window at mic and off-mic points (2254.5239ms)
✔ resident storage stays bounded through two minutes and invalid requests do not advance the stream (3934.076ms)
✔ live RNC OFF freezes learned weights and zeros drive; ON resumes from those weights without restarting sources (677.8629ms)
✔ an initially disabled live controller can start adapting later (200.5996ms)
✔ wrapped live history retains five seconds at the audible clock despite producer prefetch (1875.0237ms)
✔ numeric overflow returns the finite prefix, preserves history, and cannot resume (11.9623ms)
✔ live generation ignores replay duration, preserves bounded adaptation for ten minutes and refuses overflow atomically (31812.702ms)
✔ P7 layout has its own cabin and paths; legacy layout unchanged and unsupported IDs rejected (6.8524ms)
✔ P7 arbitrary stream blocks match batch q/x/u/d/a/e bit for bit (509.5259ms)
✔ P7 field equals independent microphone trace power at the same point and window (35.4291ms)
✔ P7 recorded-source branch shares fractional paths between batch, streaming and field (577.3492ms)
✔ a pure delayed gain has constant magnitude and exact analytic group delay (4.851ms)
✔ response zeros are undefined rather than false finite phase/delay; all sixteen paths remain selectable (118.2542ms)
✔ recorded sources use the four primary-noise ears, validate assets and require explicit data (52.819ms)
✔ recorded source samples retain shared timing and gain, crossfade synchronously and do not become random or pitch shifted (119.0861ms)
✔ recorded batch and irregular live blocks agree exactly through two source loops; storage and adaptation remain continuous (9039.5423ms)
✔ recorded primary paths stay causal and fully coupled, match the passenger 48dBA/Hz peak anchor, and match microphone fields (357.9682ms)
✔ recording-derived data keeps all references and uncalibrated provenance; spectra distinguish vibration and cabin noise (1845.2596ms)
✔ spectral stretch remains causal, normalized and exactly shared by batch/stream at temperature-pressure limits (2513.7072ms)
✔ B1-002: unchanged core in test harness matches normal production entry sample-for-sample (1013.7388ms)
✔ B1-002: asymmetric matrices and independent recurrence detect sign/index/cross-path/timing faults (5659.6105ms)
✔ B1-002: every one of 16 output/reference controller routes contributes with the correct update (1826.342ms)
✔ B1-002: modifying future x/d cannot change any past output (631.4099ms)
✔ B1-003: invalid shapes, every missing/fixed field and nonfinite values return structured config errors (11.5326ms)
✔ B1-003: all 12 legal configurations have finite isolated Float32 channels and exact zero-step identities (2839.3142ms)
✔ B1-003: nonfinite data, short arrays, drive failure and Float32 overflow never return partial success (1546.6618ms)
✔ B1-003: a failed call preserves prior results and cannot poison the next run (986.0768ms)
✔ B1-001: default all 640000 samples and metrics match independent Python; exact repeat (789.4768ms)
✔ B1-001: seed29 all 640000 samples and metrics match independent Python; exact repeat (682.5928ms)
✔ B1-001: seed47 all 640000 samples and metrics match independent Python; exact repeat (704.3128ms)
✔ B1-001: taps32 all 640000 samples and metrics match independent Python; exact repeat (444.6096ms)
✔ B1-001: mu0 all 640000 samples and metrics match independent Python; exact repeat (299.0397ms)
✔ B1-001: comparison rejects sign, time shift, zeroed output, NaN and near-zero overflow (1.6949ms)
✔ B01/B03: all 640,000 samples match immutable Python Float32 golden and e=d+a (27.5676ms)
✔ B02/B04/B05: five configurations match Python metrics; repeat is deterministic (917.6745ms)
✔ B06: every output reaches every mic; removing one cross-path removes only that response (0.5133ms)
✔ B07: rejects invalid taps, negative/NaN step, wrong fixed dimensions, null config (0.3479ms)
✔ B2-001: independent unsigned PRNG oracle preserves all three seeds and distinct channel streams (1.1145ms)
✔ B2-001: three-seed shaped references and primary pressure match every Python Float32 sample (138.3222ms)
✔ B2-001: all primary and secondary FIRs retain oracle taps, causal delays and complete cross-coupling (0.9209ms)
✔ B2-001: original pressure includes the documented independent disturbance after causal P*x (76.6366ms)
✔ B2-001: exported demo-v2 identity, units and last-sample time stay explicit (0.1682ms)
✔ audio paths use the same linear gain and sinc resampling (22.2705ms)
ℹ tests 292
ℹ suites 0
ℹ pass 289
ℹ fail 3
ℹ cancelled 0
ℹ skipped 0
ℹ todo 0
ℹ duration_ms 61089.7112

✖ failing tests:

test at tests\helpers\lab-recipe-tests.ts:1:1308
✖ B2-003 lab recipe: model/source/recording identities match current files (6.2097ms)
  AssertionError [ERR_ASSERTION]: src/shared/lab-contracts.ts
  + actual - expected

  + 'b1a0af463bbe9b3a2dbcacb800bc42cd5597f6ebfa8bdfd73bc08c11000d2d2a'
  - '4cddd97edd7716a3ce63e22eff16118f93ea14bb630d9b21f5aa03d45fb280b5'

      at TestContext.<anonymous> (D:\lzh\Desktop\RNC_3D\RNC_3D_SIMULATION_DEMO\tests\helpers\lab-recipe-tests.ts:19:12)
      at Test.runInAsyncScope (node:async_hooks:214:14)
      at Test.run (node:internal/test_runner/test:1103:25)
      at Test.processPendingSubtests (node:internal/test_runner/test:785:18)
      at Test.postRun (node:internal/test_runner/test:1232:19)
      at Test.run (node:internal/test_runner/test:1160:12)
      at async Test.processPendingSubtests (node:internal/test_runner/test:785:7) {
    generatedMessage: false,
    code: 'ERR_ASSERTION',
    actual: 'b1a0af463bbe9b3a2dbcacb800bc42cd5597f6ebfa8bdfd73bc08c11000d2d2a',
    expected: '4cddd97edd7716a3ce63e22eff16118f93ea14bb630d9b21f5aa03d45fb280b5',
    operator: 'strictEqual',
    diff: 'simple'
  }

test at tests\helpers\lab-recipe-tests.ts:1:3532
✖ B2-003 lab recipe: unknown layouts cannot encode/recompute and unknown model is only parsed (1.3032ms)
  AssertionError [ERR_ASSERTION]: The validation function is expected to return "true". Received false

  Caught error:

  ExportError: Invalid lab batch configuration
      at TestContext.<anonymous> (D:\lzh\Desktop\RNC_3D\RNC_3D_SIMULATION_DEMO\tests\helpers\lab-recipe-tests.ts:48:10)
      at Test.runInAsyncScope (node:async_hooks:214:14)
      at Test.run (node:internal/test_runner/test:1103:25)
      at Test.processPendingSubtests (node:internal/test_runner/test:785:18)
      at Test.postRun (node:internal/test_runner/test:1232:19)
      at Test.run (node:internal/test_runner/test:1160:12)
      at async Test.processPendingSubtests (node:internal/test_runner/test:785:7) {
    generatedMessage: true,
    code: 'ERR_ASSERTION',
    actual: ExportError: Invalid lab batch configuration
        at fail (D:\lzh\Desktop\RNC_3D\RNC_3D_SIMULATION_DEMO\src\team-b\export\lab-recipe.ts:42:70)
        at readConfig (D:\lzh\Desktop\RNC_3D\RNC_3D_SIMULATION_DEMO\src\team-b\export\lab-recipe.ts:85:46)
        at encodeLabRecipe (D:\lzh\Desktop\RNC_3D\RNC_3D_SIMULATION_DEMO\src\team-b\export\lab-recipe.ts:143:18)
        at <anonymous> (D:\lzh\Desktop\RNC_3D\RNC_3D_SIMULATION_DEMO\tests\helpers\lab-recipe-tests.ts:48:23)
        at getActual (node:assert:611:5)
        at strict.throws (node:assert:759:24)
        at TestContext.<anonymous> (D:\lzh\Desktop\RNC_3D\RNC_3D_SIMULATION_DEMO\tests\helpers\lab-recipe-tests.ts:48:10)
        at Test.runInAsyncScope (node:async_hooks:214:14)
        at Test.run (node:internal/test_runner/test:1103:25)
        at Test.processPendingSubtests (node:internal/test_runner/test:785:18),
    operator: 'throws',
    diff: 'simple'
  }

test at tests\helpers\lab-result-tests.ts:1:5843
✖ B2-003 lab result: unknown model/layout remain read-only without verified metrics (35.825ms)
  Error [ExportError]: Invalid lab batch configuration
      at fail (D:\lzh\Desktop\RNC_3D\RNC_3D_SIMULATION_DEMO\src\team-b\export\lab-recipe.ts:42:70)
      at readConfig (D:\lzh\Desktop\RNC_3D\RNC_3D_SIMULATION_DEMO\src\team-b\export\lab-recipe.ts:85:46)
      at validated (D:\lzh\Desktop\RNC_3D\RNC_3D_SIMULATION_DEMO\src\team-b\export\lab-recipe.ts:129:18)
      at decodeLabRecipe (D:\lzh\Desktop\RNC_3D\RNC_3D_SIMULATION_DEMO\src\team-b\export\lab-recipe.ts:158:10)
      at inspect (D:\lzh\Desktop\RNC_3D\RNC_3D_SIMULATION_DEMO\src\team-b\export\lab-result.ts:188:18)
      at decodeLabResult (D:\lzh\Desktop\RNC_3D\RNC_3D_SIMULATION_DEMO\src\team-b\export\lab-result.ts:239:21)
      at TestContext.<anonymous> (D:\lzh\Desktop\RNC_3D\RNC_3D_SIMULATION_DEMO\tests\helpers\lab-result-tests.ts:72:18)
      at Test.runInAsyncScope (node:async_hooks:214:14)
      at Test.run (node:internal/test_runner/test:1103:25)
      at Test.processPendingSubtests (node:internal/test_runner/test:785:18) {
    code: 'INVALID_DATA'
  }
[ELIFECYCLE] Test failed. See above for more details.
[ELIFECYCLE] Command failed with exit code 1.
