### Result
{"cases":[{"vehicle":"ice","run":"纯燃油 SUV · 布局 teaching-fixed-v1 · 4×4×4 · 51c50710","field":"教学布局声场截至 10.00 s · 写实外观不投影"},{"vehicle":"bev","run":"纯电 SUV · 布局 teaching-fixed-v1 · 4×4×4 · 21276705","field":"教学布局声场截至 10.00 s · 写实外观不投影"},{"vehicle":"hev","run":"混合动力 SUV · 布局 teaching-fixed-v1 · 4×4×4 · a06e6584","field":"教学布局声场截至 10.00 s · 写实外观不投影"},{"vehicle":"erev","run":"增程 SUV · 布局 teaching-fixed-v1 · 4×4×4 · 2bb01684","field":"教学布局声场截至 10.00 s · 写实外观不投影"}],"live":{"run":"纯电 SUV · 布局 teaching-fixed-v1 · 实时 4×4×4 · ffc47c79","field":"教学布局声场截至 2.06 s · 写实外观不投影","status":"实时运行 · 2.2 s · 缓冲 1.21 s · 共同安全增益 0.097 · 补缓冲 0 次"},"errors":[],"failures":[]}
### Ran Playwright code
```js
await (async (page) => {
  const errors = [], failures = [], cases = [];
  page.on('pageerror', error => errors.push(error.message));
  page.on('requestfailed', request => failures.push({ url: request.url(), reason: request.failure()?.errorText }));
  await page.goto('http://127.0.0.1:5186/');
  await page.locator('#lab-viewer canvas').waitFor();
  await page.locator('#lab-mode').selectOption('replay');
  await page.locator('#lab-duration').selectOption('10');
  await page.locator('#lab-field').selectOption('residual');
  for (const vehicle of ['ice', 'bev', 'hev', 'erev']) {
    await page.locator('#lab-vehicle').selectOption(vehicle);
    await page.locator('#lab-calculate').click({ timeout: 30000 });
    await page.waitForFunction(() => document.querySelector('#lab-status')?.textContent?.includes('实验就绪'), undefined, { timeout: 45000 });
    await page.locator('#lab-seek').fill('10');
    await page.waitForFunction(() => document.querySelector('#lab-field-status')?.textContent?.includes('教学布局声场截至 10.00 s'), undefined, { timeout: 45000 });
    const run = await page.locator('#lab-run').textContent();
    const field = await page.locator('#lab-field-status').textContent();
    if (!run?.includes('teaching-fixed-v1')) throw new Error(`${vehicle}: no physical layout identity`);
    cases.push({ vehicle, run, field });
  }
  await page.locator('#lab-mode').selectOption('live');
  await page.locator('#lab-vehicle').selectOption('bev');
  await page.locator('#lab-calculate').click({ timeout: 30000 });
  await page.waitForFunction(() => {
    const value = document.querySelector('#lab-field-status')?.textContent ?? '';
    const seconds = Number(value.match(/截至 ([\d.]+) s/)?.[1] ?? 0);
    return value.includes('教学布局声场') && seconds >= 2;
  }, undefined, { timeout: 45000 });
  const live = { run: await page.locator('#lab-run').textContent(), field: await page.locator('#lab-field-status').textContent(), status: await page.locator('#lab-status').textContent() };
  await page.locator('.lab-workspace').screenshot({ path: 'output/playwright/current-bev-live.png' });
  if (errors.length || failures.length || !live.run?.includes('teaching-fixed-v1')) throw new Error(JSON.stringify({ cases, live, errors, failures }));
  return { cases, live, errors, failures };
}
)(page);
```
### Page
- Page URL: http://127.0.0.1:5186/
- Page Title: RNC · 四通道声学实验室
- Console: 1 errors, 0 warnings
### Events
- New console entries: .playwright-cli\console-2026-09-28T17-15-45-222Z.log#L3
