$ pnpm typecheck && pnpm check:boundaries && pnpm test && pnpm build
$ tsc --noEmit
$ node scripts/check-boundaries.mjs
源码边界通过：A/B 互不导入；shared 独立；integration 负责装配。
$ tsx --test tests/*.test.ts
✔ one road change compares the same weighted window without keeping mutable config (3.2526ms)
✔ changed operating conditions block numeric deltas even when values are present (0.7162ms)
✔ multiple configuration changes remain visible and missing seat values stay unavailable (1.1701ms)
✔ legacy teaching layout compares with explicit teaching ID but another layout suppresses deltas (0.5664ms)
✔ exported A/B summary survives JSON roundtrip and recomputes deltas (5.3433ms)
✔ condition mismatch imports but suppresses unsupported deltas (3.4228ms)
✔ rejects oversized, forged, malformed and nonfinite evidence (7.8939ms)
✔ foreign layouts remain readable but never acquire a numeric comparison (2.8366ms)
✔ older rnc-case-v1 without layout identity imports as teaching layout (1.2461ms)
✔ one-variable review reports measured direction without assigning cause or approval (2.8509ms)
✔ confounded or mismatched cases never receive a causal or numeric verdict (0.8661ms)
✔ an unregistered layout is labeled as file-reported evidence without a verdict (0.6043ms)
✔ new human fields roundtrip, legacy v1 imports blank, computed facts ignore human claims (6.6606ms)
✔ comparison waits for two distinct experiments and does not invent chart values (2.2379ms)
✔ changed control input and exact seat results are shown together, including a worse seat (2.8871ms)
✔ control comparison blocks apparent gains from different speed and never draws deltas (0.8635ms)
✔ scenario comparison labels its numbers as non-causal ANC gains (0.6019ms)
✔ multiple changes and identical inputs do not claim single-factor attribution (3.0187ms)
✔ null, nonfinite and empty readings are missing, never converted to zero (3.5173ms)
✔ both series use the same coordinate for the same value, including negative reduction (0.7295ms)
✔ sensor location, enabled outputs and all physical inputs remain inspectable (1.7836ms)
✔ record text is escaped, and rendering never mutates captured configurations (0.9205ms)
✔ unknown vehicle layouts and mismatched time windows cannot acquire benefit graphics (0.7853ms)
✔ A1: unavailable convergence values leave gaps rather than zero gain or connecting across missing data (2.6024ms)
✔ A1: original noise draws once in grey, residual compares against the same original channel (1.0554ms)
✔ paired spatial evidence distinguishes quieter, louder and near-zero samples without claiming a volume mean (2.7343ms)
✔ invalid, mismatched and nonfinite samples cannot produce a stale or invented spatial verdict (0.4708ms)
✔ A1: vehicle depth pass ignores transparent body, keeps seats and restores renderer/hierarchy on failure (7.3364ms)
✔ A1: transparent contour styling returns the exact source colour, side and geometry in solid mode (6.6551ms)
✔ A1: same-frame slice preview preserves main field blend, signed range, slice and clipping (10.596ms)
✔ A1: overview snapshot preserves lab quantity, slice, range and interpolation even when rendering fails (11.3965ms)
✔ A1: one-second field cadence keeps moving past the old 350 ms plateau (3.3003ms)
✔ A1: slices and volume share the same energy blend, including interrupted frames (3.0865ms)
✔ A1: paused same-window quantity changes crossfade without replacing physical textures (2.0532ms)
✔ A1: pause settles both slice textures and new identities cannot inherit a mode crossfade (9.4736ms)
✔ guide requires actual baseline and candidate runs before showing comparison evidence (2.8297ms)
✔ changed operating condition or multiple edits block the guided verdict (0.7292ms)
✔ invalid candidate and stale field never unlock listening (0.3864ms)
✔ a candidate field unlocks guidance only at the comparison window end (0.3143ms)
✔ lab playback applies one gain to all eight signals, preserves d/e ratios and does not mutate physics (52.9015ms)
✔ actual extreme valid lab experiment has no clipped samples after shared preparation (1360.5513ms)
✔ sinc overshoot is covered by the strict bound; silence and low-level legacy gain remain unchanged (3.2951ms)
✔ live Worker cancellation rejects pending work and late old errors cannot kill the new run (24.247ms)
✔ field failure is recoverable but a processor failure rejects every pending query (1.8716ms)
✔ start cancellation and foreign run identities fail explicitly; batch mode cannot produce live chunks (2.0357ms)
✔ live RNC control returns the exact sample boundary and a rejected switch preserves the running worker (4.04ms)
✔ legacy layout is stamped and unimplemented layouts fail before replacing a running experiment (1.3525ms)
✔ field frames without the active physical layout are rejected without killing the experiment (1.6121ms)
✔ a field reply cannot substitute another time, weighting or sampling plane within the same run (1.6244ms)
✔ batch results and live packets cannot switch physical layout inside an accepted run (1.5463ms)
✔ same-layout responses cannot substitute another vehicle or physical experiment configuration (1.4836ms)
✔ Worker replies without the active run identity cannot enter results or field views (1.079ms)
✔ log frequency coordinates give equal spacing to equal ratios and omit DC (2.4777ms)
✔ seat curves preserve full-run SPL history and missing values while excluding future frames (1.4832ms)
✔ physical traces share Pa scale, show original and use absolute sample time after a live history wrap (1.371ms)
✔ the initial waveform uses the same five-second scale as a full rolling window (0.5262ms)
✔ PSD comparisons use actual FFT bin positions and original selection is not drawn twice (1.0664ms)
✔ first valid point is visible and null SPL gaps never create fake zero levels (0.4885ms)
✔ acceleration and speaker drive never masquerade as pressure on a common axis (0.5492ms)
✔ manual plot bounds and hidden primary traces apply independently without changing samples (7.8039ms)
✔ divergent but finite Float32 pressure is bounded only in the audition copies (73.0359ms)
✔ streaming sinc is independent of chunk partition and matches continuous interpolation before the real lookahead tail (272.0695ms)
✔ common lookahead safety envelope preserves all eight d/e ratios, bounds peaks and retains bounded memory (1605.611ms)
✔ finishing releases exactly the real lookahead tail, including a run shorter than that tail (26.111ms)
✔ live queue validates complete finite contiguous chunks without changing accepted state on rejection (102.4822ms)
✔ one audio clock freezes on starvation and resumes at the missing sample instead of skipping wall time (12.4076ms)
✔ queued chunks are gapless and all comparisons share one eight-channel buffer without a new clock on switching (12.0205ms)
✔ pause preserves partly consumed audio and a cold allocation never advances the simulation clock (7.1288ms)
✔ async resume cannot revive pause/reset/dispose or clear a newer request, and failure is retryable (15.1893ms)
✔ continuous enqueue stays bounded for ten minutes and finishes exactly without a false underrun or restart (12471.7796ms)
✔ pause and resume while draining keeps the final samples and exact endpoint (12.643ms)
✔ offline package verifier accepts the exact build and rejects changed, extra or missing files (1210.5454ms)
✔ A1 overview: paused microphone levels survive display-only page and field changes (2.4887ms)
✔ A1 overview: invalidated experiment, warm-up and unavailable microphone never show stale levels (0.3806ms)
✔ A1 detailed passengers: concurrent duplicate seats share download but own clip and disposable meshes (16.2343ms)
✔ A1 detailed passengers: late response after library destruction releases source once; failures can retry (8.5651ms)
✔ A1 detailed passengers: driver swap, clear, vehicle change and destruction cannot resurrect stale loads (9001.0491ms)
✔ A1 detailed passengers: missing local asset keeps driver selectable and reports basic status (2702.4244ms)
✔ A1 clearance: cabin floor, cushion and backrest constrain every current basic character and seat (19856.647ms)
✔ A1 clearance: a steering ring has a free center, with solid rim contact detected (0.3712ms)
✔ A1 clearance: unsampled surface points veto a seemingly clear placement (0.1848ms)
✔ A1 clearance: fitting duplicate geometry leaves the template intact and disposes owned copies once (1.1956ms)
✔ A1 clearance: shallow contact is corrected; deep solid penetration is never silently erased (0.2174ms)
✔ A1 clearance: a small localized contact preserves adult scale before shrinking the whole character (0.3973ms)
✔ A1 crew: all six characters can replace the driver; presets and vehicle restoration stay independent (5551.1088ms)
✔ A1 crew: each new character has distinct driver/passenger assets and an independent supported instance (5.1881ms)
✔ A1 crew: new fallback animations and disposal remain isolated across duplicate characters (108.0809ms)
✔ A1 passengers: real finite geometry, bounded draw count, unique silhouette and single lap hat (559.9336ms)
✔ A1 passengers: all five models use actual cushion anchors including driver (13205.744ms)
✔ A1 passengers: independent seats allow duplicates; per-vehicle preferences cannot create stale seats (0.625ms)
✔ A1 passengers: swap, empty, detach and clip preserve the car and acoustic layout (2055.6822ms)
✔ A1 passengers: head/horns stay below each current cabin roof; geometry follows matching seats (7282.0535ms)
✔ A1 passengers: repeat frame is stable, reduced motion neutral, resources dispose exactly once (11.8753ms)
✔ A1: preparing first audio buffer does not skip the requested playback position (48.8046ms)
✔ A1: pause cancels pending audio resume; repeated play creates one start (57.0709ms)
✔ A1: loading a new experiment cancels an earlier pending play (0.9557ms)
✔ A1: reaching the end stays stopped when seeking, including before ended is delivered (30.6042ms)
✔ A1: seeking to the end stops; replay starts only on explicit play (33.6104ms)
✔ A1: cold seat/mode switches prepare audio before fading, keep time and use the same gain (615.4829ms)
✔ A1: audio resume failure leaves a retryable paused player (31.7909ms)
✔ A1: an obsolete resume cannot clear or start a newer play request (28.7616ms)
✔ A1: seeking while playing continues at the new position without a retired ended event stopping it (27.8173ms)
✔ A1: a cold comparison prepared across the end never restarts the clip (53.2291ms)
✔ variable duration playback seeks past 16s, switches modes and stops exactly at each loaded clip end (132.4671ms)
✔ A1: batching preserves per-part ownership, named hardware, transformed bounds and exterior isolation (24.0016ms)
✔ A1: sculpted dashboard normals are finite, unit length and continuous at duplicated vertices (51.4585ms)
✔ A1: detailed cabins remain separately detachable while materials and microtextures dispose once (5887.0673ms)
✔ A1: render observations are bounded and never mix different vehicles or suspended frames (1.1372ms)
✔ gallery and road mode selection follows actual viewer state, including overlay inspection (1.4397ms)
✔ collapse preserves control identity and state, hides body, and returns focus (1.5276ms)
✔ Escape collapses only its own panel while preserving other panels and header actions (0.7621ms)
✔ asset shell modes isolate shared interior materials and restore original ownership once (9.2872ms)
✔ authored asset sections follow actual moving meshes without inventing solid caps or changing coordinates (7.2988ms)
✔ asset picking skips hidden ancestors and discarded section surfaces, and selection bounds follow disassembly (30.9913ms)
✔ selection excludes hidden descendants and follows ancestor transforms without a section (1.7465ms)
✔ selection is restricted to retained section bounds and disappears when fully clipped (3.4476ms)
✔ actual ICE asset keeps all 74127 triangles and 30 groups through inspection, disassembly and full restoration (356.7044ms)
✔ CP controlled comparison blocks road/source/seed/operating changes; scenario states differences (3.9341ms)
✔ CP declared controller changes retain negative outcomes and do not change input snapshots (0.6296ms)
✔ CP scenario cannot cross layout or absolute analysis window (0.5521ms)
✔ CP mode survives summary roundtrip; old summaries retain historical comparison meaning (4.1059ms)
✔ CP nonfinite external readings never become displayed delta (22.0273ms)
✔ separate curved sheets have continuous boundary normals and finite UV coordinates (23.5238ms)
✔ rounded lamp apertures preserve the original silhouette bounds without repeated sharp corners (1.2218ms)
✔ P7 shoulder-to-window gap is closed by paint owned by the removable front door (3229.462ms)
✔ dense grid queries 1989 distinct locations across the original spatial extent (5.5079ms)
✔ dense texture retains the exact engine point order and paired channel energy (3.6662ms)
✔ volume mode contains no visible planar slices; explicit slices remain available (15.2066ms)
✔ temporal transition blends energy and a replacement starts at the displayed energy (8.6361ms)
✔ rewind, weighting, layout and point changes never blend incompatible frames (9.823ms)
✔ driving distance uses the experiment clock, including pause and backward seek (2.1378ms)
✔ road segments cover a continuous range and preserve world identity while passing the car (1.1869ms)
✔ four cabin eyes share P7 seat coordinates and are distinct from the microphones (0.5738ms)
✔ cabin look rotates around the eye without translating it and clamps pitch (2.0258ms)
✔ wheel spin preserves its axle and semantic attachment, keeping the brake caliper stationary (6.1825ms)
✔ curved graded route preserves arc length, periodic seams and reversible vehicle coordinates (86.1167ms)
✔ A2 landscape: finite, continuous, bounded slopes across every environment and negative world coordinates (1720.8934ms)
✔ A2 road ground stays below the travelled lane through bends and grades (67.0283ms)
✔ A2 recycled world tiles stay beyond the fully faded distance for forward and backward driving (17.8283ms)
✔ A2 sky retains complete imagery while loading and blends monotonically; rapid requests retain referenced textures (24.4179ms)
✔ A2 outdoor camera cannot enter the floor, car shell or distant scenery after repeated pan/zoom/orbit (3.119ms)
✔ volume texture keeps every queried point and both channels in WebGL storage order (6.6886ms)
✔ spatial smoothing operates on mean-square energy, not a mean of dB or RGB (4.0923ms)
✔ improvement is the signed, same-point same-frame difference; worsening is retained (0.9843ms)
✔ detail range includes both channels and has a nonzero span even for a flat frame (0.9079ms)
✔ improvement detail keeps zero centered and includes real worsening and improvement (0.7146ms)
✔ camera moves around the car and reaches an exact endpoint without overshoot (1.5776ms)
✔ manual input cancels motion; a rapid replacement starts at the currently visible pose (0.6999ms)
✔ dense queries yield in bounded batches and publish the original point order at one window (143.1139ms)
✔ a late query is cancelled before more chunks are submitted (2.8628ms)
✔ different windows, weighting, positions and layout cannot be merged into one field (39.6902ms)
✔ an invalid warm-up grid stays invalid instead of becoming a coloured result (140.0616ms)
✔ three slice meshes use the original 280 queried positions, including their fixed physical planes (4.5178ms)
✔ a reordered, truncated or non-finite B field frame cannot color the old locations (1.2441ms)
✔ moving each sampled plane requests its physical position and refuses the previous field frame (4.832ms)
✔ 12 coincident projections remain separate and inside the narrow supported viewer (4.2373ms)
✔ four source illustrations can share a narrow view with all 12 hardware labels (3.8416ms)
✔ labels at viewport edges and densely grouped hardware remain clickable (20.4365ms)
✔ lab callouts stay beside the projected hardware instead of the full viewport edges (2.4496ms)
✔ near-car labels remain separate and clickable in a narrow 360 px viewer (0.6525ms)
✔ 720p structure panels and transport never cover the 16 hardware callouts (1.1878ms)
✔ a completely obstructed viewport does not put an invisible clickable label behind its panel (0.5089ms)
✔ P7+ canopy, liftback glazing and rear bumper are separately owned assemblies (3204.6231ms)
✔ P7+ hidden shell exposes actual seat picking, and clipping rejects the removed half (2451.0345ms)
✔ P7+ intermediate explosion poses remain finite and return to identical world transforms (1888.7173ms)
✔ P7+ paint and shell presentation preserve independent glass, tires and cabin materials (1748.3394ms)
✔ P7 detailed EV assemblies and acoustic diaphragms own their reversible geometry (1607.445ms)
✔ featured structures exist in each generated architecture and explain its actual drive path (651.0343ms)
✔ true mesh-plane sections preserve area, plane position and outward normal after transforms (13.3431ms)
✔ section through exact edges is closed; tangencies and existing coplanar faces are not duplicated (2.3255ms)
✔ ring sections keep their holes and disconnected islands; open surfaces never get a solid cap (49.0486ms)
✔ section display updates from exploded geometry, respects ancestor visibility and material opacity (6.4196ms)
✔ bundled showroom SUV is the attributed, offline CC BY asset within the geometry budget (11.8534ms)
✔ BEV showroom keeps the original attribution and bundles a decodable offline model (41.082ms)
✔ contoured upholstery remains finite, smoothly shaded and inside the assembled seat envelope (227.9815ms)
✔ GX seat detail retains part ownership, reversibility and shared micrograin lifetime (3846.6967ms)
✔ four drivetrains preserve their physical differences and five-seat cabin (574.0088ms)
✔ vehicle geometry is finite and every owned GPU resource is disposed once (583.8574ms)
✔ the BEV and EREV battery enclosure remains directly visible from the underbody (359.8083ms)
✔ the closed side sill hides the floor and battery at door level on all four vehicles (368.1937ms)
✔ xpeng-p7plus: independent layout, full cross paths, both sources and live/batch/field agreement (601.8169ms)
✔ xpeng-p7plus: observer seats and acoustic attachment nodes exist in the actual detachable model (2554.3537ms)
✔ xpeng-x9: independent layout, full cross paths, both sources and live/batch/field agreement (458.1024ms)
✔ xpeng-x9: observer seats and acoustic attachment nodes exist in the actual detachable model (2940.2975ms)
✔ xpeng-l03: independent layout, full cross paths, both sources and live/batch/field agreement (340.2821ms)
✔ xpeng-l03: observer seats and acoustic attachment nodes exist in the actual detachable model (2423.5426ms)
✔ xpeng-m03: independent layout, full cross paths, both sources and live/batch/field agreement (251.9905ms)
✔ xpeng-m03: observer seats and acoustic attachment nodes exist in the actual detachable model (1884.6978ms)
✔ xpeng-gx: independent layout, full cross paths, both sources and live/batch/field agreement (240.1089ms)
✔ xpeng-gx: observer seats and acoustic attachment nodes exist in the actual detachable model (1670.7553ms)
✔ x9: P7-level structural coverage and correctly separated battery layers (4056.742ms)
✔ x9: interior ray picking and sampled disassembly restore world transforms (3238.9997ms)
✔ l03: P7-level structural coverage and correctly separated battery layers (2340.0303ms)
✔ l03: interior ray picking and sampled disassembly restore world transforms (1871.2784ms)
✔ m03: P7-level structural coverage and correctly separated battery layers (1714.0223ms)
✔ m03: interior ray picking and sampled disassembly restore world transforms (1781.5354ms)
✔ gx: P7-level structural coverage and correctly separated battery layers (1476.2726ms)
✔ gx: interior ray picking and sampled disassembly restore world transforms (1535.4602ms)
✔ Verified drivetrain and suspension differences survive shared construction helpers (4380.0105ms)
✔ A2 XPeng x9: real proportions, semantic rows and finite geometry (4485.5354ms)
✔ A2 XPeng x9: explosion is reversible, clamped and above floor (3256.5662ms)
✔ A2 XPeng p7plus: real proportions, semantic rows and finite geometry (2041.6441ms)
✔ A2 XPeng p7plus: explosion is reversible, clamped and above floor (1499.6824ms)
✔ A2 XPeng l03: real proportions, semantic rows and finite geometry (1903.3155ms)
✔ A2 XPeng l03: explosion is reversible, clamped and above floor (1686.593ms)
✔ A2 XPeng m03: real proportions, semantic rows and finite geometry (1671.7178ms)
✔ A2 XPeng m03: explosion is reversible, clamped and above floor (1477.9377ms)
✔ A2 XPeng gx: real proportions, semantic rows and finite geometry (1333.2137ms)
✔ A2 XPeng gx: explosion is reversible, clamped and above floor (1146.9512ms)
✔ A2 XPeng paint affects exterior clones only; resources dispose exactly once (1022.1449ms)
✔ B2-003 async: Web Crypto produces the same container and detached data as sync API (95.9843ms)
✔ B2-003 async: encoding snapshots config, run identity, samples and budgets before awaiting (71.3434ms)
✔ B2-003 async: decode owns a snapshot across Buffer mutation, offset views and transfer (80.1988ms)
✔ B2-003 async: hash rejections and invalid digests propagate without a partial result (77.097ms)
✔ B2-003 async: malformed, nonfinite and over-budget inputs reject before invoking crypto (27.2354ms)
✔ B2-003: default binary roundtrip, recipe recompute and Python oracle (1307.7036ms)
✔ B2-003: seed29 binary roundtrip, recipe recompute and Python oracle (1113.1339ms)
✔ B2-003: seed47 binary roundtrip, recipe recompute and Python oracle (1065.2221ms)
✔ B2-003: taps32 binary roundtrip, recipe recompute and Python oracle (779.2391ms)
✔ B2-003: mu0 binary roundtrip, recipe recompute and Python oracle (604.5983ms)
✔ B2-003: registered source hashes match the numerical implementation (2.3291ms)
✔ B2-003: preserve reference identity, little-endian edge bits and offset views (397.572ms)
✔ B2-003: silent and zero-denominator metrics retain nonfinite tags and unavailable measurements (145.7587ms)
✔ B2-003: genuine zero/negative reductions and tagged negative zero stay distinct from silence (140.1695ms)
✔ B2-003: malformed/truncated headers, overflow lengths, trailing bytes and padding are rejected (18.2907ms)
✔ B2-003: schema, channel mapping, units, metadata, normalized config and metrics are validated (82.3132ms)
✔ B2-003: integrity mismatch and hash-correct nonfinite payload cannot import (32.8323ms)
✔ B2-003: budgets refuse before hashing/large output and count UTF-8 bytes (24.9802ms)
✔ B2-003: unknown numerical models are read-only; recipe recompute revalidates identity and fresh id (19.0716ms)
✔ B2-003: recipes reject extra scripts/URLs/arrays, bad text/config and different schemas (1.7144ms)
✔ B2-003: live snapshots, partial results, bad dimensions and invalid samples are not batches (51.4623ms)
✔ B2-003 lab recipe: ice, both sources and 1/4/8 reference topology (1302.0726ms)
✔ B2-003 lab recipe: bev, both sources and 1/4/8 reference topology (969.7403ms)
✔ B2-003 lab recipe: hev, both sources and 1/4/8 reference topology (924.9039ms)
✔ B2-003 lab recipe: erev, both sources and 1/4/8 reference topology (848.4794ms)
✔ B2-003 lab recipe: model/source/recording identities match current files (5.7982ms)
✔ B2-003 lab recipe: preserve legacy absence and normalize shaped/layout/offset defaults explicitly (128.6186ms)
✔ B2-003 lab recipe: RNC off, zero step, speaker disable, seed/taps changes and negative gains retain exact behavior (270.5023ms)
✔ B2-003 lab recipe: actual divergence is a finite prefix, never padded or called complete (198.0197ms)
✔ B2-003 lab recipe: unknown layouts cannot encode/recompute and unknown model is only parsed (2.1932ms)
✔ B2-003 lab recipe: recording asset is mandatory, full-byte hash checked, never random fallback (5.3142ms)
✔ B2-003 lab recipe: snapshot config/id/budget and asset before await, propagate resolver/hash failures (101.1441ms)
✔ B2-003 lab recipe: reject bad config, dimensions, identities, extra scripts, live mode and altered defaults (2.5779ms)
✔ B2-003 lab recipe: byte and recompute budgets reject before asset loading or calculation (1.2375ms)
✔ B2-003 lab result: ice, both sources and 1/4/8 references sync/async exact roundtrip (489.056ms)
✔ B2-003 lab result: bev, both sources and 1/4/8 references sync/async exact roundtrip (492.0899ms)
✔ B2-003 lab result: hev, both sources and 1/4/8 references sync/async exact roundtrip (477.5452ms)
✔ B2-003 lab result: erev, both sources and 1/4/8 references sync/async exact roundtrip (448.6436ms)
✔ B2-003 lab result: divergence, disabled RNC/output, mu0 and legacy absence retain status and identities (247.5365ms)
✔ B2-003 lab result: tagged invalid metrics survive, disagreeing summary is quarantined (97.4021ms)
✔ B2-003 lab result: silence and empty divergence never become valid zero dB, real mu0 does (19.7151ms)
✔ B2-003 lab result: finite edge bits and offset views survive with independent arrays (41.4888ms)
✔ B2-003 lab result: unknown model/layout remain read-only without verified metrics (29.3293ms)
✔ B2-003 lab result: hostile manifest identities, dimensions, units, clocks, state and scalar tags reject before hashing (41.2832ms)
✔ B2-003 lab result: truncation, trailing data, lengths, padding, UTF-8 and nonfinite samples reject (52.3495ms)
✔ B2-003 lab result: explicit batch, complete/prefix rules, array shape, UTF-8 identity and budgets reject before crypto (26.9223ms)
✔ B2-003 lab result: async encoder captures all signals/metadata/limits before await (39.916ms)
✔ B2-003 lab result: async import owns Buffer/offset views across mutation or transfer; SHA failures propagate (47.5616ms)
✔ B2-003 registered export: xpeng-p7plus-bev-v1, both sources, 1/4/8 references (631.8153ms)
✔ B2-003 registered export: xpeng-x9-erev-v1, both sources, 1/4/8 references (557.0017ms)
✔ B2-003 registered export: xpeng-l03-bev-v1, both sources, 1/4/8 references (533.5017ms)
✔ B2-003 registered export: xpeng-m03-bev-v1, both sources, 1/4/8 references (553.7731ms)
✔ B2-003 registered export: xpeng-gx-erev-v1, both sources, 1/4/8 references (503.6512ms)
✔ B2-003 registered export: actual historical model-1 files remain read-only and cannot load assets (8.2405ms)
✔ B2-003 registered export: unknown, asset aliases and powertrain mismatches parse without enabling execution (32.1614ms)
✔ B2-003 registered export: unsupported layouts still reject invalid config and normalization before hashing (39.6222ms)
✔ Hann Welch one-sided PSD integrates to tone mean-square and has the correct peak (7.6357ms)
✔ B2-002: RMS uses exactly the trailing 1000 samples, including first and final windows (6.2206ms)
✔ B2-002: same-window reduction preserves negative gains and aggregates powers before dB (3.3726ms)
✔ B2-002: silence and near-floor pressure never report valid zero-dB benefit (8.1073ms)
✔ B2-002: non-finite pressure is unavailable, never a valid analysis frame (9.5896ms)
✔ B2-002: power rejects invalid ranges and PSD clamps finite sample cursors to actual data (1.4831ms)
✔ B2-002: PSD rejects non-finite samples in its complete windows and ignores future samples (1.4681ms)
✔ B2-002: non-finite PSD cursors cannot trap a caller in an unbounded loop (240.5121ms)
✔ B2-002: shared PSD preserves lab pressure weighting and vibration/drive/source units (7.3125ms)
✔ B2-002: asymmetric signal Welch bins match direct DFT, 50% overlap and incomplete-tail handling (137.6054ms)
✔ B2-002: DC and Nyquist are not doubled; PSD scales as signal-unit squared per Hz (9.5287ms)
✔ analysis warming-up, window boundary, channel identity and pressure calibration (0.8432ms)
✔ step size accepts every nonnegative finite value and finite drives exceed the former 100 threshold (284.5015ms)
✔ batch and chunked overflow stop at the same Float32 boundary, keeping the last finite samples and spectra (636.5462ms)
✔ overflow on the first weight update gives an empty finite prefix and a terminal diagnostic (37.1381ms)
✔ new lab experiments learn before two seconds without changing sources or superposition (948.3118ms)
✔ lab FxLMS produces finite true superposition, baseline then learned reduction at all microphones (20.8714ms)
✔ all 16 secondary paths have causal cross coupling and every source reaches every mic (2.5162ms)
✔ first adaptive output matches an independent all-error normalized gradient calculation (59.4958ms)
✔ RNC off, zero step and all disabled speakers retain original noise exactly (1183.1515ms)
✔ one and eight references and disabled output actually change controller dimensions and results (1843.1234ms)
✔ recording-shaped sources retain high finite values and return the valid prefix on overflow (3212.1421ms)
✔ field at microphone positions equals independently measured trace power in the same window (38.2529ms)
✔ off-microphone field is recalculated from wheel q and speaker u, not microphone interpolation (152.1812ms)
✔ vehicle paths vary, seed is reproducible and speed/roughness trends are source-driven (1171.9377ms)
✔ warm-up, zero-speed energy floor and bad configurations are explicit (635.5759ms)
✔ q selection analyzes each actual wheel source independently of reference layout (366.8171ms)
✔ A weighting matches reference corrections and applies power rather than amplitude to PSD (40.6605ms)
✔ teaching calibration anchors pooled 40 km/h baseline at 60 dBA; offset changes H only (1041.8691ms)
✔ A/Z analysis and field agree at microphones, including first window and wrapped live history (3805.1852ms)
✔ duration budget rejects invalid allocations; short runs have finite metrics and long runs share streaming samples (5073.0825ms)
✔ pressure density levels use 20uPa while other signals keep unit reference; manual waveform bounds never reveal future samples (432.8189ms)
✔ NFxLMS joint normalization scales inversely with filtered-reference power and regularizes silence (0.4358ms)
✔ stateful first 16 seconds match the unchanged batch q/x/u/d/a/e bit for bit (2661.286ms)
✔ arbitrary block sizes preserve source/filter/weight state beyond 16 seconds and repeated history wraps (7372.8227ms)
✔ RNC off, zero step, disabled speakers and eight references retain the batch semantics across blocks (4173.9114ms)
✔ wrapped snapshots use one absolute clock and yield the same field window at mic and off-mic points (1542.8551ms)
✔ resident storage stays bounded through two minutes and invalid requests do not advance the stream (3394.0541ms)
✔ live RNC OFF freezes learned weights and zeros drive; ON resumes from those weights without restarting sources (489.6606ms)
✔ an initially disabled live controller can start adapting later (150.9683ms)
✔ wrapped live history retains five seconds at the audible clock despite producer prefetch (1457.6861ms)
✔ numeric overflow returns the finite prefix, preserves history, and cannot resume (10.5603ms)
✔ live generation ignores replay duration, preserves bounded adaptation for ten minutes and refuses overflow atomically (20785.3906ms)
✔ P7 layout has its own cabin and paths; legacy layout unchanged and unsupported IDs rejected (6.3332ms)
✔ P7 arbitrary stream blocks match batch q/x/u/d/a/e bit for bit (511.6964ms)
✔ P7 field equals independent microphone trace power at the same point and window (29.1572ms)
✔ P7 recorded-source branch shares fractional paths between batch, streaming and field (626.9605ms)
✔ a pure delayed gain has constant magnitude and exact analytic group delay (3.661ms)
✔ response zeros are undefined rather than false finite phase/delay; all sixteen paths remain selectable (75.6581ms)
✔ recorded sources use the four primary-noise ears, validate assets and require explicit data (94.1269ms)
✔ recorded source samples retain shared timing and gain, crossfade synchronously and do not become random or pitch shifted (119.207ms)
✔ recorded batch and irregular live blocks agree exactly through two source loops; storage and adaptation remain continuous (8217.1605ms)
✔ recorded primary paths stay causal and fully coupled, match the passenger 48dBA/Hz peak anchor, and match microphone fields (361.6371ms)
✔ recording-derived data keeps all references and uncalibrated provenance; spectra distinguish vibration and cabin noise (1808.4072ms)
✔ spectral stretch remains causal, normalized and exactly shared by batch/stream at temperature-pressure limits (2359.7497ms)
✔ B1-002: unchanged core in test harness matches normal production entry sample-for-sample (903.6853ms)
✔ B1-002: asymmetric matrices and independent recurrence detect sign/index/cross-path/timing faults (4510.9897ms)
✔ B1-002: every one of 16 output/reference controller routes contributes with the correct update (1697.4019ms)
✔ B1-002: modifying future x/d cannot change any past output (455.6113ms)
✔ B1-003: invalid shapes, every missing/fixed field and nonfinite values return structured config errors (2.9356ms)
✔ B1-003: all 12 legal configurations have finite isolated Float32 channels and exact zero-step identities (2081.7229ms)
✔ B1-003: nonfinite data, short arrays, drive failure and Float32 overflow never return partial success (1164.1125ms)
✔ B1-003: a failed call preserves prior results and cannot poison the next run (693.5852ms)
✔ B1-001: default all 640000 samples and metrics match independent Python; exact repeat (548.0561ms)
✔ B1-001: seed29 all 640000 samples and metrics match independent Python; exact repeat (494.4322ms)
✔ B1-001: seed47 all 640000 samples and metrics match independent Python; exact repeat (470.1457ms)
✔ B1-001: taps32 all 640000 samples and metrics match independent Python; exact repeat (355.7164ms)
✔ B1-001: mu0 all 640000 samples and metrics match independent Python; exact repeat (309.7557ms)
✔ B1-001: comparison rejects sign, time shift, zeroed output, NaN and near-zero overflow (1.7572ms)
✔ B01/B03: all 640,000 samples match immutable Python Float32 golden and e=d+a (27.6683ms)
✔ B02/B04/B05: five configurations match Python metrics; repeat is deterministic (790.9333ms)
✔ B06: every output reaches every mic; removing one cross-path removes only that response (0.4388ms)
✔ B07: rejects invalid taps, negative/NaN step, wrong fixed dimensions, null config (0.2608ms)
✔ B2-001: independent unsigned PRNG oracle preserves all three seeds and distinct channel streams (11.5355ms)
✔ B2-001: three-seed shaped references and primary pressure match every Python Float32 sample (103.4309ms)
✔ B2-001: all primary and secondary FIRs retain oracle taps, causal delays and complete cross-coupling (0.6065ms)
✔ B2-001: original pressure includes the documented independent disturbance after causal P*x (50.4063ms)
✔ B2-001: exported demo-v2 identity, units and last-sample time stay explicit (0.1814ms)
✔ audio paths use the same linear gain and sinc resampling (37.2636ms)
ℹ tests 345
ℹ suites 0
ℹ pass 345
ℹ fail 0
ℹ cancelled 0
ℹ skipped 0
ℹ todo 0
ℹ duration_ms 45538.5156
$ tsc --noEmit && vite build
vite v7.1.7 building for production...
transforming...
✓ 117 modules transformed.
rendering chunks...
computing gzip size...
dist/index.html                                            1.03 kB │ gzip:     0.56 kB
dist/assets/engine.worker-Sv3u2Fdq.js                      4.29 kB
dist/assets/rnc-serif-DH6On44C.woff2                      17.78 kB
dist/assets/gallery-desert-B0GsNK42.webp                  19.07 kB
dist/assets/gallery-mountain-B9cQlO9E.webp                19.91 kB
dist/assets/gallery-snow-nXhd3GdG.webp                    22.82 kB
dist/assets/gallery-coast-Dl7q4u_l.webp                   26.81 kB
dist/assets/lab.worker-C7FgpgE2.js                        30.88 kB
dist/assets/rnc-sans-vf96sMn8.woff2                      235.82 kB
dist/assets/recorded-primary-BSu6qUp_.f32              1,280.02 kB
dist/assets/layout-BJyQje-f.png                        1,671.89 kB
dist/assets/gallery-champagne-sunset-v2-DNZvigIO.png   1,944.61 kB
dist/assets/paths-C9jf-qv9.png                         1,989.86 kB
dist/assets/field-CNNqPcDN.png                         2,388.10 kB
dist/assets/aerial_grass_rock_diff_2k-BtlOO1j7.jpg     2,624.64 kB
dist/assets/golden_browser_fixture-BhKaGSeS.json       3,414.19 kB │ gzip: 2,407.80 kB
dist/assets/lakes_8k-Cpp28BEr.jpg                      4,742.10 kB
dist/assets/asphalt_02_nor_gl_2k-UEyVbT-h.jpg          4,943.95 kB
dist/assets/small_rural_road_8k-ClPSoVJX.jpg           5,415.67 kB
dist/assets/goegap_2k-Jq4FxBej.hdr                     5,445.36 kB
dist/assets/range-rover-sport-svr-4ykCwhl8.glb         5,726.33 kB
dist/assets/lakes_2k-Cp9fVIm5.hdr                      5,918.43 kB
dist/assets/goegap_8k-BpN4yx3b.jpg                     6,050.86 kB
dist/assets/gravel_floor_nor_gl_2k-DtygZ1JK.jpg        6,139.01 kB
dist/assets/tesla-model-y.meshopt-DxsAdN_g.glb        10,353.64 kB
dist/assets/asphalt_02_diff_4k-ztmUkEFu.jpg           11,654.13 kB
dist/assets/gravel_floor_diff_4k-B_Xe7M1M.jpg         18,167.19 kB
dist/assets/lago_disola_4k-CMa_-4Rz.hdr               26,197.09 kB
dist/assets/alps_field_4k-DL9vOQ3t.hdr                26,520.86 kB
dist/assets/lago_disola_8k-C31ajjrJ.jpg               50,106.04 kB
dist/assets/alps_field_8k-BrpRqQi6.jpg                53,871.22 kB
dist/assets/index-Di_b5R-_.css                             6.73 kB │ gzip:     2.23 kB
dist/assets/viewer-BKEBPkNH.css                           14.36 kB │ gzip:     3.45 kB
dist/assets/index-9LfV7J2s.css                           102.30 kB │ gzip:    21.78 kB
dist/assets/contracts-nWp9BSjY.js                          0.09 kB │ gzip:     0.11 kB │ map:     2.22 kB
dist/assets/preload-helper-PPVm8Dsz.js                     1.28 kB │ gzip:     0.75 kB │ map:     0.11 kB
dist/assets/path-analysis-COwjqcbF.js                      1.48 kB │ gzip:     0.85 kB │ map:     5.24 kB
dist/assets/index-BJJq3Ru5.js                              2.00 kB │ gzip:     1.05 kB │ map:     7.96 kB
dist/assets/lab-contracts-BIycLH2B.js                      3.25 kB │ gzip:     1.52 kB │ map:    15.85 kB
dist/assets/index-BKMVqNah.js                              3.69 kB │ gzip:     1.83 kB │ map:     6.85 kB
dist/assets/lab-engine-Ci4Y6_4r.js                         4.22 kB │ gzip:     1.90 kB │ map:    14.44 kB
dist/assets/asset-inspection-6c926Kbg.js                   4.45 kB │ gzip:     1.91 kB │ map:    14.95 kB
dist/assets/paths-C-m_HCM-.js                             11.02 kB │ gzip:     5.42 kB │ map:    28.52 kB
dist/assets/index-CtZ-usB_.js                             17.96 kB │ gzip:     8.12 kB │ map:    70.68 kB
dist/assets/index-ciuXBsoW.js                             20.53 kB │ gzip:     9.21 kB │ map:    53.78 kB
dist/assets/showroom-model-Bp1PlgpZ.js                    33.44 kB │ gzip:    10.57 kB │ map:    68.00 kB
dist/assets/GLTFLoader-B9M59ScT.js                        44.06 kB │ gzip:    13.02 kB │ map:   186.62 kB
dist/assets/xpeng-model-84ZbrTMa.js                       61.56 kB │ gzip:    25.13 kB │ map:   217.37 kB
dist/assets/viewer-BcQz-n6O.js                           601.73 kB │ gzip:   154.84 kB │ map: 2,921.24 kB
dist/assets/index-4sHqvD09.js                            603.65 kB │ gzip:   234.56 kB │ map: 1,532.51 kB

(!) Some chunks are larger than 500 kB after minification. Consider:
- Using dynamic import() to code-split the application
- Use build.rollupOptions.output.manualChunks to improve chunking: https://rollupjs.org/configuration-options/#output-manualchunks
- Adjust chunk size limit for this warning via build.chunkSizeWarningLimit.
✓ built in 2.79s
