$ pnpm typecheck && pnpm check:boundaries && pnpm test && pnpm build
$ tsc --noEmit
$ node scripts/check-boundaries.mjs
源码边界通过：A/B 互不导入；shared 独立；integration 负责装配。
$ tsx --test tests/*.test.ts
✔ one road change compares the same weighted window without keeping mutable config (3.0589ms)
✔ changed operating conditions block numeric deltas even when values are present (0.5499ms)
✔ multiple configuration changes remain visible and missing seat values stay unavailable (1.0414ms)
✔ legacy teaching layout compares with explicit teaching ID but another layout suppresses deltas (0.4875ms)
✔ exported A/B summary survives JSON roundtrip and recomputes deltas (4.9519ms)
✔ condition mismatch imports but suppresses unsupported deltas (2.4281ms)
✔ rejects oversized, forged, malformed and nonfinite evidence (3.9139ms)
✔ foreign layouts remain readable but never acquire a numeric comparison (2.2384ms)
✔ older rnc-case-v1 without layout identity imports as teaching layout (0.9892ms)
✔ one-variable review reports measured direction without assigning cause or approval (2.6478ms)
✔ confounded or mismatched cases never receive a causal or numeric verdict (0.6597ms)
✔ an unregistered layout is labeled as file-reported evidence without a verdict (0.4693ms)
✔ new human fields roundtrip, legacy v1 imports blank, computed facts ignore human claims (5.243ms)
✔ A1: unavailable convergence values leave gaps rather than zero gain or connecting across missing data (2.5666ms)
✔ A1: original noise draws once in grey, residual compares against the same original channel (0.9621ms)
✔ paired spatial evidence distinguishes quieter, louder and near-zero samples without claiming a volume mean (2.5071ms)
✔ invalid, mismatched and nonfinite samples cannot produce a stale or invented spatial verdict (0.4768ms)
✔ A1: vehicle depth pass ignores transparent body, keeps seats and restores renderer/hierarchy on failure (7.2701ms)
✔ A1: transparent contour styling returns the exact source colour, side and geometry in solid mode (19.1837ms)
✔ A1: same-frame slice preview preserves main field blend, signed range, slice and clipping (6.4237ms)
✔ A1: overview snapshot preserves lab quantity, slice, range and interpolation even when rendering fails (10.0943ms)
✔ A1: one-second field cadence keeps moving past the old 350 ms plateau (23.5209ms)
✔ A1: slices and volume share the same energy blend, including interrupted frames (2.5151ms)
✔ A1: paused same-window quantity changes crossfade without replacing physical textures (1.809ms)
✔ A1: pause settles both slice textures and new identities cannot inherit a mode crossfade (3.8636ms)
✔ guide requires actual baseline and candidate runs before showing comparison evidence (2.387ms)
✔ changed operating condition or multiple edits block the guided verdict (0.5418ms)
✔ invalid candidate and stale field never unlock listening (0.2867ms)
✔ a candidate field unlocks guidance only at the comparison window end (0.2906ms)
✔ lab playback applies one gain to all eight signals, preserves d/e ratios and does not mutate physics (60.9049ms)
✔ actual extreme valid lab experiment has no clipped samples after shared preparation (4964.46ms)
✔ sinc overshoot is covered by the strict bound; silence and low-level legacy gain remain unchanged (2.4663ms)
✔ live Worker cancellation rejects pending work and late old errors cannot kill the new run (41.2982ms)
✔ field failure is recoverable but a processor failure rejects every pending query (1.3156ms)
✔ start cancellation and foreign run identities fail explicitly; batch mode cannot produce live chunks (1.5485ms)
✔ live RNC control returns the exact sample boundary and a rejected switch preserves the running worker (3.4234ms)
✔ legacy layout is stamped and unimplemented layouts fail before replacing a running experiment (1.2039ms)
✔ field frames without the active physical layout are rejected without killing the experiment (1.4079ms)
✔ a field reply cannot substitute another time, weighting or sampling plane within the same run (1.2763ms)
✔ batch results and live packets cannot switch physical layout inside an accepted run (1.172ms)
✔ same-layout responses cannot substitute another vehicle or physical experiment configuration (1.3692ms)
✔ Worker replies without the active run identity cannot enter results or field views (1.0273ms)
✔ log frequency coordinates give equal spacing to equal ratios and omit DC (2.4497ms)
✔ seat curves preserve full-run SPL history and missing values while excluding future frames (1.3625ms)
✔ physical traces share Pa scale, show original and use absolute sample time after a live history wrap (1.1418ms)
✔ the initial waveform uses the same five-second scale as a full rolling window (0.5087ms)
✔ PSD comparisons use actual FFT bin positions and original selection is not drawn twice (0.6878ms)
✔ first valid point is visible and null SPL gaps never create fake zero levels (0.342ms)
✔ acceleration and speaker drive never masquerade as pressure on a common axis (0.389ms)
✔ manual plot bounds and hidden primary traces apply independently without changing samples (0.6479ms)
✔ divergent but finite Float32 pressure is bounded only in the audition copies (76.7711ms)
✔ streaming sinc is independent of chunk partition and matches continuous interpolation before the real lookahead tail (429.1286ms)
✔ common lookahead safety envelope preserves all eight d/e ratios, bounds peaks and retains bounded memory (2974.8391ms)
✔ finishing releases exactly the real lookahead tail, including a run shorter than that tail (87.1899ms)
✔ live queue validates complete finite contiguous chunks without changing accepted state on rejection (200.4097ms)
✔ one audio clock freezes on starvation and resumes at the missing sample instead of skipping wall time (13.1307ms)
✔ queued chunks are gapless and all comparisons share one eight-channel buffer without a new clock on switching (46.7413ms)
✔ pause preserves partly consumed audio and a cold allocation never advances the simulation clock (5.0878ms)
✔ async resume cannot revive pause/reset/dispose or clear a newer request, and failure is retryable (50.8423ms)
✔ continuous enqueue stays bounded for ten minutes and finishes exactly without a false underrun or restart (35760.5057ms)
✔ pause and resume while draining keeps the final samples and exact endpoint (41.2922ms)
✔ offline package verifier accepts the exact build and rejects changed, extra or missing files (2801.5174ms)
✔ A1 overview: paused microphone levels survive display-only page and field changes (2.3998ms)
✔ A1 overview: invalidated experiment, warm-up and unavailable microphone never show stale levels (0.2885ms)
✔ A1 detailed passengers: concurrent duplicate seats share download but own clip and disposable meshes (12.0737ms)
✔ A1 detailed passengers: late response after library destruction releases source once; failures can retry (18.3746ms)
✔ A1 detailed passengers: driver swap, clear, vehicle change and destruction cannot resurrect stale loads (20901.9244ms)
✔ A1 detailed passengers: missing local asset keeps driver selectable and reports basic status (4882.8397ms)
✔ A1 clearance: cabin floor, cushion and backrest constrain every current basic character and seat (48664.5479ms)
✔ A1 clearance: a steering ring has a free center, with solid rim contact detected (0.8234ms)
✔ A1 clearance: unsampled surface points veto a seemingly clear placement (0.3681ms)
✔ A1 clearance: fitting duplicate geometry leaves the template intact and disposes owned copies once (2.05ms)
✔ A1 clearance: shallow contact is corrected; deep solid penetration is never silently erased (0.445ms)
✔ A1 clearance: a small localized contact preserves adult scale before shrinking the whole character (0.4909ms)
✔ A1 crew: all six characters can replace the driver; presets and vehicle restoration stay independent (13148.6085ms)
✔ A1 crew: each new character has distinct driver/passenger assets and an independent supported instance (40.2321ms)
✔ A1 crew: new fallback animations and disposal remain isolated across duplicate characters (219.0141ms)
✔ A1 passengers: real finite geometry, bounded draw count, unique silhouette and single lap hat (582.3222ms)
✔ A1 passengers: all five models use actual cushion anchors including driver (30825.7711ms)
✔ A1 passengers: independent seats allow duplicates; per-vehicle preferences cannot create stale seats (1.1993ms)
✔ A1 passengers: swap, empty, detach and clip preserve the car and acoustic layout (6259.579ms)
✔ A1 passengers: head/horns stay below each current cabin roof; geometry follows matching seats (19267.6769ms)
✔ A1 passengers: repeat frame is stable, reduced motion neutral, resources dispose exactly once (8.2658ms)
✔ A1: preparing first audio buffer does not skip the requested playback position (69.4143ms)
✔ A1: pause cancels pending audio resume; repeated play creates one start (62.8252ms)
✔ A1: loading a new experiment cancels an earlier pending play (0.5535ms)
✔ A1: reaching the end stays stopped when seeking, including before ended is delivered (43.4695ms)
✔ A1: seeking to the end stops; replay starts only on explicit play (58.5772ms)
✔ A1: cold seat/mode switches prepare audio before fading, keep time and use the same gain (1460.8643ms)
✔ A1: audio resume failure leaves a retryable paused player (116.542ms)
✔ A1: an obsolete resume cannot clear or start a newer play request (124.2363ms)
✔ A1: seeking while playing continues at the new position without a retired ended event stopping it (124.3265ms)
✔ A1: a cold comparison prepared across the end never restarts the clip (177.2028ms)
✔ variable duration playback seeks past 16s, switches modes and stops exactly at each loaded clip end (444.5475ms)
✔ A1: batching preserves per-part ownership, named hardware, transformed bounds and exterior isolation (11.7122ms)
✔ A1: sculpted dashboard normals are finite, unit length and continuous at duplicated vertices (70.5579ms)
✔ A1: detailed cabins remain separately detachable while materials and microtextures dispose once (14104.6069ms)
✔ A1: render observations are bounded and never mix different vehicles or suspended frames (0.6439ms)
✔ asset shell modes isolate shared interior materials and restore original ownership once (7.9962ms)
✔ authored asset sections follow actual moving meshes without inventing solid caps or changing coordinates (5.4674ms)
✔ asset picking skips hidden ancestors and discarded section surfaces, and selection bounds follow disassembly (39.7821ms)
✔ selection excludes hidden descendants and follows ancestor transforms without a section (1.4676ms)
✔ selection is restricted to retained section bounds and disappears when fully clipped (3.9283ms)
✔ actual ICE asset keeps all 74127 triangles and 30 groups through inspection, disassembly and full restoration (331.0249ms)
✔ CP controlled comparison blocks road/source/seed/operating changes; scenario states differences (3.5306ms)
✔ CP declared controller changes retain negative outcomes and do not change input snapshots (0.4868ms)
✔ CP scenario cannot cross layout or absolute analysis window (0.5033ms)
✔ CP mode survives summary roundtrip; old summaries retain historical comparison meaning (3.538ms)
✔ CP nonfinite external readings never become displayed delta (0.4146ms)
✔ separate curved sheets have continuous boundary normals and finite UV coordinates (8.5689ms)
✔ rounded lamp apertures preserve the original silhouette bounds without repeated sharp corners (1.7693ms)
✔ P7 shoulder-to-window gap is closed by paint owned by the removable front door (6665.569ms)
✔ dense grid queries 1989 distinct locations across the original spatial extent (4.4545ms)
✔ dense texture retains the exact engine point order and paired channel energy (3.1624ms)
✔ volume mode contains no visible planar slices; explicit slices remain available (29.89ms)
✔ temporal transition blends energy and a replacement starts at the displayed energy (7.0341ms)
✔ rewind, weighting, layout and point changes never blend incompatible frames (8.2171ms)
✔ driving distance uses the experiment clock, including pause and backward seek (3.1538ms)
✔ road segments cover a continuous range and preserve world identity while passing the car (0.765ms)
✔ four cabin eyes share P7 seat coordinates and are distinct from the microphones (0.2992ms)
✔ cabin look rotates around the eye without translating it and clamps pitch (1.1051ms)
✔ wheel spin preserves its axle and semantic attachment, keeping the brake caliper stationary (4.6828ms)
✔ curved graded route preserves arc length, periodic seams and reversible vehicle coordinates (80.4844ms)
✔ A2 landscape: finite, continuous, bounded slopes across every environment and negative world coordinates (4898.911ms)
✔ A2 road ground stays below the travelled lane through bends and grades (185.8364ms)
✔ A2 recycled world tiles stay beyond the fully faded distance for forward and backward driving (2.737ms)
✔ A2 sky retains complete imagery while loading and blends monotonically; rapid requests retain referenced textures (10.5276ms)
✔ A2 outdoor camera cannot enter the floor, car shell or distant scenery after repeated pan/zoom/orbit (50.2001ms)
✔ volume texture keeps every queried point and both channels in WebGL storage order (5.6067ms)
✔ spatial smoothing operates on mean-square energy, not a mean of dB or RGB (0.7786ms)
✔ improvement is the signed, same-point same-frame difference; worsening is retained (0.4851ms)
✔ detail range includes both channels and has a nonzero span even for a flat frame (0.7885ms)
✔ improvement detail keeps zero centered and includes real worsening and improvement (0.6022ms)
✔ camera moves around the car and reaches an exact endpoint without overshoot (1.435ms)
✔ manual input cancels motion; a rapid replacement starts at the currently visible pose (0.61ms)
✔ dense queries yield in bounded batches and publish the original point order at one window (141.084ms)
✔ a late query is cancelled before more chunks are submitted (2.1641ms)
✔ different windows, weighting, positions and layout cannot be merged into one field (46.1229ms)
✔ an invalid warm-up grid stays invalid instead of becoming a coloured result (156.4577ms)
✔ three slice meshes use the original 280 queried positions, including their fixed physical planes (3.3599ms)
✔ a reordered, truncated or non-finite B field frame cannot color the old locations (0.8282ms)
✔ moving each sampled plane requests its physical position and refuses the previous field frame (3.3074ms)
✔ 12 coincident projections remain separate and inside the narrow supported viewer (4.3663ms)
✔ four source illustrations can share a narrow view with all 12 hardware labels (2.6056ms)
✔ labels at viewport edges and densely grouped hardware remain clickable (7.2843ms)
✔ lab callouts stay beside the projected hardware instead of the full viewport edges (2.1515ms)
✔ near-car labels remain separate and clickable in a narrow 360 px viewer (0.5575ms)
✔ 720p structure panels and transport never cover the 16 hardware callouts (21.0496ms)
✔ a completely obstructed viewport does not put an invisible clickable label behind its panel (0.5204ms)
✔ P7+ canopy, liftback glazing and rear bumper are separately owned assemblies (6126.4513ms)
✔ P7+ hidden shell exposes actual seat picking, and clipping rejects the removed half (7893.4501ms)
✔ P7+ intermediate explosion poses remain finite and return to identical world transforms (4635.1199ms)
✔ P7+ paint and shell presentation preserve independent glass, tires and cabin materials (3921.2809ms)
✔ P7 detailed EV assemblies and acoustic diaphragms own their reversible geometry (2401.8602ms)
✔ featured structures exist in each generated architecture and explain its actual drive path (697.7701ms)
✔ true mesh-plane sections preserve area, plane position and outward normal after transforms (8.9088ms)
✔ section through exact edges is closed; tangencies and existing coplanar faces are not duplicated (1.4963ms)
✔ ring sections keep their holes and disconnected islands; open surfaces never get a solid cap (67.51ms)
✔ section display updates from exploded geometry, respects ancestor visibility and material opacity (45.9091ms)
✔ bundled showroom SUV is the attributed, offline CC BY asset within the geometry budget (9.0729ms)
✔ BEV showroom keeps the original attribution and bundles a decodable offline model (9.9554ms)
✔ contoured upholstery remains finite, smoothly shaded and inside the assembled seat envelope (310.1724ms)
✔ GX seat detail retains part ownership, reversibility and shared micrograin lifetime (8720.9663ms)
✔ four drivetrains preserve their physical differences and five-seat cabin (739.8653ms)
✔ vehicle geometry is finite and every owned GPU resource is disposed once (597.0105ms)
✔ the BEV and EREV battery enclosure remains directly visible from the underbody (477.5843ms)
✔ the closed side sill hides the floor and battery at door level on all four vehicles (832.4675ms)
✔ xpeng-p7plus: independent layout, full cross paths, both sources and live/batch/field agreement (1435.1924ms)
✔ xpeng-p7plus: observer seats and acoustic attachment nodes exist in the actual detachable model (6550.4999ms)
✔ xpeng-x9: independent layout, full cross paths, both sources and live/batch/field agreement (1279.1392ms)
✔ xpeng-x9: observer seats and acoustic attachment nodes exist in the actual detachable model (7242.0087ms)
✔ xpeng-l03: independent layout, full cross paths, both sources and live/batch/field agreement (706.691ms)
✔ xpeng-l03: observer seats and acoustic attachment nodes exist in the actual detachable model (4316.8347ms)
✔ xpeng-m03: independent layout, full cross paths, both sources and live/batch/field agreement (413.5503ms)
✔ xpeng-m03: observer seats and acoustic attachment nodes exist in the actual detachable model (5142.5666ms)
✔ xpeng-gx: independent layout, full cross paths, both sources and live/batch/field agreement (800.4987ms)
✔ xpeng-gx: observer seats and acoustic attachment nodes exist in the actual detachable model (5163.1083ms)
✔ x9: P7-level structural coverage and correctly separated battery layers (9814.0139ms)
✔ x9: interior ray picking and sampled disassembly restore world transforms (8081.2509ms)
✔ l03: P7-level structural coverage and correctly separated battery layers (4325.3817ms)
✔ l03: interior ray picking and sampled disassembly restore world transforms (5250.8675ms)
✔ m03: P7-level structural coverage and correctly separated battery layers (5200.4857ms)
✔ m03: interior ray picking and sampled disassembly restore world transforms (5252.8794ms)
✔ gx: P7-level structural coverage and correctly separated battery layers (4362.8328ms)
✔ gx: interior ray picking and sampled disassembly restore world transforms (4644.7114ms)
✔ Verified drivetrain and suspension differences survive shared construction helpers (8286.7778ms)
✔ A2 XPeng x9: real proportions, semantic rows and finite geometry (11236.4673ms)
✔ A2 XPeng x9: explosion is reversible, clamped and above floor (8128.3937ms)
✔ A2 XPeng p7plus: real proportions, semantic rows and finite geometry (3040.614ms)
✔ A2 XPeng p7plus: explosion is reversible, clamped and above floor (4311.6001ms)
✔ A2 XPeng l03: real proportions, semantic rows and finite geometry (5734.2034ms)
✔ A2 XPeng l03: explosion is reversible, clamped and above floor (4860.3773ms)
✔ A2 XPeng m03: real proportions, semantic rows and finite geometry (5095.7971ms)
✔ A2 XPeng m03: explosion is reversible, clamped and above floor (4653.472ms)
✔ A2 XPeng gx: real proportions, semantic rows and finite geometry (4289.3237ms)
✔ A2 XPeng gx: explosion is reversible, clamped and above floor (1759.725ms)
✔ A2 XPeng paint affects exterior clones only; resources dispose exactly once (1128.5038ms)
✔ B2-003 async: Web Crypto produces the same container and detached data as sync API (343.7172ms)
✔ B2-003 async: encoding snapshots config, run identity, samples and budgets before awaiting (224.7811ms)
✔ B2-003 async: decode owns a snapshot across Buffer mutation, offset views and transfer (232.6577ms)
✔ B2-003 async: hash rejections and invalid digests propagate without a partial result (221.6777ms)
✔ B2-003 async: malformed, nonfinite and over-budget inputs reject before invoking crypto (92.9605ms)
✔ B2-003: default binary roundtrip, recipe recompute and Python oracle (4022.234ms)
✔ B2-003: seed29 binary roundtrip, recipe recompute and Python oracle (3701.4267ms)
✔ B2-003: seed47 binary roundtrip, recipe recompute and Python oracle (2791.8813ms)
✔ B2-003: taps32 binary roundtrip, recipe recompute and Python oracle (2171.8242ms)
✔ B2-003: mu0 binary roundtrip, recipe recompute and Python oracle (1566.2372ms)
✔ B2-003: registered source hashes match the numerical implementation (5.9359ms)
✔ B2-003: preserve reference identity, little-endian edge bits and offset views (1013.8489ms)
✔ B2-003: silent and zero-denominator metrics retain nonfinite tags and unavailable measurements (339.786ms)
✔ B2-003: genuine zero/negative reductions and tagged negative zero stay distinct from silence (270.8893ms)
✔ B2-003: malformed/truncated headers, overflow lengths, trailing bytes and padding are rejected (33.6997ms)
✔ B2-003: schema, channel mapping, units, metadata, normalized config and metrics are validated (166.1179ms)
✔ B2-003: integrity mismatch and hash-correct nonfinite payload cannot import (60.3845ms)
✔ B2-003: budgets refuse before hashing/large output and count UTF-8 bytes (55.3729ms)
✔ B2-003: unknown numerical models are read-only; recipe recompute revalidates identity and fresh id (24.2628ms)
✔ B2-003: recipes reject extra scripts/URLs/arrays, bad text/config and different schemas (4.2547ms)
✔ B2-003: live snapshots, partial results, bad dimensions and invalid samples are not batches (45.3411ms)
✔ B2-003 lab recipe: ice, both sources and 1/4/8 reference topology (1479.7884ms)
✔ B2-003 lab recipe: bev, both sources and 1/4/8 reference topology (3038.5232ms)
✔ B2-003 lab recipe: hev, both sources and 1/4/8 reference topology (3244.7193ms)
✔ B2-003 lab recipe: erev, both sources and 1/4/8 reference topology (2989.4186ms)
✔ B2-003 lab recipe: model/source/recording identities match current files (33.061ms)
✔ B2-003 lab recipe: preserve legacy absence and normalize shaped/layout/offset defaults explicitly (511.4791ms)
✔ B2-003 lab recipe: RNC off, zero step, speaker disable, seed/taps changes and negative gains retain exact behavior (1097.803ms)
✔ B2-003 lab recipe: actual divergence is a finite prefix, never padded or called complete (662.1151ms)
✔ B2-003 lab recipe: unknown layouts cannot encode/recompute and unknown model is only parsed (2.6356ms)
✔ B2-003 lab recipe: recording asset is mandatory, full-byte hash checked, never random fallback (6.0442ms)
✔ B2-003 lab recipe: snapshot config/id/budget and asset before await, propagate resolver/hash failures (315.3411ms)
✔ B2-003 lab recipe: reject bad config, dimensions, identities, extra scripts, live mode and altered defaults (4.4034ms)
✔ B2-003 lab recipe: byte and recompute budgets reject before asset loading or calculation (20.1186ms)
✔ B2-003 lab result: ice, both sources and 1/4/8 references sync/async exact roundtrip (1641.0075ms)
✔ B2-003 lab result: bev, both sources and 1/4/8 references sync/async exact roundtrip (1501.752ms)
✔ B2-003 lab result: hev, both sources and 1/4/8 references sync/async exact roundtrip (1633.4698ms)
✔ B2-003 lab result: erev, both sources and 1/4/8 references sync/async exact roundtrip (1528.6992ms)
✔ B2-003 lab result: divergence, disabled RNC/output, mu0 and legacy absence retain status and identities (914.5802ms)
✔ B2-003 lab result: tagged invalid metrics survive, disagreeing summary is quarantined (204.6555ms)
✔ B2-003 lab result: silence and empty divergence never become valid zero dB, real mu0 does (65.805ms)
✔ B2-003 lab result: finite edge bits and offset views survive with independent arrays (123.2544ms)
✔ B2-003 lab result: unknown model/layout remain read-only without verified metrics (108.6819ms)
✔ B2-003 lab result: hostile manifest identities, dimensions, units, clocks, state and scalar tags reject before hashing (119.0407ms)
✔ B2-003 lab result: truncation, trailing data, lengths, padding, UTF-8 and nonfinite samples reject (149.3511ms)
✔ B2-003 lab result: explicit batch, complete/prefix rules, array shape, UTF-8 identity and budgets reject before crypto (103.7616ms)
✔ B2-003 lab result: async encoder captures all signals/metadata/limits before await (95.7018ms)
✔ B2-003 lab result: async import owns Buffer/offset views across mutation or transfer; SHA failures propagate (147.5569ms)
✔ B2-003 registered export: xpeng-p7plus-bev-v1, both sources, 1/4/8 references (1895.0874ms)
✔ B2-003 registered export: xpeng-x9-erev-v1, both sources, 1/4/8 references (1870.5281ms)
✔ B2-003 registered export: xpeng-l03-bev-v1, both sources, 1/4/8 references (1566.2812ms)
✔ B2-003 registered export: xpeng-m03-bev-v1, both sources, 1/4/8 references (1677.6746ms)
✔ B2-003 registered export: xpeng-gx-erev-v1, both sources, 1/4/8 references (1490.1489ms)
✔ B2-003 registered export: actual historical model-1 files remain read-only and cannot load assets (8.8129ms)
✔ B2-003 registered export: unknown, asset aliases and powertrain mismatches parse without enabling execution (63.0714ms)
✔ B2-003 registered export: unsupported layouts still reject invalid config and normalization before hashing (57.313ms)
✔ Hann Welch one-sided PSD integrates to tone mean-square and has the correct peak (13.8099ms)
✔ B2-002: RMS uses exactly the trailing 1000 samples, including first and final windows (10.0054ms)
✔ B2-002: same-window reduction preserves negative gains and aggregates powers before dB (4.2584ms)
✔ B2-002: silence and near-floor pressure never report valid zero-dB benefit (12.3561ms)
✔ B2-002: non-finite pressure is unavailable, never a valid analysis frame (15.0682ms)
✔ B2-002: power rejects invalid ranges and PSD clamps finite sample cursors to actual data (1.656ms)
✔ B2-002: PSD rejects non-finite samples in its complete windows and ignores future samples (2.7629ms)
✔ B2-002: non-finite PSD cursors cannot trap a caller in an unbounded loop (245.426ms)
✔ B2-002: shared PSD preserves lab pressure weighting and vibration/drive/source units (15.2891ms)
✔ B2-002: asymmetric signal Welch bins match direct DFT, 50% overlap and incomplete-tail handling (158.5458ms)
✔ B2-002: DC and Nyquist are not doubled; PSD scales as signal-unit squared per Hz (16.749ms)
✔ analysis warming-up, window boundary, channel identity and pressure calibration (1.6749ms)
✔ step size accepts every nonnegative finite value and finite drives exceed the former 100 threshold (794.5854ms)
✔ batch and chunked overflow stop at the same Float32 boundary, keeping the last finite samples and spectra (1549.3266ms)
✔ overflow on the first weight update gives an empty finite prefix and a terminal diagnostic (127.6814ms)
✔ new lab experiments learn before two seconds without changing sources or superposition (3470.2411ms)
✔ lab FxLMS produces finite true superposition, baseline then learned reduction at all microphones (48.927ms)
✔ all 16 secondary paths have causal cross coupling and every source reaches every mic (3.5032ms)
✔ first adaptive output matches an independent all-error normalized gradient calculation (245.6297ms)
✔ RNC off, zero step and all disabled speakers retain original noise exactly (3834.7827ms)
✔ one and eight references and disabled output actually change controller dimensions and results (4808.8737ms)
✔ recording-shaped sources retain high finite values and return the valid prefix on overflow (6691.3304ms)
✔ field at microphone positions equals independently measured trace power in the same window (42.1214ms)
✔ off-microphone field is recalculated from wheel q and speaker u, not microphone interpolation (155.4915ms)
✔ vehicle paths vary, seed is reproducible and speed/roughness trends are source-driven (2630.7442ms)
✔ warm-up, zero-speed energy floor and bad configurations are explicit (2176.0711ms)
✔ q selection analyzes each actual wheel source independently of reference layout (1272.7062ms)
✔ A weighting matches reference corrections and applies power rather than amplitude to PSD (71.1682ms)
✔ teaching calibration anchors pooled 40 km/h baseline at 60 dBA; offset changes H only (2585.7633ms)
✔ A/Z analysis and field agree at microphones, including first window and wrapped live history (10886.4158ms)
✔ duration budget rejects invalid allocations; short runs have finite metrics and long runs share streaming samples (9391.1472ms)
✔ pressure density levels use 20uPa while other signals keep unit reference; manual waveform bounds never reveal future samples (1022.6213ms)
✔ NFxLMS joint normalization scales inversely with filtered-reference power and regularizes silence (1.1624ms)
✔ stateful first 16 seconds match the unchanged batch q/x/u/d/a/e bit for bit (8575.2563ms)
✔ arbitrary block sizes preserve source/filter/weight state beyond 16 seconds and repeated history wraps (14792.3751ms)
✔ RNC off, zero step, disabled speakers and eight references retain the batch semantics across blocks (14582.743ms)
✔ wrapped snapshots use one absolute clock and yield the same field window at mic and off-mic points (5314.2136ms)
✔ resident storage stays bounded through two minutes and invalid requests do not advance the stream (8950.6325ms)
✔ live RNC OFF freezes learned weights and zeros drive; ON resumes from those weights without restarting sources (817.2265ms)
✔ an initially disabled live controller can start adapting later (174.6702ms)
✔ wrapped live history retains five seconds at the audible clock despite producer prefetch (1555.6234ms)
✔ numeric overflow returns the finite prefix, preserves history, and cannot resume (10.012ms)
✔ live generation ignores replay duration, preserves bounded adaptation for ten minutes and refuses overflow atomically (43835.939ms)
✔ P7 layout has its own cabin and paths; legacy layout unchanged and unsupported IDs rejected (5.7348ms)
✔ P7 arbitrary stream blocks match batch q/x/u/d/a/e bit for bit (1043.9853ms)
✔ P7 field equals independent microphone trace power at the same point and window (74.1798ms)
✔ P7 recorded-source branch shares fractional paths between batch, streaming and field (1935.2486ms)
✔ a pure delayed gain has constant magnitude and exact analytic group delay (2.726ms)
✔ response zeros are undefined rather than false finite phase/delay; all sixteen paths remain selectable (70.7613ms)
✔ recorded sources use the four primary-noise ears, validate assets and require explicit data (94.6257ms)
✔ recorded source samples retain shared timing and gain, crossfade synchronously and do not become random or pitch shifted (222.5897ms)
✔ recorded batch and irregular live blocks agree exactly through two source loops; storage and adaptation remain continuous (20583.9957ms)
✔ recorded primary paths stay causal and fully coupled, match the passenger 48dBA/Hz peak anchor, and match microphone fields (386.1233ms)
✔ recording-derived data keeps all references and uncalibrated provenance; spectra distinguish vibration and cabin noise (4769.8023ms)
✔ spectral stretch remains causal, normalized and exactly shared by batch/stream at temperature-pressure limits (7743.8855ms)
✔ B1-002: unchanged core in test harness matches normal production entry sample-for-sample (2939.611ms)
✔ B1-002: asymmetric matrices and independent recurrence detect sign/index/cross-path/timing faults (10311.1469ms)
✔ B1-002: every one of 16 output/reference controller routes contributes with the correct update (4630.7993ms)
✔ B1-002: modifying future x/d cannot change any past output (1737.7453ms)
✔ B1-003: invalid shapes, every missing/fixed field and nonfinite values return structured config errors (28.5708ms)
✔ B1-003: all 12 legal configurations have finite isolated Float32 channels and exact zero-step identities (7154.085ms)
✔ B1-003: nonfinite data, short arrays, drive failure and Float32 overflow never return partial success (3648.6281ms)
✔ B1-003: a failed call preserves prior results and cannot poison the next run (2180.1812ms)
✔ B1-001: default all 640000 samples and metrics match independent Python; exact repeat (1734.2092ms)
✔ B1-001: seed29 all 640000 samples and metrics match independent Python; exact repeat (1810.5983ms)
✔ B1-001: seed47 all 640000 samples and metrics match independent Python; exact repeat (1666.3234ms)
✔ B1-001: taps32 all 640000 samples and metrics match independent Python; exact repeat (1023.7676ms)
✔ B1-001: mu0 all 640000 samples and metrics match independent Python; exact repeat (955.2655ms)
✔ B1-001: comparison rejects sign, time shift, zeroed output, NaN and near-zero overflow (10.6354ms)
✔ B01/B03: all 640,000 samples match immutable Python Float32 golden and e=d+a (62.436ms)
✔ B02/B04/B05: five configurations match Python metrics; repeat is deterministic (2490.1117ms)
✔ B06: every output reaches every mic; removing one cross-path removes only that response (13.7732ms)
✔ B07: rejects invalid taps, negative/NaN step, wrong fixed dimensions, null config (0.7247ms)
✔ B2-001: independent unsigned PRNG oracle preserves all three seeds and distinct channel streams (15.9794ms)
✔ B2-001: three-seed shaped references and primary pressure match every Python Float32 sample (209.4505ms)
✔ B2-001: all primary and secondary FIRs retain oracle taps, causal delays and complete cross-coupling (0.8054ms)
✔ B2-001: original pressure includes the documented independent disturbance after causal P*x (74.1448ms)
✔ B2-001: exported demo-v2 identity, units and last-sample time stay explicit (0.4838ms)
✔ audio paths use the same linear gain and sinc resampling (15.7439ms)
ℹ tests 332
ℹ suites 0
ℹ pass 332
ℹ fail 0
ℹ cancelled 0
ℹ skipped 0
ℹ todo 0
ℹ duration_ms 104848.0205
$ tsc --noEmit && vite build
vite v7.1.7 building for production...
transforming...
✓ 113 modules transformed.
rendering chunks...
computing gzip size...
dist/index.html                                            1.03 kB │ gzip:     0.56 kB
dist/assets/engine.worker-Sv3u2Fdq.js                      4.29 kB
dist/assets/rnc-serif-DH6On44C.woff2                      17.78 kB
dist/assets/gallery-desert-B0GsNK42.webp                  19.07 kB
dist/assets/gallery-mountain-B9cQlO9E.webp                19.91 kB
dist/assets/gallery-snow-nXhd3GdG.webp                    22.82 kB
dist/assets/gallery-coast-Dl7q4u_l.webp                   26.81 kB
dist/assets/lab.worker-C7FgpgE2.js                        30.88 kB
dist/assets/rnc-sans-vf96sMn8.woff2                      235.82 kB
dist/assets/recorded-primary-BSu6qUp_.f32              1,280.02 kB
dist/assets/layout-BJyQje-f.png                        1,671.89 kB
dist/assets/gallery-champagne-sunset-v2-DNZvigIO.png   1,944.61 kB
dist/assets/paths-C9jf-qv9.png                         1,989.86 kB
dist/assets/field-CNNqPcDN.png                         2,388.10 kB
dist/assets/aerial_grass_rock_diff_2k-BtlOO1j7.jpg     2,624.64 kB
dist/assets/golden_browser_fixture-BhKaGSeS.json       3,414.19 kB │ gzip: 2,407.80 kB
dist/assets/lakes_8k-Cpp28BEr.jpg                      4,742.10 kB
dist/assets/asphalt_02_nor_gl_2k-UEyVbT-h.jpg          4,943.95 kB
dist/assets/goegap_2k-Jq4FxBej.hdr                     5,445.36 kB
dist/assets/range-rover-sport-svr-4ykCwhl8.glb         5,726.33 kB
dist/assets/lakes_2k-Cp9fVIm5.hdr                      5,918.43 kB
dist/assets/goegap_8k-BpN4yx3b.jpg                     6,050.86 kB
dist/assets/gravel_floor_nor_gl_2k-DtygZ1JK.jpg        6,139.01 kB
dist/assets/tesla-model-y.meshopt-DxsAdN_g.glb        10,353.64 kB
dist/assets/asphalt_02_diff_4k-ztmUkEFu.jpg           11,654.13 kB
dist/assets/gravel_floor_diff_4k-B_Xe7M1M.jpg         18,167.19 kB
dist/assets/lago_disola_4k-CMa_-4Rz.hdr               26,197.09 kB
dist/assets/alps_field_4k-DL9vOQ3t.hdr                26,520.86 kB
dist/assets/lago_disola_8k-C31ajjrJ.jpg               50,106.04 kB
dist/assets/alps_field_8k-BrpRqQi6.jpg                53,871.22 kB
dist/assets/index-Di_b5R-_.css                             6.73 kB │ gzip:     2.23 kB
dist/assets/viewer-BKEBPkNH.css                           14.36 kB │ gzip:     3.45 kB
dist/assets/index-zebzp2gV.css                            88.83 kB │ gzip:    19.36 kB
dist/assets/contracts-nWp9BSjY.js                          0.09 kB │ gzip:     0.11 kB │ map:     2.22 kB
dist/assets/preload-helper-PPVm8Dsz.js                     1.28 kB │ gzip:     0.75 kB │ map:     0.11 kB
dist/assets/path-analysis-COwjqcbF.js                      1.48 kB │ gzip:     0.85 kB │ map:     5.24 kB
dist/assets/index-BJJq3Ru5.js                              2.00 kB │ gzip:     1.05 kB │ map:     7.96 kB
dist/assets/lab-contracts-BIycLH2B.js                      3.25 kB │ gzip:     1.52 kB │ map:    15.85 kB
dist/assets/index-xpfljis4.js                              3.69 kB │ gzip:     1.83 kB │ map:     6.85 kB
dist/assets/lab-engine-Ci4Y6_4r.js                         4.22 kB │ gzip:     1.90 kB │ map:    14.44 kB
dist/assets/asset-inspection-DFm65e1_.js                   4.45 kB │ gzip:     1.92 kB │ map:    14.95 kB
dist/assets/paths-C-m_HCM-.js                             11.02 kB │ gzip:     5.42 kB │ map:    28.52 kB
dist/assets/index-CtZ-usB_.js                             17.96 kB │ gzip:     8.12 kB │ map:    70.68 kB
dist/assets/index-ciuXBsoW.js                             20.53 kB │ gzip:     9.21 kB │ map:    53.78 kB

(!) Some chunks are larger than 500 kB after minification. Consider:
- Using dynamic import() to code-split the application
- Use build.rollupOptions.output.manualChunks to improve chunking: https://rollupjs.org/configuration-options/#output-manualchunks
- Adjust chunk size limit for this warning via build.chunkSizeWarningLimit.
dist/assets/showroom-model-CXXl_H1K.js                    33.44 kB │ gzip:    10.57 kB │ map:    68.00 kB
dist/assets/GLTFLoader-h-1TPIep.js                        44.06 kB │ gzip:    13.02 kB │ map:   186.62 kB
dist/assets/xpeng-model-DaYcFUaO.js                       61.56 kB │ gzip:    25.14 kB │ map:   217.37 kB
dist/assets/index-D88OMux9.js                            592.27 kB │ gzip:   230.49 kB │ map: 1,506.38 kB
dist/assets/viewer-BcQz-n6O.js                           601.73 kB │ gzip:   154.84 kB │ map: 2,921.24 kB
✓ built in 2.95s
