$ pnpm typecheck && pnpm check:boundaries && pnpm test && pnpm build
$ tsc --noEmit
$ node scripts/check-boundaries.mjs
源码边界通过：A/B 互不导入；shared 独立；integration 负责装配。
$ tsx --test tests/*.test.ts
✔ one road change compares the same weighted window without keeping mutable config (3.5215ms)
✔ changed operating conditions block numeric deltas even when values are present (0.7098ms)
✔ multiple configuration changes remain visible and missing seat values stay unavailable (1.078ms)
✔ legacy teaching layout compares with explicit teaching ID but another layout suppresses deltas (0.5257ms)
✔ exported A/B summary survives JSON roundtrip and recomputes deltas (5.2917ms)
✔ condition mismatch imports but suppresses unsupported deltas (2.9556ms)
✔ rejects oversized, forged, malformed and nonfinite evidence (35.1729ms)
✔ foreign layouts remain readable but never acquire a numeric comparison (1.3557ms)
✔ older rnc-case-v1 without layout identity imports as teaching layout (0.9731ms)
✔ one-variable review reports measured direction without assigning cause or approval (3.2326ms)
✔ confounded or mismatched cases never receive a causal or numeric verdict (1.1262ms)
✔ an unregistered layout is labeled as file-reported evidence without a verdict (0.6281ms)
✔ new human fields roundtrip, legacy v1 imports blank, computed facts ignore human claims (26.5459ms)
✔ A1: unavailable convergence values leave gaps rather than zero gain or connecting across missing data (2.7814ms)
✔ A1: original noise draws once in grey, residual compares against the same original channel (1.1226ms)
✔ paired spatial evidence distinguishes quieter, louder and near-zero samples without claiming a volume mean (2.5621ms)
✔ invalid, mismatched and nonfinite samples cannot produce a stale or invented spatial verdict (0.4338ms)
✔ A1: one-second field cadence keeps moving past the old 350 ms plateau (11.809ms)
✔ A1: slices and volume share the same energy blend, including interrupted frames (5.6188ms)
✔ A1: paused same-window quantity changes crossfade without replacing physical textures (2.9135ms)
✔ A1: pause settles both slice textures and new identities cannot inherit a mode crossfade (16.2613ms)
✔ guide requires actual baseline and candidate runs before showing comparison evidence (2.677ms)
✔ changed operating condition or multiple edits block the guided verdict (0.6459ms)
✔ invalid candidate and stale field never unlock listening (0.3679ms)
✔ a candidate field unlocks guidance only at the comparison window end (0.3507ms)
✔ lab playback applies one gain to all eight signals, preserves d/e ratios and does not mutate physics (80.9865ms)
✔ actual extreme valid lab experiment has no clipped samples after shared preparation (1731.6213ms)
✔ sinc overshoot is covered by the strict bound; silence and low-level legacy gain remain unchanged (2.7177ms)
✔ live Worker cancellation rejects pending work and late old errors cannot kill the new run (34.6967ms)
✔ field failure is recoverable but a processor failure rejects every pending query (2.6534ms)
✔ start cancellation and foreign run identities fail explicitly; batch mode cannot produce live chunks (2.4069ms)
✔ live RNC control returns the exact sample boundary and a rejected switch preserves the running worker (34.8249ms)
✔ legacy layout is stamped and unimplemented layouts fail before replacing a running experiment (3.5871ms)
✔ field frames without the active physical layout are rejected without killing the experiment (3.2183ms)
✔ a field reply cannot substitute another time, weighting or sampling plane within the same run (3.8125ms)
✔ batch results and live packets cannot switch physical layout inside an accepted run (2.8633ms)
✔ same-layout responses cannot substitute another vehicle or physical experiment configuration (3.0086ms)
✔ Worker replies without the active run identity cannot enter results or field views (3.4786ms)
✔ log frequency coordinates give equal spacing to equal ratios and omit DC (2.6635ms)
✔ seat curves preserve full-run SPL history and missing values while excluding future frames (1.8999ms)
✔ physical traces share Pa scale, show original and use absolute sample time after a live history wrap (1.235ms)
✔ the initial waveform uses the same five-second scale as a full rolling window (0.6582ms)
✔ PSD comparisons use actual FFT bin positions and original selection is not drawn twice (0.7038ms)
✔ first valid point is visible and null SPL gaps never create fake zero levels (0.4451ms)
✔ acceleration and speaker drive never masquerade as pressure on a common axis (30.3134ms)
✔ manual plot bounds and hidden primary traces apply independently without changing samples (1.0457ms)
✔ divergent but finite Float32 pressure is bounded only in the audition copies (137.7005ms)
✔ streaming sinc is independent of chunk partition and matches continuous interpolation before the real lookahead tail (476.9357ms)
✔ common lookahead safety envelope preserves all eight d/e ratios, bounds peaks and retains bounded memory (1965.5477ms)
✔ finishing releases exactly the real lookahead tail, including a run shorter than that tail (16.9214ms)
✔ live queue validates complete finite contiguous chunks without changing accepted state on rejection (85.2996ms)
✔ one audio clock freezes on starvation and resumes at the missing sample instead of skipping wall time (14.2341ms)
✔ queued chunks are gapless and all comparisons share one eight-channel buffer without a new clock on switching (14.0561ms)
✔ pause preserves partly consumed audio and a cold allocation never advances the simulation clock (6.4741ms)
✔ async resume cannot revive pause/reset/dispose or clear a newer request, and failure is retryable (10.5317ms)
✔ continuous enqueue stays bounded for ten minutes and finishes exactly without a false underrun or restart (11854.9661ms)
✔ pause and resume while draining keeps the final samples and exact endpoint (20.3212ms)
✔ offline package verifier accepts the exact build and rejects changed, extra or missing files (2035.2668ms)
✔ A1: preparing first audio buffer does not skip the requested playback position (72.2323ms)
✔ A1: pause cancels pending audio resume; repeated play creates one start (71.2952ms)
✔ A1: loading a new experiment cancels an earlier pending play (1.0586ms)
✔ A1: reaching the end stays stopped when seeking, including before ended is delivered (91.0194ms)
✔ A1: seeking to the end stops; replay starts only on explicit play (32.9657ms)
✔ A1: cold seat/mode switches prepare audio before fading, keep time and use the same gain (621.6061ms)
✔ A1: audio resume failure leaves a retryable paused player (73.1975ms)
✔ A1: an obsolete resume cannot clear or start a newer play request (33.3881ms)
✔ A1: seeking while playing continues at the new position without a retired ended event stopping it (28.729ms)
✔ A1: a cold comparison prepared across the end never restarts the clip (56.5328ms)
✔ variable duration playback seeks past 16s, switches modes and stops exactly at each loaded clip end (146.3358ms)
✔ asset shell modes isolate shared interior materials and restore original ownership once (53.7152ms)
✔ authored asset sections follow actual moving meshes without inventing solid caps or changing coordinates (7.3171ms)
✔ asset picking skips hidden ancestors and discarded section surfaces, and selection bounds follow disassembly (5.7343ms)
✔ selection excludes hidden descendants and follows ancestor transforms without a section (1.7141ms)
✔ selection is restricted to retained section bounds and disappears when fully clipped (4.2977ms)
✔ actual ICE asset keeps all 74127 triangles and 30 groups through inspection, disassembly and full restoration (407.5971ms)
✔ CP controlled comparison blocks road/source/seed/operating changes; scenario states differences (4.333ms)
✔ CP declared controller changes retain negative outcomes and do not change input snapshots (0.7064ms)
✔ CP scenario cannot cross layout or absolute analysis window (0.6147ms)
✔ CP mode survives summary roundtrip; old summaries retain historical comparison meaning (27.889ms)
✔ CP nonfinite external readings never become displayed delta (0.7901ms)
✔ separate curved sheets have continuous boundary normals and finite UV coordinates (11.74ms)
✔ rounded lamp apertures preserve the original silhouette bounds without repeated sharp corners (0.9362ms)
✔ P7 shoulder-to-window gap is closed by paint owned by the removable front door (2255.4587ms)
✔ dense grid queries 1989 distinct locations across the original spatial extent (30.2908ms)
✔ dense texture retains the exact engine point order and paired channel energy (3.8883ms)
✔ volume mode contains no visible planar slices; explicit slices remain available (16.2942ms)
✔ temporal transition blends energy and a replacement starts at the displayed energy (50.6246ms)
✔ rewind, weighting, layout and point changes never blend incompatible frames (9.1888ms)
✔ driving distance uses the experiment clock, including pause and backward seek (1.7794ms)
✔ road segments cover a continuous range and preserve world identity while passing the car (0.9753ms)
✔ four cabin eyes share P7 seat coordinates and are distinct from the microphones (0.3905ms)
✔ cabin look rotates around the eye without translating it and clamps pitch (1.3696ms)
✔ wheel spin preserves its axle and semantic attachment, keeping the brake caliper stationary (5.7437ms)
✔ curved graded route preserves arc length, periodic seams and reversible vehicle coordinates (72.8439ms)
✔ A2 landscape: finite, continuous, bounded slopes across every environment and negative world coordinates (1828.5437ms)
✔ A2 road ground stays below the travelled lane through bends and grades (76.3162ms)
✔ A2 recycled world tiles stay beyond the fully faded distance for forward and backward driving (6.6497ms)
✔ A2 sky retains complete imagery while loading and blends monotonically; rapid requests retain referenced textures (14.5759ms)
✔ A2 outdoor camera cannot enter the floor, car shell or distant scenery after repeated pan/zoom/orbit (2.861ms)
✔ volume texture keeps every queried point and both channels in WebGL storage order (5.0142ms)
✔ spatial smoothing operates on mean-square energy, not a mean of dB or RGB (2.5296ms)
✔ improvement is the signed, same-point same-frame difference; worsening is retained (0.6953ms)
✔ detail range includes both channels and has a nonzero span even for a flat frame (0.9375ms)
✔ improvement detail keeps zero centered and includes real worsening and improvement (0.8067ms)
✔ camera moves around the car and reaches an exact endpoint without overshoot (1.6328ms)
✔ manual input cancels motion; a rapid replacement starts at the currently visible pose (0.7925ms)
✔ dense queries yield in bounded batches and publish the original point order at one window (336.2496ms)
✔ a late query is cancelled before more chunks are submitted (2.8034ms)
✔ different windows, weighting, positions and layout cannot be merged into one field (38.8136ms)
✔ an invalid warm-up grid stays invalid instead of becoming a coloured result (136.613ms)
✔ three slice meshes use the original 280 queried positions, including their fixed physical planes (3.8293ms)
✔ a reordered, truncated or non-finite B field frame cannot color the old locations (1.152ms)
✔ moving each sampled plane requests its physical position and refuses the previous field frame (3.9245ms)
✔ 12 coincident projections remain separate and inside the narrow supported viewer (4.669ms)
✔ four source illustrations can share a narrow view with all 12 hardware labels (3.4038ms)
✔ labels at viewport edges and densely grouped hardware remain clickable (43.1359ms)
✔ lab labels stay on the side rails at full-page size, leaving the vehicle clear (1.4702ms)
✔ lab side rails remain separate and clickable in a narrow 360 px viewer (0.4196ms)
✔ P7+ canopy, liftback glazing and rear bumper are separately owned assemblies (2039.6598ms)
✔ P7+ hidden shell exposes actual seat picking, and clipping rejects the removed half (1483.3075ms)
✔ P7+ intermediate explosion poses remain finite and return to identical world transforms (1069.4222ms)
✔ P7+ paint and shell presentation preserve independent glass, tires and cabin materials (1050.8916ms)
✔ P7 detailed EV assemblies and acoustic diaphragms own their reversible geometry (1032.6168ms)
✔ featured structures exist in each generated architecture and explain its actual drive path (758.0653ms)
✔ true mesh-plane sections preserve area, plane position and outward normal after transforms (7.0389ms)
✔ section through exact edges is closed; tangencies and existing coplanar faces are not duplicated (26.0323ms)
✔ ring sections keep their holes and disconnected islands; open surfaces never get a solid cap (59.2416ms)
✔ section display updates from exploded geometry, respects ancestor visibility and material opacity (5.3927ms)
✔ bundled showroom SUV is the attributed, offline CC BY asset within the geometry budget (12.5449ms)
✔ BEV showroom keeps the original attribution and bundles a decodable offline model (45.9662ms)
✔ four drivetrains preserve their physical differences and five-seat cabin (893.9618ms)
✔ vehicle geometry is finite and every owned GPU resource is disposed once (489.7268ms)
✔ the BEV and EREV battery enclosure remains directly visible from the underbody (243.3304ms)
✔ the closed side sill hides the floor and battery at door level on all four vehicles (292.9681ms)
✔ xpeng-p7plus: independent layout, full cross paths, both sources and live/batch/field agreement (601.4143ms)
✔ xpeng-p7plus: observer seats and acoustic attachment nodes exist in the actual detachable model (1404.7484ms)
✔ xpeng-x9: independent layout, full cross paths, both sources and live/batch/field agreement (376.0666ms)
✔ xpeng-x9: observer seats and acoustic attachment nodes exist in the actual detachable model (1585.0778ms)
✔ xpeng-l03: independent layout, full cross paths, both sources and live/batch/field agreement (397.3257ms)
✔ xpeng-l03: observer seats and acoustic attachment nodes exist in the actual detachable model (1202.017ms)
✔ xpeng-m03: independent layout, full cross paths, both sources and live/batch/field agreement (329.9316ms)
✔ xpeng-m03: observer seats and acoustic attachment nodes exist in the actual detachable model (1186.1598ms)
✔ xpeng-gx: independent layout, full cross paths, both sources and live/batch/field agreement (370.1979ms)
✔ xpeng-gx: observer seats and acoustic attachment nodes exist in the actual detachable model (1278.2613ms)
✔ x9: P7-level structural coverage and correctly separated battery layers (2500.9583ms)
✔ x9: interior ray picking and sampled disassembly restore world transforms (1926.4064ms)
✔ l03: P7-level structural coverage and correctly separated battery layers (1221.7057ms)
✔ l03: interior ray picking and sampled disassembly restore world transforms (1302.3878ms)
✔ m03: P7-level structural coverage and correctly separated battery layers (1236.9501ms)
✔ m03: interior ray picking and sampled disassembly restore world transforms (1293.0274ms)
✔ gx: P7-level structural coverage and correctly separated battery layers (1185.8039ms)
✔ gx: interior ray picking and sampled disassembly restore world transforms (1288.6443ms)
✔ Verified drivetrain and suspension differences survive shared construction helpers (3935.6332ms)
✔ A2 XPeng x9: real proportions, semantic rows and finite geometry (2913.6089ms)
✔ A2 XPeng x9: explosion is reversible, clamped and above floor (1971.765ms)
✔ A2 XPeng p7plus: real proportions, semantic rows and finite geometry (1402.9762ms)
✔ A2 XPeng p7plus: explosion is reversible, clamped and above floor (1242.8867ms)
✔ A2 XPeng l03: real proportions, semantic rows and finite geometry (1424.7257ms)
✔ A2 XPeng l03: explosion is reversible, clamped and above floor (1167.6117ms)
✔ A2 XPeng m03: real proportions, semantic rows and finite geometry (1330.442ms)
✔ A2 XPeng m03: explosion is reversible, clamped and above floor (1104.271ms)
✔ A2 XPeng gx: real proportions, semantic rows and finite geometry (1462.9767ms)
✔ A2 XPeng gx: explosion is reversible, clamped and above floor (1180.372ms)
✔ A2 XPeng paint affects exterior clones only; resources dispose exactly once (1045.2899ms)
✔ B2-003 async: Web Crypto produces the same container and detached data as sync API (111.0917ms)
✔ B2-003 async: encoding snapshots config, run identity, samples and budgets before awaiting (62.3012ms)
✔ B2-003 async: decode owns a snapshot across Buffer mutation, offset views and transfer (88.0767ms)
✔ B2-003 async: hash rejections and invalid digests propagate without a partial result (71.4289ms)
✔ B2-003 async: malformed, nonfinite and over-budget inputs reject before invoking crypto (23.6501ms)
✔ B2-003: default binary roundtrip, recipe recompute and Python oracle (1151.2227ms)
✔ B2-003: seed29 binary roundtrip, recipe recompute and Python oracle (1101.5511ms)
✔ B2-003: seed47 binary roundtrip, recipe recompute and Python oracle (1116.9955ms)
✔ B2-003: taps32 binary roundtrip, recipe recompute and Python oracle (829.165ms)
✔ B2-003: mu0 binary roundtrip, recipe recompute and Python oracle (632.6761ms)
✔ B2-003: registered source hashes match the numerical implementation (2.3042ms)
✔ B2-003: preserve reference identity, little-endian edge bits and offset views (467.8412ms)
✔ B2-003: silent and zero-denominator metrics retain nonfinite tags and unavailable measurements (137.5447ms)
✔ B2-003: genuine zero/negative reductions and tagged negative zero stay distinct from silence (141.4146ms)
✔ B2-003: malformed/truncated headers, overflow lengths, trailing bytes and padding are rejected (9.272ms)
✔ B2-003: schema, channel mapping, units, metadata, normalized config and metrics are validated (64.0988ms)
✔ B2-003: integrity mismatch and hash-correct nonfinite payload cannot import (28.4545ms)
✔ B2-003: budgets refuse before hashing/large output and count UTF-8 bytes (20.8506ms)
✔ B2-003: unknown numerical models are read-only; recipe recompute revalidates identity and fresh id (21.4231ms)
✔ B2-003: recipes reject extra scripts/URLs/arrays, bad text/config and different schemas (2.685ms)
✔ B2-003: live snapshots, partial results, bad dimensions and invalid samples are not batches (28.1112ms)
✔ B2-003 lab recipe: ice, both sources and 1/4/8 reference topology (1406.3831ms)
✔ B2-003 lab recipe: bev, both sources and 1/4/8 reference topology (1266.8208ms)
✔ B2-003 lab recipe: hev, both sources and 1/4/8 reference topology (1064.9861ms)
✔ B2-003 lab recipe: erev, both sources and 1/4/8 reference topology (953.0258ms)
✖ B2-003 lab recipe: model/source/recording identities match current files (8.5562ms)
✔ B2-003 lab recipe: preserve legacy absence and normalize shaped/layout/offset defaults explicitly (175.3747ms)
✔ B2-003 lab recipe: RNC off, zero step, speaker disable, seed/taps changes and negative gains retain exact behavior (357.4159ms)
✔ B2-003 lab recipe: actual divergence is a finite prefix, never padded or called complete (210.2875ms)
✖ B2-003 lab recipe: unknown layouts cannot encode/recompute and unknown model is only parsed (1.1816ms)
✔ B2-003 lab recipe: recording asset is mandatory, full-byte hash checked, never random fallback (5.4729ms)
✔ B2-003 lab recipe: snapshot config/id/budget and asset before await, propagate resolver/hash failures (129.2ms)
✔ B2-003 lab recipe: reject bad config, dimensions, identities, extra scripts, live mode and altered defaults (4.2279ms)
✔ B2-003 lab recipe: byte and recompute budgets reject before asset loading or calculation (2.6868ms)
✔ B2-003 lab result: ice, both sources and 1/4/8 references sync/async exact roundtrip (606.0628ms)
✔ B2-003 lab result: bev, both sources and 1/4/8 references sync/async exact roundtrip (629.5651ms)
✔ B2-003 lab result: hev, both sources and 1/4/8 references sync/async exact roundtrip (584.0809ms)
✔ B2-003 lab result: erev, both sources and 1/4/8 references sync/async exact roundtrip (601.7523ms)
✔ B2-003 lab result: divergence, disabled RNC/output, mu0 and legacy absence retain status and identities (343.7904ms)
✔ B2-003 lab result: tagged invalid metrics survive, disagreeing summary is quarantined (102.4878ms)
✔ B2-003 lab result: silence and empty divergence never become valid zero dB, real mu0 does (28.2523ms)
✔ B2-003 lab result: finite edge bits and offset views survive with independent arrays (47.605ms)
✖ B2-003 lab result: unknown model/layout remain read-only without verified metrics (38.8836ms)
✔ B2-003 lab result: hostile manifest identities, dimensions, units, clocks, state and scalar tags reject before hashing (49.3105ms)
✔ B2-003 lab result: truncation, trailing data, lengths, padding, UTF-8 and nonfinite samples reject (59.8174ms)
✔ B2-003 lab result: explicit batch, complete/prefix rules, array shape, UTF-8 identity and budgets reject before crypto (38.104ms)
✔ B2-003 lab result: async encoder captures all signals/metadata/limits before await (40.2401ms)
✔ B2-003 lab result: async import owns Buffer/offset views across mutation or transfer; SHA failures propagate (68.9378ms)
✔ Hann Welch one-sided PSD integrates to tone mean-square and has the correct peak (10.8379ms)
✔ B2-002: RMS uses exactly the trailing 1000 samples, including first and final windows (7.0088ms)
✔ B2-002: same-window reduction preserves negative gains and aggregates powers before dB (4.2491ms)
✔ B2-002: silence and near-floor pressure never report valid zero-dB benefit (12.0554ms)
✔ B2-002: non-finite pressure is unavailable, never a valid analysis frame (12.2543ms)
✔ B2-002: power rejects invalid ranges and PSD clamps finite sample cursors to actual data (1.9888ms)
✔ B2-002: PSD rejects non-finite samples in its complete windows and ignores future samples (1.8251ms)
✔ B2-002: non-finite PSD cursors cannot trap a caller in an unbounded loop (238.9936ms)
✔ B2-002: shared PSD preserves lab pressure weighting and vibration/drive/source units (9.5967ms)
✔ B2-002: asymmetric signal Welch bins match direct DFT, 50% overlap and incomplete-tail handling (199.5616ms)
✔ B2-002: DC and Nyquist are not doubled; PSD scales as signal-unit squared per Hz (12.6388ms)
✔ analysis warming-up, window boundary, channel identity and pressure calibration (1.988ms)
✔ step size accepts every nonnegative finite value and finite drives exceed the former 100 threshold (388.3979ms)
✔ batch and chunked overflow stop at the same Float32 boundary, keeping the last finite samples and spectra (526.2708ms)
✔ overflow on the first weight update gives an empty finite prefix and a terminal diagnostic (54.9851ms)
✔ new lab experiments learn before two seconds without changing sources or superposition (848.0219ms)
✔ lab FxLMS produces finite true superposition, baseline then learned reduction at all microphones (14.4898ms)
✔ all 16 secondary paths have causal cross coupling and every source reaches every mic (3.6084ms)
✔ first adaptive output matches an independent all-error normalized gradient calculation (67.9754ms)
✔ RNC off, zero step and all disabled speakers retain original noise exactly (971.3848ms)
✔ one and eight references and disabled output actually change controller dimensions and results (1827.3366ms)
✔ recording-shaped sources retain high finite values and return the valid prefix on overflow (3330.9835ms)
✔ field at microphone positions equals independently measured trace power in the same window (42.2676ms)
✔ off-microphone field is recalculated from wheel q and speaker u, not microphone interpolation (156.1045ms)
✔ vehicle paths vary, seed is reproducible and speed/roughness trends are source-driven (1279.328ms)
✔ warm-up, zero-speed energy floor and bad configurations are explicit (727.8125ms)
✔ q selection analyzes each actual wheel source independently of reference layout (457.4787ms)
✔ A weighting matches reference corrections and applies power rather than amplitude to PSD (21.6282ms)
✔ teaching calibration anchors pooled 40 km/h baseline at 60 dBA; offset changes H only (895.5085ms)
✔ A/Z analysis and field agree at microphones, including first window and wrapped live history (3419.8839ms)
✔ duration budget rejects invalid allocations; short runs have finite metrics and long runs share streaming samples (5471.7596ms)
✔ pressure density levels use 20uPa while other signals keep unit reference; manual waveform bounds never reveal future samples (520.9918ms)
✔ NFxLMS joint normalization scales inversely with filtered-reference power and regularizes silence (0.5019ms)
✔ stateful first 16 seconds match the unchanged batch q/x/u/d/a/e bit for bit (2396.8121ms)
✔ arbitrary block sizes preserve source/filter/weight state beyond 16 seconds and repeated history wraps (7115.8147ms)
✔ RNC off, zero step, disabled speakers and eight references retain the batch semantics across blocks (5177.5571ms)
✔ wrapped snapshots use one absolute clock and yield the same field window at mic and off-mic points (1974.9338ms)
✔ resident storage stays bounded through two minutes and invalid requests do not advance the stream (4517.3053ms)
✔ live RNC OFF freezes learned weights and zeros drive; ON resumes from those weights without restarting sources (639.0449ms)
✔ an initially disabled live controller can start adapting later (164.8695ms)
✔ wrapped live history retains five seconds at the audible clock despite producer prefetch (1920.428ms)
✔ numeric overflow returns the finite prefix, preserves history, and cannot resume (12.7792ms)
✔ live generation ignores replay duration, preserves bounded adaptation for ten minutes and refuses overflow atomically (26952.993ms)
✔ P7 layout has its own cabin and paths; legacy layout unchanged and unsupported IDs rejected (14.0747ms)
✔ P7 arbitrary stream blocks match batch q/x/u/d/a/e bit for bit (434.2176ms)
✔ P7 field equals independent microphone trace power at the same point and window (34.9609ms)
✔ P7 recorded-source branch shares fractional paths between batch, streaming and field (540.3946ms)
✔ a pure delayed gain has constant magnitude and exact analytic group delay (6.2158ms)
✔ response zeros are undefined rather than false finite phase/delay; all sixteen paths remain selectable (81.7534ms)
✔ recorded sources use the four primary-noise ears, validate assets and require explicit data (60.6535ms)
✔ recorded source samples retain shared timing and gain, crossfade synchronously and do not become random or pitch shifted (106.7366ms)
✔ recorded batch and irregular live blocks agree exactly through two source loops; storage and adaptation remain continuous (8271.4266ms)
✔ recorded primary paths stay causal and fully coupled, match the passenger 48dBA/Hz peak anchor, and match microphone fields (357.2645ms)
✔ recording-derived data keeps all references and uncalibrated provenance; spectra distinguish vibration and cabin noise (1557.8357ms)
✔ spectral stretch remains causal, normalized and exactly shared by batch/stream at temperature-pressure limits (2227.0287ms)
✔ B1-002: unchanged core in test harness matches normal production entry sample-for-sample (857.7582ms)
✔ B1-002: asymmetric matrices and independent recurrence detect sign/index/cross-path/timing faults (4845.5148ms)
✔ B1-002: every one of 16 output/reference controller routes contributes with the correct update (1703.0714ms)
✔ B1-002: modifying future x/d cannot change any past output (636.6452ms)
✔ B1-003: invalid shapes, every missing/fixed field and nonfinite values return structured config errors (3.4339ms)
✔ B1-003: all 12 legal configurations have finite isolated Float32 channels and exact zero-step identities (2563.5645ms)
✔ B1-003: nonfinite data, short arrays, drive failure and Float32 overflow never return partial success (1420.1456ms)
✔ B1-003: a failed call preserves prior results and cannot poison the next run (788.5044ms)
✔ B1-001: default all 640000 samples and metrics match independent Python; exact repeat (737.6355ms)
✔ B1-001: seed29 all 640000 samples and metrics match independent Python; exact repeat (659.5328ms)
✔ B1-001: seed47 all 640000 samples and metrics match independent Python; exact repeat (625.3003ms)
✔ B1-001: taps32 all 640000 samples and metrics match independent Python; exact repeat (441.724ms)
✔ B1-001: mu0 all 640000 samples and metrics match independent Python; exact repeat (332.2661ms)
✔ B1-001: comparison rejects sign, time shift, zeroed output, NaN and near-zero overflow (1.5232ms)
✔ B01/B03: all 640,000 samples match immutable Python Float32 golden and e=d+a (37.0533ms)
✔ B02/B04/B05: five configurations match Python metrics; repeat is deterministic (1128.3652ms)
✔ B06: every output reaches every mic; removing one cross-path removes only that response (2.7235ms)
✔ B07: rejects invalid taps, negative/NaN step, wrong fixed dimensions, null config (8.2891ms)
✔ B2-001: independent unsigned PRNG oracle preserves all three seeds and distinct channel streams (2.137ms)
✔ B2-001: three-seed shaped references and primary pressure match every Python Float32 sample (144.6383ms)
✔ B2-001: all primary and secondary FIRs retain oracle taps, causal delays and complete cross-coupling (1.0554ms)
✔ B2-001: original pressure includes the documented independent disturbance after causal P*x (87.4155ms)
✔ B2-001: exported demo-v2 identity, units and last-sample time stay explicit (0.21ms)
✔ audio paths use the same linear gain and sinc resampling (27.8989ms)
ℹ tests 291
ℹ suites 0
ℹ pass 288
ℹ fail 3
ℹ cancelled 0
ℹ skipped 0
ℹ todo 0
ℹ duration_ms 53724.985

✖ failing tests:

test at tests\helpers\lab-recipe-tests.ts:1:1308
✖ B2-003 lab recipe: model/source/recording identities match current files (8.5562ms)
  AssertionError [ERR_ASSERTION]: src/shared/lab-contracts.ts
  + actual - expected

  + 'b1a0af463bbe9b3a2dbcacb800bc42cd5597f6ebfa8bdfd73bc08c11000d2d2a'
  - '4cddd97edd7716a3ce63e22eff16118f93ea14bb630d9b21f5aa03d45fb280b5'

      at TestContext.<anonymous> (D:\lzh\Desktop\RNC_3D\RNC_3D_SIMULATION_DEMO\tests\helpers\lab-recipe-tests.ts:19:12)
      at Test.runInAsyncScope (node:async_hooks:214:14)
      at Test.run (node:internal/test_runner/test:1103:25)
      at Test.processPendingSubtests (node:internal/test_runner/test:785:18)
      at Test.postRun (node:internal/test_runner/test:1232:19)
      at Test.run (node:internal/test_runner/test:1160:12)
      at async Test.processPendingSubtests (node:internal/test_runner/test:785:7) {
    generatedMessage: false,
    code: 'ERR_ASSERTION',
    actual: 'b1a0af463bbe9b3a2dbcacb800bc42cd5597f6ebfa8bdfd73bc08c11000d2d2a',
    expected: '4cddd97edd7716a3ce63e22eff16118f93ea14bb630d9b21f5aa03d45fb280b5',
    operator: 'strictEqual',
    diff: 'simple'
  }

test at tests\helpers\lab-recipe-tests.ts:1:3532
✖ B2-003 lab recipe: unknown layouts cannot encode/recompute and unknown model is only parsed (1.1816ms)
  AssertionError [ERR_ASSERTION]: The validation function is expected to return "true". Received false

  Caught error:

  ExportError: Invalid lab batch configuration
      at TestContext.<anonymous> (D:\lzh\Desktop\RNC_3D\RNC_3D_SIMULATION_DEMO\tests\helpers\lab-recipe-tests.ts:48:10)
      at Test.runInAsyncScope (node:async_hooks:214:14)
      at Test.run (node:internal/test_runner/test:1103:25)
      at Test.processPendingSubtests (node:internal/test_runner/test:785:18)
      at Test.postRun (node:internal/test_runner/test:1232:19)
      at Test.run (node:internal/test_runner/test:1160:12)
      at async Test.processPendingSubtests (node:internal/test_runner/test:785:7) {
    generatedMessage: true,
    code: 'ERR_ASSERTION',
    actual: ExportError: Invalid lab batch configuration
        at fail (D:\lzh\Desktop\RNC_3D\RNC_3D_SIMULATION_DEMO\src\team-b\export\lab-recipe.ts:42:70)
        at readConfig (D:\lzh\Desktop\RNC_3D\RNC_3D_SIMULATION_DEMO\src\team-b\export\lab-recipe.ts:85:46)
        at encodeLabRecipe (D:\lzh\Desktop\RNC_3D\RNC_3D_SIMULATION_DEMO\src\team-b\export\lab-recipe.ts:143:18)
        at <anonymous> (D:\lzh\Desktop\RNC_3D\RNC_3D_SIMULATION_DEMO\tests\helpers\lab-recipe-tests.ts:48:23)
        at getActual (node:assert:611:5)
        at strict.throws (node:assert:759:24)
        at TestContext.<anonymous> (D:\lzh\Desktop\RNC_3D\RNC_3D_SIMULATION_DEMO\tests\helpers\lab-recipe-tests.ts:48:10)
        at Test.runInAsyncScope (node:async_hooks:214:14)
        at Test.run (node:internal/test_runner/test:1103:25)
        at Test.processPendingSubtests (node:internal/test_runner/test:785:18),
    operator: 'throws',
    diff: 'simple'
  }

test at tests\helpers\lab-result-tests.ts:1:5843
✖ B2-003 lab result: unknown model/layout remain read-only without verified metrics (38.8836ms)
  Error [ExportError]: Invalid lab batch configuration
      at fail (D:\lzh\Desktop\RNC_3D\RNC_3D_SIMULATION_DEMO\src\team-b\export\lab-recipe.ts:42:70)
      at readConfig (D:\lzh\Desktop\RNC_3D\RNC_3D_SIMULATION_DEMO\src\team-b\export\lab-recipe.ts:85:46)
      at validated (D:\lzh\Desktop\RNC_3D\RNC_3D_SIMULATION_DEMO\src\team-b\export\lab-recipe.ts:129:18)
      at decodeLabRecipe (D:\lzh\Desktop\RNC_3D\RNC_3D_SIMULATION_DEMO\src\team-b\export\lab-recipe.ts:158:10)
      at inspect (D:\lzh\Desktop\RNC_3D\RNC_3D_SIMULATION_DEMO\src\team-b\export\lab-result.ts:188:18)
      at decodeLabResult (D:\lzh\Desktop\RNC_3D\RNC_3D_SIMULATION_DEMO\src\team-b\export\lab-result.ts:239:21)
      at TestContext.<anonymous> (D:\lzh\Desktop\RNC_3D\RNC_3D_SIMULATION_DEMO\tests\helpers\lab-result-tests.ts:72:18)
      at Test.runInAsyncScope (node:async_hooks:214:14)
      at Test.run (node:internal/test_runner/test:1103:25)
      at Test.processPendingSubtests (node:internal/test_runner/test:785:18) {
    code: 'INVALID_DATA'
  }
[ELIFECYCLE] Test failed. See above for more details.
[ELIFECYCLE] Command failed with exit code 1.
