$ pnpm typecheck && pnpm check:boundaries && pnpm test && pnpm build
$ tsc --noEmit
$ node scripts/check-boundaries.mjs
源码边界通过：A/B 互不导入；shared 独立；integration 负责装配。
$ tsx --test tests/*.test.ts
✔ one road change compares the same weighted window without keeping mutable config (2.983ms)
✔ changed operating conditions block numeric deltas even when values are present (0.6045ms)
✔ multiple configuration changes remain visible and missing seat values stay unavailable (1.1255ms)
✔ legacy teaching layout compares with explicit teaching ID but another layout suppresses deltas (0.5244ms)
✔ exported A/B summary survives JSON roundtrip and recomputes deltas (5.3466ms)
✔ condition mismatch imports but suppresses unsupported deltas (2.8282ms)
✔ rejects oversized, forged, malformed and nonfinite evidence (12.429ms)
✔ foreign layouts remain readable but never acquire a numeric comparison (1.6242ms)
✔ older rnc-case-v1 without layout identity imports as teaching layout (1.2252ms)
✔ one-variable review reports measured direction without assigning cause or approval (2.6373ms)
✔ confounded or mismatched cases never receive a causal or numeric verdict (0.7773ms)
✔ an unregistered layout is labeled as file-reported evidence without a verdict (0.5892ms)
✔ new human fields roundtrip, legacy v1 imports blank, computed facts ignore human claims (5.3201ms)
✔ A1: unavailable convergence values leave gaps rather than zero gain or connecting across missing data (2.6656ms)
✔ A1: original noise draws once in grey, residual compares against the same original channel (0.7878ms)
✔ paired spatial evidence distinguishes quieter, louder and near-zero samples without claiming a volume mean (2.4551ms)
✔ invalid, mismatched and nonfinite samples cannot produce a stale or invented spatial verdict (0.922ms)
✔ guide requires actual baseline and candidate runs before showing comparison evidence (2.478ms)
✔ changed operating condition or multiple edits block the guided verdict (0.6415ms)
✔ invalid candidate and stale field never unlock listening (0.3309ms)
✔ a candidate field unlocks guidance only at the comparison window end (0.308ms)
✔ lab playback applies one gain to all eight signals, preserves d/e ratios and does not mutate physics (40.7479ms)
✔ actual extreme valid lab experiment has no clipped samples after shared preparation (1371.0887ms)
✔ sinc overshoot is covered by the strict bound; silence and low-level legacy gain remain unchanged (2.4888ms)
✔ live Worker cancellation rejects pending work and late old errors cannot kill the new run (32.5571ms)
✔ field failure is recoverable but a processor failure rejects every pending query (1.4713ms)
✔ start cancellation and foreign run identities fail explicitly; batch mode cannot produce live chunks (3.2233ms)
✔ live RNC control returns the exact sample boundary and a rejected switch preserves the running worker (2.6946ms)
✔ legacy layout is stamped and unimplemented layouts fail before replacing a running experiment (1.4315ms)
✔ field frames without the active physical layout are rejected without killing the experiment (1.5399ms)
✔ a field reply cannot substitute another time, weighting or sampling plane within the same run (1.6711ms)
✔ batch results and live packets cannot switch physical layout inside an accepted run (1.3708ms)
✔ same-layout responses cannot substitute another vehicle or physical experiment configuration (1.6858ms)
✔ Worker replies without the active run identity cannot enter results or field views (1.1434ms)
✔ log frequency coordinates give equal spacing to equal ratios and omit DC (2.7476ms)
✔ seat curves preserve full-run SPL history and missing values while excluding future frames (1.5677ms)
✔ physical traces share Pa scale, show original and use absolute sample time after a live history wrap (1.2974ms)
✔ the initial waveform uses the same five-second scale as a full rolling window (0.5393ms)
✔ PSD comparisons use actual FFT bin positions and original selection is not drawn twice (0.613ms)
✔ first valid point is visible and null SPL gaps never create fake zero levels (0.4033ms)
✔ acceleration and speaker drive never masquerade as pressure on a common axis (0.4775ms)
✔ manual plot bounds and hidden primary traces apply independently without changing samples (0.6846ms)
✔ divergent but finite Float32 pressure is bounded only in the audition copies (72.54ms)
✔ streaming sinc is independent of chunk partition and matches continuous interpolation before the real lookahead tail (308.9307ms)
✔ common lookahead safety envelope preserves all eight d/e ratios, bounds peaks and retains bounded memory (1603.9662ms)
✔ finishing releases exactly the real lookahead tail, including a run shorter than that tail (15.6308ms)
✔ live queue validates complete finite contiguous chunks without changing accepted state on rejection (86.4958ms)
✔ one audio clock freezes on starvation and resumes at the missing sample instead of skipping wall time (13.6052ms)
✔ queued chunks are gapless and all comparisons share one eight-channel buffer without a new clock on switching (11.4201ms)
✔ pause preserves partly consumed audio and a cold allocation never advances the simulation clock (8.6394ms)
✔ async resume cannot revive pause/reset/dispose or clear a newer request, and failure is retryable (12.0935ms)
✔ continuous enqueue stays bounded for ten minutes and finishes exactly without a false underrun or restart (10462.3782ms)
✔ pause and resume while draining keeps the final samples and exact endpoint (14.5693ms)
✔ offline package verifier accepts the exact build and rejects changed, extra or missing files (1114.0105ms)
✔ A1: preparing first audio buffer does not skip the requested playback position (41.0567ms)
✔ A1: pause cancels pending audio resume; repeated play creates one start (34.6134ms)
✔ A1: loading a new experiment cancels an earlier pending play (0.9042ms)
✔ A1: reaching the end stays stopped when seeking, including before ended is delivered (33.2063ms)
✔ A1: seeking to the end stops; replay starts only on explicit play (32.2491ms)
✔ A1: cold seat/mode switches prepare audio before fading, keep time and use the same gain (595.7403ms)
✔ A1: audio resume failure leaves a retryable paused player (28.4457ms)
✔ A1: an obsolete resume cannot clear or start a newer play request (26.4103ms)
✔ A1: seeking while playing continues at the new position without a retired ended event stopping it (33.0365ms)
✔ A1: a cold comparison prepared across the end never restarts the clip (54.1445ms)
✔ variable duration playback seeks past 16s, switches modes and stops exactly at each loaded clip end (146.3257ms)
✔ asset shell modes isolate shared interior materials and restore original ownership once (14.4097ms)
✔ authored asset sections follow actual moving meshes without inventing solid caps or changing coordinates (6.3037ms)
✔ asset picking skips hidden ancestors and discarded section surfaces, and selection bounds follow disassembly (5.1135ms)
✔ selection excludes hidden descendants and follows ancestor transforms without a section (1.6002ms)
✔ selection is restricted to retained section bounds and disappears when fully clipped (3.1116ms)
✔ actual ICE asset keeps all 74127 triangles and 30 groups through inspection, disassembly and full restoration (324.1464ms)
✔ CP controlled comparison blocks road/source/seed/operating changes; scenario states differences (3.8126ms)
✔ CP declared controller changes retain negative outcomes and do not change input snapshots (0.5473ms)
✔ CP scenario cannot cross layout or absolute analysis window (0.4276ms)
✔ CP mode survives summary roundtrip; old summaries retain historical comparison meaning (3.4286ms)
✔ CP nonfinite external readings never become displayed delta (0.3131ms)
✔ separate curved sheets have continuous boundary normals and finite UV coordinates (19.4886ms)
✔ rounded lamp apertures preserve the original silhouette bounds without repeated sharp corners (0.9906ms)
✔ P7 shoulder-to-window gap is closed by paint owned by the removable front door (1658.4103ms)
✔ dense grid queries 1989 distinct locations across the original spatial extent (4.9941ms)
✔ dense texture retains the exact engine point order and paired channel energy (3.3114ms)
✔ volume mode contains no visible planar slices; explicit slices remain available (20.8972ms)
✔ temporal transition blends energy and a replacement starts at the displayed energy (8.8454ms)
✔ rewind, weighting, layout and point changes never blend incompatible frames (9.2244ms)
✔ driving distance uses the experiment clock, including pause and backward seek (1.6342ms)
✔ road segments cover a continuous range and preserve world identity while passing the car (0.8787ms)
✔ four cabin eyes share P7 seat coordinates and are distinct from the microphones (0.3894ms)
✔ cabin look rotates around the eye without translating it and clamps pitch (1.4501ms)
✔ wheel spin preserves its axle and semantic attachment, keeping the brake caliper stationary (5.2791ms)
✔ curved graded route preserves arc length, periodic seams and reversible vehicle coordinates (57.0778ms)
✔ A2 landscape: finite, continuous, bounded slopes across every environment and negative world coordinates (1699.0723ms)
✔ A2 road ground stays below the travelled lane through bends and grades (53.2654ms)
✔ A2 recycled world tiles stay beyond the fully faded distance for forward and backward driving (6.877ms)
✔ A2 sky retains complete imagery while loading and blends monotonically; rapid requests retain referenced textures (12.5891ms)
✔ A2 outdoor camera cannot enter the floor, car shell or distant scenery after repeated pan/zoom/orbit (2.9965ms)
✔ volume texture keeps every queried point and both channels in WebGL storage order (11.4052ms)
✔ spatial smoothing operates on mean-square energy, not a mean of dB or RGB (1.2085ms)
✔ improvement is the signed, same-point same-frame difference; worsening is retained (0.6971ms)
✔ detail range includes both channels and has a nonzero span even for a flat frame (0.9089ms)
✔ improvement detail keeps zero centered and includes real worsening and improvement (0.7933ms)
✔ camera moves around the car and reaches an exact endpoint without overshoot (1.852ms)
✔ manual input cancels motion; a rapid replacement starts at the currently visible pose (0.7735ms)
✔ dense queries yield in bounded batches and publish the original point order at one window (137.9782ms)
✔ a late query is cancelled before more chunks are submitted (2.0262ms)
✔ different windows, weighting, positions and layout cannot be merged into one field (76.1855ms)
✔ an invalid warm-up grid stays invalid instead of becoming a coloured result (169.991ms)
✔ three slice meshes use the original 280 queried positions, including their fixed physical planes (3.982ms)
✔ a reordered, truncated or non-finite B field frame cannot color the old locations (1.1043ms)
✔ moving each sampled plane requests its physical position and refuses the previous field frame (4.9931ms)
✔ 12 coincident projections remain separate and inside the narrow supported viewer (4.3549ms)
✔ four source illustrations can share a narrow view with all 12 hardware labels (2.4674ms)
✔ labels at viewport edges and densely grouped hardware remain clickable (17.9197ms)
✔ lab labels stay on the side rails at full-page size, leaving the vehicle clear (1.4347ms)
✔ lab side rails remain separate and clickable in a narrow 360 px viewer (0.4773ms)
✔ P7+ canopy, liftback glazing and rear bumper are separately owned assemblies (1567.3946ms)
✔ P7+ hidden shell exposes actual seat picking, and clipping rejects the removed half (1313.3715ms)
✔ P7+ intermediate explosion poses remain finite and return to identical world transforms (988.8849ms)
✔ P7+ paint and shell presentation preserve independent glass, tires and cabin materials (938.0567ms)
✔ P7 detailed EV assemblies and acoustic diaphragms own their reversible geometry (933.7757ms)
✔ featured structures exist in each generated architecture and explain its actual drive path (536.604ms)
✔ true mesh-plane sections preserve area, plane position and outward normal after transforms (8.065ms)
✔ section through exact edges is closed; tangencies and existing coplanar faces are not duplicated (1.9265ms)
✔ ring sections keep their holes and disconnected islands; open surfaces never get a solid cap (36.1053ms)
✔ section display updates from exploded geometry, respects ancestor visibility and material opacity (8.8153ms)
✔ bundled showroom SUV is the attributed, offline CC BY asset within the geometry budget (10.9261ms)
✔ BEV showroom keeps the original attribution and bundles a decodable offline model (27.2947ms)
✔ four drivetrains preserve their physical differences and five-seat cabin (512.4715ms)
✔ vehicle geometry is finite and every owned GPU resource is disposed once (414.4887ms)
✔ the BEV and EREV battery enclosure remains directly visible from the underbody (240.7928ms)
✔ the closed side sill hides the floor and battery at door level on all four vehicles (262.7826ms)
✔ xpeng-p7plus: independent layout, full cross paths, both sources and live/batch/field agreement (462.8376ms)
✔ xpeng-p7plus: observer seats and acoustic attachment nodes exist in the actual detachable model (1076.6744ms)
✔ xpeng-x9: independent layout, full cross paths, both sources and live/batch/field agreement (360.3331ms)
✔ xpeng-x9: observer seats and acoustic attachment nodes exist in the actual detachable model (1464.4798ms)
✔ xpeng-l03: independent layout, full cross paths, both sources and live/batch/field agreement (352.8891ms)
✔ xpeng-l03: observer seats and acoustic attachment nodes exist in the actual detachable model (1026.9314ms)
✔ xpeng-m03: independent layout, full cross paths, both sources and live/batch/field agreement (341.1806ms)
✔ xpeng-m03: observer seats and acoustic attachment nodes exist in the actual detachable model (1069.5622ms)
✔ xpeng-gx: independent layout, full cross paths, both sources and live/batch/field agreement (311.4374ms)
✔ xpeng-gx: observer seats and acoustic attachment nodes exist in the actual detachable model (1138.7964ms)
✔ x9: P7-level structural coverage and correctly separated battery layers (1957.6791ms)
✔ x9: interior ray picking and sampled disassembly restore world transforms (1782.2566ms)
✔ l03: P7-level structural coverage and correctly separated battery layers (1069.5336ms)
✔ l03: interior ray picking and sampled disassembly restore world transforms (1205.5693ms)
✔ m03: P7-level structural coverage and correctly separated battery layers (1066.8881ms)
✔ m03: interior ray picking and sampled disassembly restore world transforms (1185.6436ms)
✔ gx: P7-level structural coverage and correctly separated battery layers (1044.5802ms)
✔ gx: interior ray picking and sampled disassembly restore world transforms (1162.9373ms)
✔ Verified drivetrain and suspension differences survive shared construction helpers (3650.4477ms)
✔ A2 XPeng x9: real proportions, semantic rows and finite geometry (2315.9692ms)
✔ A2 XPeng x9: explosion is reversible, clamped and above floor (1799.8417ms)
✔ A2 XPeng p7plus: real proportions, semantic rows and finite geometry (1286.5906ms)
✔ A2 XPeng p7plus: explosion is reversible, clamped and above floor (1051.6106ms)
✔ A2 XPeng l03: real proportions, semantic rows and finite geometry (1246.2931ms)
✔ A2 XPeng l03: explosion is reversible, clamped and above floor (1010.1403ms)
✔ A2 XPeng m03: real proportions, semantic rows and finite geometry (1149.9054ms)
✔ A2 XPeng m03: explosion is reversible, clamped and above floor (899.1747ms)
✔ A2 XPeng gx: real proportions, semantic rows and finite geometry (1226.6371ms)
✔ A2 XPeng gx: explosion is reversible, clamped and above floor (1230.3609ms)
✔ A2 XPeng paint affects exterior clones only; resources dispose exactly once (950.31ms)
✔ B2-003 async: Web Crypto produces the same container and detached data as sync API (95.4231ms)
✔ B2-003 async: encoding snapshots config, run identity, samples and budgets before awaiting (59.4872ms)
✔ B2-003 async: decode owns a snapshot across Buffer mutation, offset views and transfer (67.6242ms)
✔ B2-003 async: hash rejections and invalid digests propagate without a partial result (65.745ms)
✔ B2-003 async: malformed, nonfinite and over-budget inputs reject before invoking crypto (19.4247ms)
✔ B2-003: default binary roundtrip, recipe recompute and Python oracle (1034.259ms)
✔ B2-003: seed29 binary roundtrip, recipe recompute and Python oracle (1065.2914ms)
✔ B2-003: seed47 binary roundtrip, recipe recompute and Python oracle (1016.0828ms)
✔ B2-003: taps32 binary roundtrip, recipe recompute and Python oracle (783.9905ms)
✔ B2-003: mu0 binary roundtrip, recipe recompute and Python oracle (633.4994ms)
✔ B2-003: registered source hashes match the numerical implementation (1.4922ms)
✔ B2-003: preserve reference identity, little-endian edge bits and offset views (370.9692ms)
✔ B2-003: silent and zero-denominator metrics retain nonfinite tags and unavailable measurements (120.0607ms)
✔ B2-003: genuine zero/negative reductions and tagged negative zero stay distinct from silence (111.7258ms)
✔ B2-003: malformed/truncated headers, overflow lengths, trailing bytes and padding are rejected (6.9999ms)
✔ B2-003: schema, channel mapping, units, metadata, normalized config and metrics are validated (47.2588ms)
✔ B2-003: integrity mismatch and hash-correct nonfinite payload cannot import (24.7364ms)
✔ B2-003: budgets refuse before hashing/large output and count UTF-8 bytes (15.1634ms)
✔ B2-003: unknown numerical models are read-only; recipe recompute revalidates identity and fresh id (17.9007ms)
✔ B2-003: recipes reject extra scripts/URLs/arrays, bad text/config and different schemas (1.3139ms)
✔ B2-003: live snapshots, partial results, bad dimensions and invalid samples are not batches (28.2697ms)
✔ B2-003 lab recipe: ice, both sources and 1/4/8 reference topology (1220.2432ms)
✔ B2-003 lab recipe: bev, both sources and 1/4/8 reference topology (968.7894ms)
✔ B2-003 lab recipe: hev, both sources and 1/4/8 reference topology (1006.925ms)
✔ B2-003 lab recipe: erev, both sources and 1/4/8 reference topology (879.0532ms)
✖ B2-003 lab recipe: model/source/recording identities match current files (6.4124ms)
✔ B2-003 lab recipe: preserve legacy absence and normalize shaped/layout/offset defaults explicitly (142.1087ms)
✔ B2-003 lab recipe: RNC off, zero step, speaker disable, seed/taps changes and negative gains retain exact behavior (269.014ms)
✔ B2-003 lab recipe: actual divergence is a finite prefix, never padded or called complete (187.914ms)
✖ B2-003 lab recipe: unknown layouts cannot encode/recompute and unknown model is only parsed (0.7573ms)
✔ B2-003 lab recipe: recording asset is mandatory, full-byte hash checked, never random fallback (3.2887ms)
✔ B2-003 lab recipe: snapshot config/id/budget and asset before await, propagate resolver/hash failures (98.5836ms)
✔ B2-003 lab recipe: reject bad config, dimensions, identities, extra scripts, live mode and altered defaults (2.3514ms)
✔ B2-003 lab recipe: byte and recompute budgets reject before asset loading or calculation (1.148ms)
✔ B2-003 lab result: ice, both sources and 1/4/8 references sync/async exact roundtrip (521.0919ms)
✔ B2-003 lab result: bev, both sources and 1/4/8 references sync/async exact roundtrip (720.3328ms)
✔ B2-003 lab result: hev, both sources and 1/4/8 references sync/async exact roundtrip (577.3144ms)
✔ B2-003 lab result: erev, both sources and 1/4/8 references sync/async exact roundtrip (537.4692ms)
✔ B2-003 lab result: divergence, disabled RNC/output, mu0 and legacy absence retain status and identities (283.5604ms)
✔ B2-003 lab result: tagged invalid metrics survive, disagreeing summary is quarantined (71.5787ms)
✔ B2-003 lab result: silence and empty divergence never become valid zero dB, real mu0 does (21.2171ms)
✔ B2-003 lab result: finite edge bits and offset views survive with independent arrays (46.0606ms)
✖ B2-003 lab result: unknown model/layout remain read-only without verified metrics (34.0892ms)
✔ B2-003 lab result: hostile manifest identities, dimensions, units, clocks, state and scalar tags reject before hashing (35.5385ms)
✔ B2-003 lab result: truncation, trailing data, lengths, padding, UTF-8 and nonfinite samples reject (55.0025ms)
✔ B2-003 lab result: explicit batch, complete/prefix rules, array shape, UTF-8 identity and budgets reject before crypto (25.9885ms)
✔ B2-003 lab result: async encoder captures all signals/metadata/limits before await (28.6975ms)
✔ B2-003 lab result: async import owns Buffer/offset views across mutation or transfer; SHA failures propagate (49.1739ms)
✔ Hann Welch one-sided PSD integrates to tone mean-square and has the correct peak (7.0736ms)
✔ B2-002: RMS uses exactly the trailing 1000 samples, including first and final windows (6.0968ms)
✔ B2-002: same-window reduction preserves negative gains and aggregates powers before dB (4.4057ms)
✔ B2-002: silence and near-floor pressure never report valid zero-dB benefit (10.0223ms)
✔ B2-002: non-finite pressure is unavailable, never a valid analysis frame (10.6267ms)
✔ B2-002: power rejects invalid ranges and PSD clamps finite sample cursors to actual data (1.5681ms)
✔ B2-002: PSD rejects non-finite samples in its complete windows and ignores future samples (1.6793ms)
✔ B2-002: non-finite PSD cursors cannot trap a caller in an unbounded loop (224.3492ms)
✔ B2-002: shared PSD preserves lab pressure weighting and vibration/drive/source units (17.2702ms)
✔ B2-002: asymmetric signal Welch bins match direct DFT, 50% overlap and incomplete-tail handling (153.4828ms)
✔ B2-002: DC and Nyquist are not doubled; PSD scales as signal-unit squared per Hz (9.2214ms)
✔ analysis warming-up, window boundary, channel identity and pressure calibration (0.8889ms)
✔ step size accepts every nonnegative finite value and finite drives exceed the former 100 threshold (339.5204ms)
✔ batch and chunked overflow stop at the same Float32 boundary, keeping the last finite samples and spectra (487.8528ms)
✔ overflow on the first weight update gives an empty finite prefix and a terminal diagnostic (40.2901ms)
✔ new lab experiments learn before two seconds without changing sources or superposition (847.2306ms)
✔ lab FxLMS produces finite true superposition, baseline then learned reduction at all microphones (13.0847ms)
✔ all 16 secondary paths have causal cross coupling and every source reaches every mic (2.8936ms)
✔ first adaptive output matches an independent all-error normalized gradient calculation (54.6398ms)
✔ RNC off, zero step and all disabled speakers retain original noise exactly (867.4158ms)
✔ one and eight references and disabled output actually change controller dimensions and results (1698.5841ms)
✔ recording-shaped sources retain high finite values and return the valid prefix on overflow (3090.9588ms)
✔ field at microphone positions equals independently measured trace power in the same window (31.7287ms)
✔ off-microphone field is recalculated from wheel q and speaker u, not microphone interpolation (137.1064ms)
✔ vehicle paths vary, seed is reproducible and speed/roughness trends are source-driven (1111.7353ms)
✔ warm-up, zero-speed energy floor and bad configurations are explicit (631.25ms)
✔ q selection analyzes each actual wheel source independently of reference layout (370.1225ms)
✔ A weighting matches reference corrections and applies power rather than amplitude to PSD (21.8879ms)
✔ teaching calibration anchors pooled 40 km/h baseline at 60 dBA; offset changes H only (819.377ms)
✔ A/Z analysis and field agree at microphones, including first window and wrapped live history (3262.2814ms)
✔ duration budget rejects invalid allocations; short runs have finite metrics and long runs share streaming samples (4879.2619ms)
✔ pressure density levels use 20uPa while other signals keep unit reference; manual waveform bounds never reveal future samples (425.1438ms)
✔ NFxLMS joint normalization scales inversely with filtered-reference power and regularizes silence (0.4915ms)
✔ stateful first 16 seconds match the unchanged batch q/x/u/d/a/e bit for bit (2158.5042ms)
✔ arbitrary block sizes preserve source/filter/weight state beyond 16 seconds and repeated history wraps (7057.2954ms)
✔ RNC off, zero step, disabled speakers and eight references retain the batch semantics across blocks (4472.5208ms)
✔ wrapped snapshots use one absolute clock and yield the same field window at mic and off-mic points (1535.1982ms)
✔ resident storage stays bounded through two minutes and invalid requests do not advance the stream (3679.8836ms)
✔ live RNC OFF freezes learned weights and zeros drive; ON resumes from those weights without restarting sources (698.1191ms)
✔ an initially disabled live controller can start adapting later (157.1349ms)
✔ wrapped live history retains five seconds at the audible clock despite producer prefetch (1746.9955ms)
✔ numeric overflow returns the finite prefix, preserves history, and cannot resume (10.0081ms)
✔ live generation ignores replay duration, preserves bounded adaptation for ten minutes and refuses overflow atomically (27758.4151ms)
✔ P7 layout has its own cabin and paths; legacy layout unchanged and unsupported IDs rejected (5.9063ms)
✔ P7 arbitrary stream blocks match batch q/x/u/d/a/e bit for bit (394.9943ms)
✔ P7 field equals independent microphone trace power at the same point and window (30.5061ms)
✔ P7 recorded-source branch shares fractional paths between batch, streaming and field (461.6745ms)
✔ a pure delayed gain has constant magnitude and exact analytic group delay (2.9291ms)
✔ response zeros are undefined rather than false finite phase/delay; all sixteen paths remain selectable (49.8202ms)
✔ recorded sources use the four primary-noise ears, validate assets and require explicit data (42.7851ms)
✔ recorded source samples retain shared timing and gain, crossfade synchronously and do not become random or pitch shifted (84.2802ms)
✔ recorded batch and irregular live blocks agree exactly through two source loops; storage and adaptation remain continuous (7345.1111ms)
✔ recorded primary paths stay causal and fully coupled, match the passenger 48dBA/Hz peak anchor, and match microphone fields (333.847ms)
✔ recording-derived data keeps all references and uncalibrated provenance; spectra distinguish vibration and cabin noise (1392.126ms)
✔ spectral stretch remains causal, normalized and exactly shared by batch/stream at temperature-pressure limits (1997.8235ms)
node:internal/test_runner/harness:121
      throw err;
      ^

Error: ENOENT: no such file or directory, open 'D:\lzh\Desktop\RNC_3D\RNC_3D_SIMULATION_DEMO\docs\evidence\B\B2-001\reference-audit.json'
    at readFileSync (node:fs:439:20)
    at <anonymous> (D:\lzh\Desktop\RNC_3D\RNC_3D_SIMULATION_DEMO\tests\engine.test.ts:94:32)
    at ModuleJob.run (node:internal/modules/esm/module_job:430:25)
    at async onImport.tracePromise.__proto__ (node:internal/modules/esm/loader:661:26)
    at async asyncRunEntryPointWithESMLoader (node:internal/modules/run_main:101:5) {
  errno: -4058,
  code: 'ENOENT',
  syscall: 'open',
  path: 'D:\\lzh\\Desktop\\RNC_3D\\RNC_3D_SIMULATION_DEMO\\docs\\evidence\\B\\B2-001\\reference-audit.json'
}

Node.js v24.13.1
✖ tests\engine.test.ts (2710.8852ms)
✔ audio paths use the same linear gain and sinc resampling (19.4959ms)
ℹ tests 265
ℹ suites 0
ℹ pass 261
ℹ fail 4
ℹ cancelled 0
ℹ skipped 0
ℹ todo 0
ℹ duration_ms 51609.8999

✖ failing tests:

test at tests\helpers\lab-recipe-tests.ts:1:1308
✖ B2-003 lab recipe: model/source/recording identities match current files (6.4124ms)
  AssertionError [ERR_ASSERTION]: src/shared/lab-contracts.ts
  + actual - expected

  + 'b1a0af463bbe9b3a2dbcacb800bc42cd5597f6ebfa8bdfd73bc08c11000d2d2a'
  - '4cddd97edd7716a3ce63e22eff16118f93ea14bb630d9b21f5aa03d45fb280b5'

      at TestContext.<anonymous> (D:\lzh\Desktop\RNC_3D\RNC_3D_SIMULATION_DEMO\tests\helpers\lab-recipe-tests.ts:19:12)
      at Test.runInAsyncScope (node:async_hooks:214:14)
      at Test.run (node:internal/test_runner/test:1103:25)
      at Test.processPendingSubtests (node:internal/test_runner/test:785:18)
      at Test.postRun (node:internal/test_runner/test:1232:19)
      at Test.run (node:internal/test_runner/test:1160:12)
      at async Test.processPendingSubtests (node:internal/test_runner/test:785:7) {
    generatedMessage: false,
    code: 'ERR_ASSERTION',
    actual: 'b1a0af463bbe9b3a2dbcacb800bc42cd5597f6ebfa8bdfd73bc08c11000d2d2a',
    expected: '4cddd97edd7716a3ce63e22eff16118f93ea14bb630d9b21f5aa03d45fb280b5',
    operator: 'strictEqual',
    diff: 'simple'
  }

test at tests\helpers\lab-recipe-tests.ts:1:3532
✖ B2-003 lab recipe: unknown layouts cannot encode/recompute and unknown model is only parsed (0.7573ms)
  AssertionError [ERR_ASSERTION]: The validation function is expected to return "true". Received false

  Caught error:

  ExportError: Invalid lab batch configuration
      at TestContext.<anonymous> (D:\lzh\Desktop\RNC_3D\RNC_3D_SIMULATION_DEMO\tests\helpers\lab-recipe-tests.ts:48:10)
      at Test.runInAsyncScope (node:async_hooks:214:14)
      at Test.run (node:internal/test_runner/test:1103:25)
      at Test.processPendingSubtests (node:internal/test_runner/test:785:18)
      at Test.postRun (node:internal/test_runner/test:1232:19)
      at Test.run (node:internal/test_runner/test:1160:12)
      at async Test.processPendingSubtests (node:internal/test_runner/test:785:7) {
    generatedMessage: true,
    code: 'ERR_ASSERTION',
    actual: ExportError: Invalid lab batch configuration
        at fail (D:\lzh\Desktop\RNC_3D\RNC_3D_SIMULATION_DEMO\src\team-b\export\lab-recipe.ts:42:70)
        at readConfig (D:\lzh\Desktop\RNC_3D\RNC_3D_SIMULATION_DEMO\src\team-b\export\lab-recipe.ts:85:46)
        at encodeLabRecipe (D:\lzh\Desktop\RNC_3D\RNC_3D_SIMULATION_DEMO\src\team-b\export\lab-recipe.ts:143:18)
        at <anonymous> (D:\lzh\Desktop\RNC_3D\RNC_3D_SIMULATION_DEMO\tests\helpers\lab-recipe-tests.ts:48:23)
        at getActual (node:assert:611:5)
        at strict.throws (node:assert:759:24)
        at TestContext.<anonymous> (D:\lzh\Desktop\RNC_3D\RNC_3D_SIMULATION_DEMO\tests\helpers\lab-recipe-tests.ts:48:10)
        at Test.runInAsyncScope (node:async_hooks:214:14)
        at Test.run (node:internal/test_runner/test:1103:25)
        at Test.processPendingSubtests (node:internal/test_runner/test:785:18),
    operator: 'throws',
    diff: 'simple'
  }

test at tests\helpers\lab-result-tests.ts:1:5843
✖ B2-003 lab result: unknown model/layout remain read-only without verified metrics (34.0892ms)
  Error [ExportError]: Invalid lab batch configuration
      at fail (D:\lzh\Desktop\RNC_3D\RNC_3D_SIMULATION_DEMO\src\team-b\export\lab-recipe.ts:42:70)
      at readConfig (D:\lzh\Desktop\RNC_3D\RNC_3D_SIMULATION_DEMO\src\team-b\export\lab-recipe.ts:85:46)
      at validated (D:\lzh\Desktop\RNC_3D\RNC_3D_SIMULATION_DEMO\src\team-b\export\lab-recipe.ts:129:18)
      at decodeLabRecipe (D:\lzh\Desktop\RNC_3D\RNC_3D_SIMULATION_DEMO\src\team-b\export\lab-recipe.ts:158:10)
      at inspect (D:\lzh\Desktop\RNC_3D\RNC_3D_SIMULATION_DEMO\src\team-b\export\lab-result.ts:188:18)
      at decodeLabResult (D:\lzh\Desktop\RNC_3D\RNC_3D_SIMULATION_DEMO\src\team-b\export\lab-result.ts:239:21)
      at TestContext.<anonymous> (D:\lzh\Desktop\RNC_3D\RNC_3D_SIMULATION_DEMO\tests\helpers\lab-result-tests.ts:72:18)
      at Test.runInAsyncScope (node:async_hooks:214:14)
      at Test.run (node:internal/test_runner/test:1103:25)
      at Test.processPendingSubtests (node:internal/test_runner/test:785:18) {
    code: 'INVALID_DATA'
  }

test at tests\engine.test.ts:1:1
✖ tests\engine.test.ts (2710.8852ms)
  'test failed'
[ELIFECYCLE] Test failed. See above for more details.
[ELIFECYCLE] Command failed with exit code 1.
