$ pnpm typecheck && pnpm check:boundaries && pnpm test && pnpm build
$ tsc --noEmit
$ node scripts/check-boundaries.mjs
源码边界通过：A/B 互不导入；shared 独立；integration 负责装配。
$ tsx --test tests/*.test.ts
✔ A1: unavailable convergence values leave gaps rather than zero gain or connecting across missing data (3.6991ms)
✔ A1: original noise draws once in grey, residual compares against the same original channel (0.9514ms)
✔ lab playback applies one gain to all eight signals, preserves d/e ratios and does not mutate physics (46.4801ms)
✔ actual extreme valid lab experiment has no clipped samples after shared preparation (697.7476ms)
✔ sinc overshoot is covered by the strict bound; silence and low-level legacy gain remain unchanged (2.0263ms)
✔ A1: preparing first audio buffer does not skip the requested playback position (30.0002ms)
✔ A1: pause cancels pending audio resume; repeated play creates one start (22.7135ms)
✔ A1: loading a new experiment cancels an earlier pending play (0.6844ms)
✔ A1: reaching the end stays stopped when seeking, including before ended is delivered (22.578ms)
✔ A1: seeking to the end stops; replay starts only on explicit play (20.7824ms)
✔ A1: cold seat/mode switches prepare audio before fading, keep time and use the same gain (412.1445ms)
✔ A1: audio resume failure leaves a retryable paused player (15.0877ms)
✔ A1: an obsolete resume cannot clear or start a newer play request (15.4218ms)
✔ A1: seeking while playing continues at the new position without a retired ended event stopping it (17.2702ms)
✔ A1: a cold comparison prepared across the end never restarts the clip (28.993ms)
✔ 12 coincident projections remain separate and inside the narrow supported viewer (5.0055ms)
✔ four source illustrations can share a narrow view with all 12 hardware labels (4.0583ms)
✔ labels at viewport edges and densely grouped hardware remain clickable (10.3173ms)
✔ four drivetrains preserve their physical differences and five-seat cabin (267.1716ms)
✔ vehicle geometry is finite and every owned GPU resource is disposed once (188.1976ms)
✔ Hann Welch one-sided PSD integrates to tone mean-square and has the correct peak (14.0843ms)
✔ analysis warming-up, window boundary, channel identity and pressure calibration (3.9491ms)
✔ lab FxLMS produces finite true superposition, baseline then learned reduction at all microphones (13.0669ms)
✔ all 16 secondary paths have causal cross coupling and every source reaches every mic (1.179ms)
✔ first adaptive output matches an independent all-error normalized gradient calculation (44.1085ms)
✔ RNC off, zero step and all disabled speakers retain original noise exactly (239.1487ms)
✔ one and eight references and disabled output actually change controller dimensions and results (696.1624ms)
✔ high source levels and co-located references remain finite without forced improvement (905.7365ms)
✔ field at microphone positions equals independently measured trace power in the same window (4.408ms)
✔ off-microphone field is recalculated from wheel q and speaker u, not microphone interpolation (13.8307ms)
✔ vehicle paths vary, seed is reproducible and speed/roughness trends are source-driven (684.2376ms)
✔ warm-up, zero-speed energy floor and bad configurations are explicit (353.4145ms)
✔ q selection analyzes each actual wheel source independently of reference layout (168.7798ms)
✔ B01/B03: all 640,000 samples match immutable Python Float32 golden and e=d+a (37.8773ms)
✔ B02/B04/B05: five configurations match Python metrics; repeat is deterministic (984.1166ms)
✔ B06: every output reaches every mic; removing one cross-path removes only that response (2.8373ms)
✔ B07: rejects invalid taps, negative/NaN step, wrong fixed dimensions, null config (1.3757ms)
✔ audio paths use the same linear gain and sinc resampling (15.9152ms)
ℹ tests 38
ℹ suites 0
ℹ pass 38
ℹ fail 0
ℹ cancelled 0
ℹ skipped 0
ℹ todo 0
ℹ duration_ms 4240.5383
$ tsc --noEmit && vite build
vite v7.1.7 building for production...
transforming...
✓ 33 modules transformed.
rendering chunks...
computing gzip size...
dist/index.html                                       0.55 kB │ gzip:     0.35 kB
dist/assets/engine.worker-DAEd859z.js                 4.16 kB
dist/assets/lab.worker-DOw_jg0M.js                    8.31 kB
dist/assets/golden_browser_fixture-BhKaGSeS.json  3,414.19 kB │ gzip: 2,407.80 kB
dist/assets/index-C1sMH_1o.css                        7.47 kB │ gzip:     2.44 kB
dist/assets/index-D3a-2bxx.css                       10.53 kB │ gzip:     2.97 kB
dist/assets/contracts-nWp9BSjY.js                     0.09 kB │ gzip:     0.11 kB │ map:     2.22 kB
dist/assets/lab-contracts-CDlFoAjC.js                 0.75 kB │ gzip:     0.52 kB │ map:     3.88 kB
dist/assets/lab-engine-jKKCbWso.js                    1.17 kB │ gzip:     0.63 kB │ map:     4.08 kB
dist/assets/index-T7UGU3Lx.js                         1.59 kB │ gzip:     0.92 kB │ map:     6.51 kB
dist/assets/index-bFd9Xcmr.js                         4.49 kB │ gzip:     2.24 kB │ map:     6.42 kB
dist/assets/index-CUniw4kS.js                         8.63 kB │ gzip:     4.05 kB │ map:    35.09 kB
dist/assets/index-BbW7pybu.js                        19.01 kB │ gzip:     8.50 kB │ map:    48.27 kB
dist/assets/index-B8FLREB7.js                        52.56 kB │ gzip:    22.01 kB │ map:   147.43 kB
dist/assets/index-N5yCGNSk.js                       543.70 kB │ gzip:   139.17 kB │ map: 2,837.57 kB

(!) Some chunks are larger than 500 kB after minification. Consider:
- Using dynamic import() to code-split the application
- Use build.rollupOptions.output.manualChunks to improve chunking: https://rollupjs.org/configuration-options/#output-manualchunks
- Adjust chunk size limit for this warning via build.chunkSizeWarningLimit.
✓ built in 1.92s
