$ pnpm typecheck && pnpm check:boundaries && pnpm test && pnpm build
$ tsc --noEmit
$ node scripts/check-boundaries.mjs
源码边界通过：A/B 互不导入；shared 独立；integration 负责装配。
$ tsx --test tests/*.test.ts
✔ one road change compares the same weighted window without keeping mutable config (3.4373ms)
✔ changed operating conditions block numeric deltas even when values are present (0.8393ms)
✔ multiple configuration changes remain visible and missing seat values stay unavailable (1.241ms)
✔ legacy teaching layout compares with explicit teaching ID but another layout suppresses deltas (0.5997ms)
✔ exported A/B summary survives JSON roundtrip and recomputes deltas (6.8685ms)
✔ condition mismatch imports but suppresses unsupported deltas (3.1633ms)
✔ rejects oversized, forged, malformed and nonfinite evidence (20.2114ms)
✔ foreign layouts remain readable but never acquire a numeric comparison (2.1228ms)
✔ older rnc-case-v1 without layout identity imports as teaching layout (1.16ms)
✔ one-variable review reports measured direction without assigning cause or approval (3.3637ms)
✔ confounded or mismatched cases never receive a causal or numeric verdict (0.9498ms)
✔ an unregistered layout is labeled as file-reported evidence without a verdict (0.6354ms)
✔ new human fields roundtrip, legacy v1 imports blank, computed facts ignore human claims (6.6384ms)
✔ A1: unavailable convergence values leave gaps rather than zero gain or connecting across missing data (2.8173ms)
✔ A1: original noise draws once in grey, residual compares against the same original channel (0.9448ms)
✔ paired spatial evidence distinguishes quieter, louder and near-zero samples without claiming a volume mean (2.5212ms)
✔ invalid, mismatched and nonfinite samples cannot produce a stale or invented spatial verdict (0.5812ms)
✔ A1: vehicle depth pass ignores transparent body, keeps seats and restores renderer/hierarchy on failure (42.6658ms)
✔ A1: transparent contour styling returns the exact source colour, side and geometry in solid mode (9.7977ms)
✔ A1: same-frame slice preview preserves main field blend, signed range, slice and clipping (6.5668ms)
✔ A1: overview snapshot preserves lab quantity, slice, range and interpolation even when rendering fails (11.6246ms)
✔ A1: one-second field cadence keeps moving past the old 350 ms plateau (19.2332ms)
✔ A1: slices and volume share the same energy blend, including interrupted frames (11.7185ms)
✔ A1: paused same-window quantity changes crossfade without replacing physical textures (4.0712ms)
✔ A1: pause settles both slice textures and new identities cannot inherit a mode crossfade (4.907ms)
✔ guide requires actual baseline and candidate runs before showing comparison evidence (3.0031ms)
✔ changed operating condition or multiple edits block the guided verdict (0.8678ms)
✔ invalid candidate and stale field never unlock listening (0.612ms)
✔ a candidate field unlocks guidance only at the comparison window end (0.3864ms)
✔ lab playback applies one gain to all eight signals, preserves d/e ratios and does not mutate physics (66.0882ms)
✔ actual extreme valid lab experiment has no clipped samples after shared preparation (1573.7148ms)
✔ sinc overshoot is covered by the strict bound; silence and low-level legacy gain remain unchanged (6.3966ms)
✔ live Worker cancellation rejects pending work and late old errors cannot kill the new run (25.9544ms)
✔ field failure is recoverable but a processor failure rejects every pending query (5.092ms)
✔ start cancellation and foreign run identities fail explicitly; batch mode cannot produce live chunks (1.8093ms)
✔ live RNC control returns the exact sample boundary and a rejected switch preserves the running worker (2.668ms)
✔ legacy layout is stamped and unimplemented layouts fail before replacing a running experiment (1.413ms)
✔ field frames without the active physical layout are rejected without killing the experiment (1.6912ms)
✔ a field reply cannot substitute another time, weighting or sampling plane within the same run (1.597ms)
✔ batch results and live packets cannot switch physical layout inside an accepted run (1.5338ms)
✔ same-layout responses cannot substitute another vehicle or physical experiment configuration (1.7201ms)
✔ Worker replies without the active run identity cannot enter results or field views (3.1976ms)
✔ log frequency coordinates give equal spacing to equal ratios and omit DC (2.8129ms)
✔ seat curves preserve full-run SPL history and missing values while excluding future frames (1.7618ms)
✔ physical traces share Pa scale, show original and use absolute sample time after a live history wrap (1.2857ms)
✔ the initial waveform uses the same five-second scale as a full rolling window (0.5618ms)
✔ PSD comparisons use actual FFT bin positions and original selection is not drawn twice (0.6165ms)
✔ first valid point is visible and null SPL gaps never create fake zero levels (0.4074ms)
✔ acceleration and speaker drive never masquerade as pressure on a common axis (0.4191ms)
✔ manual plot bounds and hidden primary traces apply independently without changing samples (0.7898ms)
✔ divergent but finite Float32 pressure is bounded only in the audition copies (120.3022ms)
✔ streaming sinc is independent of chunk partition and matches continuous interpolation before the real lookahead tail (377.459ms)
✔ common lookahead safety envelope preserves all eight d/e ratios, bounds peaks and retains bounded memory (1911.4253ms)
✔ finishing releases exactly the real lookahead tail, including a run shorter than that tail (30.741ms)
✔ live queue validates complete finite contiguous chunks without changing accepted state on rejection (92.1845ms)
✔ one audio clock freezes on starvation and resumes at the missing sample instead of skipping wall time (15.7162ms)
✔ queued chunks are gapless and all comparisons share one eight-channel buffer without a new clock on switching (34.8727ms)
✔ pause preserves partly consumed audio and a cold allocation never advances the simulation clock (13.8374ms)
✔ async resume cannot revive pause/reset/dispose or clear a newer request, and failure is retryable (14.4627ms)
✔ continuous enqueue stays bounded for ten minutes and finishes exactly without a false underrun or restart (12946.8155ms)
✔ pause and resume while draining keeps the final samples and exact endpoint (15.6548ms)
✔ offline package verifier accepts the exact build and rejects changed, extra or missing files (1929.7816ms)
✔ A1 overview: paused microphone levels survive display-only page and field changes (2.5912ms)
✔ A1 overview: invalidated experiment, warm-up and unavailable microphone never show stale levels (0.3849ms)
✔ A1: preparing first audio buffer does not skip the requested playback position (45.669ms)
✔ A1: pause cancels pending audio resume; repeated play creates one start (32.5692ms)
✔ A1: loading a new experiment cancels an earlier pending play (1.3165ms)
✔ A1: reaching the end stays stopped when seeking, including before ended is delivered (62.7496ms)
✔ A1: seeking to the end stops; replay starts only on explicit play (44.2184ms)
✔ A1: cold seat/mode switches prepare audio before fading, keep time and use the same gain (675.0233ms)
✔ A1: audio resume failure leaves a retryable paused player (27.3828ms)
✔ A1: an obsolete resume cannot clear or start a newer play request (27.6868ms)
✔ A1: seeking while playing continues at the new position without a retired ended event stopping it (29.7285ms)
✔ A1: a cold comparison prepared across the end never restarts the clip (58.3731ms)
✔ variable duration playback seeks past 16s, switches modes and stops exactly at each loaded clip end (148.5265ms)
✔ A1: batching preserves per-part ownership, named hardware, transformed bounds and exterior isolation (24.553ms)
✔ A1: sculpted dashboard normals are finite, unit length and continuous at duplicated vertices (56.31ms)
✔ A1: detailed cabins remain separately detachable while materials and microtextures dispose once (5754.4339ms)
✔ A1: render observations are bounded and never mix different vehicles or suspended frames (1.1171ms)
✔ asset shell modes isolate shared interior materials and restore original ownership once (20.8439ms)
✔ authored asset sections follow actual moving meshes without inventing solid caps or changing coordinates (12.158ms)
✔ asset picking skips hidden ancestors and discarded section surfaces, and selection bounds follow disassembly (7.3946ms)
✔ selection excludes hidden descendants and follows ancestor transforms without a section (1.811ms)
✔ selection is restricted to retained section bounds and disappears when fully clipped (3.7961ms)
✔ actual ICE asset keeps all 74127 triangles and 30 groups through inspection, disassembly and full restoration (446.8912ms)
✔ CP controlled comparison blocks road/source/seed/operating changes; scenario states differences (4.2782ms)
✔ CP declared controller changes retain negative outcomes and do not change input snapshots (0.7285ms)
✔ CP scenario cannot cross layout or absolute analysis window (0.5583ms)
✔ CP mode survives summary roundtrip; old summaries retain historical comparison meaning (13.4647ms)
✔ CP nonfinite external readings never become displayed delta (0.535ms)
✔ separate curved sheets have continuous boundary normals and finite UV coordinates (15.8351ms)
✔ rounded lamp apertures preserve the original silhouette bounds without repeated sharp corners (0.9378ms)
✔ P7 shoulder-to-window gap is closed by paint owned by the removable front door (3418.6393ms)
✔ dense grid queries 1989 distinct locations across the original spatial extent (5.2159ms)
✔ dense texture retains the exact engine point order and paired channel energy (3.5655ms)
✔ volume mode contains no visible planar slices; explicit slices remain available (37.6483ms)
✔ temporal transition blends energy and a replacement starts at the displayed energy (7.8753ms)
✔ rewind, weighting, layout and point changes never blend incompatible frames (12.5015ms)
✔ driving distance uses the experiment clock, including pause and backward seek (1.6872ms)
✔ road segments cover a continuous range and preserve world identity while passing the car (0.9733ms)
✔ four cabin eyes share P7 seat coordinates and are distinct from the microphones (0.4375ms)
✔ cabin look rotates around the eye without translating it and clamps pitch (1.2705ms)
✔ wheel spin preserves its axle and semantic attachment, keeping the brake caliper stationary (10.0217ms)
✔ curved graded route preserves arc length, periodic seams and reversible vehicle coordinates (112.5233ms)
✔ A2 landscape: finite, continuous, bounded slopes across every environment and negative world coordinates (1703.3427ms)
✔ A2 road ground stays below the travelled lane through bends and grades (94.2597ms)
✔ A2 recycled world tiles stay beyond the fully faded distance for forward and backward driving (4.8804ms)
✔ A2 sky retains complete imagery while loading and blends monotonically; rapid requests retain referenced textures (13.2429ms)
✔ A2 outdoor camera cannot enter the floor, car shell or distant scenery after repeated pan/zoom/orbit (2.5349ms)
✔ volume texture keeps every queried point and both channels in WebGL storage order (5.0973ms)
✔ spatial smoothing operates on mean-square energy, not a mean of dB or RGB (2.044ms)
✔ improvement is the signed, same-point same-frame difference; worsening is retained (1.3761ms)
✔ detail range includes both channels and has a nonzero span even for a flat frame (0.9536ms)
✔ improvement detail keeps zero centered and includes real worsening and improvement (1.5876ms)
✔ camera moves around the car and reaches an exact endpoint without overshoot (2.4483ms)
✔ manual input cancels motion; a rapid replacement starts at the currently visible pose (1.5093ms)
✔ dense queries yield in bounded batches and publish the original point order at one window (149.8732ms)
✔ a late query is cancelled before more chunks are submitted (4.0428ms)
✔ different windows, weighting, positions and layout cannot be merged into one field (37.0273ms)
✔ an invalid warm-up grid stays invalid instead of becoming a coloured result (139.771ms)
✔ three slice meshes use the original 280 queried positions, including their fixed physical planes (4.1043ms)
✔ a reordered, truncated or non-finite B field frame cannot color the old locations (1.8685ms)
✔ moving each sampled plane requests its physical position and refuses the previous field frame (5.3668ms)
✔ 12 coincident projections remain separate and inside the narrow supported viewer (5.6546ms)
✔ four source illustrations can share a narrow view with all 12 hardware labels (3.1644ms)
✔ labels at viewport edges and densely grouped hardware remain clickable (10.2488ms)
✔ lab callouts stay beside the projected hardware instead of the full viewport edges (2.3919ms)
✔ near-car labels remain separate and clickable in a narrow 360 px viewer (0.8171ms)
✔ 720p structure panels and transport never cover the 16 hardware callouts (1.154ms)
✔ a completely obstructed viewport does not put an invisible clickable label behind its panel (0.3584ms)
✔ P7+ canopy, liftback glazing and rear bumper are separately owned assemblies (3160.1281ms)
✔ P7+ hidden shell exposes actual seat picking, and clipping rejects the removed half (2223.0525ms)
✔ P7+ intermediate explosion poses remain finite and return to identical world transforms (1828.9863ms)
✔ P7+ paint and shell presentation preserve independent glass, tires and cabin materials (1730.002ms)
✔ P7 detailed EV assemblies and acoustic diaphragms own their reversible geometry (1615.1271ms)
✔ featured structures exist in each generated architecture and explain its actual drive path (671.9014ms)
✔ true mesh-plane sections preserve area, plane position and outward normal after transforms (8.1293ms)
✔ section through exact edges is closed; tangencies and existing coplanar faces are not duplicated (2.6777ms)
✔ ring sections keep their holes and disconnected islands; open surfaces never get a solid cap (67.4769ms)
✔ section display updates from exploded geometry, respects ancestor visibility and material opacity (7.6746ms)
✔ bundled showroom SUV is the attributed, offline CC BY asset within the geometry budget (10.317ms)
✔ BEV showroom keeps the original attribution and bundles a decodable offline model (20.8561ms)
✔ contoured upholstery remains finite, smoothly shaded and inside the assembled seat envelope (377.1941ms)
✔ GX seat detail retains part ownership, reversibility and shared micrograin lifetime (3592.5871ms)
✔ four drivetrains preserve their physical differences and five-seat cabin (881.5208ms)
✔ vehicle geometry is finite and every owned GPU resource is disposed once (634.9956ms)
✔ the BEV and EREV battery enclosure remains directly visible from the underbody (299.0474ms)
✔ the closed side sill hides the floor and battery at door level on all four vehicles (379.9246ms)
✔ xpeng-p7plus: independent layout, full cross paths, both sources and live/batch/field agreement (615.9735ms)
✔ xpeng-p7plus: observer seats and acoustic attachment nodes exist in the actual detachable model (2612.4499ms)
✔ xpeng-x9: independent layout, full cross paths, both sources and live/batch/field agreement (407.0293ms)
✔ xpeng-x9: observer seats and acoustic attachment nodes exist in the actual detachable model (2896.7348ms)
✔ xpeng-l03: independent layout, full cross paths, both sources and live/batch/field agreement (336.5261ms)
✔ xpeng-l03: observer seats and acoustic attachment nodes exist in the actual detachable model (2393.0949ms)
✔ xpeng-m03: independent layout, full cross paths, both sources and live/batch/field agreement (328.2489ms)
✔ xpeng-m03: observer seats and acoustic attachment nodes exist in the actual detachable model (2263.3045ms)
✔ xpeng-gx: independent layout, full cross paths, both sources and live/batch/field agreement (280.3228ms)
✔ xpeng-gx: observer seats and acoustic attachment nodes exist in the actual detachable model (2025.8768ms)
✔ x9: P7-level structural coverage and correctly separated battery layers (4220.5635ms)
✔ x9: interior ray picking and sampled disassembly restore world transforms (3218.26ms)
✔ l03: P7-level structural coverage and correctly separated battery layers (2284.0641ms)
✔ l03: interior ray picking and sampled disassembly restore world transforms (2297.0551ms)
✔ m03: P7-level structural coverage and correctly separated battery layers (2150.776ms)
✔ m03: interior ray picking and sampled disassembly restore world transforms (2029.9322ms)
✔ gx: P7-level structural coverage and correctly separated battery layers (1850.7732ms)
✔ gx: interior ray picking and sampled disassembly restore world transforms (1916.4943ms)
✔ Verified drivetrain and suspension differences survive shared construction helpers (6341.4213ms)
✔ A2 XPeng x9: real proportions, semantic rows and finite geometry (4481.4981ms)
✔ A2 XPeng x9: explosion is reversible, clamped and above floor (3198.4401ms)
✔ A2 XPeng p7plus: real proportions, semantic rows and finite geometry (1988.1366ms)
✔ A2 XPeng p7plus: explosion is reversible, clamped and above floor (1811.8254ms)
✔ A2 XPeng l03: real proportions, semantic rows and finite geometry (2404.6772ms)
✔ A2 XPeng l03: explosion is reversible, clamped and above floor (1989.496ms)
✔ A2 XPeng m03: real proportions, semantic rows and finite geometry (2149.5723ms)
✔ A2 XPeng m03: explosion is reversible, clamped and above floor (2004.2005ms)
✔ A2 XPeng gx: real proportions, semantic rows and finite geometry (2013.4295ms)
✔ A2 XPeng gx: explosion is reversible, clamped and above floor (1609.3688ms)
✔ A2 XPeng paint affects exterior clones only; resources dispose exactly once (1413.8937ms)
✔ B2-003 async: Web Crypto produces the same container and detached data as sync API (145.5583ms)
✔ B2-003 async: encoding snapshots config, run identity, samples and budgets before awaiting (74.2779ms)
✔ B2-003 async: decode owns a snapshot across Buffer mutation, offset views and transfer (104.7423ms)
✔ B2-003 async: hash rejections and invalid digests propagate without a partial result (89.1547ms)
✔ B2-003 async: malformed, nonfinite and over-budget inputs reject before invoking crypto (26.3451ms)
✔ B2-003: default binary roundtrip, recipe recompute and Python oracle (1208.3379ms)
✔ B2-003: seed29 binary roundtrip, recipe recompute and Python oracle (1166.465ms)
✔ B2-003: seed47 binary roundtrip, recipe recompute and Python oracle (1139.6479ms)
✔ B2-003: taps32 binary roundtrip, recipe recompute and Python oracle (765.1499ms)
✔ B2-003: mu0 binary roundtrip, recipe recompute and Python oracle (703.1189ms)
✔ B2-003: registered source hashes match the numerical implementation (3.0704ms)
✔ B2-003: preserve reference identity, little-endian edge bits and offset views (455.7546ms)
✔ B2-003: silent and zero-denominator metrics retain nonfinite tags and unavailable measurements (155.2841ms)
✔ B2-003: genuine zero/negative reductions and tagged negative zero stay distinct from silence (132.4042ms)
✔ B2-003: malformed/truncated headers, overflow lengths, trailing bytes and padding are rejected (10.5106ms)
✔ B2-003: schema, channel mapping, units, metadata, normalized config and metrics are validated (59.0009ms)
✔ B2-003: integrity mismatch and hash-correct nonfinite payload cannot import (30.7444ms)
✔ B2-003: budgets refuse before hashing/large output and count UTF-8 bytes (18.1543ms)
✔ B2-003: unknown numerical models are read-only; recipe recompute revalidates identity and fresh id (20.6694ms)
✔ B2-003: recipes reject extra scripts/URLs/arrays, bad text/config and different schemas (1.8446ms)
✔ B2-003: live snapshots, partial results, bad dimensions and invalid samples are not batches (29.6503ms)
✔ B2-003 lab recipe: ice, both sources and 1/4/8 reference topology (1350.9084ms)
✔ B2-003 lab recipe: bev, both sources and 1/4/8 reference topology (1270.514ms)
✔ B2-003 lab recipe: hev, both sources and 1/4/8 reference topology (1158.9986ms)
✔ B2-003 lab recipe: erev, both sources and 1/4/8 reference topology (1155.7487ms)
✔ B2-003 lab recipe: model/source/recording identities match current files (5.5353ms)
✔ B2-003 lab recipe: preserve legacy absence and normalize shaped/layout/offset defaults explicitly (175.9451ms)
✔ B2-003 lab recipe: RNC off, zero step, speaker disable, seed/taps changes and negative gains retain exact behavior (402.4776ms)
✔ B2-003 lab recipe: actual divergence is a finite prefix, never padded or called complete (246.4486ms)
✔ B2-003 lab recipe: unknown layouts cannot encode/recompute and unknown model is only parsed (2.2883ms)
✔ B2-003 lab recipe: recording asset is mandatory, full-byte hash checked, never random fallback (5.3728ms)
✔ B2-003 lab recipe: snapshot config/id/budget and asset before await, propagate resolver/hash failures (131.9338ms)
✔ B2-003 lab recipe: reject bad config, dimensions, identities, extra scripts, live mode and altered defaults (4.9009ms)
✔ B2-003 lab recipe: byte and recompute budgets reject before asset loading or calculation (1.9402ms)
✔ B2-003 lab result: ice, both sources and 1/4/8 references sync/async exact roundtrip (655.207ms)
✔ B2-003 lab result: bev, both sources and 1/4/8 references sync/async exact roundtrip (656.1287ms)
✔ B2-003 lab result: hev, both sources and 1/4/8 references sync/async exact roundtrip (580.5633ms)
✔ B2-003 lab result: erev, both sources and 1/4/8 references sync/async exact roundtrip (593.8473ms)
✔ B2-003 lab result: divergence, disabled RNC/output, mu0 and legacy absence retain status and identities (345.2678ms)
✔ B2-003 lab result: tagged invalid metrics survive, disagreeing summary is quarantined (80.2238ms)
✔ B2-003 lab result: silence and empty divergence never become valid zero dB, real mu0 does (22.9589ms)
✔ B2-003 lab result: finite edge bits and offset views survive with independent arrays (49.0939ms)
✔ B2-003 lab result: unknown model/layout remain read-only without verified metrics (35.7328ms)
✔ B2-003 lab result: hostile manifest identities, dimensions, units, clocks, state and scalar tags reject before hashing (47.6044ms)
✔ B2-003 lab result: truncation, trailing data, lengths, padding, UTF-8 and nonfinite samples reject (39.795ms)
✔ B2-003 lab result: explicit batch, complete/prefix rules, array shape, UTF-8 identity and budgets reject before crypto (45.3333ms)
✔ B2-003 lab result: async encoder captures all signals/metadata/limits before await (34.9979ms)
✔ B2-003 lab result: async import owns Buffer/offset views across mutation or transfer; SHA failures propagate (44.1567ms)
✔ B2-003 registered export: xpeng-p7plus-bev-v1, both sources, 1/4/8 references (783.5939ms)
✔ B2-003 registered export: xpeng-x9-erev-v1, both sources, 1/4/8 references (688.6106ms)
✔ B2-003 registered export: xpeng-l03-bev-v1, both sources, 1/4/8 references (743.2092ms)
✔ B2-003 registered export: xpeng-m03-bev-v1, both sources, 1/4/8 references (747.959ms)
✔ B2-003 registered export: xpeng-gx-erev-v1, both sources, 1/4/8 references (765.5481ms)
✔ B2-003 registered export: actual historical model-1 files remain read-only and cannot load assets (10.1338ms)
✔ B2-003 registered export: unknown, asset aliases and powertrain mismatches parse without enabling execution (47.0143ms)
✔ B2-003 registered export: unsupported layouts still reject invalid config and normalization before hashing (57.0453ms)
✔ Hann Welch one-sided PSD integrates to tone mean-square and has the correct peak (9.1573ms)
✔ B2-002: RMS uses exactly the trailing 1000 samples, including first and final windows (3.9812ms)
✔ B2-002: same-window reduction preserves negative gains and aggregates powers before dB (2.819ms)
✔ B2-002: silence and near-floor pressure never report valid zero-dB benefit (8.7894ms)
✔ B2-002: non-finite pressure is unavailable, never a valid analysis frame (12.6574ms)
✔ B2-002: power rejects invalid ranges and PSD clamps finite sample cursors to actual data (1.7991ms)
✔ B2-002: PSD rejects non-finite samples in its complete windows and ignores future samples (1.7737ms)
✔ B2-002: non-finite PSD cursors cannot trap a caller in an unbounded loop (248.9592ms)
✔ B2-002: shared PSD preserves lab pressure weighting and vibration/drive/source units (7.8021ms)
✔ B2-002: asymmetric signal Welch bins match direct DFT, 50% overlap and incomplete-tail handling (181.5746ms)
✔ B2-002: DC and Nyquist are not doubled; PSD scales as signal-unit squared per Hz (11.3044ms)
✔ analysis warming-up, window boundary, channel identity and pressure calibration (1.4445ms)
✔ step size accepts every nonnegative finite value and finite drives exceed the former 100 threshold (401.4909ms)
✔ batch and chunked overflow stop at the same Float32 boundary, keeping the last finite samples and spectra (558.8063ms)
✔ overflow on the first weight update gives an empty finite prefix and a terminal diagnostic (42.7052ms)
✔ new lab experiments learn before two seconds without changing sources or superposition (1069.9158ms)
✔ lab FxLMS produces finite true superposition, baseline then learned reduction at all microphones (15.8866ms)
✔ all 16 secondary paths have causal cross coupling and every source reaches every mic (2.5223ms)
✔ first adaptive output matches an independent all-error normalized gradient calculation (67.1079ms)
✔ RNC off, zero step and all disabled speakers retain original noise exactly (977.9164ms)
✔ one and eight references and disabled output actually change controller dimensions and results (1876.1787ms)
✔ recording-shaped sources retain high finite values and return the valid prefix on overflow (3414.686ms)
✔ field at microphone positions equals independently measured trace power in the same window (42.2574ms)
✔ off-microphone field is recalculated from wheel q and speaker u, not microphone interpolation (156.6249ms)
✔ vehicle paths vary, seed is reproducible and speed/roughness trends are source-driven (1346.5961ms)
✔ warm-up, zero-speed energy floor and bad configurations are explicit (741.9779ms)
✔ q selection analyzes each actual wheel source independently of reference layout (427.4828ms)
✔ A weighting matches reference corrections and applies power rather than amplitude to PSD (20.739ms)
✔ teaching calibration anchors pooled 40 km/h baseline at 60 dBA; offset changes H only (828.9266ms)
✔ A/Z analysis and field agree at microphones, including first window and wrapped live history (4012.2816ms)
✔ duration budget rejects invalid allocations; short runs have finite metrics and long runs share streaming samples (5594.1806ms)
✔ pressure density levels use 20uPa while other signals keep unit reference; manual waveform bounds never reveal future samples (577.2049ms)
✔ NFxLMS joint normalization scales inversely with filtered-reference power and regularizes silence (0.4318ms)
✔ stateful first 16 seconds match the unchanged batch q/x/u/d/a/e bit for bit (2720.6578ms)
✔ arbitrary block sizes preserve source/filter/weight state beyond 16 seconds and repeated history wraps (8049.6058ms)
✔ RNC off, zero step, disabled speakers and eight references retain the batch semantics across blocks (5139.2314ms)
✔ wrapped snapshots use one absolute clock and yield the same field window at mic and off-mic points (1989.1806ms)
✔ resident storage stays bounded through two minutes and invalid requests do not advance the stream (4636.0743ms)
✔ live RNC OFF freezes learned weights and zeros drive; ON resumes from those weights without restarting sources (664.3129ms)
✔ an initially disabled live controller can start adapting later (177.6197ms)
✔ wrapped live history retains five seconds at the audible clock despite producer prefetch (1833.4128ms)
✔ numeric overflow returns the finite prefix, preserves history, and cannot resume (11.0398ms)
✔ live generation ignores replay duration, preserves bounded adaptation for ten minutes and refuses overflow atomically (23938.447ms)
✔ P7 layout has its own cabin and paths; legacy layout unchanged and unsupported IDs rejected (14.4673ms)
✔ P7 arbitrary stream blocks match batch q/x/u/d/a/e bit for bit (441.6961ms)
✔ P7 field equals independent microphone trace power at the same point and window (43.7767ms)
✔ P7 recorded-source branch shares fractional paths between batch, streaming and field (582.1535ms)
✔ a pure delayed gain has constant magnitude and exact analytic group delay (4.382ms)
✔ response zeros are undefined rather than false finite phase/delay; all sixteen paths remain selectable (99.5933ms)
✔ recorded sources use the four primary-noise ears, validate assets and require explicit data (111.0592ms)
✔ recorded source samples retain shared timing and gain, crossfade synchronously and do not become random or pitch shifted (86.91ms)
✔ recorded batch and irregular live blocks agree exactly through two source loops; storage and adaptation remain continuous (8560.4486ms)
✔ recorded primary paths stay causal and fully coupled, match the passenger 48dBA/Hz peak anchor, and match microphone fields (391.5607ms)
✔ recording-derived data keeps all references and uncalibrated provenance; spectra distinguish vibration and cabin noise (1784.0378ms)
✔ spectral stretch remains causal, normalized and exactly shared by batch/stream at temperature-pressure limits (2354.793ms)
✔ B1-002: unchanged core in test harness matches normal production entry sample-for-sample (901.0504ms)
✔ B1-002: asymmetric matrices and independent recurrence detect sign/index/cross-path/timing faults (4888.4877ms)
✔ B1-002: every one of 16 output/reference controller routes contributes with the correct update (1842.1714ms)
✔ B1-002: modifying future x/d cannot change any past output (645.1024ms)
✔ B1-003: invalid shapes, every missing/fixed field and nonfinite values return structured config errors (3.8123ms)
✔ B1-003: all 12 legal configurations have finite isolated Float32 channels and exact zero-step identities (2733.4466ms)
✔ B1-003: nonfinite data, short arrays, drive failure and Float32 overflow never return partial success (1434.6732ms)
✔ B1-003: a failed call preserves prior results and cannot poison the next run (834.8766ms)
✔ B1-001: default all 640000 samples and metrics match independent Python; exact repeat (648.8181ms)
✔ B1-001: seed29 all 640000 samples and metrics match independent Python; exact repeat (648.6402ms)
✔ B1-001: seed47 all 640000 samples and metrics match independent Python; exact repeat (609.728ms)
✔ B1-001: taps32 all 640000 samples and metrics match independent Python; exact repeat (510.2637ms)
✔ B1-001: mu0 all 640000 samples and metrics match independent Python; exact repeat (396.4007ms)
✔ B1-001: comparison rejects sign, time shift, zeroed output, NaN and near-zero overflow (3.6651ms)
✔ B01/B03: all 640,000 samples match immutable Python Float32 golden and e=d+a (36.7012ms)
✔ B02/B04/B05: five configurations match Python metrics; repeat is deterministic (1225.0769ms)
✔ B06: every output reaches every mic; removing one cross-path removes only that response (0.4538ms)
✔ B07: rejects invalid taps, negative/NaN step, wrong fixed dimensions, null config (0.3135ms)
✔ B2-001: independent unsigned PRNG oracle preserves all three seeds and distinct channel streams (1.8415ms)
✔ B2-001: three-seed shaped references and primary pressure match every Python Float32 sample (155.1766ms)
✔ B2-001: all primary and secondary FIRs retain oracle taps, causal delays and complete cross-coupling (0.986ms)
✔ B2-001: original pressure includes the documented independent disturbance after causal P*x (77.4459ms)
✔ B2-001: exported demo-v2 identity, units and last-sample time stay explicit (0.2473ms)
✔ audio paths use the same linear gain and sinc resampling (23.181ms)
ℹ tests 313
ℹ suites 0
ℹ pass 313
ℹ fail 0
ℹ cancelled 0
ℹ skipped 0
ℹ todo 0
ℹ duration_ms 52326.5948
$ tsc --noEmit && vite build
vite v7.1.7 building for production...
transforming...
✓ 105 modules transformed.
rendering chunks...
computing gzip size...
dist/index.html                                            1.03 kB │ gzip:     0.57 kB
dist/assets/engine.worker-Sv3u2Fdq.js                      4.29 kB
dist/assets/rnc-serif-DH6On44C.woff2                      17.78 kB
dist/assets/gallery-desert-B0GsNK42.webp                  19.07 kB
dist/assets/gallery-mountain-B9cQlO9E.webp                19.91 kB
dist/assets/gallery-snow-nXhd3GdG.webp                    22.82 kB
dist/assets/gallery-coast-Dl7q4u_l.webp                   26.81 kB
dist/assets/lab.worker-C7FgpgE2.js                        30.88 kB
dist/assets/rnc-sans-vf96sMn8.woff2                      235.82 kB
dist/assets/recorded-primary-BSu6qUp_.f32              1,280.02 kB
dist/assets/layout-BJyQje-f.png                        1,671.89 kB
dist/assets/gallery-champagne-sunset-v2-DNZvigIO.png   1,944.61 kB
dist/assets/paths-C9jf-qv9.png                         1,989.86 kB
dist/assets/field-CNNqPcDN.png                         2,388.10 kB
dist/assets/aerial_grass_rock_diff_2k-BtlOO1j7.jpg     2,624.64 kB
dist/assets/golden_browser_fixture-BhKaGSeS.json       3,414.19 kB │ gzip: 2,407.80 kB
dist/assets/lakes_8k-Cpp28BEr.jpg                      4,742.10 kB
dist/assets/asphalt_02_nor_gl_2k-UEyVbT-h.jpg          4,943.95 kB
dist/assets/goegap_2k-Jq4FxBej.hdr                     5,445.36 kB
dist/assets/range-rover-sport-svr-4ykCwhl8.glb         5,726.33 kB
dist/assets/lakes_2k-Cp9fVIm5.hdr                      5,918.43 kB
dist/assets/goegap_8k-BpN4yx3b.jpg                     6,050.86 kB
dist/assets/gravel_floor_nor_gl_2k-DtygZ1JK.jpg        6,139.01 kB
dist/assets/tesla-model-y.meshopt-DxsAdN_g.glb        10,353.64 kB
dist/assets/asphalt_02_diff_4k-ztmUkEFu.jpg           11,654.13 kB
dist/assets/gravel_floor_diff_4k-B_Xe7M1M.jpg         18,167.19 kB
dist/assets/lago_disola_4k-CMa_-4Rz.hdr               26,197.09 kB
dist/assets/alps_field_4k-DL9vOQ3t.hdr                26,520.86 kB
dist/assets/lago_disola_8k-C31ajjrJ.jpg               50,106.04 kB
dist/assets/alps_field_8k-BrpRqQi6.jpg                53,871.22 kB
dist/assets/index-Di_b5R-_.css                             6.73 kB │ gzip:     2.23 kB
dist/assets/viewer-BKEBPkNH.css                           14.36 kB │ gzip:     3.45 kB
dist/assets/index-Dg2mNU0g.css                            83.70 kB │ gzip:    18.34 kB
dist/assets/contracts-nWp9BSjY.js                          0.09 kB │ gzip:     0.11 kB │ map:     2.22 kB
dist/assets/preload-helper-PPVm8Dsz.js                     1.28 kB │ gzip:     0.75 kB │ map:     0.11 kB
dist/assets/path-analysis-COwjqcbF.js                      1.48 kB │ gzip:     0.85 kB │ map:     5.24 kB
dist/assets/index-BJJq3Ru5.js                              2.00 kB │ gzip:     1.05 kB │ map:     7.96 kB
dist/assets/lab-contracts-BIycLH2B.js                      3.25 kB │ gzip:     1.52 kB │ map:    15.85 kB
dist/assets/index-YoLFE0t6.js                              3.69 kB │ gzip:     1.82 kB │ map:     6.85 kB
dist/assets/lab-engine-Ci4Y6_4r.js                         4.22 kB │ gzip:     1.90 kB │ map:    14.44 kB
dist/assets/BufferGeometryUtils-DAM4cgjv.js                9.27 kB │ gzip:     3.26 kB │ map:    59.00 kB
dist/assets/paths-C-m_HCM-.js                             11.02 kB │ gzip:     5.42 kB │ map:    28.52 kB
dist/assets/index-CtZ-usB_.js                             17.96 kB │ gzip:     8.12 kB │ map:    70.68 kB
dist/assets/index-BgCzHt9s.js                             20.53 kB │ gzip:     9.21 kB │ map:    53.78 kB
dist/assets/xpeng-model-wz7JVaXb.js                       60.84 kB │ gzip:    24.85 kB │ map:   215.05 kB
dist/assets/showroom-model-DHI7QYvk.js                    77.20 kB │ gzip:    23.26 kB │ map:   254.48 kB
dist/assets/index-DEmoLZC6.js                            553.50 kB │ gzip:   215.98 kB │ map: 1,348.31 kB
dist/assets/viewer-Ccscrwa1.js                           601.36 kB │ gzip:   154.75 kB │ map: 2,920.75 kB

(!) Some chunks are larger than 500 kB after minification. Consider:
- Using dynamic import() to code-split the application
- Use build.rollupOptions.output.manualChunks to improve chunking: https://rollupjs.org/configuration-options/#output-manualchunks
- Adjust chunk size limit for this warning via build.chunkSizeWarningLimit.
✓ built in 2.89s
