$ pnpm typecheck && pnpm check:boundaries && pnpm test && pnpm build
$ tsc --noEmit
$ node scripts/check-boundaries.mjs
源码边界通过：A/B 互不导入；shared 独立；integration 负责装配。
$ tsx --test tests/*.test.ts
✔ one road change compares the same weighted window without keeping mutable config (4.5698ms)
✔ changed operating conditions block numeric deltas even when values are present (0.7651ms)
✔ multiple configuration changes remain visible and missing seat values stay unavailable (1.0944ms)
✔ legacy teaching layout compares with explicit teaching ID but another layout suppresses deltas (0.6599ms)
✔ exported A/B summary survives JSON roundtrip and recomputes deltas (5.2829ms)
✔ condition mismatch imports but suppresses unsupported deltas (3.1426ms)
✔ rejects oversized, forged, malformed and nonfinite evidence (33.9411ms)
✔ foreign layouts remain readable but never acquire a numeric comparison (1.3146ms)
✔ older rnc-case-v1 without layout identity imports as teaching layout (1.0775ms)
✔ one-variable review reports measured direction without assigning cause or approval (2.8951ms)
✔ confounded or mismatched cases never receive a causal or numeric verdict (0.8492ms)
✔ an unregistered layout is labeled as file-reported evidence without a verdict (0.5396ms)
✔ new human fields roundtrip, legacy v1 imports blank, computed facts ignore human claims (11.2344ms)
✔ A1: unavailable convergence values leave gaps rather than zero gain or connecting across missing data (3.0347ms)
✔ A1: original noise draws once in grey, residual compares against the same original channel (0.9236ms)
✔ paired spatial evidence distinguishes quieter, louder and near-zero samples without claiming a volume mean (2.694ms)
✔ invalid, mismatched and nonfinite samples cannot produce a stale or invented spatial verdict (0.544ms)
✔ A1: vehicle depth pass ignores transparent body, keeps seats and restores renderer/hierarchy on failure (22.2198ms)
✔ A1: transparent contour styling returns the exact source colour, side and geometry in solid mode (7.2569ms)
✔ A1: same-frame slice preview preserves main field blend, signed range, slice and clipping (36.739ms)
✔ A1: overview snapshot preserves lab quantity, slice, range and interpolation even when rendering fails (12.294ms)
✔ A1: one-second field cadence keeps moving past the old 350 ms plateau (4.8457ms)
✔ A1: slices and volume share the same energy blend, including interrupted frames (20.657ms)
✔ A1: paused same-window quantity changes crossfade without replacing physical textures (2.2198ms)
✔ A1: pause settles both slice textures and new identities cannot inherit a mode crossfade (4.3477ms)
✔ guide requires actual baseline and candidate runs before showing comparison evidence (2.8843ms)
✔ changed operating condition or multiple edits block the guided verdict (0.8517ms)
✔ invalid candidate and stale field never unlock listening (0.5232ms)
✔ a candidate field unlocks guidance only at the comparison window end (0.4602ms)
✔ lab playback applies one gain to all eight signals, preserves d/e ratios and does not mutate physics (41.0829ms)
✔ actual extreme valid lab experiment has no clipped samples after shared preparation (1617.0743ms)
✔ sinc overshoot is covered by the strict bound; silence and low-level legacy gain remain unchanged (2.5199ms)
✔ live Worker cancellation rejects pending work and late old errors cannot kill the new run (32.5576ms)
✔ field failure is recoverable but a processor failure rejects every pending query (3.5624ms)
✔ start cancellation and foreign run identities fail explicitly; batch mode cannot produce live chunks (1.8073ms)
✔ live RNC control returns the exact sample boundary and a rejected switch preserves the running worker (4.0379ms)
✔ legacy layout is stamped and unimplemented layouts fail before replacing a running experiment (1.809ms)
✔ field frames without the active physical layout are rejected without killing the experiment (1.8192ms)
✔ a field reply cannot substitute another time, weighting or sampling plane within the same run (1.7061ms)
✔ batch results and live packets cannot switch physical layout inside an accepted run (1.4499ms)
✔ same-layout responses cannot substitute another vehicle or physical experiment configuration (1.8704ms)
✔ Worker replies without the active run identity cannot enter results or field views (15.7554ms)
✔ log frequency coordinates give equal spacing to equal ratios and omit DC (2.7664ms)
✔ seat curves preserve full-run SPL history and missing values while excluding future frames (1.6634ms)
✔ physical traces share Pa scale, show original and use absolute sample time after a live history wrap (1.3587ms)
✔ the initial waveform uses the same five-second scale as a full rolling window (0.592ms)
✔ PSD comparisons use actual FFT bin positions and original selection is not drawn twice (0.7332ms)
✔ first valid point is visible and null SPL gaps never create fake zero levels (0.3795ms)
✔ acceleration and speaker drive never masquerade as pressure on a common axis (0.4127ms)
✔ manual plot bounds and hidden primary traces apply independently without changing samples (0.8411ms)
✔ divergent but finite Float32 pressure is bounded only in the audition copies (126.4187ms)
✔ streaming sinc is independent of chunk partition and matches continuous interpolation before the real lookahead tail (390.4265ms)
✔ common lookahead safety envelope preserves all eight d/e ratios, bounds peaks and retains bounded memory (2035.6006ms)
✔ finishing releases exactly the real lookahead tail, including a run shorter than that tail (56.4385ms)
✔ live queue validates complete finite contiguous chunks without changing accepted state on rejection (96.968ms)
✔ one audio clock freezes on starvation and resumes at the missing sample instead of skipping wall time (54.9642ms)
✔ queued chunks are gapless and all comparisons share one eight-channel buffer without a new clock on switching (15.6378ms)
✔ pause preserves partly consumed audio and a cold allocation never advances the simulation clock (7.0911ms)
✔ async resume cannot revive pause/reset/dispose or clear a newer request, and failure is retryable (12.5731ms)
✔ continuous enqueue stays bounded for ten minutes and finishes exactly without a false underrun or restart (12975.2958ms)
✔ pause and resume while draining keeps the final samples and exact endpoint (22.1564ms)
✔ offline package verifier accepts the exact build and rejects changed, extra or missing files (1977.6266ms)
✔ A1 overview: paused microphone levels survive display-only page and field changes (2.3977ms)
✔ A1 overview: invalidated experiment, warm-up and unavailable microphone never show stale levels (0.3562ms)
✔ A1: preparing first audio buffer does not skip the requested playback position (60.4713ms)
✔ A1: pause cancels pending audio resume; repeated play creates one start (39.3694ms)
✔ A1: loading a new experiment cancels an earlier pending play (0.8524ms)
✔ A1: reaching the end stays stopped when seeking, including before ended is delivered (39.3592ms)
✔ A1: seeking to the end stops; replay starts only on explicit play (71.0177ms)
✔ A1: cold seat/mode switches prepare audio before fading, keep time and use the same gain (754.1954ms)
✔ A1: audio resume failure leaves a retryable paused player (29.0777ms)
✔ A1: an obsolete resume cannot clear or start a newer play request (38.8595ms)
✔ A1: seeking while playing continues at the new position without a retired ended event stopping it (46.9205ms)
✔ A1: a cold comparison prepared across the end never restarts the clip (150.0506ms)
✔ variable duration playback seeks past 16s, switches modes and stops exactly at each loaded clip end (170.2123ms)
✔ asset shell modes isolate shared interior materials and restore original ownership once (24.9727ms)
✔ authored asset sections follow actual moving meshes without inventing solid caps or changing coordinates (7.7213ms)
✔ asset picking skips hidden ancestors and discarded section surfaces, and selection bounds follow disassembly (6.9157ms)
✔ selection excludes hidden descendants and follows ancestor transforms without a section (1.4257ms)
✔ selection is restricted to retained section bounds and disappears when fully clipped (2.9062ms)
✔ actual ICE asset keeps all 74127 triangles and 30 groups through inspection, disassembly and full restoration (433.022ms)
✔ CP controlled comparison blocks road/source/seed/operating changes; scenario states differences (4.6508ms)
✔ CP declared controller changes retain negative outcomes and do not change input snapshots (0.7366ms)
✔ CP scenario cannot cross layout or absolute analysis window (0.5238ms)
✔ CP mode survives summary roundtrip; old summaries retain historical comparison meaning (27.7091ms)
✔ CP nonfinite external readings never become displayed delta (0.6525ms)
✔ separate curved sheets have continuous boundary normals and finite UV coordinates (46.9877ms)
✔ rounded lamp apertures preserve the original silhouette bounds without repeated sharp corners (1.3228ms)
✔ P7 shoulder-to-window gap is closed by paint owned by the removable front door (2089.5863ms)
✔ dense grid queries 1989 distinct locations across the original spatial extent (5.4799ms)
✔ dense texture retains the exact engine point order and paired channel energy (3.8156ms)
✔ volume mode contains no visible planar slices; explicit slices remain available (54.7707ms)
✔ temporal transition blends energy and a replacement starts at the displayed energy (9.7433ms)
✔ rewind, weighting, layout and point changes never blend incompatible frames (11.4073ms)
✔ driving distance uses the experiment clock, including pause and backward seek (1.4027ms)
✔ road segments cover a continuous range and preserve world identity while passing the car (0.8175ms)
✔ four cabin eyes share P7 seat coordinates and are distinct from the microphones (0.3565ms)
✔ cabin look rotates around the eye without translating it and clamps pitch (1.2303ms)
✔ wheel spin preserves its axle and semantic attachment, keeping the brake caliper stationary (5.365ms)
✔ curved graded route preserves arc length, periodic seams and reversible vehicle coordinates (72.7705ms)
✔ A2 landscape: finite, continuous, bounded slopes across every environment and negative world coordinates (1874.3683ms)
✔ A2 road ground stays below the travelled lane through bends and grades (60.8387ms)
✔ A2 recycled world tiles stay beyond the fully faded distance for forward and backward driving (5.989ms)
✔ A2 sky retains complete imagery while loading and blends monotonically; rapid requests retain referenced textures (12.4848ms)
✔ A2 outdoor camera cannot enter the floor, car shell or distant scenery after repeated pan/zoom/orbit (2.5743ms)
✔ volume texture keeps every queried point and both channels in WebGL storage order (24.4712ms)
✔ spatial smoothing operates on mean-square energy, not a mean of dB or RGB (1.1477ms)
✔ improvement is the signed, same-point same-frame difference; worsening is retained (0.6749ms)
✔ detail range includes both channels and has a nonzero span even for a flat frame (0.9772ms)
✔ improvement detail keeps zero centered and includes real worsening and improvement (0.7683ms)
✔ camera moves around the car and reaches an exact endpoint without overshoot (2.0175ms)
✔ manual input cancels motion; a rapid replacement starts at the currently visible pose (0.9551ms)
✔ dense queries yield in bounded batches and publish the original point order at one window (215.5089ms)
✔ a late query is cancelled before more chunks are submitted (6.7543ms)
✔ different windows, weighting, positions and layout cannot be merged into one field (105.3234ms)
✔ an invalid warm-up grid stays invalid instead of becoming a coloured result (218.6376ms)
✔ three slice meshes use the original 280 queried positions, including their fixed physical planes (4.4468ms)
✔ a reordered, truncated or non-finite B field frame cannot color the old locations (1.3025ms)
✔ moving each sampled plane requests its physical position and refuses the previous field frame (5.0341ms)
✔ 12 coincident projections remain separate and inside the narrow supported viewer (5.2432ms)
✔ four source illustrations can share a narrow view with all 12 hardware labels (3.1156ms)
✔ labels at viewport edges and densely grouped hardware remain clickable (29.4547ms)
✔ lab callouts stay beside the projected hardware instead of the full viewport edges (2.5872ms)
✔ near-car labels remain separate and clickable in a narrow 360 px viewer (0.8727ms)
✔ 720p structure panels and transport never cover the 16 hardware callouts (1.1278ms)
✔ a completely obstructed viewport does not put an invisible clickable label behind its panel (0.3664ms)
✔ P7+ canopy, liftback glazing and rear bumper are separately owned assemblies (1923.6419ms)
✔ P7+ hidden shell exposes actual seat picking, and clipping rejects the removed half (1516.4127ms)
✔ P7+ intermediate explosion poses remain finite and return to identical world transforms (1117.4493ms)
✔ P7+ paint and shell presentation preserve independent glass, tires and cabin materials (1036.528ms)
✔ P7 detailed EV assemblies and acoustic diaphragms own their reversible geometry (979.6882ms)
✔ featured structures exist in each generated architecture and explain its actual drive path (614.9191ms)
✔ true mesh-plane sections preserve area, plane position and outward normal after transforms (8.197ms)
✔ section through exact edges is closed; tangencies and existing coplanar faces are not duplicated (1.7294ms)
✔ ring sections keep their holes and disconnected islands; open surfaces never get a solid cap (68.147ms)
✔ section display updates from exploded geometry, respects ancestor visibility and material opacity (27.8147ms)
✔ bundled showroom SUV is the attributed, offline CC BY asset within the geometry budget (11.7288ms)
✔ BEV showroom keeps the original attribution and bundles a decodable offline model (27.4869ms)
✔ contoured upholstery remains finite, smoothly shaded and inside the assembled seat envelope (279.1832ms)
✔ GX seat detail retains part ownership, reversibility and shared micrograin lifetime (3575.8106ms)
✔ four drivetrains preserve their physical differences and five-seat cabin (741.3799ms)
✔ vehicle geometry is finite and every owned GPU resource is disposed once (573.0701ms)
✔ the BEV and EREV battery enclosure remains directly visible from the underbody (276.0611ms)
✔ the closed side sill hides the floor and battery at door level on all four vehicles (282.0743ms)
✔ xpeng-p7plus: independent layout, full cross paths, both sources and live/batch/field agreement (521.1965ms)
✔ xpeng-p7plus: observer seats and acoustic attachment nodes exist in the actual detachable model (1464.8083ms)
✔ xpeng-x9: independent layout, full cross paths, both sources and live/batch/field agreement (395.5913ms)
✔ xpeng-x9: observer seats and acoustic attachment nodes exist in the actual detachable model (3006.1725ms)
✔ xpeng-l03: independent layout, full cross paths, both sources and live/batch/field agreement (420.9134ms)
✔ xpeng-l03: observer seats and acoustic attachment nodes exist in the actual detachable model (2188.2372ms)
✔ xpeng-m03: independent layout, full cross paths, both sources and live/batch/field agreement (335.0734ms)
✔ xpeng-m03: observer seats and acoustic attachment nodes exist in the actual detachable model (2161.6748ms)
✔ xpeng-gx: independent layout, full cross paths, both sources and live/batch/field agreement (279.9495ms)
✔ xpeng-gx: observer seats and acoustic attachment nodes exist in the actual detachable model (2009.0004ms)
✔ x9: P7-level structural coverage and correctly separated battery layers (3925.4414ms)
✔ x9: interior ray picking and sampled disassembly restore world transforms (3179.6669ms)
✔ l03: P7-level structural coverage and correctly separated battery layers (2321.3129ms)
✔ l03: interior ray picking and sampled disassembly restore world transforms (2170.6229ms)
✔ m03: P7-level structural coverage and correctly separated battery layers (2040.5213ms)
✔ m03: interior ray picking and sampled disassembly restore world transforms (1957.1273ms)
✔ gx: P7-level structural coverage and correctly separated battery layers (1783.8302ms)
✔ gx: interior ray picking and sampled disassembly restore world transforms (1869.7077ms)
✔ Verified drivetrain and suspension differences survive shared construction helpers (6322.3641ms)
✔ A2 XPeng x9: real proportions, semantic rows and finite geometry (4417.374ms)
✔ A2 XPeng x9: explosion is reversible, clamped and above floor (3118.4188ms)
✔ A2 XPeng p7plus: real proportions, semantic rows and finite geometry (1368.3739ms)
✔ A2 XPeng p7plus: explosion is reversible, clamped and above floor (1147.3605ms)
✔ A2 XPeng l03: real proportions, semantic rows and finite geometry (2213.6354ms)
✔ A2 XPeng l03: explosion is reversible, clamped and above floor (1959.6774ms)
✔ A2 XPeng m03: real proportions, semantic rows and finite geometry (2023.0095ms)
✔ A2 XPeng m03: explosion is reversible, clamped and above floor (1833.8375ms)
✔ A2 XPeng gx: real proportions, semantic rows and finite geometry (2151.6501ms)
✔ A2 XPeng gx: explosion is reversible, clamped and above floor (1810.6774ms)
✔ A2 XPeng paint affects exterior clones only; resources dispose exactly once (1617.4754ms)
✔ B2-003 async: Web Crypto produces the same container and detached data as sync API (110.6132ms)
✔ B2-003 async: encoding snapshots config, run identity, samples and budgets before awaiting (69.2785ms)
✔ B2-003 async: decode owns a snapshot across Buffer mutation, offset views and transfer (78.1682ms)
✔ B2-003 async: hash rejections and invalid digests propagate without a partial result (65.7338ms)
✔ B2-003 async: malformed, nonfinite and over-budget inputs reject before invoking crypto (22.9476ms)
✔ B2-003: default binary roundtrip, recipe recompute and Python oracle (1182.4166ms)
✔ B2-003: seed29 binary roundtrip, recipe recompute and Python oracle (1108.9029ms)
✔ B2-003: seed47 binary roundtrip, recipe recompute and Python oracle (1064.1961ms)
✔ B2-003: taps32 binary roundtrip, recipe recompute and Python oracle (777.9689ms)
✔ B2-003: mu0 binary roundtrip, recipe recompute and Python oracle (642.4196ms)
✔ B2-003: registered source hashes match the numerical implementation (2.1255ms)
✔ B2-003: preserve reference identity, little-endian edge bits and offset views (415.987ms)
✔ B2-003: silent and zero-denominator metrics retain nonfinite tags and unavailable measurements (145.03ms)
✔ B2-003: genuine zero/negative reductions and tagged negative zero stay distinct from silence (127.2187ms)
✔ B2-003: malformed/truncated headers, overflow lengths, trailing bytes and padding are rejected (8.9417ms)
✔ B2-003: schema, channel mapping, units, metadata, normalized config and metrics are validated (72.5466ms)
✔ B2-003: integrity mismatch and hash-correct nonfinite payload cannot import (30.1432ms)
✔ B2-003: budgets refuse before hashing/large output and count UTF-8 bytes (19.7896ms)
✔ B2-003: unknown numerical models are read-only; recipe recompute revalidates identity and fresh id (20.0542ms)
✔ B2-003: recipes reject extra scripts/URLs/arrays, bad text/config and different schemas (2.1881ms)
✔ B2-003: live snapshots, partial results, bad dimensions and invalid samples are not batches (36.7017ms)
✔ B2-003 lab recipe: ice, both sources and 1/4/8 reference topology (1356.1162ms)
✔ B2-003 lab recipe: bev, both sources and 1/4/8 reference topology (1264.7553ms)
✔ B2-003 lab recipe: hev, both sources and 1/4/8 reference topology (1061.3524ms)
✔ B2-003 lab recipe: erev, both sources and 1/4/8 reference topology (969.7564ms)
✔ B2-003 lab recipe: model/source/recording identities match current files (5.9843ms)
✔ B2-003 lab recipe: preserve legacy absence and normalize shaped/layout/offset defaults explicitly (174.4921ms)
✔ B2-003 lab recipe: RNC off, zero step, speaker disable, seed/taps changes and negative gains retain exact behavior (357.952ms)
✔ B2-003 lab recipe: actual divergence is a finite prefix, never padded or called complete (209.7774ms)
✔ B2-003 lab recipe: unknown layouts cannot encode/recompute and unknown model is only parsed (2.197ms)
✔ B2-003 lab recipe: recording asset is mandatory, full-byte hash checked, never random fallback (4.0093ms)
✔ B2-003 lab recipe: snapshot config/id/budget and asset before await, propagate resolver/hash failures (96.3154ms)
✔ B2-003 lab recipe: reject bad config, dimensions, identities, extra scripts, live mode and altered defaults (2.1356ms)
✔ B2-003 lab recipe: byte and recompute budgets reject before asset loading or calculation (1.0922ms)
✔ B2-003 lab result: ice, both sources and 1/4/8 references sync/async exact roundtrip (528.2532ms)
✔ B2-003 lab result: bev, both sources and 1/4/8 references sync/async exact roundtrip (576.5698ms)
✔ B2-003 lab result: hev, both sources and 1/4/8 references sync/async exact roundtrip (549.0518ms)
✔ B2-003 lab result: erev, both sources and 1/4/8 references sync/async exact roundtrip (611.9066ms)
✔ B2-003 lab result: divergence, disabled RNC/output, mu0 and legacy absence retain status and identities (370.0986ms)
✔ B2-003 lab result: tagged invalid metrics survive, disagreeing summary is quarantined (83.3075ms)
✔ B2-003 lab result: silence and empty divergence never become valid zero dB, real mu0 does (20.0509ms)
✔ B2-003 lab result: finite edge bits and offset views survive with independent arrays (44.9959ms)
✔ B2-003 lab result: unknown model/layout remain read-only without verified metrics (34.4522ms)
✔ B2-003 lab result: hostile manifest identities, dimensions, units, clocks, state and scalar tags reject before hashing (48.8556ms)
✔ B2-003 lab result: truncation, trailing data, lengths, padding, UTF-8 and nonfinite samples reject (60.7906ms)
✔ B2-003 lab result: explicit batch, complete/prefix rules, array shape, UTF-8 identity and budgets reject before crypto (30.2343ms)
✔ B2-003 lab result: async encoder captures all signals/metadata/limits before await (27.3822ms)
✔ B2-003 lab result: async import owns Buffer/offset views across mutation or transfer; SHA failures propagate (43.3874ms)
✔ B2-003 registered export: xpeng-p7plus-bev-v1, both sources, 1/4/8 references (670.6981ms)
✔ B2-003 registered export: xpeng-x9-erev-v1, both sources, 1/4/8 references (646.119ms)
✔ B2-003 registered export: xpeng-l03-bev-v1, both sources, 1/4/8 references (658.5225ms)
✔ B2-003 registered export: xpeng-m03-bev-v1, both sources, 1/4/8 references (696.1803ms)
✔ B2-003 registered export: xpeng-gx-erev-v1, both sources, 1/4/8 references (636.8877ms)
✔ B2-003 registered export: actual historical model-1 files remain read-only and cannot load assets (10.5966ms)
✔ B2-003 registered export: unknown, asset aliases and powertrain mismatches parse without enabling execution (42.2958ms)
✔ B2-003 registered export: unsupported layouts still reject invalid config and normalization before hashing (54.1804ms)
✔ Hann Welch one-sided PSD integrates to tone mean-square and has the correct peak (5.744ms)
✔ B2-002: RMS uses exactly the trailing 1000 samples, including first and final windows (6.9546ms)
✔ B2-002: same-window reduction preserves negative gains and aggregates powers before dB (4.3571ms)
✔ B2-002: silence and near-floor pressure never report valid zero-dB benefit (10.1273ms)
✔ B2-002: non-finite pressure is unavailable, never a valid analysis frame (12.1091ms)
✔ B2-002: power rejects invalid ranges and PSD clamps finite sample cursors to actual data (1.4535ms)
✔ B2-002: PSD rejects non-finite samples in its complete windows and ignores future samples (1.5952ms)
✔ B2-002: non-finite PSD cursors cannot trap a caller in an unbounded loop (260.0546ms)
✔ B2-002: shared PSD preserves lab pressure weighting and vibration/drive/source units (9.5231ms)
✔ B2-002: asymmetric signal Welch bins match direct DFT, 50% overlap and incomplete-tail handling (186.6128ms)
✔ B2-002: DC and Nyquist are not doubled; PSD scales as signal-unit squared per Hz (15.4404ms)
✔ analysis warming-up, window boundary, channel identity and pressure calibration (1.6445ms)
✔ step size accepts every nonnegative finite value and finite drives exceed the former 100 threshold (418.8623ms)
✔ batch and chunked overflow stop at the same Float32 boundary, keeping the last finite samples and spectra (504.8814ms)
✔ overflow on the first weight update gives an empty finite prefix and a terminal diagnostic (42.5424ms)
✔ new lab experiments learn before two seconds without changing sources or superposition (890.4268ms)
✔ lab FxLMS produces finite true superposition, baseline then learned reduction at all microphones (17.1127ms)
✔ all 16 secondary paths have causal cross coupling and every source reaches every mic (2.617ms)
✔ first adaptive output matches an independent all-error normalized gradient calculation (61.8478ms)
✔ RNC off, zero step and all disabled speakers retain original noise exactly (965.8855ms)
✔ one and eight references and disabled output actually change controller dimensions and results (1792.0856ms)
✔ recording-shaped sources retain high finite values and return the valid prefix on overflow (3203.7356ms)
✔ field at microphone positions equals independently measured trace power in the same window (39.4976ms)
✔ off-microphone field is recalculated from wheel q and speaker u, not microphone interpolation (152.6412ms)
✔ vehicle paths vary, seed is reproducible and speed/roughness trends are source-driven (1277.1219ms)
✔ warm-up, zero-speed energy floor and bad configurations are explicit (733.4123ms)
✔ q selection analyzes each actual wheel source independently of reference layout (421.3723ms)
✔ A weighting matches reference corrections and applies power rather than amplitude to PSD (40.4113ms)
✔ teaching calibration anchors pooled 40 km/h baseline at 60 dBA; offset changes H only (872.2147ms)
✔ A/Z analysis and field agree at microphones, including first window and wrapped live history (3643.0199ms)
✔ duration budget rejects invalid allocations; short runs have finite metrics and long runs share streaming samples (5394.9133ms)
✔ pressure density levels use 20uPa while other signals keep unit reference; manual waveform bounds never reveal future samples (492.0686ms)
✔ NFxLMS joint normalization scales inversely with filtered-reference power and regularizes silence (0.4678ms)
✔ stateful first 16 seconds match the unchanged batch q/x/u/d/a/e bit for bit (2606.2484ms)
✔ arbitrary block sizes preserve source/filter/weight state beyond 16 seconds and repeated history wraps (7806.2255ms)
✔ RNC off, zero step, disabled speakers and eight references retain the batch semantics across blocks (4818.3535ms)
✔ wrapped snapshots use one absolute clock and yield the same field window at mic and off-mic points (1800.6304ms)
✔ resident storage stays bounded through two minutes and invalid requests do not advance the stream (4271.7649ms)
✔ live RNC OFF freezes learned weights and zeros drive; ON resumes from those weights without restarting sources (741.0577ms)
✔ an initially disabled live controller can start adapting later (226.2411ms)
✔ wrapped live history retains five seconds at the audible clock despite producer prefetch (1834.2919ms)
✔ numeric overflow returns the finite prefix, preserves history, and cannot resume (10.9498ms)
✔ live generation ignores replay duration, preserves bounded adaptation for ten minutes and refuses overflow atomically (24252.9843ms)
✔ P7 layout has its own cabin and paths; legacy layout unchanged and unsupported IDs rejected (5.9537ms)
✔ P7 arbitrary stream blocks match batch q/x/u/d/a/e bit for bit (464.5207ms)
✔ P7 field equals independent microphone trace power at the same point and window (31.2051ms)
✔ P7 recorded-source branch shares fractional paths between batch, streaming and field (535.4034ms)
✔ a pure delayed gain has constant magnitude and exact analytic group delay (5.3642ms)
✔ response zeros are undefined rather than false finite phase/delay; all sixteen paths remain selectable (80.9905ms)
✔ recorded sources use the four primary-noise ears, validate assets and require explicit data (49.2361ms)
✔ recorded source samples retain shared timing and gain, crossfade synchronously and do not become random or pitch shifted (86.8717ms)
✔ recorded batch and irregular live blocks agree exactly through two source loops; storage and adaptation remain continuous (7932.8393ms)
✔ recorded primary paths stay causal and fully coupled, match the passenger 48dBA/Hz peak anchor, and match microphone fields (342.3942ms)
✔ recording-derived data keeps all references and uncalibrated provenance; spectra distinguish vibration and cabin noise (1384.2374ms)
✔ spectral stretch remains causal, normalized and exactly shared by batch/stream at temperature-pressure limits (2289.8075ms)
✔ B1-002: unchanged core in test harness matches normal production entry sample-for-sample (855.534ms)
✔ B1-002: asymmetric matrices and independent recurrence detect sign/index/cross-path/timing faults (4621.1819ms)
✔ B1-002: every one of 16 output/reference controller routes contributes with the correct update (1772.9446ms)
✔ B1-002: modifying future x/d cannot change any past output (612.7502ms)
✔ B1-003: invalid shapes, every missing/fixed field and nonfinite values return structured config errors (4.9549ms)
✔ B1-003: all 12 legal configurations have finite isolated Float32 channels and exact zero-step identities (2334.7441ms)
✔ B1-003: nonfinite data, short arrays, drive failure and Float32 overflow never return partial success (1299.0391ms)
✔ B1-003: a failed call preserves prior results and cannot poison the next run (785.623ms)
✔ B1-001: default all 640000 samples and metrics match independent Python; exact repeat (636.5144ms)
✔ B1-001: seed29 all 640000 samples and metrics match independent Python; exact repeat (616.0166ms)
✔ B1-001: seed47 all 640000 samples and metrics match independent Python; exact repeat (563.4166ms)
✔ B1-001: taps32 all 640000 samples and metrics match independent Python; exact repeat (459.9902ms)
✔ B1-001: mu0 all 640000 samples and metrics match independent Python; exact repeat (367.858ms)
✔ B1-001: comparison rejects sign, time shift, zeroed output, NaN and near-zero overflow (3.0945ms)
✔ B01/B03: all 640,000 samples match immutable Python Float32 golden and e=d+a (35.5099ms)
✔ B02/B04/B05: five configurations match Python metrics; repeat is deterministic (1016.5649ms)
✔ B06: every output reaches every mic; removing one cross-path removes only that response (0.542ms)
✔ B07: rejects invalid taps, negative/NaN step, wrong fixed dimensions, null config (0.5569ms)
✔ B2-001: independent unsigned PRNG oracle preserves all three seeds and distinct channel streams (1.1379ms)
✔ B2-001: three-seed shaped references and primary pressure match every Python Float32 sample (127.1847ms)
✔ B2-001: all primary and secondary FIRs retain oracle taps, causal delays and complete cross-coupling (0.5323ms)
✔ B2-001: original pressure includes the documented independent disturbance after causal P*x (60.2773ms)
✔ B2-001: exported demo-v2 identity, units and last-sample time stay explicit (0.2821ms)
✔ audio paths use the same linear gain and sinc resampling (24.3678ms)
ℹ tests 309
ℹ suites 0
ℹ pass 309
ℹ fail 0
ℹ cancelled 0
ℹ skipped 0
ℹ todo 0
ℹ duration_ms 51272.2886
$ tsc --noEmit && vite build
vite v7.1.7 building for production...
transforming...
✓ 99 modules transformed.
rendering chunks...
computing gzip size...
dist/index.html                                            1.03 kB │ gzip:     0.57 kB
dist/assets/engine.worker-Sv3u2Fdq.js                      4.29 kB
dist/assets/rnc-serif-DH6On44C.woff2                      17.78 kB
dist/assets/gallery-desert-B0GsNK42.webp                  19.07 kB
dist/assets/gallery-mountain-B9cQlO9E.webp                19.91 kB
dist/assets/gallery-snow-nXhd3GdG.webp                    22.82 kB
dist/assets/gallery-coast-Dl7q4u_l.webp                   26.81 kB
dist/assets/lab.worker-C7FgpgE2.js                        30.88 kB
dist/assets/rnc-sans-vf96sMn8.woff2                      235.82 kB
dist/assets/recorded-primary-BSu6qUp_.f32              1,280.02 kB
dist/assets/layout-BJyQje-f.png                        1,671.89 kB
dist/assets/gallery-champagne-sunset-v2-DNZvigIO.png   1,944.61 kB
dist/assets/paths-C9jf-qv9.png                         1,989.86 kB
dist/assets/field-CNNqPcDN.png                         2,388.10 kB
dist/assets/aerial_grass_rock_diff_2k-BtlOO1j7.jpg     2,624.64 kB
dist/assets/golden_browser_fixture-BhKaGSeS.json       3,414.19 kB │ gzip: 2,407.80 kB
dist/assets/lakes_8k-Cpp28BEr.jpg                      4,742.10 kB
dist/assets/asphalt_02_nor_gl_2k-UEyVbT-h.jpg          4,943.95 kB
dist/assets/goegap_2k-Jq4FxBej.hdr                     5,445.36 kB
dist/assets/range-rover-sport-svr-4ykCwhl8.glb         5,726.33 kB
dist/assets/lakes_2k-Cp9fVIm5.hdr                      5,918.43 kB
dist/assets/goegap_8k-BpN4yx3b.jpg                     6,050.86 kB
dist/assets/gravel_floor_nor_gl_2k-DtygZ1JK.jpg        6,139.01 kB
dist/assets/tesla-model-y.meshopt-DxsAdN_g.glb        10,353.64 kB
dist/assets/asphalt_02_diff_4k-ztmUkEFu.jpg           11,654.13 kB
dist/assets/gravel_floor_diff_4k-B_Xe7M1M.jpg         18,167.19 kB
dist/assets/lago_disola_4k-CMa_-4Rz.hdr               26,197.09 kB
dist/assets/alps_field_4k-DL9vOQ3t.hdr                26,520.86 kB
dist/assets/lago_disola_8k-C31ajjrJ.jpg               50,106.04 kB
dist/assets/alps_field_8k-BrpRqQi6.jpg                53,871.22 kB
dist/assets/index-Di_b5R-_.css                             6.73 kB │ gzip:     2.23 kB
dist/assets/viewer-BKEBPkNH.css                           14.36 kB │ gzip:     3.45 kB
dist/assets/index-Dg2mNU0g.css                            83.70 kB │ gzip:    18.34 kB
dist/assets/contracts-nWp9BSjY.js                          0.09 kB │ gzip:     0.11 kB │ map:     2.22 kB
dist/assets/preload-helper-PPVm8Dsz.js                     1.28 kB │ gzip:     0.75 kB │ map:     0.11 kB
dist/assets/path-analysis-COwjqcbF.js                      1.48 kB │ gzip:     0.85 kB │ map:     5.24 kB
dist/assets/index-BJJq3Ru5.js                              2.00 kB │ gzip:     1.05 kB │ map:     7.96 kB
dist/assets/lab-contracts-BIycLH2B.js                      3.25 kB │ gzip:     1.52 kB │ map:    15.85 kB
dist/assets/index-DhexNWKD.js                              3.69 kB │ gzip:     1.83 kB │ map:     6.85 kB
dist/assets/asset-inspection-MF_boecI.js                   4.04 kB │ gzip:     1.81 kB │ map:    13.94 kB
dist/assets/lab-engine-Ci4Y6_4r.js                         4.22 kB │ gzip:     1.90 kB │ map:    14.44 kB
dist/assets/paths-C-m_HCM-.js                             11.02 kB │ gzip:     5.42 kB │ map:    28.52 kB
dist/assets/index-CtZ-usB_.js                             17.96 kB │ gzip:     8.12 kB │ map:    70.68 kB
dist/assets/index-CE_kGp6j.js                             20.53 kB │ gzip:     9.21 kB │ map:    53.78 kB
dist/assets/xpeng-model-uzZaf727.js                       53.77 kB │ gzip:    22.02 kB │ map:   190.55 kB
dist/assets/showroom-model-ByARbgRf.js                    78.19 kB │ gzip:    23.59 kB │ map:   294.72 kB
dist/assets/index-Cd5lXWQ3.js                            305.29 kB │ gzip:   112.74 kB │ map:   862.73 kB
dist/assets/viewer-Cb96B-Ud.js                           600.90 kB │ gzip:   154.66 kB │ map: 2,920.20 kB

(!) Some chunks are larger than 500 kB after minification. Consider:
- Using dynamic import() to code-split the application
- Use build.rollupOptions.output.manualChunks to improve chunking: https://rollupjs.org/configuration-options/#output-manualchunks
- Adjust chunk size limit for this warning via build.chunkSizeWarningLimit.
✓ built in 2.84s
