Already up to date
Done in 377ms using pnpm v11.19.0
源码边界通过：A/B 互不导入；shared 独立；integration 负责装配。
TAP version 13
# Subtest: one road change compares the same weighted window without keeping mutable config
ok 1 - one road change compares the same weighted window without keeping mutable config
  ---
  duration_ms: 2.1168
  ...
# Subtest: changed operating conditions block numeric deltas even when values are present
ok 2 - changed operating conditions block numeric deltas even when values are present
  ---
  duration_ms: 0.4626
  ...
# Subtest: multiple configuration changes remain visible and missing seat values stay unavailable
ok 3 - multiple configuration changes remain visible and missing seat values stay unavailable
  ---
  duration_ms: 0.6896
  ...
# Subtest: legacy teaching layout compares with explicit teaching ID but another layout suppresses deltas
ok 4 - legacy teaching layout compares with explicit teaching ID but another layout suppresses deltas
  ---
  duration_ms: 0.3051
  ...
# Subtest: exported A/B summary survives JSON roundtrip and recomputes deltas
ok 5 - exported A/B summary survives JSON roundtrip and recomputes deltas
  ---
  duration_ms: 4.5976
  ...
# Subtest: condition mismatch imports but suppresses unsupported deltas
ok 6 - condition mismatch imports but suppresses unsupported deltas
  ---
  duration_ms: 3.1198
  ...
# Subtest: rejects oversized, forged, malformed and nonfinite evidence
ok 7 - rejects oversized, forged, malformed and nonfinite evidence
  ---
  duration_ms: 3.4727
  ...
# Subtest: foreign layouts remain readable but never acquire a numeric comparison
ok 8 - foreign layouts remain readable but never acquire a numeric comparison
  ---
  duration_ms: 1.9986
  ...
# Subtest: older rnc-case-v1 without layout identity imports as teaching layout
ok 9 - older rnc-case-v1 without layout identity imports as teaching layout
  ---
  duration_ms: 1.021
  ...
# Subtest: one-variable review reports measured direction without assigning cause or approval
ok 10 - one-variable review reports measured direction without assigning cause or approval
  ---
  duration_ms: 2.5811
  ...
# Subtest: confounded or mismatched cases never receive a causal or numeric verdict
ok 11 - confounded or mismatched cases never receive a causal or numeric verdict
  ---
  duration_ms: 0.8536
  ...
# Subtest: an unregistered layout is labeled as file-reported evidence without a verdict
ok 12 - an unregistered layout is labeled as file-reported evidence without a verdict
  ---
  duration_ms: 0.516
  ...
# Subtest: new human fields roundtrip, legacy v1 imports blank, computed facts ignore human claims
ok 13 - new human fields roundtrip, legacy v1 imports blank, computed facts ignore human claims
  ---
  duration_ms: 6.7002
  ...
# Subtest: A1: unavailable convergence values leave gaps rather than zero gain or connecting across missing data
ok 14 - A1: unavailable convergence values leave gaps rather than zero gain or connecting across missing data
  ---
  duration_ms: 1.9535
  ...
# Subtest: A1: original noise draws once in grey, residual compares against the same original channel
ok 15 - A1: original noise draws once in grey, residual compares against the same original channel
  ---
  duration_ms: 0.7758
  ...
# Subtest: paired spatial evidence distinguishes quieter, louder and near-zero samples without claiming a volume mean
ok 16 - paired spatial evidence distinguishes quieter, louder and near-zero samples without claiming a volume mean
  ---
  duration_ms: 1.4763
  ...
# Subtest: invalid, mismatched and nonfinite samples cannot produce a stale or invented spatial verdict
ok 17 - invalid, mismatched and nonfinite samples cannot produce a stale or invented spatial verdict
  ---
  duration_ms: 0.2347
  ...
# Subtest: guide requires actual baseline and candidate runs before showing comparison evidence
ok 18 - guide requires actual baseline and candidate runs before showing comparison evidence
  ---
  duration_ms: 1.7745
  ...
# Subtest: changed operating condition or multiple edits block the guided verdict
ok 19 - changed operating condition or multiple edits block the guided verdict
  ---
  duration_ms: 0.5143
  ...
# Subtest: invalid candidate and stale field never unlock listening
ok 20 - invalid candidate and stale field never unlock listening
  ---
  duration_ms: 0.3039
  ...
# Subtest: a candidate field unlocks guidance only at the comparison window end
ok 21 - a candidate field unlocks guidance only at the comparison window end
  ---
  duration_ms: 0.2804
  ...
# Subtest: lab playback applies one gain to all eight signals, preserves d/e ratios and does not mutate physics
ok 22 - lab playback applies one gain to all eight signals, preserves d/e ratios and does not mutate physics
  ---
  duration_ms: 32.1773
  ...
# Subtest: actual extreme valid lab experiment has no clipped samples after shared preparation
ok 23 - actual extreme valid lab experiment has no clipped samples after shared preparation
  ---
  duration_ms: 1157.4131
  ...
# Subtest: sinc overshoot is covered by the strict bound; silence and low-level legacy gain remain unchanged
ok 24 - sinc overshoot is covered by the strict bound; silence and low-level legacy gain remain unchanged
  ---
  duration_ms: 5.644
  ...
# Subtest: live Worker cancellation rejects pending work and late old errors cannot kill the new run
ok 25 - live Worker cancellation rejects pending work and late old errors cannot kill the new run
  ---
  duration_ms: 16.8721
  ...
# Subtest: field failure is recoverable but a processor failure rejects every pending query
ok 26 - field failure is recoverable but a processor failure rejects every pending query
  ---
  duration_ms: 1.1697
  ...
# Subtest: start cancellation and foreign run identities fail explicitly; batch mode cannot produce live chunks
ok 27 - start cancellation and foreign run identities fail explicitly; batch mode cannot produce live chunks
  ---
  duration_ms: 1.3309
  ...
# Subtest: live RNC control returns the exact sample boundary and a rejected switch preserves the running worker
ok 28 - live RNC control returns the exact sample boundary and a rejected switch preserves the running worker
  ---
  duration_ms: 1.954
  ...
# Subtest: legacy layout is stamped and unimplemented layouts fail before replacing a running experiment
ok 29 - legacy layout is stamped and unimplemented layouts fail before replacing a running experiment
  ---
  duration_ms: 1.3052
  ...
# Subtest: field frames without the active physical layout are rejected without killing the experiment
ok 30 - field frames without the active physical layout are rejected without killing the experiment
  ---
  duration_ms: 1.1247
  ...
# Subtest: a field reply cannot substitute another time, weighting or sampling plane within the same run
ok 31 - a field reply cannot substitute another time, weighting or sampling plane within the same run
  ---
  duration_ms: 2.3752
  ...
# Subtest: batch results and live packets cannot switch physical layout inside an accepted run
ok 32 - batch results and live packets cannot switch physical layout inside an accepted run
  ---
  duration_ms: 1.2122
  ...
# Subtest: same-layout responses cannot substitute another vehicle or physical experiment configuration
ok 33 - same-layout responses cannot substitute another vehicle or physical experiment configuration
  ---
  duration_ms: 1.1447
  ...
# Subtest: Worker replies without the active run identity cannot enter results or field views
ok 34 - Worker replies without the active run identity cannot enter results or field views
  ---
  duration_ms: 1.221
  ...
# Subtest: log frequency coordinates give equal spacing to equal ratios and omit DC
ok 35 - log frequency coordinates give equal spacing to equal ratios and omit DC
  ---
  duration_ms: 1.9904
  ...
# Subtest: seat curves preserve full-run SPL history and missing values while excluding future frames
ok 36 - seat curves preserve full-run SPL history and missing values while excluding future frames
  ---
  duration_ms: 1.2156
  ...
# Subtest: physical traces share Pa scale, show original and use absolute sample time after a live history wrap
ok 37 - physical traces share Pa scale, show original and use absolute sample time after a live history wrap
  ---
  duration_ms: 0.9444
  ...
# Subtest: the initial waveform uses the same five-second scale as a full rolling window
ok 38 - the initial waveform uses the same five-second scale as a full rolling window
  ---
  duration_ms: 0.6185
  ...
# Subtest: PSD comparisons use actual FFT bin positions and original selection is not drawn twice
ok 39 - PSD comparisons use actual FFT bin positions and original selection is not drawn twice
  ---
  duration_ms: 0.4551
  ...
# Subtest: first valid point is visible and null SPL gaps never create fake zero levels
ok 40 - first valid point is visible and null SPL gaps never create fake zero levels
  ---
  duration_ms: 0.3399
  ...
# Subtest: acceleration and speaker drive never masquerade as pressure on a common axis
ok 41 - acceleration and speaker drive never masquerade as pressure on a common axis
  ---
  duration_ms: 0.5778
  ...
# Subtest: manual plot bounds and hidden primary traces apply independently without changing samples
ok 42 - manual plot bounds and hidden primary traces apply independently without changing samples
  ---
  duration_ms: 0.9278
  ...
# Subtest: divergent but finite Float32 pressure is bounded only in the audition copies
ok 43 - divergent but finite Float32 pressure is bounded only in the audition copies
  ---
  duration_ms: 56.2254
  ...
# Subtest: streaming sinc is independent of chunk partition and matches continuous interpolation before the real lookahead tail
ok 44 - streaming sinc is independent of chunk partition and matches continuous interpolation before the real lookahead tail
  ---
  duration_ms: 226.0079
  ...
# Subtest: common lookahead safety envelope preserves all eight d/e ratios, bounds peaks and retains bounded memory
ok 45 - common lookahead safety envelope preserves all eight d/e ratios, bounds peaks and retains bounded memory
  ---
  duration_ms: 1357.6674
  ...
# Subtest: finishing releases exactly the real lookahead tail, including a run shorter than that tail
ok 46 - finishing releases exactly the real lookahead tail, including a run shorter than that tail
  ---
  duration_ms: 23.008
  ...
# Subtest: live queue validates complete finite contiguous chunks without changing accepted state on rejection
ok 47 - live queue validates complete finite contiguous chunks without changing accepted state on rejection
  ---
  duration_ms: 71.0168
  ...
# Subtest: one audio clock freezes on starvation and resumes at the missing sample instead of skipping wall time
ok 48 - one audio clock freezes on starvation and resumes at the missing sample instead of skipping wall time
  ---
  duration_ms: 20.4267
  ...
# Subtest: queued chunks are gapless and all comparisons share one eight-channel buffer without a new clock on switching
ok 49 - queued chunks are gapless and all comparisons share one eight-channel buffer without a new clock on switching
  ---
  duration_ms: 8.3734
  ...
# Subtest: pause preserves partly consumed audio and a cold allocation never advances the simulation clock
ok 50 - pause preserves partly consumed audio and a cold allocation never advances the simulation clock
  ---
  duration_ms: 4.6992
  ...
# Subtest: async resume cannot revive pause/reset/dispose or clear a newer request, and failure is retryable
ok 51 - async resume cannot revive pause/reset/dispose or clear a newer request, and failure is retryable
  ---
  duration_ms: 10.6233
  ...
# Subtest: continuous enqueue stays bounded for ten minutes and finishes exactly without a false underrun or restart
ok 52 - continuous enqueue stays bounded for ten minutes and finishes exactly without a false underrun or restart
  ---
  duration_ms: 9379.8463
  ...
# Subtest: pause and resume while draining keeps the final samples and exact endpoint
ok 53 - pause and resume while draining keeps the final samples and exact endpoint
  ---
  duration_ms: 15.8274
  ...
# Subtest: offline package verifier accepts the exact build and rejects changed, extra or missing files
ok 54 - offline package verifier accepts the exact build and rejects changed, extra or missing files
  ---
  duration_ms: 940.8682
  ...
# Subtest: A1: preparing first audio buffer does not skip the requested playback position
ok 55 - A1: preparing first audio buffer does not skip the requested playback position
  ---
  duration_ms: 48.8443
  ...
# Subtest: A1: pause cancels pending audio resume; repeated play creates one start
ok 56 - A1: pause cancels pending audio resume; repeated play creates one start
  ---
  duration_ms: 46.7192
  ...
# Subtest: A1: loading a new experiment cancels an earlier pending play
ok 57 - A1: loading a new experiment cancels an earlier pending play
  ---
  duration_ms: 0.8662
  ...
# Subtest: A1: reaching the end stays stopped when seeking, including before ended is delivered
ok 58 - A1: reaching the end stays stopped when seeking, including before ended is delivered
  ---
  duration_ms: 26.0454
  ...
# Subtest: A1: seeking to the end stops; replay starts only on explicit play
ok 59 - A1: seeking to the end stops; replay starts only on explicit play
  ---
  duration_ms: 30.3957
  ...
# Subtest: A1: cold seat/mode switches prepare audio before fading, keep time and use the same gain
ok 60 - A1: cold seat/mode switches prepare audio before fading, keep time and use the same gain
  ---
  duration_ms: 441.63
  ...
# Subtest: A1: audio resume failure leaves a retryable paused player
ok 61 - A1: audio resume failure leaves a retryable paused player
  ---
  duration_ms: 27.1542
  ...
# Subtest: A1: an obsolete resume cannot clear or start a newer play request
ok 62 - A1: an obsolete resume cannot clear or start a newer play request
  ---
  duration_ms: 28.3739
  ...
# Subtest: A1: seeking while playing continues at the new position without a retired ended event stopping it
ok 63 - A1: seeking while playing continues at the new position without a retired ended event stopping it
  ---
  duration_ms: 37.02
  ...
# Subtest: A1: a cold comparison prepared across the end never restarts the clip
ok 64 - A1: a cold comparison prepared across the end never restarts the clip
  ---
  duration_ms: 53.4077
  ...
# Subtest: variable duration playback seeks past 16s, switches modes and stops exactly at each loaded clip end
ok 65 - variable duration playback seeks past 16s, switches modes and stops exactly at each loaded clip end
  ---
  duration_ms: 125.1863
  ...
# Subtest: asset shell modes isolate shared interior materials and restore original ownership once
ok 66 - asset shell modes isolate shared interior materials and restore original ownership once
  ---
  duration_ms: 8.4304
  ...
# Subtest: authored asset sections follow actual moving meshes without inventing solid caps or changing coordinates
ok 67 - authored asset sections follow actual moving meshes without inventing solid caps or changing coordinates
  ---
  duration_ms: 8.4323
  ...
# Subtest: asset picking skips hidden ancestors and discarded section surfaces, and selection bounds follow disassembly
ok 68 - asset picking skips hidden ancestors and discarded section surfaces, and selection bounds follow disassembly
  ---
  duration_ms: 12.7977
  ...
# Subtest: selection excludes hidden descendants and follows ancestor transforms without a section
ok 69 - selection excludes hidden descendants and follows ancestor transforms without a section
  ---
  duration_ms: 1.469
  ...
# Subtest: selection is restricted to retained section bounds and disappears when fully clipped
ok 70 - selection is restricted to retained section bounds and disappears when fully clipped
  ---
  duration_ms: 3.9653
  ...
# Subtest: actual ICE asset keeps all 74127 triangles and 30 groups through inspection, disassembly and full restoration
ok 71 - actual ICE asset keeps all 74127 triangles and 30 groups through inspection, disassembly and full restoration
  ---
  duration_ms: 246.4566
  ...
# Subtest: three slice meshes use the original 280 queried positions, including their fixed physical planes
ok 72 - three slice meshes use the original 280 queried positions, including their fixed physical planes
  ---
  duration_ms: 3.0121
  ...
# Subtest: a reordered, truncated or non-finite B field frame cannot color the old locations
ok 73 - a reordered, truncated or non-finite B field frame cannot color the old locations
  ---
  duration_ms: 1.0902
  ...
# Subtest: moving each sampled plane requests its physical position and refuses the previous field frame
ok 74 - moving each sampled plane requests its physical position and refuses the previous field frame
  ---
  duration_ms: 3.7144
  ...
# Subtest: 12 coincident projections remain separate and inside the narrow supported viewer
ok 75 - 12 coincident projections remain separate and inside the narrow supported viewer
  ---
  duration_ms: 4.0023
  ...
# Subtest: four source illustrations can share a narrow view with all 12 hardware labels
ok 76 - four source illustrations can share a narrow view with all 12 hardware labels
  ---
  duration_ms: 2.2149
  ...
# Subtest: labels at viewport edges and densely grouped hardware remain clickable
ok 77 - labels at viewport edges and densely grouped hardware remain clickable
  ---
  duration_ms: 7.7058
  ...
# Subtest: lab labels stay on the side rails at full-page size, leaving the vehicle clear
ok 78 - lab labels stay on the side rails at full-page size, leaving the vehicle clear
  ---
  duration_ms: 1.084
  ...
# Subtest: lab side rails remain separate and clickable in a narrow 360 px viewer
ok 79 - lab side rails remain separate and clickable in a narrow 360 px viewer
  ---
  duration_ms: 0.4282
  ...
# Subtest: P7+ canopy, liftback glazing and rear bumper are separately owned assemblies
ok 80 - P7+ canopy, liftback glazing and rear bumper are separately owned assemblies
  ---
  duration_ms: 1218.7142
  ...
# Subtest: P7+ hidden shell exposes actual seat picking, and clipping rejects the removed half
ok 81 - P7+ hidden shell exposes actual seat picking, and clipping rejects the removed half
  ---
  duration_ms: 1043.8024
  ...
# Subtest: P7+ intermediate explosion poses remain finite and return to identical world transforms
ok 82 - P7+ intermediate explosion poses remain finite and return to identical world transforms
  ---
  duration_ms: 645.1433
  ...
# Subtest: P7+ paint and shell presentation preserve independent glass, tires and cabin materials
ok 83 - P7+ paint and shell presentation preserve independent glass, tires and cabin materials
  ---
  duration_ms: 631.7188
  ...
# Subtest: P7 detailed EV assemblies and acoustic diaphragms own their reversible geometry
ok 84 - P7 detailed EV assemblies and acoustic diaphragms own their reversible geometry
  ---
  duration_ms: 585.1606
  ...
# Subtest: featured structures exist in each generated architecture and explain its actual drive path
ok 85 - featured structures exist in each generated architecture and explain its actual drive path
  ---
  duration_ms: 483.9915
  ...
# Subtest: true mesh-plane sections preserve area, plane position and outward normal after transforms
ok 86 - true mesh-plane sections preserve area, plane position and outward normal after transforms
  ---
  duration_ms: 11.5317
  ...
# Subtest: section through exact edges is closed; tangencies and existing coplanar faces are not duplicated
ok 87 - section through exact edges is closed; tangencies and existing coplanar faces are not duplicated
  ---
  duration_ms: 1.6392
  ...
# Subtest: ring sections keep their holes and disconnected islands; open surfaces never get a solid cap
ok 88 - ring sections keep their holes and disconnected islands; open surfaces never get a solid cap
  ---
  duration_ms: 59.7352
  ...
# Subtest: section display updates from exploded geometry, respects ancestor visibility and material opacity
ok 89 - section display updates from exploded geometry, respects ancestor visibility and material opacity
  ---
  duration_ms: 4.5055
  ...
# Subtest: bundled showroom SUV is the attributed, offline CC BY asset within the geometry budget
ok 90 - bundled showroom SUV is the attributed, offline CC BY asset within the geometry budget
  ---
  duration_ms: 7.7713
  ...
# Subtest: BEV showroom keeps the original attribution and bundles a decodable offline model
ok 91 - BEV showroom keeps the original attribution and bundles a decodable offline model
  ---
  duration_ms: 7.6656
  ...
# Subtest: four drivetrains preserve their physical differences and five-seat cabin
ok 92 - four drivetrains preserve their physical differences and five-seat cabin
  ---
  duration_ms: 445.3806
  ...
# Subtest: vehicle geometry is finite and every owned GPU resource is disposed once
ok 93 - vehicle geometry is finite and every owned GPU resource is disposed once
  ---
  duration_ms: 390.5938
  ...
# Subtest: the BEV and EREV battery enclosure remains directly visible from the underbody
ok 94 - the BEV and EREV battery enclosure remains directly visible from the underbody
  ---
  duration_ms: 201.9258
  ...
# Subtest: the closed side sill hides the floor and battery at door level on all four vehicles
ok 95 - the closed side sill hides the floor and battery at door level on all four vehicles
  ---
  duration_ms: 234.644
  ...
# Subtest: A2 XPeng x9: real proportions, semantic rows and finite geometry
ok 96 - A2 XPeng x9: real proportions, semantic rows and finite geometry
  ---
  duration_ms: 426.004
  ...
# Subtest: A2 XPeng x9: explosion is reversible, clamped and above floor
ok 97 - A2 XPeng x9: explosion is reversible, clamped and above floor
  ---
  duration_ms: 354.0509
  ...
# Subtest: A2 XPeng p7plus: real proportions, semantic rows and finite geometry
ok 98 - A2 XPeng p7plus: real proportions, semantic rows and finite geometry
  ---
  duration_ms: 1065.5383
  ...
# Subtest: A2 XPeng p7plus: explosion is reversible, clamped and above floor
ok 99 - A2 XPeng p7plus: explosion is reversible, clamped and above floor
  ---
  duration_ms: 845.7397
  ...
# Subtest: A2 XPeng l03: real proportions, semantic rows and finite geometry
ok 100 - A2 XPeng l03: real proportions, semantic rows and finite geometry
  ---
  duration_ms: 154.5576
  ...
# Subtest: A2 XPeng l03: explosion is reversible, clamped and above floor
ok 101 - A2 XPeng l03: explosion is reversible, clamped and above floor
  ---
  duration_ms: 153.662
  ...
# Subtest: A2 XPeng m03: real proportions, semantic rows and finite geometry
ok 102 - A2 XPeng m03: real proportions, semantic rows and finite geometry
  ---
  duration_ms: 151.2376
  ...
# Subtest: A2 XPeng m03: explosion is reversible, clamped and above floor
ok 103 - A2 XPeng m03: explosion is reversible, clamped and above floor
  ---
  duration_ms: 138.5104
  ...
# Subtest: A2 XPeng gx: real proportions, semantic rows and finite geometry
ok 104 - A2 XPeng gx: real proportions, semantic rows and finite geometry
  ---
  duration_ms: 154.7371
  ...
# Subtest: A2 XPeng gx: explosion is reversible, clamped and above floor
ok 105 - A2 XPeng gx: explosion is reversible, clamped and above floor
  ---
  duration_ms: 130.2938
  ...
# Subtest: A2 XPeng paint affects exterior clones only; resources dispose exactly once
ok 106 - A2 XPeng paint affects exterior clones only; resources dispose exactly once
  ---
  duration_ms: 135.5038
  ...
# Subtest: Hann Welch one-sided PSD integrates to tone mean-square and has the correct peak
ok 107 - Hann Welch one-sided PSD integrates to tone mean-square and has the correct peak
  ---
  duration_ms: 12.7319
  ...
# Subtest: B2-002: RMS uses exactly the trailing 1000 samples, including first and final windows
ok 108 - B2-002: RMS uses exactly the trailing 1000 samples, including first and final windows
  ---
  duration_ms: 9.6228
  ...
# Subtest: B2-002: same-window reduction preserves negative gains and aggregates powers before dB
ok 109 - B2-002: same-window reduction preserves negative gains and aggregates powers before dB
  ---
  duration_ms: 9.4301
  ...
# Subtest: B2-002: silence and near-floor pressure never report valid zero-dB benefit
ok 110 - B2-002: silence and near-floor pressure never report valid zero-dB benefit
  ---
  duration_ms: 55.3566
  ...
# Subtest: B2-002: non-finite pressure is unavailable, never a valid analysis frame
ok 111 - B2-002: non-finite pressure is unavailable, never a valid analysis frame
  ---
  duration_ms: 19.7686
  ...
# Subtest: B2-002: power rejects invalid ranges and PSD clamps finite sample cursors to actual data
ok 112 - B2-002: power rejects invalid ranges and PSD clamps finite sample cursors to actual data
  ---
  duration_ms: 2.4383
  ...
# Subtest: B2-002: PSD rejects non-finite samples in its complete windows and ignores future samples
ok 113 - B2-002: PSD rejects non-finite samples in its complete windows and ignores future samples
  ---
  duration_ms: 6.9623
  ...
# Subtest: B2-002: non-finite PSD cursors cannot trap a caller in an unbounded loop
ok 114 - B2-002: non-finite PSD cursors cannot trap a caller in an unbounded loop
  ---
  duration_ms: 762.4573
  ...
# Subtest: B2-002: shared PSD preserves lab pressure weighting and vibration/drive/source units
ok 115 - B2-002: shared PSD preserves lab pressure weighting and vibration/drive/source units
  ---
  duration_ms: 10.8061
  ...
# Subtest: B2-002: asymmetric signal Welch bins match direct DFT, 50% overlap and incomplete-tail handling
ok 116 - B2-002: asymmetric signal Welch bins match direct DFT, 50% overlap and incomplete-tail handling
  ---
  duration_ms: 189.267
  ...
# Subtest: B2-002: DC and Nyquist are not doubled; PSD scales as signal-unit squared per Hz
ok 117 - B2-002: DC and Nyquist are not doubled; PSD scales as signal-unit squared per Hz
  ---
  duration_ms: 23.0399
  ...
# Subtest: analysis warming-up, window boundary, channel identity and pressure calibration
ok 118 - analysis warming-up, window boundary, channel identity and pressure calibration
  ---
  duration_ms: 1.7724
  ...
# Subtest: step size accepts every nonnegative finite value and finite drives exceed the former 100 threshold
ok 119 - step size accepts every nonnegative finite value and finite drives exceed the former 100 threshold
  ---
  duration_ms: 294.8103
  ...
# Subtest: batch and chunked overflow stop at the same Float32 boundary, keeping the last finite samples and spectra
ok 120 - batch and chunked overflow stop at the same Float32 boundary, keeping the last finite samples and spectra
  ---
  duration_ms: 385.2922
  ...
# Subtest: overflow on the first weight update gives an empty finite prefix and a terminal diagnostic
ok 121 - overflow on the first weight update gives an empty finite prefix and a terminal diagnostic
  ---
  duration_ms: 28.0396
  ...
# Subtest: new lab experiments learn before two seconds without changing sources or superposition
ok 122 - new lab experiments learn before two seconds without changing sources or superposition
  ---
  duration_ms: 742.6968
  ...
# Subtest: lab FxLMS produces finite true superposition, baseline then learned reduction at all microphones
ok 123 - lab FxLMS produces finite true superposition, baseline then learned reduction at all microphones
  ---
  duration_ms: 17.4511
  ...
# Subtest: all 16 secondary paths have causal cross coupling and every source reaches every mic
ok 124 - all 16 secondary paths have causal cross coupling and every source reaches every mic
  ---
  duration_ms: 3.3582
  ...
# Subtest: first adaptive output matches an independent all-error normalized gradient calculation
ok 125 - first adaptive output matches an independent all-error normalized gradient calculation
  ---
  duration_ms: 47.7665
  ...
# Subtest: RNC off, zero step and all disabled speakers retain original noise exactly
ok 126 - RNC off, zero step and all disabled speakers retain original noise exactly
  ---
  duration_ms: 707.3609
  ...
# Subtest: one and eight references and disabled output actually change controller dimensions and results
ok 127 - one and eight references and disabled output actually change controller dimensions and results
  ---
  duration_ms: 1291.4477
  ...
# Subtest: recording-shaped sources retain high finite values and return the valid prefix on overflow
ok 128 - recording-shaped sources retain high finite values and return the valid prefix on overflow
  ---
  duration_ms: 2221.1741
  ...
# Subtest: field at microphone positions equals independently measured trace power in the same window
ok 129 - field at microphone positions equals independently measured trace power in the same window
  ---
  duration_ms: 25.2266
  ...
# Subtest: off-microphone field is recalculated from wheel q and speaker u, not microphone interpolation
ok 130 - off-microphone field is recalculated from wheel q and speaker u, not microphone interpolation
  ---
  duration_ms: 90.9211
  ...
# Subtest: vehicle paths vary, seed is reproducible and speed/roughness trends are source-driven
ok 131 - vehicle paths vary, seed is reproducible and speed/roughness trends are source-driven
  ---
  duration_ms: 829.3061
  ...
# Subtest: warm-up, zero-speed energy floor and bad configurations are explicit
ok 132 - warm-up, zero-speed energy floor and bad configurations are explicit
  ---
  duration_ms: 558.151
  ...
# Subtest: q selection analyzes each actual wheel source independently of reference layout
ok 133 - q selection analyzes each actual wheel source independently of reference layout
  ---
  duration_ms: 313.9906
  ...
# Subtest: A weighting matches reference corrections and applies power rather than amplitude to PSD
ok 134 - A weighting matches reference corrections and applies power rather than amplitude to PSD
  ---
  duration_ms: 31.9935
  ...
# Subtest: teaching calibration anchors pooled 40 km/h baseline at 60 dBA; offset changes H only
ok 135 - teaching calibration anchors pooled 40 km/h baseline at 60 dBA; offset changes H only
  ---
  duration_ms: 665.9027
  ...
# Subtest: A/Z analysis and field agree at microphones, including first window and wrapped live history
ok 136 - A/Z analysis and field agree at microphones, including first window and wrapped live history
  ---
  duration_ms: 2825.6574
  ...
# Subtest: duration budget rejects invalid allocations; short runs have finite metrics and long runs share streaming samples
ok 137 - duration budget rejects invalid allocations; short runs have finite metrics and long runs share streaming samples
  ---
  duration_ms: 3546.4085
  ...
# Subtest: pressure density levels use 20uPa while other signals keep unit reference; manual waveform bounds never reveal future samples
ok 138 - pressure density levels use 20uPa while other signals keep unit reference; manual waveform bounds never reveal future samples
  ---
  duration_ms: 378.9598
  ...
# Subtest: NFxLMS joint normalization scales inversely with filtered-reference power and regularizes silence
ok 139 - NFxLMS joint normalization scales inversely with filtered-reference power and regularizes silence
  ---
  duration_ms: 0.3004
  ...
# Subtest: stateful first 16 seconds match the unchanged batch q/x/u/d/a/e bit for bit
ok 140 - stateful first 16 seconds match the unchanged batch q/x/u/d/a/e bit for bit
  ---
  duration_ms: 2054.748
  ...
# Subtest: arbitrary block sizes preserve source/filter/weight state beyond 16 seconds and repeated history wraps
ok 141 - arbitrary block sizes preserve source/filter/weight state beyond 16 seconds and repeated history wraps
  ---
  duration_ms: 5171.1332
  ...
# Subtest: RNC off, zero step, disabled speakers and eight references retain the batch semantics across blocks
ok 142 - RNC off, zero step, disabled speakers and eight references retain the batch semantics across blocks
  ---
  duration_ms: 2999.2579
  ...
# Subtest: wrapped snapshots use one absolute clock and yield the same field window at mic and off-mic points
ok 143 - wrapped snapshots use one absolute clock and yield the same field window at mic and off-mic points
  ---
  duration_ms: 1338.4604
  ...
# Subtest: resident storage stays bounded through two minutes and invalid requests do not advance the stream
ok 144 - resident storage stays bounded through two minutes and invalid requests do not advance the stream
  ---
  duration_ms: 3284.5736
  ...
# Subtest: live RNC OFF freezes learned weights and zeros drive; ON resumes from those weights without restarting sources
ok 145 - live RNC OFF freezes learned weights and zeros drive; ON resumes from those weights without restarting sources
  ---
  duration_ms: 526.3453
  ...
# Subtest: an initially disabled live controller can start adapting later
ok 146 - an initially disabled live controller can start adapting later
  ---
  duration_ms: 151.4135
  ...
# Subtest: wrapped live history retains five seconds at the audible clock despite producer prefetch
ok 147 - wrapped live history retains five seconds at the audible clock despite producer prefetch
  ---
  duration_ms: 1536.1004
  ...
# Subtest: numeric overflow returns the finite prefix, preserves history, and cannot resume
ok 148 - numeric overflow returns the finite prefix, preserves history, and cannot resume
  ---
  duration_ms: 10.6092
  ...
# Subtest: live generation ignores replay duration, preserves bounded adaptation for ten minutes and refuses overflow atomically
ok 149 - live generation ignores replay duration, preserves bounded adaptation for ten minutes and refuses overflow atomically
  ---
  duration_ms: 23818.0831
  ...
# Subtest: P7 layout has its own cabin and paths; legacy layout unchanged and unsupported IDs rejected
ok 150 - P7 layout has its own cabin and paths; legacy layout unchanged and unsupported IDs rejected
  ---
  duration_ms: 12.3408
  ...
# Subtest: P7 arbitrary stream blocks match batch q/x/u/d/a/e bit for bit
ok 151 - P7 arbitrary stream blocks match batch q/x/u/d/a/e bit for bit
  ---
  duration_ms: 341.2928
  ...
# Subtest: P7 field equals independent microphone trace power at the same point and window
ok 152 - P7 field equals independent microphone trace power at the same point and window
  ---
  duration_ms: 25.9145
  ...
# Subtest: P7 recorded-source branch shares fractional paths between batch, streaming and field
ok 153 - P7 recorded-source branch shares fractional paths between batch, streaming and field
  ---
  duration_ms: 434.5961
  ...
# Subtest: a pure delayed gain has constant magnitude and exact analytic group delay
ok 154 - a pure delayed gain has constant magnitude and exact analytic group delay
  ---
  duration_ms: 1.8375
  ...
# Subtest: response zeros are undefined rather than false finite phase/delay; all sixteen paths remain selectable
ok 155 - response zeros are undefined rather than false finite phase/delay; all sixteen paths remain selectable
  ---
  duration_ms: 45.8327
  ...
# Subtest: recorded sources use the four primary-noise ears, validate assets and require explicit data
ok 156 - recorded sources use the four primary-noise ears, validate assets and require explicit data
  ---
  duration_ms: 70.5317
  ...
# Subtest: recorded source samples retain shared timing and gain, crossfade synchronously and do not become random or pitch shifted
ok 157 - recorded source samples retain shared timing and gain, crossfade synchronously and do not become random or pitch shifted
  ---
  duration_ms: 60.6753
  ...
# Subtest: recorded batch and irregular live blocks agree exactly through two source loops; storage and adaptation remain continuous
ok 158 - recorded batch and irregular live blocks agree exactly through two source loops; storage and adaptation remain continuous
  ---
  duration_ms: 5669.1471
  ...
# Subtest: recorded primary paths stay causal and fully coupled, match the passenger 48dBA/Hz peak anchor, and match microphone fields
ok 159 - recorded primary paths stay causal and fully coupled, match the passenger 48dBA/Hz peak anchor, and match microphone fields
  ---
  duration_ms: 221.2723
  ...
# Subtest: recording-derived data keeps all references and uncalibrated provenance; spectra distinguish vibration and cabin noise
ok 160 - recording-derived data keeps all references and uncalibrated provenance; spectra distinguish vibration and cabin noise
  ---
  duration_ms: 1168.052
  ...
# Subtest: spectral stretch remains causal, normalized and exactly shared by batch/stream at temperature-pressure limits
ok 161 - spectral stretch remains causal, normalized and exactly shared by batch/stream at temperature-pressure limits
  ---
  duration_ms: 1854.7821
  ...
# Subtest: B1-002: unchanged core in test harness matches normal production entry sample-for-sample
ok 162 - B1-002: unchanged core in test harness matches normal production entry sample-for-sample
  ---
  duration_ms: 856.7529
  ...
# Subtest: B1-002: asymmetric matrices and independent recurrence detect sign/index/cross-path/timing faults
ok 163 - B1-002: asymmetric matrices and independent recurrence detect sign/index/cross-path/timing faults
  ---
  duration_ms: 3884.7286
  ...
# Subtest: B1-002: every one of 16 output/reference controller routes contributes with the correct update
ok 164 - B1-002: every one of 16 output/reference controller routes contributes with the correct update
  ---
  duration_ms: 1323.8319
  ...
# Subtest: B1-002: modifying future x/d cannot change any past output
ok 165 - B1-002: modifying future x/d cannot change any past output
  ---
  duration_ms: 458.3788
  ...
# Subtest: B1-003: invalid shapes, every missing/fixed field and nonfinite values return structured config errors
ok 166 - B1-003: invalid shapes, every missing/fixed field and nonfinite values return structured config errors
  ---
  duration_ms: 2.4045
  ...
# Subtest: B1-003: all 12 legal configurations have finite isolated Float32 channels and exact zero-step identities
ok 167 - B1-003: all 12 legal configurations have finite isolated Float32 channels and exact zero-step identities
  ---
  duration_ms: 2153.0069
  ...
# Subtest: B1-003: nonfinite data, short arrays, drive failure and Float32 overflow never return partial success
ok 168 - B1-003: nonfinite data, short arrays, drive failure and Float32 overflow never return partial success
  ---
  duration_ms: 1076.1942
  ...
# Subtest: B1-003: a failed call preserves prior results and cannot poison the next run
ok 169 - B1-003: a failed call preserves prior results and cannot poison the next run
  ---
  duration_ms: 669.2946
  ...
# Subtest: B1-001: default all 640000 samples and metrics match independent Python; exact repeat
ok 170 - B1-001: default all 640000 samples and metrics match independent Python; exact repeat
  ---
  duration_ms: 510.0297
  ...
# Subtest: B1-001: seed29 all 640000 samples and metrics match independent Python; exact repeat
ok 171 - B1-001: seed29 all 640000 samples and metrics match independent Python; exact repeat
  ---
  duration_ms: 534.8356
  ...
# Subtest: B1-001: seed47 all 640000 samples and metrics match independent Python; exact repeat
ok 172 - B1-001: seed47 all 640000 samples and metrics match independent Python; exact repeat
  ---
  duration_ms: 479.6575
  ...
# Subtest: B1-001: taps32 all 640000 samples and metrics match independent Python; exact repeat
ok 173 - B1-001: taps32 all 640000 samples and metrics match independent Python; exact repeat
  ---
  duration_ms: 354.9064
  ...
# Subtest: B1-001: mu0 all 640000 samples and metrics match independent Python; exact repeat
ok 174 - B1-001: mu0 all 640000 samples and metrics match independent Python; exact repeat
  ---
  duration_ms: 335.1101
  ...
# Subtest: B1-001: comparison rejects sign, time shift, zeroed output, NaN and near-zero overflow
ok 175 - B1-001: comparison rejects sign, time shift, zeroed output, NaN and near-zero overflow
  ---
  duration_ms: 1.98
  ...
# Subtest: B01/B03: all 640,000 samples match immutable Python Float32 golden and e=d+a
ok 176 - B01/B03: all 640,000 samples match immutable Python Float32 golden and e=d+a
  ---
  duration_ms: 26.9978
  ...
# Subtest: B02/B04/B05: five configurations match Python metrics; repeat is deterministic
ok 177 - B02/B04/B05: five configurations match Python metrics; repeat is deterministic
  ---
  duration_ms: 888.077
  ...
# Subtest: B06: every output reaches every mic; removing one cross-path removes only that response
ok 178 - B06: every output reaches every mic; removing one cross-path removes only that response
  ---
  duration_ms: 0.4629
  ...
# Subtest: B07: rejects invalid taps, negative/NaN step, wrong fixed dimensions, null config
ok 179 - B07: rejects invalid taps, negative/NaN step, wrong fixed dimensions, null config
  ---
  duration_ms: 0.6788
  ...
# Subtest: B2-001: independent unsigned PRNG oracle preserves all three seeds and distinct channel streams
ok 180 - B2-001: independent unsigned PRNG oracle preserves all three seeds and distinct channel streams
  ---
  duration_ms: 0.8888
  ...
# Subtest: B2-001: three-seed shaped references and primary pressure match every Python Float32 sample
ok 181 - B2-001: three-seed shaped references and primary pressure match every Python Float32 sample
  ---
  duration_ms: 112.3893
  ...
# Subtest: B2-001: all primary and secondary FIRs retain oracle taps, causal delays and complete cross-coupling
ok 182 - B2-001: all primary and secondary FIRs retain oracle taps, causal delays and complete cross-coupling
  ---
  duration_ms: 0.5693
  ...
# Subtest: B2-001: original pressure includes the documented independent disturbance after causal P*x
ok 183 - B2-001: original pressure includes the documented independent disturbance after causal P*x
  ---
  duration_ms: 56.3516
  ...
# Subtest: B2-001: exported demo-v2 identity, units and last-sample time stay explicit
ok 184 - B2-001: exported demo-v2 identity, units and last-sample time stay explicit
  ---
  duration_ms: 0.2203
  ...
# Subtest: audio paths use the same linear gain and sinc resampling
ok 185 - audio paths use the same linear gain and sinc resampling
  ---
  duration_ms: 13.4814
  ...
1..185
# tests 185
# suites 0
# pass 185
# fail 0
# cancelled 0
# skipped 0
# todo 0
# duration_ms 43287.9192
vite v7.1.7 building for production...
transforming...
✓ 73 modules transformed.
rendering chunks...
computing gzip size...
dist/index.html                                        1.05 kB │ gzip:     0.57 kB
dist/assets/engine.worker-Sv3u2Fdq.js                  4.29 kB
dist/assets/lab.worker-D_2v0aUM.js                    29.71 kB
dist/assets/recorded-primary-BSu6qUp_.f32          1,280.02 kB
dist/assets/golden_browser_fixture-BhKaGSeS.json   3,414.19 kB │ gzip: 2,407.80 kB
dist/assets/range-rover-sport-svr-4ykCwhl8.glb     5,726.33 kB
dist/assets/tesla-model-y.meshopt-DxsAdN_g.glb    10,353.64 kB
dist/assets/qwantani_sunset_4k-D0g2gD-X.hdr       24,736.30 kB
dist/assets/index-Di_b5R-_.css                         6.73 kB │ gzip:     2.23 kB
dist/assets/viewer-D4AW86Z9.css                       13.36 kB │ gzip:     3.20 kB
dist/assets/index-DLobb4q8.css                        45.15 kB │ gzip:    10.71 kB
dist/assets/contracts-nWp9BSjY.js                      0.09 kB │ gzip:     0.11 kB │ map:     2.22 kB
dist/assets/preload-helper-PPVm8Dsz.js                 1.28 kB │ gzip:     0.75 kB │ map:     0.11 kB
dist/assets/path-analysis-Dt-C-F13.js                  1.48 kB │ gzip:     0.85 kB │ map:     5.33 kB
dist/assets/lab-contracts-Dk4jvtt8.js                  1.79 kB │ gzip:     1.04 kB │ map:    11.41 kB
dist/assets/index-BJJq3Ru5.js                          2.00 kB │ gzip:     1.05 kB │ map:     7.96 kB
dist/assets/asset-inspection-kaxMMiwA.js               2.47 kB │ gzip:     1.20 kB │ map:     9.50 kB
dist/assets/index-Dt-WLmKs.js                          3.69 kB │ gzip:     1.82 kB │ map:     6.85 kB
dist/assets/lab-engine-Bve6MNOv.js                     4.22 kB │ gzip:     1.90 kB │ map:    14.44 kB
dist/assets/paths-UTQR2Lxq.js                         11.00 kB │ gzip:     5.42 kB │ map:    28.67 kB
dist/assets/index-_p2gh8b3.js                         17.96 kB │ gzip:     8.12 kB │ map:    71.51 kB
dist/assets/index-DtjFBJ-4.js                         20.53 kB │ gzip:     9.21 kB │ map:    53.78 kB
dist/assets/xpeng-model-CniA32vx.js                   32.45 kB │ gzip:    13.89 kB │ map:   118.12 kB
dist/assets/showroom-model-DIuoki-j.js                78.20 kB │ gzip:    23.59 kB │ map:   294.72 kB
dist/assets/index-B8cwpD2m.js                        219.31 kB │ gzip:    81.95 kB │ map:   633.14 kB
dist/assets/viewer-32mgMMwU.js                       597.78 kB │ gzip:   153.61 kB │ map: 2,912.70 kB
✓ built in 2.02s

$ pnpm typecheck && pnpm check:boundaries && pnpm test && pnpm build
$ tsc --noEmit
$ node scripts/check-boundaries.mjs
$ tsx --test tests/*.test.ts
$ tsc --noEmit && vite build

(!) Some chunks are larger than 500 kB after minification. Consider:
- Using dynamic import() to code-split the application
- Use build.rollupOptions.output.manualChunks to improve chunking: https://rollupjs.org/configuration-options/#output-manualchunks
- Adjust chunk size limit for this warning via build.chunkSizeWarningLimit.

Exit code: 0
