$ pnpm typecheck && pnpm check:boundaries && pnpm test && pnpm build
$ tsc --noEmit
$ node scripts/check-boundaries.mjs
源码边界通过：A/B 互不导入；shared 独立；integration 负责装配。
$ tsx --test tests/*.test.ts
✔ one road change compares the same weighted window without keeping mutable config (3.4011ms)
✔ changed operating conditions block numeric deltas even when values are present (0.6825ms)
✔ multiple configuration changes remain visible and missing seat values stay unavailable (0.986ms)
✔ legacy teaching layout compares with explicit teaching ID but another layout suppresses deltas (0.5466ms)
✔ exported A/B summary survives JSON roundtrip and recomputes deltas (5.2272ms)
✔ condition mismatch imports but suppresses unsupported deltas (2.8552ms)
✔ rejects oversized, forged, malformed and nonfinite evidence (11.4689ms)
✔ foreign layouts remain readable but never acquire a numeric comparison (3.6948ms)
✔ older rnc-case-v1 without layout identity imports as teaching layout (1.0875ms)
✔ one-variable review reports measured direction without assigning cause or approval (3.253ms)
✔ confounded or mismatched cases never receive a causal or numeric verdict (0.9503ms)
✔ an unregistered layout is labeled as file-reported evidence without a verdict (0.5992ms)
✔ new human fields roundtrip, legacy v1 imports blank, computed facts ignore human claims (5.9544ms)
✔ A1: unavailable convergence values leave gaps rather than zero gain or connecting across missing data (3.2077ms)
✔ A1: original noise draws once in grey, residual compares against the same original channel (0.9772ms)
✔ paired spatial evidence distinguishes quieter, louder and near-zero samples without claiming a volume mean (2.5315ms)
✔ invalid, mismatched and nonfinite samples cannot produce a stale or invented spatial verdict (0.5082ms)
✔ A1: vehicle depth pass ignores transparent body, keeps seats and restores renderer/hierarchy on failure (6.8551ms)
✔ A1: transparent contour styling returns the exact source colour, side and geometry in solid mode (25.0257ms)
✔ A1: same-frame slice preview preserves main field blend, signed range, slice and clipping (6.5674ms)
✔ A1: overview snapshot preserves lab quantity, slice, range and interpolation even when rendering fails (20.5661ms)
✔ A1: one-second field cadence keeps moving past the old 350 ms plateau (5.5584ms)
✔ A1: slices and volume share the same energy blend, including interrupted frames (2.9477ms)
✔ A1: paused same-window quantity changes crossfade without replacing physical textures (1.9357ms)
✔ A1: pause settles both slice textures and new identities cannot inherit a mode crossfade (4.3978ms)
✔ guide requires actual baseline and candidate runs before showing comparison evidence (2.7206ms)
✔ changed operating condition or multiple edits block the guided verdict (0.7032ms)
✔ invalid candidate and stale field never unlock listening (0.3002ms)
✔ a candidate field unlocks guidance only at the comparison window end (0.3032ms)
✔ lab playback applies one gain to all eight signals, preserves d/e ratios and does not mutate physics (49.7185ms)
✔ actual extreme valid lab experiment has no clipped samples after shared preparation (1552.4171ms)
✔ sinc overshoot is covered by the strict bound; silence and low-level legacy gain remain unchanged (2.4917ms)
✔ live Worker cancellation rejects pending work and late old errors cannot kill the new run (22.5249ms)
✔ field failure is recoverable but a processor failure rejects every pending query (1.6594ms)
✔ start cancellation and foreign run identities fail explicitly; batch mode cannot produce live chunks (3.3237ms)
✔ live RNC control returns the exact sample boundary and a rejected switch preserves the running worker (2.6357ms)
✔ legacy layout is stamped and unimplemented layouts fail before replacing a running experiment (1.3803ms)
✔ field frames without the active physical layout are rejected without killing the experiment (1.4858ms)
✔ a field reply cannot substitute another time, weighting or sampling plane within the same run (1.4784ms)
✔ batch results and live packets cannot switch physical layout inside an accepted run (1.4048ms)
✔ same-layout responses cannot substitute another vehicle or physical experiment configuration (1.7197ms)
✔ Worker replies without the active run identity cannot enter results or field views (1.9471ms)
✔ log frequency coordinates give equal spacing to equal ratios and omit DC (2.6969ms)
✔ seat curves preserve full-run SPL history and missing values while excluding future frames (1.4795ms)
✔ physical traces share Pa scale, show original and use absolute sample time after a live history wrap (1.1967ms)
✔ the initial waveform uses the same five-second scale as a full rolling window (0.6223ms)
✔ PSD comparisons use actual FFT bin positions and original selection is not drawn twice (0.6668ms)
✔ first valid point is visible and null SPL gaps never create fake zero levels (0.4843ms)
✔ acceleration and speaker drive never masquerade as pressure on a common axis (0.4449ms)
✔ manual plot bounds and hidden primary traces apply independently without changing samples (0.7733ms)
✔ divergent but finite Float32 pressure is bounded only in the audition copies (127.1991ms)
✔ streaming sinc is independent of chunk partition and matches continuous interpolation before the real lookahead tail (398.6884ms)
✔ common lookahead safety envelope preserves all eight d/e ratios, bounds peaks and retains bounded memory (2015.8956ms)
✔ finishing releases exactly the real lookahead tail, including a run shorter than that tail (57.6605ms)
✔ live queue validates complete finite contiguous chunks without changing accepted state on rejection (105.5827ms)
✔ one audio clock freezes on starvation and resumes at the missing sample instead of skipping wall time (12.5305ms)
✔ queued chunks are gapless and all comparisons share one eight-channel buffer without a new clock on switching (11.6169ms)
✔ pause preserves partly consumed audio and a cold allocation never advances the simulation clock (5.8111ms)
✔ async resume cannot revive pause/reset/dispose or clear a newer request, and failure is retryable (17.4243ms)
✔ continuous enqueue stays bounded for ten minutes and finishes exactly without a false underrun or restart (16739.4169ms)
✔ pause and resume while draining keeps the final samples and exact endpoint (18.9429ms)
✔ offline package verifier accepts the exact build and rejects changed, extra or missing files (1748.9129ms)
✔ A1 overview: paused microphone levels survive display-only page and field changes (2.5264ms)
✔ A1 overview: invalidated experiment, warm-up and unavailable microphone never show stale levels (0.4597ms)
✔ A1 detailed passengers: concurrent duplicate seats share download but own clip and disposable meshes (46.2381ms)
✔ A1 detailed passengers: late response after library destruction releases source once; failures can retry (9.6595ms)
✔ A1 detailed passengers: driver swap, clear, vehicle change and destruction cannot resurrect stale loads (8421.1981ms)
✔ A1 detailed passengers: missing local asset keeps driver selectable and reports basic status (2979.3693ms)
✔ A1 detailed passengers: measured six GLBs fit all five authored seat layouts and preserve pelvis support (10832.2977ms)
✔ A1 crew: all six characters can replace the driver; presets and vehicle restoration stay independent (4341.26ms)
✔ A1 crew: each new character has distinct driver/passenger assets and an independent supported instance (7.2312ms)
✔ A1 crew: installed seated and driver GLB bounds fit every seat in all five authored cars (13224.0798ms)
✔ A1 crew: new fallback animations and disposal remain isolated across duplicate characters (82.3626ms)
✔ A1 passengers: real finite geometry, bounded draw count, unique silhouette and single lap hat (632.5078ms)
✔ A1 passengers: all five models use actual cushion anchors including driver (14790.4054ms)
✔ A1 passengers: independent seats allow duplicates; per-vehicle preferences cannot create stale seats (0.9269ms)
✔ A1 passengers: swap, empty, detach and clip preserve the car and acoustic layout (2432.4584ms)
✔ A1 passengers: head/horns stay below each current cabin roof; geometry follows matching seats (9960.053ms)
✔ A1 passengers: repeat frame is stable, reduced motion neutral, resources dispose exactly once (15.6241ms)
✔ A1: preparing first audio buffer does not skip the requested playback position (50.5866ms)
✔ A1: pause cancels pending audio resume; repeated play creates one start (32.5928ms)
✔ A1: loading a new experiment cancels an earlier pending play (0.9487ms)
✔ A1: reaching the end stays stopped when seeking, including before ended is delivered (31.6186ms)
✔ A1: seeking to the end stops; replay starts only on explicit play (30.8202ms)
✔ A1: cold seat/mode switches prepare audio before fading, keep time and use the same gain (588.7334ms)
✔ A1: audio resume failure leaves a retryable paused player (31.8411ms)
✔ A1: an obsolete resume cannot clear or start a newer play request (25.4032ms)
✔ A1: seeking while playing continues at the new position without a retired ended event stopping it (25.7102ms)
✔ A1: a cold comparison prepared across the end never restarts the clip (53.2386ms)
✔ variable duration playback seeks past 16s, switches modes and stops exactly at each loaded clip end (132.0871ms)
✔ A1: batching preserves per-part ownership, named hardware, transformed bounds and exterior isolation (22.8661ms)
✔ A1: sculpted dashboard normals are finite, unit length and continuous at duplicated vertices (40.1181ms)
✔ A1: detailed cabins remain separately detachable while materials and microtextures dispose once (6414.6136ms)
✔ A1: render observations are bounded and never mix different vehicles or suspended frames (0.6948ms)
✔ asset shell modes isolate shared interior materials and restore original ownership once (14.7604ms)
✔ authored asset sections follow actual moving meshes without inventing solid caps or changing coordinates (8.0044ms)
✔ asset picking skips hidden ancestors and discarded section surfaces, and selection bounds follow disassembly (9.1972ms)
✔ selection excludes hidden descendants and follows ancestor transforms without a section (4.0472ms)
✔ selection is restricted to retained section bounds and disappears when fully clipped (3.5714ms)
✔ actual ICE asset keeps all 74127 triangles and 30 groups through inspection, disassembly and full restoration (365.4731ms)
✔ CP controlled comparison blocks road/source/seed/operating changes; scenario states differences (3.7804ms)
✔ CP declared controller changes retain negative outcomes and do not change input snapshots (0.5548ms)
✔ CP scenario cannot cross layout or absolute analysis window (4.4141ms)
✔ CP mode survives summary roundtrip; old summaries retain historical comparison meaning (3.9248ms)
✔ CP nonfinite external readings never become displayed delta (0.514ms)
✔ separate curved sheets have continuous boundary normals and finite UV coordinates (13.4419ms)
✔ rounded lamp apertures preserve the original silhouette bounds without repeated sharp corners (0.8624ms)
✔ P7 shoulder-to-window gap is closed by paint owned by the removable front door (3166.2213ms)
✔ dense grid queries 1989 distinct locations across the original spatial extent (5.4729ms)
✔ dense texture retains the exact engine point order and paired channel energy (5.4385ms)
✔ volume mode contains no visible planar slices; explicit slices remain available (28.4082ms)
✔ temporal transition blends energy and a replacement starts at the displayed energy (8.7494ms)
✔ rewind, weighting, layout and point changes never blend incompatible frames (9.4327ms)
✔ driving distance uses the experiment clock, including pause and backward seek (1.4173ms)
✔ road segments cover a continuous range and preserve world identity while passing the car (0.8466ms)
✔ four cabin eyes share P7 seat coordinates and are distinct from the microphones (0.3767ms)
✔ cabin look rotates around the eye without translating it and clamps pitch (1.1937ms)
✔ wheel spin preserves its axle and semantic attachment, keeping the brake caliper stationary (10.2346ms)
✔ curved graded route preserves arc length, periodic seams and reversible vehicle coordinates (31.4266ms)
✔ A2 landscape: finite, continuous, bounded slopes across every environment and negative world coordinates (1591.8413ms)
✔ A2 road ground stays below the travelled lane through bends and grades (51.3845ms)
✔ A2 recycled world tiles stay beyond the fully faded distance for forward and backward driving (4.6675ms)
✔ A2 sky retains complete imagery while loading and blends monotonically; rapid requests retain referenced textures (13.0705ms)
✔ A2 outdoor camera cannot enter the floor, car shell or distant scenery after repeated pan/zoom/orbit (1.9177ms)
✔ volume texture keeps every queried point and both channels in WebGL storage order (9.6116ms)
✔ spatial smoothing operates on mean-square energy, not a mean of dB or RGB (1.284ms)
✔ improvement is the signed, same-point same-frame difference; worsening is retained (0.6137ms)
✔ detail range includes both channels and has a nonzero span even for a flat frame (1.0836ms)
✔ improvement detail keeps zero centered and includes real worsening and improvement (0.7251ms)
✔ camera moves around the car and reaches an exact endpoint without overshoot (1.753ms)
✔ manual input cancels motion; a rapid replacement starts at the currently visible pose (0.8413ms)
✔ dense queries yield in bounded batches and publish the original point order at one window (175.8467ms)
✔ a late query is cancelled before more chunks are submitted (4.3881ms)
✔ different windows, weighting, positions and layout cannot be merged into one field (51.0585ms)
✔ an invalid warm-up grid stays invalid instead of becoming a coloured result (137.8743ms)
✔ three slice meshes use the original 280 queried positions, including their fixed physical planes (4.2178ms)
✔ a reordered, truncated or non-finite B field frame cannot color the old locations (1.2522ms)
✔ moving each sampled plane requests its physical position and refuses the previous field frame (5.212ms)
✔ 12 coincident projections remain separate and inside the narrow supported viewer (5.2168ms)
✔ four source illustrations can share a narrow view with all 12 hardware labels (4.5986ms)
✔ labels at viewport edges and densely grouped hardware remain clickable (27.7157ms)
✔ lab callouts stay beside the projected hardware instead of the full viewport edges (2.6237ms)
✔ near-car labels remain separate and clickable in a narrow 360 px viewer (0.8171ms)
✔ 720p structure panels and transport never cover the 16 hardware callouts (1.2807ms)
✔ a completely obstructed viewport does not put an invisible clickable label behind its panel (0.4242ms)
✔ P7+ canopy, liftback glazing and rear bumper are separately owned assemblies (3035.9176ms)
✔ P7+ hidden shell exposes actual seat picking, and clipping rejects the removed half (2884.1046ms)
✔ P7+ intermediate explosion poses remain finite and return to identical world transforms (2131.9058ms)
✔ P7+ paint and shell presentation preserve independent glass, tires and cabin materials (2149.7179ms)
✔ P7 detailed EV assemblies and acoustic diaphragms own their reversible geometry (1975.4321ms)
✔ featured structures exist in each generated architecture and explain its actual drive path (547.4107ms)
✔ true mesh-plane sections preserve area, plane position and outward normal after transforms (10.0866ms)
✔ section through exact edges is closed; tangencies and existing coplanar faces are not duplicated (1.9492ms)
✔ ring sections keep their holes and disconnected islands; open surfaces never get a solid cap (51.267ms)
✔ section display updates from exploded geometry, respects ancestor visibility and material opacity (33.6566ms)
✔ bundled showroom SUV is the attributed, offline CC BY asset within the geometry budget (11.6042ms)
✔ BEV showroom keeps the original attribution and bundles a decodable offline model (15.0785ms)
✔ contoured upholstery remains finite, smoothly shaded and inside the assembled seat envelope (248.9485ms)
✔ GX seat detail retains part ownership, reversibility and shared micrograin lifetime (3747.9678ms)
✔ four drivetrains preserve their physical differences and five-seat cabin (655.3974ms)
✔ vehicle geometry is finite and every owned GPU resource is disposed once (527.9675ms)
✔ the BEV and EREV battery enclosure remains directly visible from the underbody (380.7116ms)
✔ the closed side sill hides the floor and battery at door level on all four vehicles (357.9034ms)
✔ xpeng-p7plus: independent layout, full cross paths, both sources and live/batch/field agreement (587.2069ms)
✔ xpeng-p7plus: observer seats and acoustic attachment nodes exist in the actual detachable model (2493.0558ms)
✔ xpeng-x9: independent layout, full cross paths, both sources and live/batch/field agreement (514.859ms)
✔ xpeng-x9: observer seats and acoustic attachment nodes exist in the actual detachable model (3478.6486ms)
✔ xpeng-l03: independent layout, full cross paths, both sources and live/batch/field agreement (428.6894ms)
✔ xpeng-l03: observer seats and acoustic attachment nodes exist in the actual detachable model (2733.7426ms)
✔ xpeng-m03: independent layout, full cross paths, both sources and live/batch/field agreement (361.2455ms)
✔ xpeng-m03: observer seats and acoustic attachment nodes exist in the actual detachable model (2499.8904ms)
✔ xpeng-gx: independent layout, full cross paths, both sources and live/batch/field agreement (330.4121ms)
✔ xpeng-gx: observer seats and acoustic attachment nodes exist in the actual detachable model (2377.2401ms)
✔ x9: P7-level structural coverage and correctly separated battery layers (4224.9462ms)
✔ x9: interior ray picking and sampled disassembly restore world transforms (3895.2428ms)
✔ l03: P7-level structural coverage and correctly separated battery layers (2830.857ms)
✔ l03: interior ray picking and sampled disassembly restore world transforms (2604.8348ms)
✔ m03: P7-level structural coverage and correctly separated battery layers (2393.9843ms)
✔ m03: interior ray picking and sampled disassembly restore world transforms (2399.2701ms)
✔ gx: P7-level structural coverage and correctly separated battery layers (2015.7776ms)
✔ gx: interior ray picking and sampled disassembly restore world transforms (2139.6548ms)
✔ Verified drivetrain and suspension differences survive shared construction helpers (7084.0321ms)
✔ A2 XPeng x9: real proportions, semantic rows and finite geometry (4631.9613ms)
✔ A2 XPeng x9: explosion is reversible, clamped and above floor (3757.4697ms)
✔ A2 XPeng p7plus: real proportions, semantic rows and finite geometry (2401.7471ms)
✔ A2 XPeng p7plus: explosion is reversible, clamped and above floor (2017.2479ms)
✔ A2 XPeng l03: real proportions, semantic rows and finite geometry (2704.7505ms)
✔ A2 XPeng l03: explosion is reversible, clamped and above floor (2346.9917ms)
✔ A2 XPeng m03: real proportions, semantic rows and finite geometry (2337.3549ms)
✔ A2 XPeng m03: explosion is reversible, clamped and above floor (2118.4021ms)
✔ A2 XPeng gx: real proportions, semantic rows and finite geometry (2253.4246ms)
✔ A2 XPeng gx: explosion is reversible, clamped and above floor (1894.7259ms)
✔ A2 XPeng paint affects exterior clones only; resources dispose exactly once (1662.6816ms)
✔ B2-003 async: Web Crypto produces the same container and detached data as sync API (107.7052ms)
✔ B2-003 async: encoding snapshots config, run identity, samples and budgets before awaiting (73.7894ms)
✔ B2-003 async: decode owns a snapshot across Buffer mutation, offset views and transfer (97.5359ms)
✔ B2-003 async: hash rejections and invalid digests propagate without a partial result (84.0063ms)
✔ B2-003 async: malformed, nonfinite and over-budget inputs reject before invoking crypto (29.1501ms)
✔ B2-003: default binary roundtrip, recipe recompute and Python oracle (1457.7311ms)
✔ B2-003: seed29 binary roundtrip, recipe recompute and Python oracle (1564.0438ms)
✔ B2-003: seed47 binary roundtrip, recipe recompute and Python oracle (1341.796ms)
✔ B2-003: taps32 binary roundtrip, recipe recompute and Python oracle (985.2568ms)
✔ B2-003: mu0 binary roundtrip, recipe recompute and Python oracle (921.8718ms)
✔ B2-003: registered source hashes match the numerical implementation (2.6148ms)
✔ B2-003: preserve reference identity, little-endian edge bits and offset views (595.1819ms)
✔ B2-003: silent and zero-denominator metrics retain nonfinite tags and unavailable measurements (169.1859ms)
✔ B2-003: genuine zero/negative reductions and tagged negative zero stay distinct from silence (182.8169ms)
✔ B2-003: malformed/truncated headers, overflow lengths, trailing bytes and padding are rejected (15.7167ms)
✔ B2-003: schema, channel mapping, units, metadata, normalized config and metrics are validated (77.826ms)
✔ B2-003: integrity mismatch and hash-correct nonfinite payload cannot import (47.0812ms)
✔ B2-003: budgets refuse before hashing/large output and count UTF-8 bytes (23.9455ms)
✔ B2-003: unknown numerical models are read-only; recipe recompute revalidates identity and fresh id (21.3008ms)
✔ B2-003: recipes reject extra scripts/URLs/arrays, bad text/config and different schemas (1.968ms)
✔ B2-003: live snapshots, partial results, bad dimensions and invalid samples are not batches (35.6571ms)
✔ B2-003 lab recipe: ice, both sources and 1/4/8 reference topology (1630.2372ms)
✔ B2-003 lab recipe: bev, both sources and 1/4/8 reference topology (1395.8876ms)
✔ B2-003 lab recipe: hev, both sources and 1/4/8 reference topology (1546.3513ms)
✔ B2-003 lab recipe: erev, both sources and 1/4/8 reference topology (1302.4166ms)
✔ B2-003 lab recipe: model/source/recording identities match current files (6.2884ms)
✔ B2-003 lab recipe: preserve legacy absence and normalize shaped/layout/offset defaults explicitly (281.6724ms)
✔ B2-003 lab recipe: RNC off, zero step, speaker disable, seed/taps changes and negative gains retain exact behavior (450.9113ms)
✔ B2-003 lab recipe: actual divergence is a finite prefix, never padded or called complete (302.4917ms)
✔ B2-003 lab recipe: unknown layouts cannot encode/recompute and unknown model is only parsed (2.5622ms)
✔ B2-003 lab recipe: recording asset is mandatory, full-byte hash checked, never random fallback (4.893ms)
✔ B2-003 lab recipe: snapshot config/id/budget and asset before await, propagate resolver/hash failures (144.0501ms)
✔ B2-003 lab recipe: reject bad config, dimensions, identities, extra scripts, live mode and altered defaults (4.9163ms)
✔ B2-003 lab recipe: byte and recompute budgets reject before asset loading or calculation (2.0056ms)
✔ B2-003 lab result: ice, both sources and 1/4/8 references sync/async exact roundtrip (769.0716ms)
✔ B2-003 lab result: bev, both sources and 1/4/8 references sync/async exact roundtrip (748.163ms)
✔ B2-003 lab result: hev, both sources and 1/4/8 references sync/async exact roundtrip (686.2199ms)
✔ B2-003 lab result: erev, both sources and 1/4/8 references sync/async exact roundtrip (669.3832ms)
✔ B2-003 lab result: divergence, disabled RNC/output, mu0 and legacy absence retain status and identities (377.9146ms)
✔ B2-003 lab result: tagged invalid metrics survive, disagreeing summary is quarantined (164.6853ms)
✔ B2-003 lab result: silence and empty divergence never become valid zero dB, real mu0 does (27.1924ms)
✔ B2-003 lab result: finite edge bits and offset views survive with independent arrays (46.9148ms)
✔ B2-003 lab result: unknown model/layout remain read-only without verified metrics (40.7535ms)
✔ B2-003 lab result: hostile manifest identities, dimensions, units, clocks, state and scalar tags reject before hashing (60.8468ms)
✔ B2-003 lab result: truncation, trailing data, lengths, padding, UTF-8 and nonfinite samples reject (76.0889ms)
✔ B2-003 lab result: explicit batch, complete/prefix rules, array shape, UTF-8 identity and budgets reject before crypto (48.6697ms)
✔ B2-003 lab result: async encoder captures all signals/metadata/limits before await (43.9172ms)
✔ B2-003 lab result: async import owns Buffer/offset views across mutation or transfer; SHA failures propagate (70.7032ms)
✔ B2-003 registered export: xpeng-p7plus-bev-v1, both sources, 1/4/8 references (857.9607ms)
✔ B2-003 registered export: xpeng-x9-erev-v1, both sources, 1/4/8 references (803.3817ms)
✔ B2-003 registered export: xpeng-l03-bev-v1, both sources, 1/4/8 references (834.6918ms)
✔ B2-003 registered export: xpeng-m03-bev-v1, both sources, 1/4/8 references (695.1335ms)
✔ B2-003 registered export: xpeng-gx-erev-v1, both sources, 1/4/8 references (835.9307ms)
✔ B2-003 registered export: actual historical model-1 files remain read-only and cannot load assets (10.5391ms)
✔ B2-003 registered export: unknown, asset aliases and powertrain mismatches parse without enabling execution (49.8026ms)
✔ B2-003 registered export: unsupported layouts still reject invalid config and normalization before hashing (68.1893ms)
✔ Hann Welch one-sided PSD integrates to tone mean-square and has the correct peak (13.3164ms)
✔ B2-002: RMS uses exactly the trailing 1000 samples, including first and final windows (6.0918ms)
✔ B2-002: same-window reduction preserves negative gains and aggregates powers before dB (4.7941ms)
✔ B2-002: silence and near-floor pressure never report valid zero-dB benefit (11.8801ms)
✔ B2-002: non-finite pressure is unavailable, never a valid analysis frame (10.9636ms)
✔ B2-002: power rejects invalid ranges and PSD clamps finite sample cursors to actual data (2.7169ms)
✔ B2-002: PSD rejects non-finite samples in its complete windows and ignores future samples (6.53ms)
✔ B2-002: non-finite PSD cursors cannot trap a caller in an unbounded loop (250.3655ms)
✔ B2-002: shared PSD preserves lab pressure weighting and vibration/drive/source units (7.2335ms)
✔ B2-002: asymmetric signal Welch bins match direct DFT, 50% overlap and incomplete-tail handling (207.9706ms)
✔ B2-002: DC and Nyquist are not doubled; PSD scales as signal-unit squared per Hz (10.8449ms)
✔ analysis warming-up, window boundary, channel identity and pressure calibration (1.6236ms)
✔ step size accepts every nonnegative finite value and finite drives exceed the former 100 threshold (374.9713ms)
✔ batch and chunked overflow stop at the same Float32 boundary, keeping the last finite samples and spectra (452.5688ms)
✔ overflow on the first weight update gives an empty finite prefix and a terminal diagnostic (58.2061ms)
✔ new lab experiments learn before two seconds without changing sources or superposition (998.2453ms)
✔ lab FxLMS produces finite true superposition, baseline then learned reduction at all microphones (15.8537ms)
✔ all 16 secondary paths have causal cross coupling and every source reaches every mic (2.2798ms)
✔ first adaptive output matches an independent all-error normalized gradient calculation (79.9428ms)
✔ RNC off, zero step and all disabled speakers retain original noise exactly (1362.6029ms)
✔ one and eight references and disabled output actually change controller dimensions and results (2273.8729ms)
✔ recording-shaped sources retain high finite values and return the valid prefix on overflow (4153.7557ms)
✔ field at microphone positions equals independently measured trace power in the same window (46.2692ms)
✔ off-microphone field is recalculated from wheel q and speaker u, not microphone interpolation (197.6569ms)
✔ vehicle paths vary, seed is reproducible and speed/roughness trends are source-driven (1551.7436ms)
✔ warm-up, zero-speed energy floor and bad configurations are explicit (885.0062ms)
✔ q selection analyzes each actual wheel source independently of reference layout (517.3824ms)
✔ A weighting matches reference corrections and applies power rather than amplitude to PSD (30.7119ms)
✔ teaching calibration anchors pooled 40 km/h baseline at 60 dBA; offset changes H only (770.2868ms)
✔ A/Z analysis and field agree at microphones, including first window and wrapped live history (4044.6148ms)
✔ duration budget rejects invalid allocations; short runs have finite metrics and long runs share streaming samples (6890.3066ms)
✔ pressure density levels use 20uPa while other signals keep unit reference; manual waveform bounds never reveal future samples (626.7263ms)
✔ NFxLMS joint normalization scales inversely with filtered-reference power and regularizes silence (0.3982ms)
✔ stateful first 16 seconds match the unchanged batch q/x/u/d/a/e bit for bit (2643.8302ms)
✔ arbitrary block sizes preserve source/filter/weight state beyond 16 seconds and repeated history wraps (9377.0148ms)
✔ RNC off, zero step, disabled speakers and eight references retain the batch semantics across blocks (6293.3253ms)
✔ wrapped snapshots use one absolute clock and yield the same field window at mic and off-mic points (2398.1316ms)
✔ resident storage stays bounded through two minutes and invalid requests do not advance the stream (5151.9603ms)
✔ live RNC OFF freezes learned weights and zeros drive; ON resumes from those weights without restarting sources (850.2726ms)
✔ an initially disabled live controller can start adapting later (215.3488ms)
✔ wrapped live history retains five seconds at the audible clock despite producer prefetch (2260.0392ms)
✔ numeric overflow returns the finite prefix, preserves history, and cannot resume (17.4112ms)
✔ live generation ignores replay duration, preserves bounded adaptation for ten minutes and refuses overflow atomically (31026.2097ms)
✔ P7 layout has its own cabin and paths; legacy layout unchanged and unsupported IDs rejected (9.1898ms)
✔ P7 arbitrary stream blocks match batch q/x/u/d/a/e bit for bit (502.9919ms)
✔ P7 field equals independent microphone trace power at the same point and window (55.0076ms)
✔ P7 recorded-source branch shares fractional paths between batch, streaming and field (641.2666ms)
✔ a pure delayed gain has constant magnitude and exact analytic group delay (3.3649ms)
✔ response zeros are undefined rather than false finite phase/delay; all sixteen paths remain selectable (74.7548ms)
✔ recorded sources use the four primary-noise ears, validate assets and require explicit data (61.8955ms)
✔ recorded source samples retain shared timing and gain, crossfade synchronously and do not become random or pitch shifted (139.6949ms)
✔ recorded batch and irregular live blocks agree exactly through two source loops; storage and adaptation remain continuous (9560.187ms)
✔ recorded primary paths stay causal and fully coupled, match the passenger 48dBA/Hz peak anchor, and match microphone fields (433.4776ms)
✔ recording-derived data keeps all references and uncalibrated provenance; spectra distinguish vibration and cabin noise (1694.5198ms)
✔ spectral stretch remains causal, normalized and exactly shared by batch/stream at temperature-pressure limits (2970.5634ms)
✔ B1-002: unchanged core in test harness matches normal production entry sample-for-sample (1213.9347ms)
✔ B1-002: asymmetric matrices and independent recurrence detect sign/index/cross-path/timing faults (6089.9354ms)
✔ B1-002: every one of 16 output/reference controller routes contributes with the correct update (2436.9982ms)
✔ B1-002: modifying future x/d cannot change any past output (736.5211ms)
✔ B1-003: invalid shapes, every missing/fixed field and nonfinite values return structured config errors (5.5549ms)
✔ B1-003: all 12 legal configurations have finite isolated Float32 channels and exact zero-step identities (3326.2064ms)
✔ B1-003: nonfinite data, short arrays, drive failure and Float32 overflow never return partial success (1706.7128ms)
✔ B1-003: a failed call preserves prior results and cannot poison the next run (1029.8997ms)
✔ B1-001: default all 640000 samples and metrics match independent Python; exact repeat (844.5702ms)
✔ B1-001: seed29 all 640000 samples and metrics match independent Python; exact repeat (751.9578ms)
✔ B1-001: seed47 all 640000 samples and metrics match independent Python; exact repeat (726.6854ms)
✔ B1-001: taps32 all 640000 samples and metrics match independent Python; exact repeat (487.172ms)
✔ B1-001: mu0 all 640000 samples and metrics match independent Python; exact repeat (505.2053ms)
✔ B1-001: comparison rejects sign, time shift, zeroed output, NaN and near-zero overflow (3.6535ms)
✔ B01/B03: all 640,000 samples match immutable Python Float32 golden and e=d+a (33.4476ms)
✔ B02/B04/B05: five configurations match Python metrics; repeat is deterministic (1286.5258ms)
✔ B06: every output reaches every mic; removing one cross-path removes only that response (0.6151ms)
✔ B07: rejects invalid taps, negative/NaN step, wrong fixed dimensions, null config (0.5365ms)
✔ B2-001: independent unsigned PRNG oracle preserves all three seeds and distinct channel streams (1.7935ms)
✔ B2-001: three-seed shaped references and primary pressure match every Python Float32 sample (166.8215ms)
✔ B2-001: all primary and secondary FIRs retain oracle taps, causal delays and complete cross-coupling (0.8948ms)
✔ B2-001: original pressure includes the documented independent disturbance after causal P*x (71.3753ms)
✔ B2-001: exported demo-v2 identity, units and last-sample time stay explicit (0.1945ms)
✔ audio paths use the same linear gain and sinc resampling (29.0321ms)
ℹ tests 328
ℹ suites 0
ℹ pass 328
ℹ fail 0
ℹ cancelled 0
ℹ skipped 0
ℹ todo 0
ℹ duration_ms 63819.2932
$ tsc --noEmit && vite build
vite v7.1.7 building for production...
transforming...
✓ 112 modules transformed.
rendering chunks...
computing gzip size...
dist/index.html                                            1.03 kB │ gzip:     0.56 kB
dist/assets/engine.worker-Sv3u2Fdq.js                      4.29 kB
dist/assets/rnc-serif-DH6On44C.woff2                      17.78 kB
dist/assets/gallery-desert-B0GsNK42.webp                  19.07 kB
dist/assets/gallery-mountain-B9cQlO9E.webp                19.91 kB
dist/assets/gallery-snow-nXhd3GdG.webp                    22.82 kB
dist/assets/gallery-coast-Dl7q4u_l.webp                   26.81 kB
dist/assets/lab.worker-C7FgpgE2.js                        30.88 kB
dist/assets/rnc-sans-vf96sMn8.woff2                      235.82 kB
dist/assets/recorded-primary-BSu6qUp_.f32              1,280.02 kB
dist/assets/layout-BJyQje-f.png                        1,671.89 kB
dist/assets/gallery-champagne-sunset-v2-DNZvigIO.png   1,944.61 kB
dist/assets/paths-C9jf-qv9.png                         1,989.86 kB
dist/assets/field-CNNqPcDN.png                         2,388.10 kB
dist/assets/aerial_grass_rock_diff_2k-BtlOO1j7.jpg     2,624.64 kB
dist/assets/golden_browser_fixture-BhKaGSeS.json       3,414.19 kB │ gzip: 2,407.80 kB
dist/assets/lakes_8k-Cpp28BEr.jpg                      4,742.10 kB
dist/assets/asphalt_02_nor_gl_2k-UEyVbT-h.jpg          4,943.95 kB
dist/assets/goegap_2k-Jq4FxBej.hdr                     5,445.36 kB
dist/assets/range-rover-sport-svr-4ykCwhl8.glb         5,726.33 kB
dist/assets/lakes_2k-Cp9fVIm5.hdr                      5,918.43 kB
dist/assets/goegap_8k-BpN4yx3b.jpg                     6,050.86 kB
dist/assets/gravel_floor_nor_gl_2k-DtygZ1JK.jpg        6,139.01 kB
dist/assets/tesla-model-y.meshopt-DxsAdN_g.glb        10,353.64 kB
dist/assets/asphalt_02_diff_4k-ztmUkEFu.jpg           11,654.13 kB
dist/assets/gravel_floor_diff_4k-B_Xe7M1M.jpg         18,167.19 kB
dist/assets/lago_disola_4k-CMa_-4Rz.hdr               26,197.09 kB
dist/assets/alps_field_4k-DL9vOQ3t.hdr                26,520.86 kB
dist/assets/lago_disola_8k-C31ajjrJ.jpg               50,106.04 kB
dist/assets/alps_field_8k-BrpRqQi6.jpg                53,871.22 kB
dist/assets/index-Di_b5R-_.css                             6.73 kB │ gzip:     2.23 kB
dist/assets/viewer-BKEBPkNH.css                           14.36 kB │ gzip:     3.45 kB
dist/assets/index-zebzp2gV.css                            88.83 kB │ gzip:    19.36 kB
dist/assets/contracts-nWp9BSjY.js                          0.09 kB │ gzip:     0.11 kB │ map:     2.22 kB
dist/assets/preload-helper-PPVm8Dsz.js                     1.28 kB │ gzip:     0.75 kB │ map:     0.11 kB
dist/assets/path-analysis-COwjqcbF.js                      1.48 kB │ gzip:     0.85 kB │ map:     5.24 kB
dist/assets/index-BJJq3Ru5.js                              2.00 kB │ gzip:     1.05 kB │ map:     7.96 kB
dist/assets/lab-contracts-BIycLH2B.js                      3.25 kB │ gzip:     1.52 kB │ map:    15.85 kB
dist/assets/index-tGS-6ixB.js                              3.69 kB │ gzip:     1.83 kB │ map:     6.85 kB
dist/assets/lab-engine-Ci4Y6_4r.js                         4.22 kB │ gzip:     1.90 kB │ map:    14.44 kB
dist/assets/asset-inspection-BNX0qoBb.js                   4.45 kB │ gzip:     1.91 kB │ map:    14.95 kB
dist/assets/paths-C-m_HCM-.js                             11.02 kB │ gzip:     5.42 kB │ map:    28.52 kB
dist/assets/index-CtZ-usB_.js                             17.96 kB │ gzip:     8.12 kB │ map:    70.68 kB
dist/assets/index-CiN0RZ50.js                             20.53 kB │ gzip:     9.21 kB │ map:    53.78 kB
dist/assets/showroom-model-Boy00ip8.js                    33.44 kB │ gzip:    10.57 kB │ map:    68.00 kB
dist/assets/GLTFLoader-CNcBcEuJ.js                        44.06 kB │ gzip:    13.02 kB │ map:   186.62 kB
dist/assets/xpeng-model-D1luZ-R7.js                       60.84 kB │ gzip:    24.85 kB │ map:   215.05 kB
dist/assets/index-B461-8r8.js                            589.21 kB │ gzip:   229.26 kB │ map: 1,491.20 kB
dist/assets/viewer-BjLts2Ud.js                           601.73 kB │ gzip:   154.84 kB │ map: 2,921.24 kB

(!) Some chunks are larger than 500 kB after minification. Consider:
- Using dynamic import() to code-split the application
- Use build.rollupOptions.output.manualChunks to improve chunking: https://rollupjs.org/configuration-options/#output-manualchunks
- Adjust chunk size limit for this warning via build.chunkSizeWarningLimit.
✓ built in 2.61s
