$ pnpm typecheck && pnpm check:boundaries && pnpm test && pnpm build
$ tsc --noEmit
$ node scripts/check-boundaries.mjs
源码边界通过：A/B 互不导入；shared 独立；integration 负责装配。
$ tsx --test tests/*.test.ts
✔ one road change compares the same weighted window without keeping mutable config (3.7448ms)
✔ changed operating conditions block numeric deltas even when values are present (0.8286ms)
✔ multiple configuration changes remain visible and missing seat values stay unavailable (1.3245ms)
✔ legacy teaching layout compares with explicit teaching ID but another layout suppresses deltas (0.5648ms)
✔ exported A/B summary survives JSON roundtrip and recomputes deltas (6.6249ms)
✔ condition mismatch imports but suppresses unsupported deltas (4.6067ms)
✔ rejects oversized, forged, malformed and nonfinite evidence (5.0239ms)
✔ foreign layouts remain readable but never acquire a numeric comparison (4.3608ms)
✔ older rnc-case-v1 without layout identity imports as teaching layout (1.5819ms)
✔ one-variable review reports measured direction without assigning cause or approval (2.8191ms)
✔ confounded or mismatched cases never receive a causal or numeric verdict (0.8318ms)
✔ an unregistered layout is labeled as file-reported evidence without a verdict (0.5551ms)
✔ new human fields roundtrip, legacy v1 imports blank, computed facts ignore human claims (7.5259ms)
✔ comparison waits for two distinct experiments and does not invent chart values (2.5488ms)
✔ changed control input and exact seat results are shown together, including a worse seat (3.1432ms)
✔ control comparison blocks apparent gains from different speed and never draws deltas (1.0613ms)
✔ scenario comparison labels its numbers as non-causal ANC gains (0.9628ms)
✔ multiple changes and identical inputs do not claim single-factor attribution (3.6971ms)
✔ null, nonfinite and empty readings are missing, never converted to zero (1.4437ms)
✔ both series use the same coordinate for the same value, including negative reduction (0.8154ms)
✔ sensor location, enabled outputs and all physical inputs remain inspectable (2.1546ms)
✔ record text is escaped, and rendering never mutates captured configurations (0.8503ms)
✔ unknown vehicle layouts and mismatched time windows cannot acquire benefit graphics (0.7748ms)
✔ A1: unavailable convergence values leave gaps rather than zero gain or connecting across missing data (3.1999ms)
✔ A1: original noise draws once in grey, residual compares against the same original channel (1.014ms)
✔ paired spatial evidence distinguishes quieter, louder and near-zero samples without claiming a volume mean (2.9414ms)
✔ invalid, mismatched and nonfinite samples cannot produce a stale or invented spatial verdict (0.5959ms)
✔ A1: vehicle depth pass ignores transparent body, keeps seats and restores renderer/hierarchy on failure (7.6665ms)
✔ A1: transparent contour styling returns the exact source colour, side and geometry in solid mode (9.5631ms)
✔ A1: same-frame slice preview preserves main field blend, signed range, slice and clipping (22.3081ms)
✔ A1: overview snapshot preserves lab quantity, slice, range and interpolation even when rendering fails (14.4308ms)
✔ A1: one-second field cadence keeps moving past the old 350 ms plateau (4.2246ms)
✔ A1: slices and volume share the same energy blend, including interrupted frames (3.2114ms)
✔ A1: paused same-window quantity changes crossfade without replacing physical textures (2.1537ms)
✔ A1: pause settles both slice textures and new identities cannot inherit a mode crossfade (5.14ms)
✔ guide requires actual baseline and candidate runs before showing comparison evidence (3.0934ms)
✔ changed operating condition or multiple edits block the guided verdict (0.7282ms)
✔ invalid candidate and stale field never unlock listening (0.3699ms)
✔ a candidate field unlocks guidance only at the comparison window end (0.3734ms)
✔ lab playback applies one gain to all eight signals, preserves d/e ratios and does not mutate physics (50.4534ms)
✔ actual extreme valid lab experiment has no clipped samples after shared preparation (1511.976ms)
✔ sinc overshoot is covered by the strict bound; silence and low-level legacy gain remain unchanged (2.5498ms)
✔ live Worker cancellation rejects pending work and late old errors cannot kill the new run (24.4281ms)
✔ field failure is recoverable but a processor failure rejects every pending query (1.8633ms)
✔ start cancellation and foreign run identities fail explicitly; batch mode cannot produce live chunks (1.9403ms)
✔ live RNC control returns the exact sample boundary and a rejected switch preserves the running worker (5.821ms)
✔ legacy layout is stamped and unimplemented layouts fail before replacing a running experiment (1.6006ms)
✔ field frames without the active physical layout are rejected without killing the experiment (1.8989ms)
✔ a field reply cannot substitute another time, weighting or sampling plane within the same run (1.7931ms)
✔ batch results and live packets cannot switch physical layout inside an accepted run (1.6514ms)
✔ same-layout responses cannot substitute another vehicle or physical experiment configuration (1.8824ms)
✔ Worker replies without the active run identity cannot enter results or field views (1.2859ms)
✔ log frequency coordinates give equal spacing to equal ratios and omit DC (2.8844ms)
✔ seat curves preserve full-run SPL history and missing values while excluding future frames (1.8346ms)
✔ physical traces share Pa scale, show original and use absolute sample time after a live history wrap (1.3085ms)
✔ the initial waveform uses the same five-second scale as a full rolling window (0.7101ms)
✔ PSD comparisons use actual FFT bin positions and original selection is not drawn twice (0.6975ms)
✔ first valid point is visible and null SPL gaps never create fake zero levels (0.4259ms)
✔ acceleration and speaker drive never masquerade as pressure on a common axis (0.4843ms)
✔ manual plot bounds and hidden primary traces apply independently without changing samples (10.1777ms)
✔ divergent but finite Float32 pressure is bounded only in the audition copies (105.2304ms)
✔ streaming sinc is independent of chunk partition and matches continuous interpolation before the real lookahead tail (397.7156ms)
✔ common lookahead safety envelope preserves all eight d/e ratios, bounds peaks and retains bounded memory (1822.7186ms)
✔ finishing releases exactly the real lookahead tail, including a run shorter than that tail (21.9919ms)
✔ live queue validates complete finite contiguous chunks without changing accepted state on rejection (145.5685ms)
✔ one audio clock freezes on starvation and resumes at the missing sample instead of skipping wall time (17.5592ms)
✔ queued chunks are gapless and all comparisons share one eight-channel buffer without a new clock on switching (16.7951ms)
✔ pause preserves partly consumed audio and a cold allocation never advances the simulation clock (15.2817ms)
✔ async resume cannot revive pause/reset/dispose or clear a newer request, and failure is retryable (17.6323ms)
✔ continuous enqueue stays bounded for ten minutes and finishes exactly without a false underrun or restart (16970.3668ms)
✔ pause and resume while draining keeps the final samples and exact endpoint (23.8405ms)
✔ offline package verifier accepts the exact build and rejects changed, extra or missing files (1783.5424ms)
✔ A1 overview: paused microphone levels survive display-only page and field changes (2.4694ms)
✔ A1 overview: invalidated experiment, warm-up and unavailable microphone never show stale levels (0.3985ms)
✔ A1 detailed passengers: concurrent duplicate seats share download but own clip and disposable meshes (28.9421ms)
✔ A1 detailed passengers: late response after library destruction releases source once; failures can retry (4.1636ms)
✔ A1 detailed passengers: driver swap, clear, vehicle change and destruction cannot resurrect stale loads (10982.8187ms)
✔ A1 detailed passengers: missing local asset keeps driver selectable and reports basic status (3416.1081ms)
✔ A1 clearance: cabin floor, cushion and backrest constrain every current basic character and seat (25750.6936ms)
✔ A1 clearance: a steering ring has a free center, with solid rim contact detected (0.7038ms)
✔ A1 clearance: unsampled surface points veto a seemingly clear placement (0.4525ms)
✔ A1 clearance: fitting duplicate geometry leaves the template intact and disposes owned copies once (1.971ms)
✔ A1 clearance: shallow contact is corrected; deep solid penetration is never silently erased (0.4815ms)
✔ A1 clearance: a small localized contact preserves adult scale before shrinking the whole character (0.5433ms)
✔ A1 crew: all six characters can replace the driver; presets and vehicle restoration stay independent (7320.5171ms)
✔ A1 crew: each new character has distinct driver/passenger assets and an independent supported instance (4.8567ms)
✔ A1 crew: new fallback animations and disposal remain isolated across duplicate characters (132.8118ms)
✔ A1 passengers: real finite geometry, bounded draw count, unique silhouette and single lap hat (709.3087ms)
✔ A1 passengers: all five models use actual cushion anchors including driver (16506.8608ms)
✔ A1 passengers: independent seats allow duplicates; per-vehicle preferences cannot create stale seats (1.7814ms)
✔ A1 passengers: swap, empty, detach and clip preserve the car and acoustic layout (3015.7472ms)
✔ A1 passengers: head/horns stay below each current cabin roof; geometry follows matching seats (10113.257ms)
✔ A1 passengers: repeat frame is stable, reduced motion neutral, resources dispose exactly once (17.193ms)
✔ A1: preparing first audio buffer does not skip the requested playback position (43.3822ms)
✔ A1: pause cancels pending audio resume; repeated play creates one start (37.2263ms)
✔ A1: loading a new experiment cancels an earlier pending play (1.0653ms)
✔ A1: reaching the end stays stopped when seeking, including before ended is delivered (32.9635ms)
✔ A1: seeking to the end stops; replay starts only on explicit play (36.5389ms)
✔ A1: cold seat/mode switches prepare audio before fading, keep time and use the same gain (684.2122ms)
✔ A1: audio resume failure leaves a retryable paused player (36.9835ms)
✔ A1: an obsolete resume cannot clear or start a newer play request (39.4673ms)
✔ A1: seeking while playing continues at the new position without a retired ended event stopping it (31.4753ms)
✔ A1: a cold comparison prepared across the end never restarts the clip (49.8354ms)
✔ variable duration playback seeks past 16s, switches modes and stops exactly at each loaded clip end (161.9458ms)
✔ A1: batching preserves per-part ownership, named hardware, transformed bounds and exterior isolation (42.0635ms)
✔ A1: sculpted dashboard normals are finite, unit length and continuous at duplicated vertices (61.1445ms)
✔ A1: detailed cabins remain separately detachable while materials and microtextures dispose once (7904.6882ms)
✔ A1: render observations are bounded and never mix different vehicles or suspended frames (1.1106ms)
✔ gallery and road mode selection follows actual viewer state, including overlay inspection (2.0239ms)
✔ collapse preserves control identity and state, hides body, and returns focus (2.084ms)
✔ Escape collapses only its own panel while preserving other panels and header actions (1.3245ms)
✔ collapse releases the bottom constraint and shrinks the entire box, then restores inline styles (0.5985ms)
✔ environment options are normally closed and selecting one closes without losing the selection (2.3562ms)
✔ environment popup closes on outside, Escape or mode exit and removes document listeners (0.8882ms)
✔ asset shell modes isolate shared interior materials and restore original ownership once (12.0594ms)
✔ authored asset sections follow actual moving meshes without inventing solid caps or changing coordinates (6.4055ms)
✔ asset picking skips hidden ancestors and discarded section surfaces, and selection bounds follow disassembly (5.6469ms)
✔ selection excludes hidden descendants and follows ancestor transforms without a section (1.7955ms)
✔ selection is restricted to retained section bounds and disappears when fully clipped (3.1569ms)
✔ actual ICE asset keeps all 74127 triangles and 30 groups through inspection, disassembly and full restoration (482.044ms)
✔ CP controlled comparison blocks road/source/seed/operating changes; scenario states differences (4.4086ms)
✔ CP declared controller changes retain negative outcomes and do not change input snapshots (0.6705ms)
✔ CP scenario cannot cross layout or absolute analysis window (0.5374ms)
✔ CP mode survives summary roundtrip; old summaries retain historical comparison meaning (7.5316ms)
✔ CP nonfinite external readings never become displayed delta (0.5436ms)
✔ separate curved sheets have continuous boundary normals and finite UV coordinates (13.7301ms)
✔ rounded lamp apertures preserve the original silhouette bounds without repeated sharp corners (1.0936ms)
✔ P7 shoulder-to-window gap is closed by paint owned by the removable front door (4216.7896ms)
✔ dense grid queries 1989 distinct locations across the original spatial extent (5.7487ms)
✔ dense texture retains the exact engine point order and paired channel energy (39.2191ms)
✔ volume mode contains no visible planar slices; explicit slices remain available (19.0676ms)
✔ temporal transition blends energy and a replacement starts at the displayed energy (10.3241ms)
✔ rewind, weighting, layout and point changes never blend incompatible frames (32.552ms)
✔ driving distance uses the experiment clock, including pause and backward seek (4.9385ms)
✔ road segments cover a continuous range and preserve world identity while passing the car (0.966ms)
✔ four cabin eyes share P7 seat coordinates and are distinct from the microphones (0.3276ms)
✔ cabin look rotates around the eye without translating it and clamps pitch (15.495ms)
✔ wheel spin preserves its axle and semantic attachment, keeping the brake caliper stationary (9.9065ms)
✔ curved graded route preserves arc length, periodic seams and reversible vehicle coordinates (38.9533ms)
✔ A2 landscape: finite, continuous, bounded slopes across every environment and negative world coordinates (1949.6375ms)
✔ A2 road ground stays below the travelled lane through bends and grades (99.1273ms)
✔ A2 recycled world tiles stay beyond the fully faded distance for forward and backward driving (22.1473ms)
✔ A2 sky retains complete imagery while loading and blends monotonically; rapid requests retain referenced textures (33.3279ms)
✔ A2 outdoor camera cannot enter the floor, car shell or distant scenery after repeated pan/zoom/orbit (46.7415ms)
✔ volume texture keeps every queried point and both channels in WebGL storage order (22.3181ms)
✔ spatial smoothing operates on mean-square energy, not a mean of dB or RGB (1.2826ms)
✔ improvement is the signed, same-point same-frame difference; worsening is retained (0.6904ms)
✔ detail range includes both channels and has a nonzero span even for a flat frame (2.1694ms)
✔ improvement detail keeps zero centered and includes real worsening and improvement (1.1473ms)
✔ camera moves around the car and reaches an exact endpoint without overshoot (2.1151ms)
✔ manual input cancels motion; a rapid replacement starts at the currently visible pose (0.8562ms)
✔ dense queries yield in bounded batches and publish the original point order at one window (282.4075ms)
✔ a late query is cancelled before more chunks are submitted (2.605ms)
✔ different windows, weighting, positions and layout cannot be merged into one field (41.4918ms)
✔ an invalid warm-up grid stays invalid instead of becoming a coloured result (139.866ms)
✔ three slice meshes use the original 280 queried positions, including their fixed physical planes (4.3988ms)
✔ a reordered, truncated or non-finite B field frame cannot color the old locations (1.3228ms)
✔ moving each sampled plane requests its physical position and refuses the previous field frame (6.6905ms)
✔ 12 coincident projections remain separate and inside the narrow supported viewer (6.1382ms)
✔ four source illustrations can share a narrow view with all 12 hardware labels (3.7822ms)
✔ labels at viewport edges and densely grouped hardware remain clickable (32.9881ms)
✔ lab callouts stay beside the projected hardware instead of the full viewport edges (2.3514ms)
✔ near-car labels remain separate and clickable in a narrow 360 px viewer (0.6755ms)
✔ 720p structure panels and transport never cover the 16 hardware callouts (1.021ms)
✔ a completely obstructed viewport does not put an invisible clickable label behind its panel (0.2771ms)
✔ P7+ canopy, liftback glazing and rear bumper are separately owned assemblies (4218.4422ms)
✔ P7+ hidden shell exposes actual seat picking, and clipping rejects the removed half (3179.8819ms)
✔ P7+ intermediate explosion poses remain finite and return to identical world transforms (2295.917ms)
✔ P7+ paint and shell presentation preserve independent glass, tires and cabin materials (2151.9846ms)
✔ P7 detailed EV assemblies and acoustic diaphragms own their reversible geometry (1905.9846ms)
✔ featured structures exist in each generated architecture and explain its actual drive path (805.8428ms)
✔ true mesh-plane sections preserve area, plane position and outward normal after transforms (28.6635ms)
✔ section through exact edges is closed; tangencies and existing coplanar faces are not duplicated (1.9303ms)
✔ ring sections keep their holes and disconnected islands; open surfaces never get a solid cap (84.5143ms)
✔ section display updates from exploded geometry, respects ancestor visibility and material opacity (7.018ms)
✔ bundled showroom SUV is the attributed, offline CC BY asset within the geometry budget (13.0701ms)
✔ BEV showroom keeps the original attribution and bundles a decodable offline model (24.6846ms)
✔ contoured upholstery remains finite, smoothly shaded and inside the assembled seat envelope (341.1952ms)
✔ GX seat detail retains part ownership, reversibility and shared micrograin lifetime (4972.3638ms)
✔ four drivetrains preserve their physical differences and five-seat cabin (776.6435ms)
✔ vehicle geometry is finite and every owned GPU resource is disposed once (724.9799ms)
✔ the BEV and EREV battery enclosure remains directly visible from the underbody (376.4414ms)
✔ the closed side sill hides the floor and battery at door level on all four vehicles (574.1264ms)
✔ xpeng-p7plus: independent layout, full cross paths, both sources and live/batch/field agreement (629.6842ms)
✔ xpeng-p7plus: observer seats and acoustic attachment nodes exist in the actual detachable model (3470.6841ms)
✔ xpeng-x9: independent layout, full cross paths, both sources and live/batch/field agreement (450.2222ms)
✔ xpeng-x9: observer seats and acoustic attachment nodes exist in the actual detachable model (3799.6731ms)
✔ xpeng-l03: independent layout, full cross paths, both sources and live/batch/field agreement (467.7898ms)
✔ xpeng-l03: observer seats and acoustic attachment nodes exist in the actual detachable model (2879.3459ms)
✔ xpeng-m03: independent layout, full cross paths, both sources and live/batch/field agreement (362.068ms)
✔ xpeng-m03: observer seats and acoustic attachment nodes exist in the actual detachable model (2424.4777ms)
✔ xpeng-gx: independent layout, full cross paths, both sources and live/batch/field agreement (313.4945ms)
✔ xpeng-gx: observer seats and acoustic attachment nodes exist in the actual detachable model (2382.1073ms)
✔ x9: P7-level structural coverage and correctly separated battery layers (5280.8924ms)
✔ x9: interior ray picking and sampled disassembly restore world transforms (4062.1225ms)
✔ l03: P7-level structural coverage and correctly separated battery layers (2906.9017ms)
✔ l03: interior ray picking and sampled disassembly restore world transforms (2554.827ms)
✔ m03: P7-level structural coverage and correctly separated battery layers (2492.5299ms)
✔ m03: interior ray picking and sampled disassembly restore world transforms (2412.0507ms)
✔ gx: P7-level structural coverage and correctly separated battery layers (1992.2292ms)
✔ gx: interior ray picking and sampled disassembly restore world transforms (2328.8957ms)
✔ Verified drivetrain and suspension differences survive shared construction helpers (6077.1922ms)
✔ A2 XPeng x9: real proportions, semantic rows and finite geometry (5728.2993ms)
✔ A2 XPeng x9: explosion is reversible, clamped and above floor (4011.9577ms)
✔ A2 XPeng p7plus: real proportions, semantic rows and finite geometry (2356.9779ms)
✔ A2 XPeng p7plus: explosion is reversible, clamped and above floor (1955.6716ms)
✔ A2 XPeng l03: real proportions, semantic rows and finite geometry (2753.2596ms)
✔ A2 XPeng l03: explosion is reversible, clamped and above floor (2228.9817ms)
✔ A2 XPeng m03: real proportions, semantic rows and finite geometry (2391.3378ms)
✔ A2 XPeng m03: explosion is reversible, clamped and above floor (2147.3821ms)
✔ A2 XPeng gx: real proportions, semantic rows and finite geometry (1905.1894ms)
✔ A2 XPeng gx: explosion is reversible, clamped and above floor (1626.0269ms)
✔ A2 XPeng paint affects exterior clones only; resources dispose exactly once (1537.0701ms)
✔ B2-003 async: Web Crypto produces the same container and detached data as sync API (193.2087ms)
✔ B2-003 async: encoding snapshots config, run identity, samples and budgets before awaiting (130.7999ms)
✔ B2-003 async: decode owns a snapshot across Buffer mutation, offset views and transfer (121.2125ms)
✔ B2-003 async: hash rejections and invalid digests propagate without a partial result (96.172ms)
✔ B2-003 async: malformed, nonfinite and over-budget inputs reject before invoking crypto (38.9866ms)
✔ B2-003: default binary roundtrip, recipe recompute and Python oracle (1513.5117ms)
✔ B2-003: seed29 binary roundtrip, recipe recompute and Python oracle (1392.3963ms)
✔ B2-003: seed47 binary roundtrip, recipe recompute and Python oracle (1318.2102ms)
✔ B2-003: taps32 binary roundtrip, recipe recompute and Python oracle (944.1884ms)
✔ B2-003: mu0 binary roundtrip, recipe recompute and Python oracle (756.4453ms)
✔ B2-003: registered source hashes match the numerical implementation (2.8381ms)
✔ B2-003: preserve reference identity, little-endian edge bits and offset views (517.7154ms)
✔ B2-003: silent and zero-denominator metrics retain nonfinite tags and unavailable measurements (163.2729ms)
✔ B2-003: genuine zero/negative reductions and tagged negative zero stay distinct from silence (167.3597ms)
✔ B2-003: malformed/truncated headers, overflow lengths, trailing bytes and padding are rejected (19.9495ms)
✔ B2-003: schema, channel mapping, units, metadata, normalized config and metrics are validated (95.8809ms)
✔ B2-003: integrity mismatch and hash-correct nonfinite payload cannot import (35.6982ms)
✔ B2-003: budgets refuse before hashing/large output and count UTF-8 bytes (22.8282ms)
✔ B2-003: unknown numerical models are read-only; recipe recompute revalidates identity and fresh id (22.438ms)
✔ B2-003: recipes reject extra scripts/URLs/arrays, bad text/config and different schemas (2.3793ms)
✔ B2-003: live snapshots, partial results, bad dimensions and invalid samples are not batches (50.3614ms)
✔ B2-003 lab recipe: ice, both sources and 1/4/8 reference topology (1509.669ms)
✔ B2-003 lab recipe: bev, both sources and 1/4/8 reference topology (1541.7267ms)
✔ B2-003 lab recipe: hev, both sources and 1/4/8 reference topology (1141.184ms)
✔ B2-003 lab recipe: erev, both sources and 1/4/8 reference topology (1125.7952ms)
✔ B2-003 lab recipe: model/source/recording identities match current files (9.9409ms)
✔ B2-003 lab recipe: preserve legacy absence and normalize shaped/layout/offset defaults explicitly (270.7029ms)
✔ B2-003 lab recipe: RNC off, zero step, speaker disable, seed/taps changes and negative gains retain exact behavior (420.5198ms)
✔ B2-003 lab recipe: actual divergence is a finite prefix, never padded or called complete (297.7905ms)
✔ B2-003 lab recipe: unknown layouts cannot encode/recompute and unknown model is only parsed (3.4262ms)
✔ B2-003 lab recipe: recording asset is mandatory, full-byte hash checked, never random fallback (8.2287ms)
✔ B2-003 lab recipe: snapshot config/id/budget and asset before await, propagate resolver/hash failures (129.9612ms)
✔ B2-003 lab recipe: reject bad config, dimensions, identities, extra scripts, live mode and altered defaults (5.181ms)
✔ B2-003 lab recipe: byte and recompute budgets reject before asset loading or calculation (2.7459ms)
✔ B2-003 lab result: ice, both sources and 1/4/8 references sync/async exact roundtrip (757.6703ms)
✔ B2-003 lab result: bev, both sources and 1/4/8 references sync/async exact roundtrip (692.6575ms)
✔ B2-003 lab result: hev, both sources and 1/4/8 references sync/async exact roundtrip (707.7717ms)
✔ B2-003 lab result: erev, both sources and 1/4/8 references sync/async exact roundtrip (653.292ms)
✔ B2-003 lab result: divergence, disabled RNC/output, mu0 and legacy absence retain status and identities (381.5153ms)
✔ B2-003 lab result: tagged invalid metrics survive, disagreeing summary is quarantined (62.6131ms)
✔ B2-003 lab result: silence and empty divergence never become valid zero dB, real mu0 does (34.4879ms)
✔ B2-003 lab result: finite edge bits and offset views survive with independent arrays (65.7379ms)
✔ B2-003 lab result: unknown model/layout remain read-only without verified metrics (43.5099ms)
✔ B2-003 lab result: hostile manifest identities, dimensions, units, clocks, state and scalar tags reject before hashing (55.757ms)
✔ B2-003 lab result: truncation, trailing data, lengths, padding, UTF-8 and nonfinite samples reject (69.4218ms)
✔ B2-003 lab result: explicit batch, complete/prefix rules, array shape, UTF-8 identity and budgets reject before crypto (60.4469ms)
✔ B2-003 lab result: async encoder captures all signals/metadata/limits before await (42.4502ms)
✔ B2-003 lab result: async import owns Buffer/offset views across mutation or transfer; SHA failures propagate (67.6697ms)
✔ B2-003 registered export: xpeng-p7plus-bev-v1, both sources, 1/4/8 references (735.1311ms)
✔ B2-003 registered export: xpeng-x9-erev-v1, both sources, 1/4/8 references (713.8312ms)
✔ B2-003 registered export: xpeng-l03-bev-v1, both sources, 1/4/8 references (790.3296ms)
✔ B2-003 registered export: xpeng-m03-bev-v1, both sources, 1/4/8 references (795.706ms)
✔ B2-003 registered export: xpeng-gx-erev-v1, both sources, 1/4/8 references (742.8316ms)
✔ B2-003 registered export: actual historical model-1 files remain read-only and cannot load assets (9.1751ms)
✔ B2-003 registered export: unknown, asset aliases and powertrain mismatches parse without enabling execution (37.3575ms)
✔ B2-003 registered export: unsupported layouts still reject invalid config and normalization before hashing (41.9608ms)
✔ Hann Welch one-sided PSD integrates to tone mean-square and has the correct peak (4.6949ms)
✔ B2-002: RMS uses exactly the trailing 1000 samples, including first and final windows (5.9787ms)
✔ B2-002: same-window reduction preserves negative gains and aggregates powers before dB (4.0405ms)
✔ B2-002: silence and near-floor pressure never report valid zero-dB benefit (10.7978ms)
✔ B2-002: non-finite pressure is unavailable, never a valid analysis frame (13.7006ms)
✔ B2-002: power rejects invalid ranges and PSD clamps finite sample cursors to actual data (1.9886ms)
✔ B2-002: PSD rejects non-finite samples in its complete windows and ignores future samples (3.1708ms)
✔ B2-002: non-finite PSD cursors cannot trap a caller in an unbounded loop (329.4882ms)
✔ B2-002: shared PSD preserves lab pressure weighting and vibration/drive/source units (19.073ms)
✔ B2-002: asymmetric signal Welch bins match direct DFT, 50% overlap and incomplete-tail handling (184.9883ms)
✔ B2-002: DC and Nyquist are not doubled; PSD scales as signal-unit squared per Hz (15.7694ms)
✔ analysis warming-up, window boundary, channel identity and pressure calibration (1.6899ms)
✔ step size accepts every nonnegative finite value and finite drives exceed the former 100 threshold (508.0554ms)
✔ batch and chunked overflow stop at the same Float32 boundary, keeping the last finite samples and spectra (595.7551ms)
✔ overflow on the first weight update gives an empty finite prefix and a terminal diagnostic (92.7397ms)
✔ new lab experiments learn before two seconds without changing sources or superposition (1225.7305ms)
✔ lab FxLMS produces finite true superposition, baseline then learned reduction at all microphones (13.8491ms)
✔ all 16 secondary paths have causal cross coupling and every source reaches every mic (3.1929ms)
✔ first adaptive output matches an independent all-error normalized gradient calculation (81.6893ms)
✔ RNC off, zero step and all disabled speakers retain original noise exactly (1235.6229ms)
✔ one and eight references and disabled output actually change controller dimensions and results (2209.3966ms)
✔ recording-shaped sources retain high finite values and return the valid prefix on overflow (3842.1052ms)
✔ field at microphone positions equals independently measured trace power in the same window (39.474ms)
✔ off-microphone field is recalculated from wheel q and speaker u, not microphone interpolation (173.9829ms)
✔ vehicle paths vary, seed is reproducible and speed/roughness trends are source-driven (1475.3108ms)
✔ warm-up, zero-speed energy floor and bad configurations are explicit (840.2358ms)
✔ q selection analyzes each actual wheel source independently of reference layout (451.3361ms)
✔ A weighting matches reference corrections and applies power rather than amplitude to PSD (47.9008ms)
✔ teaching calibration anchors pooled 40 km/h baseline at 60 dBA; offset changes H only (1112.2512ms)
✔ A/Z analysis and field agree at microphones, including first window and wrapped live history (4851.5453ms)
✔ duration budget rejects invalid allocations; short runs have finite metrics and long runs share streaming samples (6247.2887ms)
✔ pressure density levels use 20uPa while other signals keep unit reference; manual waveform bounds never reveal future samples (547.7949ms)
✔ NFxLMS joint normalization scales inversely with filtered-reference power and regularizes silence (0.7075ms)
✔ stateful first 16 seconds match the unchanged batch q/x/u/d/a/e bit for bit (2887.0667ms)
✔ arbitrary block sizes preserve source/filter/weight state beyond 16 seconds and repeated history wraps (9298.6178ms)
✔ RNC off, zero step, disabled speakers and eight references retain the batch semantics across blocks (5620.9259ms)
✔ wrapped snapshots use one absolute clock and yield the same field window at mic and off-mic points (2148.0194ms)
✔ resident storage stays bounded through two minutes and invalid requests do not advance the stream (4764.2205ms)
✔ live RNC OFF freezes learned weights and zeros drive; ON resumes from those weights without restarting sources (658.0406ms)
✔ an initially disabled live controller can start adapting later (172.4742ms)
✔ wrapped live history retains five seconds at the audible clock despite producer prefetch (1921.4627ms)
✔ numeric overflow returns the finite prefix, preserves history, and cannot resume (11.9124ms)
✔ live generation ignores replay duration, preserves bounded adaptation for ten minutes and refuses overflow atomically (24493.0842ms)
✔ P7 layout has its own cabin and paths; legacy layout unchanged and unsupported IDs rejected (7.9224ms)
✔ P7 arbitrary stream blocks match batch q/x/u/d/a/e bit for bit (555.2295ms)
✔ P7 field equals independent microphone trace power at the same point and window (49.5823ms)
✔ P7 recorded-source branch shares fractional paths between batch, streaming and field (859.5846ms)
✔ a pure delayed gain has constant magnitude and exact analytic group delay (3.9719ms)
✔ response zeros are undefined rather than false finite phase/delay; all sixteen paths remain selectable (104.1422ms)
✔ recorded sources use the four primary-noise ears, validate assets and require explicit data (92.5916ms)
✔ recorded source samples retain shared timing and gain, crossfade synchronously and do not become random or pitch shifted (111.3581ms)
✔ recorded batch and irregular live blocks agree exactly through two source loops; storage and adaptation remain continuous (9662.2292ms)
✔ recorded primary paths stay causal and fully coupled, match the passenger 48dBA/Hz peak anchor, and match microphone fields (402.7479ms)
✔ recording-derived data keeps all references and uncalibrated provenance; spectra distinguish vibration and cabin noise (2141.7962ms)
✔ spectral stretch remains causal, normalized and exactly shared by batch/stream at temperature-pressure limits (2867.9061ms)
✔ B1-002: unchanged core in test harness matches normal production entry sample-for-sample (1151.7966ms)
✔ B1-002: asymmetric matrices and independent recurrence detect sign/index/cross-path/timing faults (5495.494ms)
✔ B1-002: every one of 16 output/reference controller routes contributes with the correct update (2265.9972ms)
✔ B1-002: modifying future x/d cannot change any past output (593.6635ms)
✔ B1-003: invalid shapes, every missing/fixed field and nonfinite values return structured config errors (4.2797ms)
✔ B1-003: all 12 legal configurations have finite isolated Float32 channels and exact zero-step identities (2909.7947ms)
✔ B1-003: nonfinite data, short arrays, drive failure and Float32 overflow never return partial success (1593.1967ms)
✔ B1-003: a failed call preserves prior results and cannot poison the next run (838.8205ms)
✔ B1-001: default all 640000 samples and metrics match independent Python; exact repeat (790.8659ms)
✔ B1-001: seed29 all 640000 samples and metrics match independent Python; exact repeat (721.2262ms)
✔ B1-001: seed47 all 640000 samples and metrics match independent Python; exact repeat (675.864ms)
✔ B1-001: taps32 all 640000 samples and metrics match independent Python; exact repeat (521.2239ms)
✔ B1-001: mu0 all 640000 samples and metrics match independent Python; exact repeat (483.5533ms)
✔ B1-001: comparison rejects sign, time shift, zeroed output, NaN and near-zero overflow (4.614ms)
✔ B01/B03: all 640,000 samples match immutable Python Float32 golden and e=d+a (41.5612ms)
✔ B02/B04/B05: five configurations match Python metrics; repeat is deterministic (1155.2133ms)
✔ B06: every output reaches every mic; removing one cross-path removes only that response (0.4208ms)
✔ B07: rejects invalid taps, negative/NaN step, wrong fixed dimensions, null config (0.3834ms)
✔ B2-001: independent unsigned PRNG oracle preserves all three seeds and distinct channel streams (1.2646ms)
✔ B2-001: three-seed shaped references and primary pressure match every Python Float32 sample (171.8797ms)
✔ B2-001: all primary and secondary FIRs retain oracle taps, causal delays and complete cross-coupling (1.2918ms)
✔ B2-001: original pressure includes the documented independent disturbance after causal P*x (73.9674ms)
✔ B2-001: exported demo-v2 identity, units and last-sample time stay explicit (0.3037ms)
✔ audio paths use the same linear gain and sinc resampling (30.6574ms)
ℹ tests 348
ℹ suites 0
ℹ pass 348
ℹ fail 0
ℹ cancelled 0
ℹ skipped 0
ℹ todo 0
ℹ duration_ms 55973.8001
$ tsc --noEmit && vite build
vite v7.1.7 building for production...
transforming...
✓ 117 modules transformed.
rendering chunks...
computing gzip size...
dist/index.html                                            1.03 kB │ gzip:     0.57 kB
dist/assets/engine.worker-Sv3u2Fdq.js                      4.29 kB
dist/assets/rnc-serif-DH6On44C.woff2                      17.78 kB
dist/assets/gallery-desert-B0GsNK42.webp                  19.07 kB
dist/assets/gallery-mountain-B9cQlO9E.webp                19.91 kB
dist/assets/gallery-snow-nXhd3GdG.webp                    22.82 kB
dist/assets/gallery-coast-Dl7q4u_l.webp                   26.81 kB
dist/assets/lab.worker-C7FgpgE2.js                        30.88 kB
dist/assets/rnc-sans-vf96sMn8.woff2                      235.82 kB
dist/assets/recorded-primary-BSu6qUp_.f32              1,280.02 kB
dist/assets/layout-BJyQje-f.png                        1,671.89 kB
dist/assets/gallery-champagne-sunset-v2-DNZvigIO.png   1,944.61 kB
dist/assets/paths-C9jf-qv9.png                         1,989.86 kB
dist/assets/field-CNNqPcDN.png                         2,388.10 kB
dist/assets/aerial_grass_rock_diff_2k-BtlOO1j7.jpg     2,624.64 kB
dist/assets/golden_browser_fixture-BhKaGSeS.json       3,414.19 kB │ gzip: 2,407.80 kB
dist/assets/lakes_8k-Cpp28BEr.jpg                      4,742.10 kB
dist/assets/asphalt_02_nor_gl_2k-UEyVbT-h.jpg          4,943.95 kB
dist/assets/small_rural_road_8k-ClPSoVJX.jpg           5,415.67 kB
dist/assets/goegap_2k-Jq4FxBej.hdr                     5,445.36 kB
dist/assets/range-rover-sport-svr-4ykCwhl8.glb         5,726.33 kB
dist/assets/lakes_2k-Cp9fVIm5.hdr                      5,918.43 kB
dist/assets/goegap_8k-BpN4yx3b.jpg                     6,050.86 kB
dist/assets/gravel_floor_nor_gl_2k-DtygZ1JK.jpg        6,139.01 kB
dist/assets/tesla-model-y.meshopt-DxsAdN_g.glb        10,353.64 kB
dist/assets/asphalt_02_diff_4k-ztmUkEFu.jpg           11,654.13 kB
dist/assets/gravel_floor_diff_4k-B_Xe7M1M.jpg         18,167.19 kB
dist/assets/lago_disola_4k-CMa_-4Rz.hdr               26,197.09 kB
dist/assets/alps_field_4k-DL9vOQ3t.hdr                26,520.86 kB
dist/assets/lago_disola_8k-C31ajjrJ.jpg               50,106.04 kB
dist/assets/alps_field_8k-BrpRqQi6.jpg                53,871.22 kB
dist/assets/index-Di_b5R-_.css                             6.73 kB │ gzip:     2.23 kB
dist/assets/viewer-BKEBPkNH.css                           14.36 kB │ gzip:     3.45 kB
dist/assets/index-L1FKrcLi.css                           103.13 kB │ gzip:    21.94 kB
dist/assets/contracts-nWp9BSjY.js                          0.09 kB │ gzip:     0.11 kB │ map:     2.22 kB
dist/assets/preload-helper-PPVm8Dsz.js                     1.28 kB │ gzip:     0.75 kB │ map:     0.11 kB
dist/assets/path-analysis-COwjqcbF.js                      1.48 kB │ gzip:     0.85 kB │ map:     5.24 kB
dist/assets/index-BJJq3Ru5.js                              2.00 kB │ gzip:     1.05 kB │ map:     7.96 kB
dist/assets/lab-contracts-BIycLH2B.js                      3.25 kB │ gzip:     1.52 kB │ map:    15.85 kB
dist/assets/index-CdUbZwNb.js                              3.69 kB │ gzip:     1.83 kB │ map:     6.85 kB
dist/assets/lab-engine-Ci4Y6_4r.js                         4.22 kB │ gzip:     1.90 kB │ map:    14.44 kB
dist/assets/asset-inspection-CGWmacto.js                   4.45 kB │ gzip:     1.91 kB │ map:    14.95 kB
dist/assets/paths-C-m_HCM-.js                             11.02 kB │ gzip:     5.42 kB │ map:    28.52 kB
dist/assets/index-CtZ-usB_.js                             17.96 kB │ gzip:     8.12 kB │ map:    70.68 kB
dist/assets/index-ciuXBsoW.js                             20.53 kB │ gzip:     9.21 kB │ map:    53.78 kB
dist/assets/showroom-model-BvpDpQ_i.js                    33.44 kB │ gzip:    10.57 kB │ map:    68.00 kB
dist/assets/GLTFLoader-Qq9U7OBz.js                        44.06 kB │ gzip:    13.02 kB │ map:   186.62 kB
dist/assets/xpeng-model-BCFkOR4H.js                       61.56 kB │ gzip:    25.14 kB │ map:   217.37 kB
dist/assets/viewer-BcQz-n6O.js                           601.73 kB │ gzip:   154.84 kB │ map: 2,921.24 kB
dist/assets/index-BAC4Xd74.js                            605.32 kB │ gzip:   235.12 kB │ map: 1,537.75 kB

(!) Some chunks are larger than 500 kB after minification. Consider:
- Using dynamic import() to code-split the application
- Use build.rollupOptions.output.manualChunks to improve chunking: https://rollupjs.org/configuration-options/#output-manualchunks
- Adjust chunk size limit for this warning via build.chunkSizeWarningLimit.
✓ built in 3.23s
