$ pnpm typecheck && pnpm check:boundaries && pnpm test && pnpm build
$ tsc --noEmit
$ node scripts/check-boundaries.mjs
源码边界通过：A/B 互不导入；shared 独立；integration 负责装配。
$ tsx --test tests/*.test.ts
✔ one road change compares the same weighted window without keeping mutable config (3.3597ms)
✔ changed operating conditions block numeric deltas even when values are present (0.8736ms)
✔ multiple configuration changes remain visible and missing seat values stay unavailable (1.2825ms)
✔ legacy teaching layout compares with explicit teaching ID but another layout suppresses deltas (0.6163ms)
✔ exported A/B summary survives JSON roundtrip and recomputes deltas (5.167ms)
✔ condition mismatch imports but suppresses unsupported deltas (3.5433ms)
✔ rejects oversized, forged, malformed and nonfinite evidence (4.7776ms)
✔ foreign layouts remain readable but never acquire a numeric comparison (3.0826ms)
✔ older rnc-case-v1 without layout identity imports as teaching layout (1.1276ms)
✔ one-variable review reports measured direction without assigning cause or approval (2.5659ms)
✔ confounded or mismatched cases never receive a causal or numeric verdict (0.8246ms)
✔ an unregistered layout is labeled as file-reported evidence without a verdict (0.5379ms)
✔ new human fields roundtrip, legacy v1 imports blank, computed facts ignore human claims (9.0107ms)
✔ comparison waits for two distinct experiments and does not invent chart values (3.4867ms)
✔ changed control input and exact seat results are shown together, including a worse seat (3.1254ms)
✔ control comparison blocks apparent gains from different speed and never draws deltas (0.8767ms)
✔ scenario comparison labels its numbers as non-causal ANC gains (0.6557ms)
✔ multiple changes and identical inputs do not claim single-factor attribution (3.6436ms)
✔ null, nonfinite and empty readings are missing, never converted to zero (3.6491ms)
✔ both series use the same coordinate for the same value, including negative reduction (1.2643ms)
✔ sensor location, enabled outputs and all physical inputs remain inspectable (2.0945ms)
✔ record text is escaped, and rendering never mutates captured configurations (2.2556ms)
✔ unknown vehicle layouts and mismatched time windows cannot acquire benefit graphics (5.0749ms)
✔ A1: unavailable convergence values leave gaps rather than zero gain or connecting across missing data (3.1259ms)
✔ A1: original noise draws once in grey, residual compares against the same original channel (1.0844ms)
✔ paired spatial evidence distinguishes quieter, louder and near-zero samples without claiming a volume mean (2.4666ms)
✔ invalid, mismatched and nonfinite samples cannot produce a stale or invented spatial verdict (0.5749ms)
✔ A1: vehicle depth pass ignores transparent body, keeps seats and restores renderer/hierarchy on failure (15.8455ms)
✔ A1: transparent contour styling returns the exact source colour, side and geometry in solid mode (13.7278ms)
✔ A1: same-frame slice preview preserves main field blend, signed range, slice and clipping (6.6006ms)
✔ A1: overview snapshot preserves lab quantity, slice, range and interpolation even when rendering fails (13.6393ms)
✔ A1: one-second field cadence keeps moving past the old 350 ms plateau (3.451ms)
✔ A1: slices and volume share the same energy blend, including interrupted frames (3.1705ms)
✔ A1: paused same-window quantity changes crossfade without replacing physical textures (3.7107ms)
✔ A1: pause settles both slice textures and new identities cannot inherit a mode crossfade (5.3401ms)
✔ guide requires actual baseline and candidate runs before showing comparison evidence (2.6831ms)
✔ changed operating condition or multiple edits block the guided verdict (0.6751ms)
✔ invalid candidate and stale field never unlock listening (0.3787ms)
✔ a candidate field unlocks guidance only at the comparison window end (0.2733ms)
✔ lab playback applies one gain to all eight signals, preserves d/e ratios and does not mutate physics (44.089ms)
✔ actual extreme valid lab experiment has no clipped samples after shared preparation (1509.013ms)
✔ sinc overshoot is covered by the strict bound; silence and low-level legacy gain remain unchanged (3.5033ms)
✔ live Worker cancellation rejects pending work and late old errors cannot kill the new run (23.3347ms)
✔ field failure is recoverable but a processor failure rejects every pending query (1.8034ms)
✔ start cancellation and foreign run identities fail explicitly; batch mode cannot produce live chunks (3.0183ms)
✔ live RNC control returns the exact sample boundary and a rejected switch preserves the running worker (2.4534ms)
✔ legacy layout is stamped and unimplemented layouts fail before replacing a running experiment (1.3202ms)
✔ field frames without the active physical layout are rejected without killing the experiment (1.5496ms)
✔ a field reply cannot substitute another time, weighting or sampling plane within the same run (1.6841ms)
✔ batch results and live packets cannot switch physical layout inside an accepted run (1.3909ms)
✔ same-layout responses cannot substitute another vehicle or physical experiment configuration (1.6303ms)
✔ Worker replies without the active run identity cannot enter results or field views (1.3215ms)
✔ log frequency coordinates give equal spacing to equal ratios and omit DC (2.9535ms)
✔ seat curves preserve full-run SPL history and missing values while excluding future frames (1.6196ms)
✔ physical traces share Pa scale, show original and use absolute sample time after a live history wrap (1.4602ms)
✔ the initial waveform uses the same five-second scale as a full rolling window (0.6679ms)
✔ PSD comparisons use actual FFT bin positions and original selection is not drawn twice (0.7349ms)
✔ first valid point is visible and null SPL gaps never create fake zero levels (0.4425ms)
✔ acceleration and speaker drive never masquerade as pressure on a common axis (0.534ms)
✔ manual plot bounds and hidden primary traces apply independently without changing samples (0.8903ms)
✔ divergent but finite Float32 pressure is bounded only in the audition copies (65.1158ms)
✔ streaming sinc is independent of chunk partition and matches continuous interpolation before the real lookahead tail (353.9053ms)
✔ common lookahead safety envelope preserves all eight d/e ratios, bounds peaks and retains bounded memory (2236.3458ms)
✔ finishing releases exactly the real lookahead tail, including a run shorter than that tail (44.6689ms)
✔ live queue validates complete finite contiguous chunks without changing accepted state on rejection (124.3869ms)
✔ one audio clock freezes on starvation and resumes at the missing sample instead of skipping wall time (30.5136ms)
✔ queued chunks are gapless and all comparisons share one eight-channel buffer without a new clock on switching (19.9069ms)
✔ pause preserves partly consumed audio and a cold allocation never advances the simulation clock (21.4203ms)
✔ async resume cannot revive pause/reset/dispose or clear a newer request, and failure is retryable (20.4034ms)
✔ continuous enqueue stays bounded for ten minutes and finishes exactly without a false underrun or restart (16418.0076ms)
✔ pause and resume while draining keeps the final samples and exact endpoint (27.0029ms)
✔ offline package verifier accepts the exact build and rejects changed, extra or missing files (1627.578ms)
✔ A1 overview: paused microphone levels survive display-only page and field changes (2.6562ms)
✔ A1 overview: invalidated experiment, warm-up and unavailable microphone never show stale levels (0.4533ms)
✔ A1 detailed passengers: concurrent duplicate seats share download but own clip and disposable meshes (16.3783ms)
✔ A1 detailed passengers: late response after library destruction releases source once; failures can retry (16.5756ms)
✔ A1 detailed passengers: driver swap, clear, vehicle change and destruction cannot resurrect stale loads (10606.08ms)
✔ A1 detailed passengers: missing local asset keeps driver selectable and reports basic status (3149.6689ms)
✔ A1 clearance: cabin floor, cushion and backrest constrain every current basic character and seat (24017.7595ms)
✔ A1 clearance: a steering ring has a free center, with solid rim contact detected (0.4241ms)
✔ A1 clearance: unsampled surface points veto a seemingly clear placement (0.2605ms)
✔ A1 clearance: fitting duplicate geometry leaves the template intact and disposes owned copies once (1.1107ms)
✔ A1 clearance: shallow contact is corrected; deep solid penetration is never silently erased (0.2568ms)
✔ A1 clearance: a small localized contact preserves adult scale before shrinking the whole character (0.2549ms)
✔ A1 crew: all six characters can replace the driver; presets and vehicle restoration stay independent (6619.967ms)
✔ A1 crew: each new character has distinct driver/passenger assets and an independent supported instance (4.9201ms)
✔ A1 crew: new fallback animations and disposal remain isolated across duplicate characters (125.8088ms)
✔ A1 passengers: real finite geometry, bounded draw count, unique silhouette and single lap hat (555.1549ms)
✔ A1 passengers: all five models use actual cushion anchors including driver (15704.1376ms)
✔ A1 passengers: independent seats allow duplicates; per-vehicle preferences cannot create stale seats (1.0199ms)
✔ A1 passengers: swap, empty, detach and clip preserve the car and acoustic layout (2737.257ms)
✔ A1 passengers: head/horns stay below each current cabin roof; geometry follows matching seats (9845.5504ms)
✔ A1 passengers: repeat frame is stable, reduced motion neutral, resources dispose exactly once (17.4674ms)
✔ A1: preparing first audio buffer does not skip the requested playback position (45.7952ms)
✔ A1: pause cancels pending audio resume; repeated play creates one start (37.6089ms)
✔ A1: loading a new experiment cancels an earlier pending play (1.185ms)
✔ A1: reaching the end stays stopped when seeking, including before ended is delivered (38.7898ms)
✔ A1: seeking to the end stops; replay starts only on explicit play (63.2238ms)
✔ A1: cold seat/mode switches prepare audio before fading, keep time and use the same gain (612.8724ms)
✔ A1: audio resume failure leaves a retryable paused player (32.2262ms)
✔ A1: an obsolete resume cannot clear or start a newer play request (30.8818ms)
✔ A1: seeking while playing continues at the new position without a retired ended event stopping it (27.1386ms)
✔ A1: a cold comparison prepared across the end never restarts the clip (64.5857ms)
✔ variable duration playback seeks past 16s, switches modes and stops exactly at each loaded clip end (153.2303ms)
✔ A1: batching preserves per-part ownership, named hardware, transformed bounds and exterior isolation (30.2907ms)
✔ A1: sculpted dashboard normals are finite, unit length and continuous at duplicated vertices (40.0991ms)
✔ A1: detailed cabins remain separately detachable while materials and microtextures dispose once (7283.5212ms)
✔ A1: render observations are bounded and never mix different vehicles or suspended frames (1.3939ms)
✔ gallery and road mode selection follows actual viewer state, including overlay inspection (1.4098ms)
✔ collapse preserves control identity and state, hides body, and returns focus (1.7819ms)
✔ Escape collapses only its own panel while preserving other panels and header actions (0.8572ms)
✔ collapse releases the bottom constraint and shrinks the entire box, then restores inline styles (0.4442ms)
✔ environment options are normally closed and selecting one closes without losing the selection (2.1439ms)
✔ environment popup closes on outside, Escape or mode exit and removes document listeners (0.7438ms)
✔ asset shell modes isolate shared interior materials and restore original ownership once (10.5975ms)
✔ authored asset sections follow actual moving meshes without inventing solid caps or changing coordinates (7.7318ms)
✔ asset picking skips hidden ancestors and discarded section surfaces, and selection bounds follow disassembly (6.6279ms)
✔ selection excludes hidden descendants and follows ancestor transforms without a section (1.8035ms)
✔ selection is restricted to retained section bounds and disappears when fully clipped (3.1224ms)
✔ actual ICE asset keeps all 74127 triangles and 30 groups through inspection, disassembly and full restoration (378.6547ms)
✔ CP controlled comparison blocks road/source/seed/operating changes; scenario states differences (4.2102ms)
✔ CP declared controller changes retain negative outcomes and do not change input snapshots (0.7204ms)
✔ CP scenario cannot cross layout or absolute analysis window (0.5771ms)
✔ CP mode survives summary roundtrip; old summaries retain historical comparison meaning (4.0192ms)
✔ CP nonfinite external readings never become displayed delta (0.5829ms)
✔ separate curved sheets have continuous boundary normals and finite UV coordinates (13.7888ms)
✔ rounded lamp apertures preserve the original silhouette bounds without repeated sharp corners (1.0697ms)
✔ P7 shoulder-to-window gap is closed by paint owned by the removable front door (4174.1016ms)
✔ dense grid queries 1989 distinct locations across the original spatial extent (5.8052ms)
✔ dense texture retains the exact engine point order and paired channel energy (4.0724ms)
✔ volume mode contains no visible planar slices; explicit slices remain available (22.1886ms)
✔ temporal transition blends energy and a replacement starts at the displayed energy (10.3307ms)
✔ rewind, weighting, layout and point changes never blend incompatible frames (27.092ms)
✔ driving distance uses the experiment clock, including pause and backward seek (4.395ms)
✔ road segments cover a continuous range and preserve world identity while passing the car (1.0825ms)
✔ four cabin eyes share P7 seat coordinates and are distinct from the microphones (0.4153ms)
✔ cabin look rotates around the eye without translating it and clamps pitch (4.6842ms)
✔ wheel spin preserves its axle and semantic attachment, keeping the brake caliper stationary (6.3555ms)
✔ curved graded route preserves arc length, periodic seams and reversible vehicle coordinates (89.7446ms)
✔ A2 landscape: finite, continuous, bounded slopes across every environment and negative world coordinates (2366.9227ms)
✔ A2 road ground stays below the travelled lane through bends and grades (95.192ms)
✔ A2 recycled world tiles stay beyond the fully faded distance for forward and backward driving (5.5492ms)
✔ A2 sky retains complete imagery while loading and blends monotonically; rapid requests retain referenced textures (19.9289ms)
✔ A2 outdoor camera cannot enter the floor, car shell or distant scenery after repeated pan/zoom/orbit (2.72ms)
✔ volume texture keeps every queried point and both channels in WebGL storage order (7.8906ms)
✔ spatial smoothing operates on mean-square energy, not a mean of dB or RGB (0.9511ms)
✔ improvement is the signed, same-point same-frame difference; worsening is retained (21.2263ms)
✔ detail range includes both channels and has a nonzero span even for a flat frame (2.0392ms)
✔ improvement detail keeps zero centered and includes real worsening and improvement (3.9188ms)
✔ camera moves around the car and reaches an exact endpoint without overshoot (3.7921ms)
✔ manual input cancels motion; a rapid replacement starts at the currently visible pose (1.2776ms)
✔ dense queries yield in bounded batches and publish the original point order at one window (117.6169ms)
✔ a late query is cancelled before more chunks are submitted (26.2972ms)
✔ different windows, weighting, positions and layout cannot be merged into one field (47.4419ms)
✔ an invalid warm-up grid stays invalid instead of becoming a coloured result (140.237ms)
✔ three slice meshes use the original 280 queried positions, including their fixed physical planes (4.0731ms)
✔ a reordered, truncated or non-finite B field frame cannot color the old locations (1.1135ms)
✔ moving each sampled plane requests its physical position and refuses the previous field frame (5.841ms)
✔ A2 gallery shore is one upward-facing indexed surface with an identical 360-degree seam (10178.0782ms)
✔ A2 platform perimeter is supported continuously and both stair landings finish above soil and water (11.6894ms)
✔ A2 lake has an irregular continuous shore and low distant relief preserving the photographic skyline (278.6308ms)
✔ A2 deterministic landscape footprints clear the platform and stairs; plants only root on dry land (95.6371ms)
✔ A2 photographed grassland stays open while alpine trees form varied dry foothill groves (45.6468ms)
✔ A2 platform has a continuous load-bearing car bay and a shallow, supported access path (1002.6214ms)
✔ A2 platform remains one underfloor visibility unit and keeps rough stone opaque across environments (51.5136ms)
✔ A2 platform releases each owned GPU resource once, including instanced detail buffers (29.5168ms)
✔ 12 coincident projections remain separate and inside the narrow supported viewer (5.7452ms)
✔ four source illustrations can share a narrow view with all 12 hardware labels (3.5331ms)
✔ labels at viewport edges and densely grouped hardware remain clickable (11.415ms)
✔ lab callouts stay beside the projected hardware instead of the full viewport edges (2.5621ms)
✔ near-car labels remain separate and clickable in a narrow 360 px viewer (0.8017ms)
✔ 720p structure panels and transport never cover the 16 hardware callouts (1.279ms)
✔ a completely obstructed viewport does not put an invisible clickable label behind its panel (0.4339ms)
✔ P7+ canopy, liftback glazing and rear bumper are separately owned assemblies (3845.8775ms)
✔ P7+ hidden shell exposes actual seat picking, and clipping rejects the removed half (3128.3161ms)
✔ P7+ intermediate explosion poses remain finite and return to identical world transforms (2084.5359ms)
✔ P7+ paint and shell presentation preserve independent glass, tires and cabin materials (2048.8163ms)
✔ P7 detailed EV assemblies and acoustic diaphragms own their reversible geometry (1778.1324ms)
✔ featured structures exist in each generated architecture and explain its actual drive path (743.4676ms)
✔ true mesh-plane sections preserve area, plane position and outward normal after transforms (43.9426ms)
✔ section through exact edges is closed; tangencies and existing coplanar faces are not duplicated (2.3347ms)
✔ ring sections keep their holes and disconnected islands; open surfaces never get a solid cap (80.0963ms)
✔ section display updates from exploded geometry, respects ancestor visibility and material opacity (8.5133ms)
✔ bundled showroom SUV is the attributed, offline CC BY asset within the geometry budget (12.6703ms)
✔ BEV showroom keeps the original attribution and bundles a decodable offline model (40.1411ms)
✔ contoured upholstery remains finite, smoothly shaded and inside the assembled seat envelope (345.2962ms)
✔ GX seat detail retains part ownership, reversibility and shared micrograin lifetime (4558.5407ms)
✔ four drivetrains preserve their physical differences and five-seat cabin (633.8427ms)
✔ vehicle geometry is finite and every owned GPU resource is disposed once (644.2096ms)
✔ the BEV and EREV battery enclosure remains directly visible from the underbody (417.4751ms)
✔ the closed side sill hides the floor and battery at door level on all four vehicles (452.7125ms)
✔ xpeng-p7plus: independent layout, full cross paths, both sources and live/batch/field agreement (731.6655ms)
✔ xpeng-p7plus: observer seats and acoustic attachment nodes exist in the actual detachable model (3267.1084ms)
✔ xpeng-x9: independent layout, full cross paths, both sources and live/batch/field agreement (475.0038ms)
✔ xpeng-x9: observer seats and acoustic attachment nodes exist in the actual detachable model (3374.7181ms)
✔ xpeng-l03: independent layout, full cross paths, both sources and live/batch/field agreement (409.2753ms)
✔ xpeng-l03: observer seats and acoustic attachment nodes exist in the actual detachable model (2735.856ms)
✔ xpeng-m03: independent layout, full cross paths, both sources and live/batch/field agreement (312.2473ms)
✔ xpeng-m03: observer seats and acoustic attachment nodes exist in the actual detachable model (2337.866ms)
✔ xpeng-gx: independent layout, full cross paths, both sources and live/batch/field agreement (355.8106ms)
✔ xpeng-gx: observer seats and acoustic attachment nodes exist in the actual detachable model (2095.5636ms)
✔ x9: P7-level structural coverage and correctly separated battery layers (5107.1549ms)
✔ x9: interior ray picking and sampled disassembly restore world transforms (3825.7833ms)
✔ l03: P7-level structural coverage and correctly separated battery layers (2695.4103ms)
✔ l03: interior ray picking and sampled disassembly restore world transforms (2214.8402ms)
✔ m03: P7-level structural coverage and correctly separated battery layers (2204.8666ms)
✔ m03: interior ray picking and sampled disassembly restore world transforms (2263.501ms)
✔ gx: P7-level structural coverage and correctly separated battery layers (1933.6852ms)
✔ gx: interior ray picking and sampled disassembly restore world transforms (2087.735ms)
✔ Verified drivetrain and suspension differences survive shared construction helpers (5673.586ms)
✔ A2 XPeng x9: real proportions, semantic rows and finite geometry (5542.0148ms)
✔ A2 XPeng x9: explosion is reversible, clamped and above floor (3807.4338ms)
✔ A2 XPeng p7plus: real proportions, semantic rows and finite geometry (2226.2137ms)
✔ A2 XPeng p7plus: explosion is reversible, clamped and above floor (1865.2135ms)
✔ A2 XPeng l03: real proportions, semantic rows and finite geometry (2455.16ms)
✔ A2 XPeng l03: explosion is reversible, clamped and above floor (2232.6102ms)
✔ A2 XPeng m03: real proportions, semantic rows and finite geometry (2277.7934ms)
✔ A2 XPeng m03: explosion is reversible, clamped and above floor (2069.4636ms)
✔ A2 XPeng gx: real proportions, semantic rows and finite geometry (1777.7376ms)
✔ A2 XPeng gx: explosion is reversible, clamped and above floor (1432.2526ms)
✔ A2 XPeng paint affects exterior clones only; resources dispose exactly once (1341.6382ms)
✔ B2-003 async: Web Crypto produces the same container and detached data as sync API (167.4108ms)
✔ B2-003 async: encoding snapshots config, run identity, samples and budgets before awaiting (88.8182ms)
✔ B2-003 async: decode owns a snapshot across Buffer mutation, offset views and transfer (107.3867ms)
✔ B2-003 async: hash rejections and invalid digests propagate without a partial result (128.612ms)
✔ B2-003 async: malformed, nonfinite and over-budget inputs reject before invoking crypto (51.6006ms)
✔ B2-003: default binary roundtrip, recipe recompute and Python oracle (1527.2505ms)
✔ B2-003: seed29 binary roundtrip, recipe recompute and Python oracle (1301.2599ms)
✔ B2-003: seed47 binary roundtrip, recipe recompute and Python oracle (1172.9953ms)
✔ B2-003: taps32 binary roundtrip, recipe recompute and Python oracle (886.9367ms)
✔ B2-003: mu0 binary roundtrip, recipe recompute and Python oracle (727.8121ms)
✔ B2-003: registered source hashes match the numerical implementation (4.9106ms)
✔ B2-003: preserve reference identity, little-endian edge bits and offset views (482.8594ms)
✔ B2-003: silent and zero-denominator metrics retain nonfinite tags and unavailable measurements (165.5527ms)
✔ B2-003: genuine zero/negative reductions and tagged negative zero stay distinct from silence (160.3794ms)
✔ B2-003: malformed/truncated headers, overflow lengths, trailing bytes and padding are rejected (19.6466ms)
✔ B2-003: schema, channel mapping, units, metadata, normalized config and metrics are validated (72.997ms)
✔ B2-003: integrity mismatch and hash-correct nonfinite payload cannot import (37.8856ms)
✔ B2-003: budgets refuse before hashing/large output and count UTF-8 bytes (21.3348ms)
✔ B2-003: unknown numerical models are read-only; recipe recompute revalidates identity and fresh id (23.574ms)
✔ B2-003: recipes reject extra scripts/URLs/arrays, bad text/config and different schemas (3.4407ms)
✔ B2-003: live snapshots, partial results, bad dimensions and invalid samples are not batches (55.1165ms)
✔ B2-003 lab recipe: ice, both sources and 1/4/8 reference topology (1476.6151ms)
✔ B2-003 lab recipe: bev, both sources and 1/4/8 reference topology (1280.7904ms)
✔ B2-003 lab recipe: hev, both sources and 1/4/8 reference topology (1215.4107ms)
✔ B2-003 lab recipe: erev, both sources and 1/4/8 reference topology (1083.3858ms)
✔ B2-003 lab recipe: model/source/recording identities match current files (18.4585ms)
✔ B2-003 lab recipe: preserve legacy absence and normalize shaped/layout/offset defaults explicitly (195.0316ms)
✔ B2-003 lab recipe: RNC off, zero step, speaker disable, seed/taps changes and negative gains retain exact behavior (365.2625ms)
✔ B2-003 lab recipe: actual divergence is a finite prefix, never padded or called complete (231.7466ms)
✔ B2-003 lab recipe: unknown layouts cannot encode/recompute and unknown model is only parsed (2.8462ms)
✔ B2-003 lab recipe: recording asset is mandatory, full-byte hash checked, never random fallback (5.9146ms)
✔ B2-003 lab recipe: snapshot config/id/budget and asset before await, propagate resolver/hash failures (132.8401ms)
✔ B2-003 lab recipe: reject bad config, dimensions, identities, extra scripts, live mode and altered defaults (3.9127ms)
✔ B2-003 lab recipe: byte and recompute budgets reject before asset loading or calculation (2.43ms)
✔ B2-003 lab result: ice, both sources and 1/4/8 references sync/async exact roundtrip (614.6482ms)
✔ B2-003 lab result: bev, both sources and 1/4/8 references sync/async exact roundtrip (656.876ms)
✔ B2-003 lab result: hev, both sources and 1/4/8 references sync/async exact roundtrip (643.2325ms)
✔ B2-003 lab result: erev, both sources and 1/4/8 references sync/async exact roundtrip (584.3727ms)
✔ B2-003 lab result: divergence, disabled RNC/output, mu0 and legacy absence retain status and identities (360.0971ms)
✔ B2-003 lab result: tagged invalid metrics survive, disagreeing summary is quarantined (94.9077ms)
✔ B2-003 lab result: silence and empty divergence never become valid zero dB, real mu0 does (20.8632ms)
✔ B2-003 lab result: finite edge bits and offset views survive with independent arrays (41.59ms)
✔ B2-003 lab result: unknown model/layout remain read-only without verified metrics (30.127ms)
✔ B2-003 lab result: hostile manifest identities, dimensions, units, clocks, state and scalar tags reject before hashing (49.3248ms)
✔ B2-003 lab result: truncation, trailing data, lengths, padding, UTF-8 and nonfinite samples reject (55.8614ms)
✔ B2-003 lab result: explicit batch, complete/prefix rules, array shape, UTF-8 identity and budgets reject before crypto (26.9312ms)
✔ B2-003 lab result: async encoder captures all signals/metadata/limits before await (29.1614ms)
✔ B2-003 lab result: async import owns Buffer/offset views across mutation or transfer; SHA failures propagate (62.3424ms)
✔ B2-003 registered export: xpeng-p7plus-bev-v1, both sources, 1/4/8 references (699.3839ms)
✔ B2-003 registered export: xpeng-x9-erev-v1, both sources, 1/4/8 references (713.914ms)
✔ B2-003 registered export: xpeng-l03-bev-v1, both sources, 1/4/8 references (757.749ms)
✔ B2-003 registered export: xpeng-m03-bev-v1, both sources, 1/4/8 references (775.0169ms)
✔ B2-003 registered export: xpeng-gx-erev-v1, both sources, 1/4/8 references (707.3593ms)
✔ B2-003 registered export: actual historical model-1 files remain read-only and cannot load assets (8.3049ms)
✔ B2-003 registered export: unknown, asset aliases and powertrain mismatches parse without enabling execution (43.499ms)
✔ B2-003 registered export: unsupported layouts still reject invalid config and normalization before hashing (64.6515ms)
✔ Hann Welch one-sided PSD integrates to tone mean-square and has the correct peak (8.9973ms)
✔ B2-002: RMS uses exactly the trailing 1000 samples, including first and final windows (5.992ms)
✔ B2-002: same-window reduction preserves negative gains and aggregates powers before dB (4.8046ms)
✔ B2-002: silence and near-floor pressure never report valid zero-dB benefit (14.4867ms)
✔ B2-002: non-finite pressure is unavailable, never a valid analysis frame (13.5589ms)
✔ B2-002: power rejects invalid ranges and PSD clamps finite sample cursors to actual data (2.7301ms)
✔ B2-002: PSD rejects non-finite samples in its complete windows and ignores future samples (2.3327ms)
✔ B2-002: non-finite PSD cursors cannot trap a caller in an unbounded loop (316.7138ms)
✔ B2-002: shared PSD preserves lab pressure weighting and vibration/drive/source units (9.5557ms)
✔ B2-002: asymmetric signal Welch bins match direct DFT, 50% overlap and incomplete-tail handling (176.5219ms)
✔ B2-002: DC and Nyquist are not doubled; PSD scales as signal-unit squared per Hz (15.5957ms)
✔ analysis warming-up, window boundary, channel identity and pressure calibration (1.1078ms)
✔ step size accepts every nonnegative finite value and finite drives exceed the former 100 threshold (446.1083ms)
✔ batch and chunked overflow stop at the same Float32 boundary, keeping the last finite samples and spectra (615.6315ms)
✔ overflow on the first weight update gives an empty finite prefix and a terminal diagnostic (47.783ms)
✔ new lab experiments learn before two seconds without changing sources or superposition (1187.5714ms)
✔ lab FxLMS produces finite true superposition, baseline then learned reduction at all microphones (23.9332ms)
✔ all 16 secondary paths have causal cross coupling and every source reaches every mic (2.638ms)
✔ first adaptive output matches an independent all-error normalized gradient calculation (102.5763ms)
✔ RNC off, zero step and all disabled speakers retain original noise exactly (1225.1786ms)
✔ one and eight references and disabled output actually change controller dimensions and results (2076.6199ms)
✔ recording-shaped sources retain high finite values and return the valid prefix on overflow (3681.2684ms)
✔ field at microphone positions equals independently measured trace power in the same window (40.8103ms)
✔ off-microphone field is recalculated from wheel q and speaker u, not microphone interpolation (165.1295ms)
✔ vehicle paths vary, seed is reproducible and speed/roughness trends are source-driven (1403.2384ms)
✔ warm-up, zero-speed energy floor and bad configurations are explicit (787.2601ms)
✔ q selection analyzes each actual wheel source independently of reference layout (474.2478ms)
✔ A weighting matches reference corrections and applies power rather than amplitude to PSD (42.6905ms)
✔ teaching calibration anchors pooled 40 km/h baseline at 60 dBA; offset changes H only (1123.5113ms)
✔ A/Z analysis and field agree at microphones, including first window and wrapped live history (4354.5775ms)
✔ duration budget rejects invalid allocations; short runs have finite metrics and long runs share streaming samples (6058.1946ms)
✔ pressure density levels use 20uPa while other signals keep unit reference; manual waveform bounds never reveal future samples (524.1394ms)
✔ NFxLMS joint normalization scales inversely with filtered-reference power and regularizes silence (0.5078ms)
✔ stateful first 16 seconds match the unchanged batch q/x/u/d/a/e bit for bit (2805.8483ms)
✔ arbitrary block sizes preserve source/filter/weight state beyond 16 seconds and repeated history wraps (8863.259ms)
✔ RNC off, zero step, disabled speakers and eight references retain the batch semantics across blocks (5536.5906ms)
✔ wrapped snapshots use one absolute clock and yield the same field window at mic and off-mic points (2064.4842ms)
✔ resident storage stays bounded through two minutes and invalid requests do not advance the stream (4480.9446ms)
✔ live RNC OFF freezes learned weights and zeros drive; ON resumes from those weights without restarting sources (608.4252ms)
✔ an initially disabled live controller can start adapting later (220.366ms)
✔ wrapped live history retains five seconds at the audible clock despite producer prefetch (1755.4572ms)
✔ numeric overflow returns the finite prefix, preserves history, and cannot resume (11.8467ms)
✔ live generation ignores replay duration, preserves bounded adaptation for ten minutes and refuses overflow atomically (22285.492ms)
✔ P7 layout has its own cabin and paths; legacy layout unchanged and unsupported IDs rejected (17.363ms)
✔ P7 arbitrary stream blocks match batch q/x/u/d/a/e bit for bit (549.0138ms)
✔ P7 field equals independent microphone trace power at the same point and window (59.3097ms)
✔ P7 recorded-source branch shares fractional paths between batch, streaming and field (706.1418ms)
✔ a pure delayed gain has constant magnitude and exact analytic group delay (3.2225ms)
✔ response zeros are undefined rather than false finite phase/delay; all sixteen paths remain selectable (72.7089ms)
✔ recorded sources use the four primary-noise ears, validate assets and require explicit data (83.6809ms)
✔ recorded source samples retain shared timing and gain, crossfade synchronously and do not become random or pitch shifted (90.758ms)
✔ recorded batch and irregular live blocks agree exactly through two source loops; storage and adaptation remain continuous (9575.1374ms)
✔ recorded primary paths stay causal and fully coupled, match the passenger 48dBA/Hz peak anchor, and match microphone fields (385.0065ms)
✔ recording-derived data keeps all references and uncalibrated provenance; spectra distinguish vibration and cabin noise (1766.291ms)
✔ spectral stretch remains causal, normalized and exactly shared by batch/stream at temperature-pressure limits (2670.5665ms)
✔ B1-002: unchanged core in test harness matches normal production entry sample-for-sample (984.5326ms)
✔ B1-002: asymmetric matrices and independent recurrence detect sign/index/cross-path/timing faults (5317.5905ms)
✔ B1-002: every one of 16 output/reference controller routes contributes with the correct update (1866.6188ms)
✔ B1-002: modifying future x/d cannot change any past output (628.5516ms)
✔ B1-003: invalid shapes, every missing/fixed field and nonfinite values return structured config errors (4.5237ms)
✔ B1-003: all 12 legal configurations have finite isolated Float32 channels and exact zero-step identities (2443.2953ms)
✔ B1-003: nonfinite data, short arrays, drive failure and Float32 overflow never return partial success (1546.3037ms)
✔ B1-003: a failed call preserves prior results and cannot poison the next run (852.6241ms)
✔ B1-001: default all 640000 samples and metrics match independent Python; exact repeat (717.5497ms)
✔ B1-001: seed29 all 640000 samples and metrics match independent Python; exact repeat (695.8096ms)
✔ B1-001: seed47 all 640000 samples and metrics match independent Python; exact repeat (722.0709ms)
✔ B1-001: taps32 all 640000 samples and metrics match independent Python; exact repeat (495.0287ms)
✔ B1-001: mu0 all 640000 samples and metrics match independent Python; exact repeat (406.8597ms)
✔ B1-001: comparison rejects sign, time shift, zeroed output, NaN and near-zero overflow (3.0416ms)
✔ B01/B03: all 640,000 samples match immutable Python Float32 golden and e=d+a (37.9171ms)
✔ B02/B04/B05: five configurations match Python metrics; repeat is deterministic (1110.573ms)
✔ B06: every output reaches every mic; removing one cross-path removes only that response (0.4888ms)
✔ B07: rejects invalid taps, negative/NaN step, wrong fixed dimensions, null config (0.3812ms)
✔ B2-001: independent unsigned PRNG oracle preserves all three seeds and distinct channel streams (3.2207ms)
✔ B2-001: three-seed shaped references and primary pressure match every Python Float32 sample (156.2523ms)
✔ B2-001: all primary and secondary FIRs retain oracle taps, causal delays and complete cross-coupling (1.1182ms)
✔ B2-001: original pressure includes the documented independent disturbance after causal P*x (70.7402ms)
✔ B2-001: exported demo-v2 identity, units and last-sample time stay explicit (0.297ms)
✔ audio paths use the same linear gain and sinc resampling (25.0541ms)
ℹ tests 356
ℹ suites 0
ℹ pass 356
ℹ fail 0
ℹ cancelled 0
ℹ skipped 0
ℹ todo 0
ℹ duration_ms 52964.4307
$ tsc --noEmit && vite build
vite v7.1.7 building for production...
transforming...
✓ 119 modules transformed.
rendering chunks...
computing gzip size...
dist/index.html                                            1.03 kB │ gzip:     0.57 kB
dist/assets/engine.worker-Sv3u2Fdq.js                      4.29 kB
dist/assets/rnc-serif-DH6On44C.woff2                      17.78 kB
dist/assets/gallery-desert-B0GsNK42.webp                  19.07 kB
dist/assets/gallery-mountain-B9cQlO9E.webp                19.91 kB
dist/assets/gallery-snow-nXhd3GdG.webp                    22.82 kB
dist/assets/gallery-coast-Dl7q4u_l.webp                   26.81 kB
dist/assets/lab.worker-C7FgpgE2.js                        30.88 kB
dist/assets/rnc-sans-vf96sMn8.woff2                      235.82 kB
dist/assets/recorded-primary-BSu6qUp_.f32              1,280.02 kB
dist/assets/layout-BJyQje-f.png                        1,671.89 kB
dist/assets/gallery-champagne-sunset-v2-DNZvigIO.png   1,944.61 kB
dist/assets/paths-C9jf-qv9.png                         1,989.86 kB
dist/assets/field-CNNqPcDN.png                         2,388.10 kB
dist/assets/aerial_grass_rock_diff_2k-BtlOO1j7.jpg     2,624.64 kB
dist/assets/golden_browser_fixture-BhKaGSeS.json       3,414.19 kB │ gzip: 2,407.80 kB
dist/assets/asphalt_02_nor_gl_2k-UEyVbT-h.jpg          4,943.95 kB
dist/assets/small_rural_road_8k-ClPSoVJX.jpg           5,415.67 kB
dist/assets/goegap_2k-Jq4FxBej.hdr                     5,445.36 kB
dist/assets/range-rover-sport-svr-4ykCwhl8.glb         5,726.33 kB
dist/assets/goegap_8k-BpN4yx3b.jpg                     6,050.86 kB
dist/assets/gravel_floor_nor_gl_2k-DtygZ1JK.jpg        6,139.01 kB
dist/assets/tesla-model-y.meshopt-DxsAdN_g.glb        10,353.64 kB
dist/assets/asphalt_02_diff_4k-ztmUkEFu.jpg           11,654.13 kB
dist/assets/gravel_floor_diff_4k-B_Xe7M1M.jpg         18,167.19 kB
dist/assets/qwantani_sunset_4k-D0g2gD-X.hdr           24,736.30 kB
dist/assets/lago_disola_4k-CMa_-4Rz.hdr               26,197.09 kB
dist/assets/alps_field_4k-DL9vOQ3t.hdr                26,520.86 kB
dist/assets/qwantani_sunset_8k-CtOG8UdS.jpg           44,654.66 kB
dist/assets/lago_disola_8k-C31ajjrJ.jpg               50,106.04 kB
dist/assets/alps_field_8k-BrpRqQi6.jpg                53,871.22 kB
dist/assets/index-Di_b5R-_.css                             6.73 kB │ gzip:     2.23 kB
dist/assets/viewer-BKEBPkNH.css                           14.36 kB │ gzip:     3.45 kB
dist/assets/index-CycPfVnh.css                           103.95 kB │ gzip:    22.09 kB
dist/assets/contracts-nWp9BSjY.js                          0.09 kB │ gzip:     0.11 kB │ map:     2.22 kB
dist/assets/preload-helper-PPVm8Dsz.js                     1.28 kB │ gzip:     0.75 kB │ map:     0.11 kB
dist/assets/path-analysis-COwjqcbF.js                      1.48 kB │ gzip:     0.85 kB │ map:     5.24 kB
dist/assets/index-BJJq3Ru5.js                              2.00 kB │ gzip:     1.05 kB │ map:     7.96 kB
dist/assets/lab-contracts-BIycLH2B.js                      3.25 kB │ gzip:     1.52 kB │ map:    15.85 kB
dist/assets/index-D-ffMhEu.js                              3.69 kB │ gzip:     1.83 kB │ map:     6.85 kB
dist/assets/lab-engine-Ci4Y6_4r.js                         4.22 kB │ gzip:     1.90 kB │ map:    14.44 kB
dist/assets/asset-inspection-ClS57BUH.js                   4.45 kB │ gzip:     1.91 kB │ map:    14.95 kB
dist/assets/paths-C-m_HCM-.js                             11.02 kB │ gzip:     5.42 kB │ map:    28.52 kB
dist/assets/index-CtZ-usB_.js                             17.96 kB │ gzip:     8.12 kB │ map:    70.68 kB
dist/assets/index-B740Wr0b.js                             20.53 kB │ gzip:     9.21 kB │ map:    53.78 kB
dist/assets/showroom-model-zLfu8zxi.js                    33.44 kB │ gzip:    10.57 kB │ map:    68.00 kB
dist/assets/GLTFLoader-BRosI-Br.js                        44.06 kB │ gzip:    13.01 kB │ map:   186.62 kB
dist/assets/xpeng-model-BJ0GW5Qo.js                       61.56 kB │ gzip:    25.14 kB │ map:   217.37 kB
dist/assets/viewer-BTrNhDtf.js                           601.73 kB │ gzip:   154.84 kB │ map: 2,921.24 kB
dist/assets/index-B0MfSt9V.js                            615.82 kB │ gzip:   238.61 kB │ map: 1,567.35 kB

(!) Some chunks are larger than 500 kB after minification. Consider:
- Using dynamic import() to code-split the application
- Use build.rollupOptions.output.manualChunks to improve chunking: https://rollupjs.org/configuration-options/#output-manualchunks
- Adjust chunk size limit for this warning via build.chunkSizeWarningLimit.
✓ built in 3.07s
