Already up to date
Done in 386ms using pnpm v11.19.0
源码边界通过：A/B 互不导入；shared 独立；integration 负责装配。
TAP version 13
# Subtest: one road change compares the same weighted window without keeping mutable config
ok 1 - one road change compares the same weighted window without keeping mutable config
  ---
  duration_ms: 2.358
  ...
# Subtest: changed operating conditions block numeric deltas even when values are present
ok 2 - changed operating conditions block numeric deltas even when values are present
  ---
  duration_ms: 0.4708
  ...
# Subtest: multiple configuration changes remain visible and missing seat values stay unavailable
ok 3 - multiple configuration changes remain visible and missing seat values stay unavailable
  ---
  duration_ms: 0.8424
  ...
# Subtest: legacy teaching layout compares with explicit teaching ID but another layout suppresses deltas
ok 4 - legacy teaching layout compares with explicit teaching ID but another layout suppresses deltas
  ---
  duration_ms: 0.4073
  ...
# Subtest: exported A/B summary survives JSON roundtrip and recomputes deltas
ok 5 - exported A/B summary survives JSON roundtrip and recomputes deltas
  ---
  duration_ms: 3.4571
  ...
# Subtest: condition mismatch imports but suppresses unsupported deltas
ok 6 - condition mismatch imports but suppresses unsupported deltas
  ---
  duration_ms: 2.0434
  ...
# Subtest: rejects oversized, forged, malformed and nonfinite evidence
ok 7 - rejects oversized, forged, malformed and nonfinite evidence
  ---
  duration_ms: 2.7201
  ...
# Subtest: foreign layouts remain readable but never acquire a numeric comparison
ok 8 - foreign layouts remain readable but never acquire a numeric comparison
  ---
  duration_ms: 1.0967
  ...
# Subtest: older rnc-case-v1 without layout identity imports as teaching layout
ok 9 - older rnc-case-v1 without layout identity imports as teaching layout
  ---
  duration_ms: 0.6856
  ...
# Subtest: one-variable review reports measured direction without assigning cause or approval
ok 10 - one-variable review reports measured direction without assigning cause or approval
  ---
  duration_ms: 1.5985
  ...
# Subtest: confounded or mismatched cases never receive a causal or numeric verdict
ok 11 - confounded or mismatched cases never receive a causal or numeric verdict
  ---
  duration_ms: 0.3701
  ...
# Subtest: an unregistered layout is labeled as file-reported evidence without a verdict
ok 12 - an unregistered layout is labeled as file-reported evidence without a verdict
  ---
  duration_ms: 0.2355
  ...
# Subtest: new human fields roundtrip, legacy v1 imports blank, computed facts ignore human claims
ok 13 - new human fields roundtrip, legacy v1 imports blank, computed facts ignore human claims
  ---
  duration_ms: 4.1277
  ...
# Subtest: A1: unavailable convergence values leave gaps rather than zero gain or connecting across missing data
ok 14 - A1: unavailable convergence values leave gaps rather than zero gain or connecting across missing data
  ---
  duration_ms: 2.0089
  ...
# Subtest: A1: original noise draws once in grey, residual compares against the same original channel
ok 15 - A1: original noise draws once in grey, residual compares against the same original channel
  ---
  duration_ms: 0.8278
  ...
# Subtest: paired spatial evidence distinguishes quieter, louder and near-zero samples without claiming a volume mean
ok 16 - paired spatial evidence distinguishes quieter, louder and near-zero samples without claiming a volume mean
  ---
  duration_ms: 1.2169
  ...
# Subtest: invalid, mismatched and nonfinite samples cannot produce a stale or invented spatial verdict
ok 17 - invalid, mismatched and nonfinite samples cannot produce a stale or invented spatial verdict
  ---
  duration_ms: 0.1973
  ...
# Subtest: guide requires actual baseline and candidate runs before showing comparison evidence
ok 18 - guide requires actual baseline and candidate runs before showing comparison evidence
  ---
  duration_ms: 2.1938
  ...
# Subtest: changed operating condition or multiple edits block the guided verdict
ok 19 - changed operating condition or multiple edits block the guided verdict
  ---
  duration_ms: 0.6029
  ...
# Subtest: invalid candidate and stale field never unlock listening
ok 20 - invalid candidate and stale field never unlock listening
  ---
  duration_ms: 0.2316
  ...
# Subtest: a candidate field unlocks guidance only at the comparison window end
ok 21 - a candidate field unlocks guidance only at the comparison window end
  ---
  duration_ms: 0.1897
  ...
# Subtest: lab playback applies one gain to all eight signals, preserves d/e ratios and does not mutate physics
ok 22 - lab playback applies one gain to all eight signals, preserves d/e ratios and does not mutate physics
  ---
  duration_ms: 29.236
  ...
# Subtest: actual extreme valid lab experiment has no clipped samples after shared preparation
ok 23 - actual extreme valid lab experiment has no clipped samples after shared preparation
  ---
  duration_ms: 1097.5785
  ...
# Subtest: sinc overshoot is covered by the strict bound; silence and low-level legacy gain remain unchanged
ok 24 - sinc overshoot is covered by the strict bound; silence and low-level legacy gain remain unchanged
  ---
  duration_ms: 1.9376
  ...
# Subtest: live Worker cancellation rejects pending work and late old errors cannot kill the new run
ok 25 - live Worker cancellation rejects pending work and late old errors cannot kill the new run
  ---
  duration_ms: 14.3366
  ...
# Subtest: field failure is recoverable but a processor failure rejects every pending query
ok 26 - field failure is recoverable but a processor failure rejects every pending query
  ---
  duration_ms: 1.6139
  ...
# Subtest: start cancellation and foreign run identities fail explicitly; batch mode cannot produce live chunks
ok 27 - start cancellation and foreign run identities fail explicitly; batch mode cannot produce live chunks
  ---
  duration_ms: 1.7462
  ...
# Subtest: live RNC control returns the exact sample boundary and a rejected switch preserves the running worker
ok 28 - live RNC control returns the exact sample boundary and a rejected switch preserves the running worker
  ---
  duration_ms: 2.4617
  ...
# Subtest: legacy layout is stamped and unimplemented layouts fail before replacing a running experiment
ok 29 - legacy layout is stamped and unimplemented layouts fail before replacing a running experiment
  ---
  duration_ms: 1.7468
  ...
# Subtest: field frames without the active physical layout are rejected without killing the experiment
ok 30 - field frames without the active physical layout are rejected without killing the experiment
  ---
  duration_ms: 2.2784
  ...
# Subtest: a field reply cannot substitute another time, weighting or sampling plane within the same run
ok 31 - a field reply cannot substitute another time, weighting or sampling plane within the same run
  ---
  duration_ms: 2.5385
  ...
# Subtest: batch results and live packets cannot switch physical layout inside an accepted run
ok 32 - batch results and live packets cannot switch physical layout inside an accepted run
  ---
  duration_ms: 1.607
  ...
# Subtest: same-layout responses cannot substitute another vehicle or physical experiment configuration
ok 33 - same-layout responses cannot substitute another vehicle or physical experiment configuration
  ---
  duration_ms: 1.7494
  ...
# Subtest: Worker replies without the active run identity cannot enter results or field views
ok 34 - Worker replies without the active run identity cannot enter results or field views
  ---
  duration_ms: 1.2637
  ...
# Subtest: log frequency coordinates give equal spacing to equal ratios and omit DC
ok 35 - log frequency coordinates give equal spacing to equal ratios and omit DC
  ---
  duration_ms: 1.9354
  ...
# Subtest: seat curves preserve full-run SPL history and missing values while excluding future frames
ok 36 - seat curves preserve full-run SPL history and missing values while excluding future frames
  ---
  duration_ms: 1.1524
  ...
# Subtest: physical traces share Pa scale, show original and use absolute sample time after a live history wrap
ok 37 - physical traces share Pa scale, show original and use absolute sample time after a live history wrap
  ---
  duration_ms: 0.9319
  ...
# Subtest: the initial waveform uses the same five-second scale as a full rolling window
ok 38 - the initial waveform uses the same five-second scale as a full rolling window
  ---
  duration_ms: 0.6195
  ...
# Subtest: PSD comparisons use actual FFT bin positions and original selection is not drawn twice
ok 39 - PSD comparisons use actual FFT bin positions and original selection is not drawn twice
  ---
  duration_ms: 0.4805
  ...
# Subtest: first valid point is visible and null SPL gaps never create fake zero levels
ok 40 - first valid point is visible and null SPL gaps never create fake zero levels
  ---
  duration_ms: 0.298
  ...
# Subtest: acceleration and speaker drive never masquerade as pressure on a common axis
ok 41 - acceleration and speaker drive never masquerade as pressure on a common axis
  ---
  duration_ms: 0.372
  ...
# Subtest: manual plot bounds and hidden primary traces apply independently without changing samples
ok 42 - manual plot bounds and hidden primary traces apply independently without changing samples
  ---
  duration_ms: 0.6375
  ...
# Subtest: divergent but finite Float32 pressure is bounded only in the audition copies
ok 43 - divergent but finite Float32 pressure is bounded only in the audition copies
  ---
  duration_ms: 57.2611
  ...
# Subtest: streaming sinc is independent of chunk partition and matches continuous interpolation before the real lookahead tail
ok 44 - streaming sinc is independent of chunk partition and matches continuous interpolation before the real lookahead tail
  ---
  duration_ms: 201.2365
  ...
# Subtest: common lookahead safety envelope preserves all eight d/e ratios, bounds peaks and retains bounded memory
ok 45 - common lookahead safety envelope preserves all eight d/e ratios, bounds peaks and retains bounded memory
  ---
  duration_ms: 1130.6732
  ...
# Subtest: finishing releases exactly the real lookahead tail, including a run shorter than that tail
ok 46 - finishing releases exactly the real lookahead tail, including a run shorter than that tail
  ---
  duration_ms: 21.2857
  ...
# Subtest: live queue validates complete finite contiguous chunks without changing accepted state on rejection
ok 47 - live queue validates complete finite contiguous chunks without changing accepted state on rejection
  ---
  duration_ms: 74.5208
  ...
# Subtest: one audio clock freezes on starvation and resumes at the missing sample instead of skipping wall time
ok 48 - one audio clock freezes on starvation and resumes at the missing sample instead of skipping wall time
  ---
  duration_ms: 11.0083
  ...
# Subtest: queued chunks are gapless and all comparisons share one eight-channel buffer without a new clock on switching
ok 49 - queued chunks are gapless and all comparisons share one eight-channel buffer without a new clock on switching
  ---
  duration_ms: 20.27
  ...
# Subtest: pause preserves partly consumed audio and a cold allocation never advances the simulation clock
ok 50 - pause preserves partly consumed audio and a cold allocation never advances the simulation clock
  ---
  duration_ms: 9.1936
  ...
# Subtest: async resume cannot revive pause/reset/dispose or clear a newer request, and failure is retryable
ok 51 - async resume cannot revive pause/reset/dispose or clear a newer request, and failure is retryable
  ---
  duration_ms: 9.0436
  ...
# Subtest: continuous enqueue stays bounded for ten minutes and finishes exactly without a false underrun or restart
ok 52 - continuous enqueue stays bounded for ten minutes and finishes exactly without a false underrun or restart
  ---
  duration_ms: 10814.555
  ...
# Subtest: pause and resume while draining keeps the final samples and exact endpoint
ok 53 - pause and resume while draining keeps the final samples and exact endpoint
  ---
  duration_ms: 10.8542
  ...
# Subtest: offline package verifier accepts the exact build and rejects changed, extra or missing files
ok 54 - offline package verifier accepts the exact build and rejects changed, extra or missing files
  ---
  duration_ms: 879.9512
  ...
# Subtest: A1: preparing first audio buffer does not skip the requested playback position
ok 55 - A1: preparing first audio buffer does not skip the requested playback position
  ---
  duration_ms: 37.9587
  ...
# Subtest: A1: pause cancels pending audio resume; repeated play creates one start
ok 56 - A1: pause cancels pending audio resume; repeated play creates one start
  ---
  duration_ms: 26.4784
  ...
# Subtest: A1: loading a new experiment cancels an earlier pending play
ok 57 - A1: loading a new experiment cancels an earlier pending play
  ---
  duration_ms: 0.58
  ...
# Subtest: A1: reaching the end stays stopped when seeking, including before ended is delivered
ok 58 - A1: reaching the end stays stopped when seeking, including before ended is delivered
  ---
  duration_ms: 26.9981
  ...
# Subtest: A1: seeking to the end stops; replay starts only on explicit play
ok 59 - A1: seeking to the end stops; replay starts only on explicit play
  ---
  duration_ms: 36.5203
  ...
# Subtest: A1: cold seat/mode switches prepare audio before fading, keep time and use the same gain
ok 60 - A1: cold seat/mode switches prepare audio before fading, keep time and use the same gain
  ---
  duration_ms: 460.3592
  ...
# Subtest: A1: audio resume failure leaves a retryable paused player
ok 61 - A1: audio resume failure leaves a retryable paused player
  ---
  duration_ms: 28.5639
  ...
# Subtest: A1: an obsolete resume cannot clear or start a newer play request
ok 62 - A1: an obsolete resume cannot clear or start a newer play request
  ---
  duration_ms: 19.3317
  ...
# Subtest: A1: seeking while playing continues at the new position without a retired ended event stopping it
ok 63 - A1: seeking while playing continues at the new position without a retired ended event stopping it
  ---
  duration_ms: 25.8749
  ...
# Subtest: A1: a cold comparison prepared across the end never restarts the clip
ok 64 - A1: a cold comparison prepared across the end never restarts the clip
  ---
  duration_ms: 73.5847
  ...
# Subtest: variable duration playback seeks past 16s, switches modes and stops exactly at each loaded clip end
ok 65 - variable duration playback seeks past 16s, switches modes and stops exactly at each loaded clip end
  ---
  duration_ms: 158.6322
  ...
# Subtest: asset shell modes isolate shared interior materials and restore original ownership once
ok 66 - asset shell modes isolate shared interior materials and restore original ownership once
  ---
  duration_ms: 8.4827
  ...
# Subtest: authored asset sections follow actual moving meshes without inventing solid caps or changing coordinates
ok 67 - authored asset sections follow actual moving meshes without inventing solid caps or changing coordinates
  ---
  duration_ms: 10.2832
  ...
# Subtest: asset picking skips hidden ancestors and discarded section surfaces, and selection bounds follow disassembly
ok 68 - asset picking skips hidden ancestors and discarded section surfaces, and selection bounds follow disassembly
  ---
  duration_ms: 5.9173
  ...
# Subtest: selection excludes hidden descendants and follows ancestor transforms without a section
ok 69 - selection excludes hidden descendants and follows ancestor transforms without a section
  ---
  duration_ms: 2.1295
  ...
# Subtest: selection is restricted to retained section bounds and disappears when fully clipped
ok 70 - selection is restricted to retained section bounds and disappears when fully clipped
  ---
  duration_ms: 6.2051
  ...
# Subtest: actual ICE asset keeps all 74127 triangles and 30 groups through inspection, disassembly and full restoration
ok 71 - actual ICE asset keeps all 74127 triangles and 30 groups through inspection, disassembly and full restoration
  ---
  duration_ms: 252.5388
  ...
# Subtest: driving distance uses the experiment clock, including pause and backward seek
ok 72 - driving distance uses the experiment clock, including pause and backward seek
  ---
  duration_ms: 0.9305
  ...
# Subtest: road segments cover a continuous range and preserve world identity while passing the car
not ok 73 - road segments cover a continuous range and preserve world identity while passing the car
  ---
  duration_ms: 2.9379
  location: 'C:\\Users\\Jiang\\Desktop\\RNC_3D\\RNC_3D_SIMULATION\\tests\\a2-driving.test.ts:1:606'
  failureType: 'testCodeFailure'
  error: |-
    Expected values to be strictly equal:
    + actual - expected

    + 47.900000000000006
    - 47.9
          ^

  code: 'ERR_ASSERTION'
  name: 'AssertionError'
  expected: 47.9
  actual: 47.900000000000006
  operator: 'strictEqual'
  stack: |-
    TestContext.<anonymous> (C:\Users\Jiang\Desktop\RNC_3D\RNC_3D_SIMULATION\tests\a2-driving.test.ts:21:34)
    Test.runInAsyncScope (node:async_hooks:211:14)
    Test.run (node:internal/test_runner/test:979:25)
    Test.processPendingSubtests (node:internal/test_runner/test:677:18)
    Test.postRun (node:internal/test_runner/test:1090:19)
    Test.run (node:internal/test_runner/test:1018:12)
    async startSubtestAfterBootstrap (node:internal/test_runner/harness:296:3)
  ...
# Subtest: four cabin eyes share P7 seat coordinates and are distinct from the microphones
ok 74 - four cabin eyes share P7 seat coordinates and are distinct from the microphones
  ---
  duration_ms: 0.2976
  ...
# Subtest: cabin look rotates around the eye without translating it and clamps pitch
ok 75 - cabin look rotates around the eye without translating it and clamps pitch
  ---
  duration_ms: 0.9565
  ...
# Subtest: wheel spin preserves its axle and semantic attachment, keeping the brake caliper stationary
ok 76 - wheel spin preserves its axle and semantic attachment, keeping the brake caliper stationary
  ---
  duration_ms: 6.6357
  ...
# Subtest: volume texture keeps every queried point and both channels in WebGL storage order
ok 77 - volume texture keeps every queried point and both channels in WebGL storage order
  ---
  duration_ms: 3.4833
  ...
# Subtest: spatial smoothing operates on mean-square energy, not a mean of dB or RGB
ok 78 - spatial smoothing operates on mean-square energy, not a mean of dB or RGB
  ---
  duration_ms: 0.653
  ...
# Subtest: improvement is the signed, same-point same-frame difference; worsening is retained
ok 79 - improvement is the signed, same-point same-frame difference; worsening is retained
  ---
  duration_ms: 0.4163
  ...
# Subtest: detail range includes both channels and has a nonzero span even for a flat frame
ok 80 - detail range includes both channels and has a nonzero span even for a flat frame
  ---
  duration_ms: 1.1224
  ...
# Subtest: improvement detail keeps zero centered and includes real worsening and improvement
ok 81 - improvement detail keeps zero centered and includes real worsening and improvement
  ---
  duration_ms: 2.3253
  ...
# Subtest: camera moves around the car and reaches an exact endpoint without overshoot
ok 82 - camera moves around the car and reaches an exact endpoint without overshoot
  ---
  duration_ms: 1.906
  ...
# Subtest: manual input cancels motion; a rapid replacement starts at the currently visible pose
ok 83 - manual input cancels motion; a rapid replacement starts at the currently visible pose
  ---
  duration_ms: 2.0544
  ...
# Subtest: three slice meshes use the original 280 queried positions, including their fixed physical planes
ok 84 - three slice meshes use the original 280 queried positions, including their fixed physical planes
  ---
  duration_ms: 2.7099
  ...
# Subtest: a reordered, truncated or non-finite B field frame cannot color the old locations
ok 85 - a reordered, truncated or non-finite B field frame cannot color the old locations
  ---
  duration_ms: 0.7573
  ...
# Subtest: moving each sampled plane requests its physical position and refuses the previous field frame
ok 86 - moving each sampled plane requests its physical position and refuses the previous field frame
  ---
  duration_ms: 3.5715
  ...
# Subtest: 12 coincident projections remain separate and inside the narrow supported viewer
ok 87 - 12 coincident projections remain separate and inside the narrow supported viewer
  ---
  duration_ms: 4.8028
  ...
# Subtest: four source illustrations can share a narrow view with all 12 hardware labels
ok 88 - four source illustrations can share a narrow view with all 12 hardware labels
  ---
  duration_ms: 2.5303
  ...
# Subtest: labels at viewport edges and densely grouped hardware remain clickable
ok 89 - labels at viewport edges and densely grouped hardware remain clickable
  ---
  duration_ms: 7.5929
  ...
# Subtest: lab labels stay on the side rails at full-page size, leaving the vehicle clear
ok 90 - lab labels stay on the side rails at full-page size, leaving the vehicle clear
  ---
  duration_ms: 1.4728
  ...
# Subtest: lab side rails remain separate and clickable in a narrow 360 px viewer
ok 91 - lab side rails remain separate and clickable in a narrow 360 px viewer
  ---
  duration_ms: 0.6693
  ...
# Subtest: P7+ canopy, liftback glazing and rear bumper are separately owned assemblies
ok 92 - P7+ canopy, liftback glazing and rear bumper are separately owned assemblies
  ---
  duration_ms: 1232.5019
  ...
# Subtest: P7+ hidden shell exposes actual seat picking, and clipping rejects the removed half
ok 93 - P7+ hidden shell exposes actual seat picking, and clipping rejects the removed half
  ---
  duration_ms: 1268.5446
  ...
# Subtest: P7+ intermediate explosion poses remain finite and return to identical world transforms
ok 94 - P7+ intermediate explosion poses remain finite and return to identical world transforms
  ---
  duration_ms: 742.6783
  ...
# Subtest: P7+ paint and shell presentation preserve independent glass, tires and cabin materials
ok 95 - P7+ paint and shell presentation preserve independent glass, tires and cabin materials
  ---
  duration_ms: 640.0492
  ...
# Subtest: P7 detailed EV assemblies and acoustic diaphragms own their reversible geometry
ok 96 - P7 detailed EV assemblies and acoustic diaphragms own their reversible geometry
  ---
  duration_ms: 683.5196
  ...
# Subtest: featured structures exist in each generated architecture and explain its actual drive path
ok 97 - featured structures exist in each generated architecture and explain its actual drive path
  ---
  duration_ms: 476.2457
  ...
# Subtest: true mesh-plane sections preserve area, plane position and outward normal after transforms
ok 98 - true mesh-plane sections preserve area, plane position and outward normal after transforms
  ---
  duration_ms: 11.2786
  ...
# Subtest: section through exact edges is closed; tangencies and existing coplanar faces are not duplicated
ok 99 - section through exact edges is closed; tangencies and existing coplanar faces are not duplicated
  ---
  duration_ms: 1.8148
  ...
# Subtest: ring sections keep their holes and disconnected islands; open surfaces never get a solid cap
ok 100 - ring sections keep their holes and disconnected islands; open surfaces never get a solid cap
  ---
  duration_ms: 32.8946
  ...
# Subtest: section display updates from exploded geometry, respects ancestor visibility and material opacity
ok 101 - section display updates from exploded geometry, respects ancestor visibility and material opacity
  ---
  duration_ms: 19.0404
  ...
# Subtest: bundled showroom SUV is the attributed, offline CC BY asset within the geometry budget
ok 102 - bundled showroom SUV is the attributed, offline CC BY asset within the geometry budget
  ---
  duration_ms: 7.3018
  ...
# Subtest: BEV showroom keeps the original attribution and bundles a decodable offline model
ok 103 - BEV showroom keeps the original attribution and bundles a decodable offline model
  ---
  duration_ms: 7.6467
  ...
# Subtest: four drivetrains preserve their physical differences and five-seat cabin
ok 104 - four drivetrains preserve their physical differences and five-seat cabin
  ---
  duration_ms: 457.92
  ...
# Subtest: vehicle geometry is finite and every owned GPU resource is disposed once
ok 105 - vehicle geometry is finite and every owned GPU resource is disposed once
  ---
  duration_ms: 359.7022
  ...
# Subtest: the BEV and EREV battery enclosure remains directly visible from the underbody
ok 106 - the BEV and EREV battery enclosure remains directly visible from the underbody
  ---
  duration_ms: 276.5721
  ...
# Subtest: the closed side sill hides the floor and battery at door level on all four vehicles
ok 107 - the closed side sill hides the floor and battery at door level on all four vehicles
  ---
  duration_ms: 298.0704
  ...
# Subtest: x9: P7-level structural coverage and correctly separated battery layers
ok 108 - x9: P7-level structural coverage and correctly separated battery layers
  ---
  duration_ms: 1359.4971
  ...
# Subtest: x9: interior ray picking and sampled disassembly restore world transforms
ok 109 - x9: interior ray picking and sampled disassembly restore world transforms
  ---
  duration_ms: 1195.959
  ...
# Subtest: l03: P7-level structural coverage and correctly separated battery layers
ok 110 - l03: P7-level structural coverage and correctly separated battery layers
  ---
  duration_ms: 600.3858
  ...
# Subtest: l03: interior ray picking and sampled disassembly restore world transforms
ok 111 - l03: interior ray picking and sampled disassembly restore world transforms
  ---
  duration_ms: 746.8405
  ...
# Subtest: m03: P7-level structural coverage and correctly separated battery layers
ok 112 - m03: P7-level structural coverage and correctly separated battery layers
  ---
  duration_ms: 580.5919
  ...
# Subtest: m03: interior ray picking and sampled disassembly restore world transforms
ok 113 - m03: interior ray picking and sampled disassembly restore world transforms
  ---
  duration_ms: 650.9562
  ...
# Subtest: gx: P7-level structural coverage and correctly separated battery layers
ok 114 - gx: P7-level structural coverage and correctly separated battery layers
  ---
  duration_ms: 647.5663
  ...
# Subtest: gx: interior ray picking and sampled disassembly restore world transforms
ok 115 - gx: interior ray picking and sampled disassembly restore world transforms
  ---
  duration_ms: 751.7593
  ...
# Subtest: Verified drivetrain and suspension differences survive shared construction helpers
ok 116 - Verified drivetrain and suspension differences survive shared construction helpers
  ---
  duration_ms: 2237.8799
  ...
# Subtest: A2 XPeng x9: real proportions, semantic rows and finite geometry
ok 117 - A2 XPeng x9: real proportions, semantic rows and finite geometry
  ---
  duration_ms: 1835.115
  ...
# Subtest: A2 XPeng x9: explosion is reversible, clamped and above floor
ok 118 - A2 XPeng x9: explosion is reversible, clamped and above floor
  ---
  duration_ms: 996.8451
  ...
# Subtest: A2 XPeng p7plus: real proportions, semantic rows and finite geometry
ok 119 - A2 XPeng p7plus: real proportions, semantic rows and finite geometry
  ---
  duration_ms: 1066.0373
  ...
# Subtest: A2 XPeng p7plus: explosion is reversible, clamped and above floor
ok 120 - A2 XPeng p7plus: explosion is reversible, clamped and above floor
  ---
  duration_ms: 825.6925
  ...
# Subtest: A2 XPeng l03: real proportions, semantic rows and finite geometry
ok 121 - A2 XPeng l03: real proportions, semantic rows and finite geometry
  ---
  duration_ms: 755.3833
  ...
# Subtest: A2 XPeng l03: explosion is reversible, clamped and above floor
ok 122 - A2 XPeng l03: explosion is reversible, clamped and above floor
  ---
  duration_ms: 648.5696
  ...
# Subtest: A2 XPeng m03: real proportions, semantic rows and finite geometry
ok 123 - A2 XPeng m03: real proportions, semantic rows and finite geometry
  ---
  duration_ms: 688.4464
  ...
# Subtest: A2 XPeng m03: explosion is reversible, clamped and above floor
ok 124 - A2 XPeng m03: explosion is reversible, clamped and above floor
  ---
  duration_ms: 563.0327
  ...
# Subtest: A2 XPeng gx: real proportions, semantic rows and finite geometry
ok 125 - A2 XPeng gx: real proportions, semantic rows and finite geometry
  ---
  duration_ms: 881.0988
  ...
# Subtest: A2 XPeng gx: explosion is reversible, clamped and above floor
ok 126 - A2 XPeng gx: explosion is reversible, clamped and above floor
  ---
  duration_ms: 661.2477
  ...
# Subtest: A2 XPeng paint affects exterior clones only; resources dispose exactly once
ok 127 - A2 XPeng paint affects exterior clones only; resources dispose exactly once
  ---
  duration_ms: 499.1392
  ...
# Subtest: Hann Welch one-sided PSD integrates to tone mean-square and has the correct peak
ok 128 - Hann Welch one-sided PSD integrates to tone mean-square and has the correct peak
  ---
  duration_ms: 22.8228
  ...
# Subtest: B2-002: RMS uses exactly the trailing 1000 samples, including first and final windows
ok 129 - B2-002: RMS uses exactly the trailing 1000 samples, including first and final windows
  ---
  duration_ms: 19.5955
  ...
# Subtest: B2-002: same-window reduction preserves negative gains and aggregates powers before dB
ok 130 - B2-002: same-window reduction preserves negative gains and aggregates powers before dB
  ---
  duration_ms: 7.8017
  ...
# Subtest: B2-002: silence and near-floor pressure never report valid zero-dB benefit
ok 131 - B2-002: silence and near-floor pressure never report valid zero-dB benefit
  ---
  duration_ms: 26.3855
  ...
# Subtest: B2-002: non-finite pressure is unavailable, never a valid analysis frame
ok 132 - B2-002: non-finite pressure is unavailable, never a valid analysis frame
  ---
  duration_ms: 30.7531
  ...
# Subtest: B2-002: power rejects invalid ranges and PSD clamps finite sample cursors to actual data
ok 133 - B2-002: power rejects invalid ranges and PSD clamps finite sample cursors to actual data
  ---
  duration_ms: 4.0975
  ...
# Subtest: B2-002: PSD rejects non-finite samples in its complete windows and ignores future samples
ok 134 - B2-002: PSD rejects non-finite samples in its complete windows and ignores future samples
  ---
  duration_ms: 21.6125
  ...
# Subtest: B2-002: non-finite PSD cursors cannot trap a caller in an unbounded loop
ok 135 - B2-002: non-finite PSD cursors cannot trap a caller in an unbounded loop
  ---
  duration_ms: 933.887
  ...
# Subtest: B2-002: shared PSD preserves lab pressure weighting and vibration/drive/source units
ok 136 - B2-002: shared PSD preserves lab pressure weighting and vibration/drive/source units
  ---
  duration_ms: 10.5204
  ...
# Subtest: B2-002: asymmetric signal Welch bins match direct DFT, 50% overlap and incomplete-tail handling
ok 137 - B2-002: asymmetric signal Welch bins match direct DFT, 50% overlap and incomplete-tail handling
  ---
  duration_ms: 225.5883
  ...
# Subtest: B2-002: DC and Nyquist are not doubled; PSD scales as signal-unit squared per Hz
ok 138 - B2-002: DC and Nyquist are not doubled; PSD scales as signal-unit squared per Hz
  ---
  duration_ms: 20.0272
  ...
# Subtest: analysis warming-up, window boundary, channel identity and pressure calibration
ok 139 - analysis warming-up, window boundary, channel identity and pressure calibration
  ---
  duration_ms: 1.6739
  ...
# Subtest: step size accepts every nonnegative finite value and finite drives exceed the former 100 threshold
ok 140 - step size accepts every nonnegative finite value and finite drives exceed the former 100 threshold
  ---
  duration_ms: 289.4197
  ...
# Subtest: batch and chunked overflow stop at the same Float32 boundary, keeping the last finite samples and spectra
ok 141 - batch and chunked overflow stop at the same Float32 boundary, keeping the last finite samples and spectra
  ---
  duration_ms: 428.5228
  ...
# Subtest: overflow on the first weight update gives an empty finite prefix and a terminal diagnostic
ok 142 - overflow on the first weight update gives an empty finite prefix and a terminal diagnostic
  ---
  duration_ms: 36.3399
  ...
# Subtest: new lab experiments learn before two seconds without changing sources or superposition
ok 143 - new lab experiments learn before two seconds without changing sources or superposition
  ---
  duration_ms: 899.7891
  ...
# Subtest: lab FxLMS produces finite true superposition, baseline then learned reduction at all microphones
ok 144 - lab FxLMS produces finite true superposition, baseline then learned reduction at all microphones
  ---
  duration_ms: 16.1843
  ...
# Subtest: all 16 secondary paths have causal cross coupling and every source reaches every mic
ok 145 - all 16 secondary paths have causal cross coupling and every source reaches every mic
  ---
  duration_ms: 2.4823
  ...
# Subtest: first adaptive output matches an independent all-error normalized gradient calculation
ok 146 - first adaptive output matches an independent all-error normalized gradient calculation
  ---
  duration_ms: 55.5763
  ...
# Subtest: RNC off, zero step and all disabled speakers retain original noise exactly
ok 147 - RNC off, zero step and all disabled speakers retain original noise exactly
  ---
  duration_ms: 802.0931
  ...
# Subtest: one and eight references and disabled output actually change controller dimensions and results
ok 148 - one and eight references and disabled output actually change controller dimensions and results
  ---
  duration_ms: 1592.6327
  ...
# Subtest: recording-shaped sources retain high finite values and return the valid prefix on overflow
ok 149 - recording-shaped sources retain high finite values and return the valid prefix on overflow
  ---
  duration_ms: 2758.9915
  ...
# Subtest: field at microphone positions equals independently measured trace power in the same window
ok 150 - field at microphone positions equals independently measured trace power in the same window
  ---
  duration_ms: 27.2334
  ...
# Subtest: off-microphone field is recalculated from wheel q and speaker u, not microphone interpolation
ok 151 - off-microphone field is recalculated from wheel q and speaker u, not microphone interpolation
  ---
  duration_ms: 114.6154
  ...
# Subtest: vehicle paths vary, seed is reproducible and speed/roughness trends are source-driven
ok 152 - vehicle paths vary, seed is reproducible and speed/roughness trends are source-driven
  ---
  duration_ms: 984.4501
  ...
# Subtest: warm-up, zero-speed energy floor and bad configurations are explicit
ok 153 - warm-up, zero-speed energy floor and bad configurations are explicit
  ---
  duration_ms: 644.8218
  ...
# Subtest: q selection analyzes each actual wheel source independently of reference layout
ok 154 - q selection analyzes each actual wheel source independently of reference layout
  ---
  duration_ms: 368.728
  ...
# Subtest: A weighting matches reference corrections and applies power rather than amplitude to PSD
ok 155 - A weighting matches reference corrections and applies power rather than amplitude to PSD
  ---
  duration_ms: 53.5125
  ...
# Subtest: teaching calibration anchors pooled 40 km/h baseline at 60 dBA; offset changes H only
ok 156 - teaching calibration anchors pooled 40 km/h baseline at 60 dBA; offset changes H only
  ---
  duration_ms: 758.8191
  ...
# Subtest: A/Z analysis and field agree at microphones, including first window and wrapped live history
ok 157 - A/Z analysis and field agree at microphones, including first window and wrapped live history
  ---
  duration_ms: 3287.0572
  ...
# Subtest: duration budget rejects invalid allocations; short runs have finite metrics and long runs share streaming samples
ok 158 - duration budget rejects invalid allocations; short runs have finite metrics and long runs share streaming samples
  ---
  duration_ms: 4326.9484
  ...
# Subtest: pressure density levels use 20uPa while other signals keep unit reference; manual waveform bounds never reveal future samples
ok 159 - pressure density levels use 20uPa while other signals keep unit reference; manual waveform bounds never reveal future samples
  ---
  duration_ms: 373.7092
  ...
# Subtest: NFxLMS joint normalization scales inversely with filtered-reference power and regularizes silence
ok 160 - NFxLMS joint normalization scales inversely with filtered-reference power and regularizes silence
  ---
  duration_ms: 0.2015
  ...
# Subtest: stateful first 16 seconds match the unchanged batch q/x/u/d/a/e bit for bit
ok 161 - stateful first 16 seconds match the unchanged batch q/x/u/d/a/e bit for bit
  ---
  duration_ms: 2138.6973
  ...
# Subtest: arbitrary block sizes preserve source/filter/weight state beyond 16 seconds and repeated history wraps
ok 162 - arbitrary block sizes preserve source/filter/weight state beyond 16 seconds and repeated history wraps
  ---
  duration_ms: 6425.7598
  ...
# Subtest: RNC off, zero step, disabled speakers and eight references retain the batch semantics across blocks
ok 163 - RNC off, zero step, disabled speakers and eight references retain the batch semantics across blocks
  ---
  duration_ms: 3199.6579
  ...
# Subtest: wrapped snapshots use one absolute clock and yield the same field window at mic and off-mic points
ok 164 - wrapped snapshots use one absolute clock and yield the same field window at mic and off-mic points
  ---
  duration_ms: 1405.6077
  ...
# Subtest: resident storage stays bounded through two minutes and invalid requests do not advance the stream
ok 165 - resident storage stays bounded through two minutes and invalid requests do not advance the stream
  ---
  duration_ms: 3241.1261
  ...
# Subtest: live RNC OFF freezes learned weights and zeros drive; ON resumes from those weights without restarting sources
ok 166 - live RNC OFF freezes learned weights and zeros drive; ON resumes from those weights without restarting sources
  ---
  duration_ms: 553.8195
  ...
# Subtest: an initially disabled live controller can start adapting later
ok 167 - an initially disabled live controller can start adapting later
  ---
  duration_ms: 159.7466
  ...
# Subtest: wrapped live history retains five seconds at the audible clock despite producer prefetch
ok 168 - wrapped live history retains five seconds at the audible clock despite producer prefetch
  ---
  duration_ms: 1533.5304
  ...
# Subtest: numeric overflow returns the finite prefix, preserves history, and cannot resume
ok 169 - numeric overflow returns the finite prefix, preserves history, and cannot resume
  ---
  duration_ms: 10.546
  ...
# Subtest: live generation ignores replay duration, preserves bounded adaptation for ten minutes and refuses overflow atomically
ok 170 - live generation ignores replay duration, preserves bounded adaptation for ten minutes and refuses overflow atomically
  ---
  duration_ms: 23340.0999
  ...
# Subtest: P7 layout has its own cabin and paths; legacy layout unchanged and unsupported IDs rejected
ok 171 - P7 layout has its own cabin and paths; legacy layout unchanged and unsupported IDs rejected
  ---
  duration_ms: 5.0563
  ...
# Subtest: P7 arbitrary stream blocks match batch q/x/u/d/a/e bit for bit
ok 172 - P7 arbitrary stream blocks match batch q/x/u/d/a/e bit for bit
  ---
  duration_ms: 418.3509
  ...
# Subtest: P7 field equals independent microphone trace power at the same point and window
ok 173 - P7 field equals independent microphone trace power at the same point and window
  ---
  duration_ms: 43.8374
  ...
# Subtest: P7 recorded-source branch shares fractional paths between batch, streaming and field
ok 174 - P7 recorded-source branch shares fractional paths between batch, streaming and field
  ---
  duration_ms: 485.839
  ...
# Subtest: a pure delayed gain has constant magnitude and exact analytic group delay
ok 175 - a pure delayed gain has constant magnitude and exact analytic group delay
  ---
  duration_ms: 3.2765
  ...
# Subtest: response zeros are undefined rather than false finite phase/delay; all sixteen paths remain selectable
ok 176 - response zeros are undefined rather than false finite phase/delay; all sixteen paths remain selectable
  ---
  duration_ms: 53.6013
  ...
# Subtest: recorded sources use the four primary-noise ears, validate assets and require explicit data
ok 177 - recorded sources use the four primary-noise ears, validate assets and require explicit data
  ---
  duration_ms: 44.9552
  ...
# Subtest: recorded source samples retain shared timing and gain, crossfade synchronously and do not become random or pitch shifted
ok 178 - recorded source samples retain shared timing and gain, crossfade synchronously and do not become random or pitch shifted
  ---
  duration_ms: 79.7916
  ...
# Subtest: recorded batch and irregular live blocks agree exactly through two source loops; storage and adaptation remain continuous
ok 179 - recorded batch and irregular live blocks agree exactly through two source loops; storage and adaptation remain continuous
  ---
  duration_ms: 6879.8865
  ...
# Subtest: recorded primary paths stay causal and fully coupled, match the passenger 48dBA/Hz peak anchor, and match microphone fields
ok 180 - recorded primary paths stay causal and fully coupled, match the passenger 48dBA/Hz peak anchor, and match microphone fields
  ---
  duration_ms: 293.9943
  ...
# Subtest: recording-derived data keeps all references and uncalibrated provenance; spectra distinguish vibration and cabin noise
ok 181 - recording-derived data keeps all references and uncalibrated provenance; spectra distinguish vibration and cabin noise
  ---
  duration_ms: 1341.2957
  ...
# Subtest: spectral stretch remains causal, normalized and exactly shared by batch/stream at temperature-pressure limits
ok 182 - spectral stretch remains causal, normalized and exactly shared by batch/stream at temperature-pressure limits
  ---
  duration_ms: 2169.9182
  ...
# Subtest: B1-002: unchanged core in test harness matches normal production entry sample-for-sample
ok 183 - B1-002: unchanged core in test harness matches normal production entry sample-for-sample
  ---
  duration_ms: 1022.2858
  ...
# Subtest: B1-002: asymmetric matrices and independent recurrence detect sign/index/cross-path/timing faults
ok 184 - B1-002: asymmetric matrices and independent recurrence detect sign/index/cross-path/timing faults
  ---
  duration_ms: 4624.2255
  ...
# Subtest: B1-002: every one of 16 output/reference controller routes contributes with the correct update
ok 185 - B1-002: every one of 16 output/reference controller routes contributes with the correct update
  ---
  duration_ms: 1477.0216
  ...
# Subtest: B1-002: modifying future x/d cannot change any past output
ok 186 - B1-002: modifying future x/d cannot change any past output
  ---
  duration_ms: 465.8036
  ...
# Subtest: B1-003: invalid shapes, every missing/fixed field and nonfinite values return structured config errors
ok 187 - B1-003: invalid shapes, every missing/fixed field and nonfinite values return structured config errors
  ---
  duration_ms: 2.3033
  ...
# Subtest: B1-003: all 12 legal configurations have finite isolated Float32 channels and exact zero-step identities
ok 188 - B1-003: all 12 legal configurations have finite isolated Float32 channels and exact zero-step identities
  ---
  duration_ms: 2231.1577
  ...
# Subtest: B1-003: nonfinite data, short arrays, drive failure and Float32 overflow never return partial success
ok 189 - B1-003: nonfinite data, short arrays, drive failure and Float32 overflow never return partial success
  ---
  duration_ms: 1112.7145
  ...
# Subtest: B1-003: a failed call preserves prior results and cannot poison the next run
ok 190 - B1-003: a failed call preserves prior results and cannot poison the next run
  ---
  duration_ms: 596.2517
  ...
# Subtest: B1-001: default all 640000 samples and metrics match independent Python; exact repeat
ok 191 - B1-001: default all 640000 samples and metrics match independent Python; exact repeat
  ---
  duration_ms: 531.5856
  ...
# Subtest: B1-001: seed29 all 640000 samples and metrics match independent Python; exact repeat
ok 192 - B1-001: seed29 all 640000 samples and metrics match independent Python; exact repeat
  ---
  duration_ms: 545.9101
  ...
# Subtest: B1-001: seed47 all 640000 samples and metrics match independent Python; exact repeat
ok 193 - B1-001: seed47 all 640000 samples and metrics match independent Python; exact repeat
  ---
  duration_ms: 512.1462
  ...
# Subtest: B1-001: taps32 all 640000 samples and metrics match independent Python; exact repeat
ok 194 - B1-001: taps32 all 640000 samples and metrics match independent Python; exact repeat
  ---
  duration_ms: 386.8124
  ...
# Subtest: B1-001: mu0 all 640000 samples and metrics match independent Python; exact repeat
ok 195 - B1-001: mu0 all 640000 samples and metrics match independent Python; exact repeat
  ---
  duration_ms: 314.8672
  ...
# Subtest: B1-001: comparison rejects sign, time shift, zeroed output, NaN and near-zero overflow
ok 196 - B1-001: comparison rejects sign, time shift, zeroed output, NaN and near-zero overflow
  ---
  duration_ms: 2.4342
  ...
# Subtest: B01/B03: all 640,000 samples match immutable Python Float32 golden and e=d+a
ok 197 - B01/B03: all 640,000 samples match immutable Python Float32 golden and e=d+a
  ---
  duration_ms: 33.3475
  ...
# Subtest: B02/B04/B05: five configurations match Python metrics; repeat is deterministic
ok 198 - B02/B04/B05: five configurations match Python metrics; repeat is deterministic
  ---
  duration_ms: 930.3406
  ...
# Subtest: B06: every output reaches every mic; removing one cross-path removes only that response
ok 199 - B06: every output reaches every mic; removing one cross-path removes only that response
  ---
  duration_ms: 0.2983
  ...
# Subtest: B07: rejects invalid taps, negative/NaN step, wrong fixed dimensions, null config
ok 200 - B07: rejects invalid taps, negative/NaN step, wrong fixed dimensions, null config
  ---
  duration_ms: 0.235
  ...
# Subtest: B2-001: independent unsigned PRNG oracle preserves all three seeds and distinct channel streams
ok 201 - B2-001: independent unsigned PRNG oracle preserves all three seeds and distinct channel streams
  ---
  duration_ms: 0.7446
  ...
# Subtest: B2-001: three-seed shaped references and primary pressure match every Python Float32 sample
ok 202 - B2-001: three-seed shaped references and primary pressure match every Python Float32 sample
  ---
  duration_ms: 111.343
  ...
# Subtest: B2-001: all primary and secondary FIRs retain oracle taps, causal delays and complete cross-coupling
ok 203 - B2-001: all primary and secondary FIRs retain oracle taps, causal delays and complete cross-coupling
  ---
  duration_ms: 0.5845
  ...
# Subtest: B2-001: original pressure includes the documented independent disturbance after causal P*x
ok 204 - B2-001: original pressure includes the documented independent disturbance after causal P*x
  ---
  duration_ms: 58.7732
  ...
# Subtest: B2-001: exported demo-v2 identity, units and last-sample time stay explicit
ok 205 - B2-001: exported demo-v2 identity, units and last-sample time stay explicit
  ---
  duration_ms: 0.1707
  ...
# Subtest: audio paths use the same linear gain and sinc resampling
ok 206 - audio paths use the same linear gain and sinc resampling
  ---
  duration_ms: 15.2694
  ...
1..206
# tests 206
# suites 0
# pass 205
# fail 1
# cancelled 0
# skipped 0
# todo 0
# duration_ms 45052.1087
[ELIFECYCLE] Test failed. See above for more details.
[ELIFECYCLE] Command failed with exit code 1.

$ pnpm typecheck && pnpm check:boundaries && pnpm test && pnpm build
$ tsc --noEmit
$ node scripts/check-boundaries.mjs
$ tsx --test tests/*.test.ts

Exit code: 1
