$ pnpm typecheck && pnpm check:boundaries && pnpm test && pnpm build
$ tsc --noEmit
$ node scripts/check-boundaries.mjs
源码边界通过：A/B 互不导入；shared 独立；integration 负责装配。
$ tsx --test tests/*.test.ts
✔ one road change compares the same weighted window without keeping mutable config (3.4417ms)
✔ changed operating conditions block numeric deltas even when values are present (0.7359ms)
✔ multiple configuration changes remain visible and missing seat values stay unavailable (1.1982ms)
✔ legacy teaching layout compares with explicit teaching ID but another layout suppresses deltas (0.6357ms)
✔ exported A/B summary survives JSON roundtrip and recomputes deltas (5.4932ms)
✔ condition mismatch imports but suppresses unsupported deltas (3.0068ms)
✔ rejects oversized, forged, malformed and nonfinite evidence (4.511ms)
✔ foreign layouts remain readable but never acquire a numeric comparison (4.5484ms)
✔ older rnc-case-v1 without layout identity imports as teaching layout (1.2012ms)
✔ one-variable review reports measured direction without assigning cause or approval (2.7744ms)
✔ confounded or mismatched cases never receive a causal or numeric verdict (0.7399ms)
✔ an unregistered layout is labeled as file-reported evidence without a verdict (0.5865ms)
✔ new human fields roundtrip, legacy v1 imports blank, computed facts ignore human claims (7.0033ms)
✔ A1: unavailable convergence values leave gaps rather than zero gain or connecting across missing data (2.5578ms)
✔ A1: original noise draws once in grey, residual compares against the same original channel (0.9708ms)
✔ paired spatial evidence distinguishes quieter, louder and near-zero samples without claiming a volume mean (2.3534ms)
✔ invalid, mismatched and nonfinite samples cannot produce a stale or invented spatial verdict (0.4909ms)
✔ A1: vehicle depth pass ignores transparent body, keeps seats and restores renderer/hierarchy on failure (17.4737ms)
✔ A1: transparent contour styling returns the exact source colour, side and geometry in solid mode (7.8834ms)
✔ A1: same-frame slice preview preserves main field blend, signed range, slice and clipping (5.86ms)
✔ A1: overview snapshot preserves lab quantity, slice, range and interpolation even when rendering fails (10.7845ms)
✔ A1: one-second field cadence keeps moving past the old 350 ms plateau (4.4944ms)
✔ A1: slices and volume share the same energy blend, including interrupted frames (2.7634ms)
✔ A1: paused same-window quantity changes crossfade without replacing physical textures (2.0777ms)
✔ A1: pause settles both slice textures and new identities cannot inherit a mode crossfade (4.0612ms)
✔ guide requires actual baseline and candidate runs before showing comparison evidence (2.952ms)
✔ changed operating condition or multiple edits block the guided verdict (0.6683ms)
✔ invalid candidate and stale field never unlock listening (0.3801ms)
✔ a candidate field unlocks guidance only at the comparison window end (0.385ms)
✔ lab playback applies one gain to all eight signals, preserves d/e ratios and does not mutate physics (46.3087ms)
✔ actual extreme valid lab experiment has no clipped samples after shared preparation (1327.8253ms)
✔ sinc overshoot is covered by the strict bound; silence and low-level legacy gain remain unchanged (2.358ms)
✔ live Worker cancellation rejects pending work and late old errors cannot kill the new run (32.3257ms)
✔ field failure is recoverable but a processor failure rejects every pending query (1.7275ms)
✔ start cancellation and foreign run identities fail explicitly; batch mode cannot produce live chunks (1.7411ms)
✔ live RNC control returns the exact sample boundary and a rejected switch preserves the running worker (4.8038ms)
✔ legacy layout is stamped and unimplemented layouts fail before replacing a running experiment (1.4823ms)
✔ field frames without the active physical layout are rejected without killing the experiment (1.749ms)
✔ a field reply cannot substitute another time, weighting or sampling plane within the same run (1.5679ms)
✔ batch results and live packets cannot switch physical layout inside an accepted run (1.4731ms)
✔ same-layout responses cannot substitute another vehicle or physical experiment configuration (1.9505ms)
✔ Worker replies without the active run identity cannot enter results or field views (1.208ms)
✔ log frequency coordinates give equal spacing to equal ratios and omit DC (2.5563ms)
✔ seat curves preserve full-run SPL history and missing values while excluding future frames (1.5583ms)
✔ physical traces share Pa scale, show original and use absolute sample time after a live history wrap (1.4328ms)
✔ the initial waveform uses the same five-second scale as a full rolling window (0.6311ms)
✔ PSD comparisons use actual FFT bin positions and original selection is not drawn twice (0.6779ms)
✔ first valid point is visible and null SPL gaps never create fake zero levels (0.3923ms)
✔ acceleration and speaker drive never masquerade as pressure on a common axis (0.4434ms)
✔ manual plot bounds and hidden primary traces apply independently without changing samples (0.7012ms)
✔ divergent but finite Float32 pressure is bounded only in the audition copies (86.8687ms)
✔ streaming sinc is independent of chunk partition and matches continuous interpolation before the real lookahead tail (297.827ms)
✔ common lookahead safety envelope preserves all eight d/e ratios, bounds peaks and retains bounded memory (1714.0102ms)
✔ finishing releases exactly the real lookahead tail, including a run shorter than that tail (19.8897ms)
✔ live queue validates complete finite contiguous chunks without changing accepted state on rejection (100.5312ms)
✔ one audio clock freezes on starvation and resumes at the missing sample instead of skipping wall time (16.9779ms)
✔ queued chunks are gapless and all comparisons share one eight-channel buffer without a new clock on switching (19.3082ms)
✔ pause preserves partly consumed audio and a cold allocation never advances the simulation clock (6.5305ms)
✔ async resume cannot revive pause/reset/dispose or clear a newer request, and failure is retryable (11.6017ms)
✔ continuous enqueue stays bounded for ten minutes and finishes exactly without a false underrun or restart (11467.177ms)
✔ pause and resume while draining keeps the final samples and exact endpoint (17.2571ms)
✔ offline package verifier accepts the exact build and rejects changed, extra or missing files (1034.699ms)
✔ A1 overview: paused microphone levels survive display-only page and field changes (2.5076ms)
✔ A1 overview: invalidated experiment, warm-up and unavailable microphone never show stale levels (0.6521ms)
✔ A1 passengers: real finite geometry, bounded draw count, unique silhouette and single lap hat (431.6974ms)
✔ A1 passengers: all five models use actual cushion anchors and reserve driver (10838.8673ms)
✔ A1 passengers: independent seats allow duplicates; per-vehicle preferences cannot create stale seats (1.2596ms)
✔ A1 passengers: swap, empty, detach and clip preserve the car and acoustic layout (1795.2207ms)
✔ A1 passengers: head/horns stay below each current cabin roof; geometry follows matching seats (6546.4882ms)
✔ A1 passengers: repeat frame is stable, reduced motion neutral, resources dispose exactly once (16.7058ms)
✔ A1: preparing first audio buffer does not skip the requested playback position (42.5892ms)
✔ A1: pause cancels pending audio resume; repeated play creates one start (29.6258ms)
✔ A1: loading a new experiment cancels an earlier pending play (0.8491ms)
✔ A1: reaching the end stays stopped when seeking, including before ended is delivered (33.0467ms)
✔ A1: seeking to the end stops; replay starts only on explicit play (33.5055ms)
✔ A1: cold seat/mode switches prepare audio before fading, keep time and use the same gain (580.5398ms)
✔ A1: audio resume failure leaves a retryable paused player (29.9509ms)
✔ A1: an obsolete resume cannot clear or start a newer play request (26.1255ms)
✔ A1: seeking while playing continues at the new position without a retired ended event stopping it (25.4453ms)
✔ A1: a cold comparison prepared across the end never restarts the clip (51.8588ms)
✔ variable duration playback seeks past 16s, switches modes and stops exactly at each loaded clip end (129.1135ms)
✔ A1: batching preserves per-part ownership, named hardware, transformed bounds and exterior isolation (13.991ms)
✔ A1: sculpted dashboard normals are finite, unit length and continuous at duplicated vertices (62.7042ms)
✔ A1: detailed cabins remain separately detachable while materials and microtextures dispose once (4716.487ms)
✔ A1: render observations are bounded and never mix different vehicles or suspended frames (0.8561ms)
✔ asset shell modes isolate shared interior materials and restore original ownership once (9.4534ms)
✔ authored asset sections follow actual moving meshes without inventing solid caps or changing coordinates (8.914ms)
✔ asset picking skips hidden ancestors and discarded section surfaces, and selection bounds follow disassembly (5.5419ms)
✔ selection excludes hidden descendants and follows ancestor transforms without a section (1.8859ms)
✔ selection is restricted to retained section bounds and disappears when fully clipped (3.6136ms)
✔ actual ICE asset keeps all 74127 triangles and 30 groups through inspection, disassembly and full restoration (324.8344ms)
✔ CP controlled comparison blocks road/source/seed/operating changes; scenario states differences (4.2894ms)
✔ CP declared controller changes retain negative outcomes and do not change input snapshots (0.7522ms)
✔ CP scenario cannot cross layout or absolute analysis window (0.6078ms)
✔ CP mode survives summary roundtrip; old summaries retain historical comparison meaning (6.0387ms)
✔ CP nonfinite external readings never become displayed delta (0.4665ms)
✔ separate curved sheets have continuous boundary normals and finite UV coordinates (18.6314ms)
✔ rounded lamp apertures preserve the original silhouette bounds without repeated sharp corners (0.8014ms)
✔ P7 shoulder-to-window gap is closed by paint owned by the removable front door (2652.116ms)
✔ dense grid queries 1989 distinct locations across the original spatial extent (7.1738ms)
✔ dense texture retains the exact engine point order and paired channel energy (3.3454ms)
✔ volume mode contains no visible planar slices; explicit slices remain available (15.1797ms)
✔ temporal transition blends energy and a replacement starts at the displayed energy (8.5723ms)
✔ rewind, weighting, layout and point changes never blend incompatible frames (10.6225ms)
✔ driving distance uses the experiment clock, including pause and backward seek (1.3172ms)
✔ road segments cover a continuous range and preserve world identity while passing the car (0.813ms)
✔ four cabin eyes share P7 seat coordinates and are distinct from the microphones (2.8132ms)
✔ cabin look rotates around the eye without translating it and clamps pitch (1.3193ms)
✔ wheel spin preserves its axle and semantic attachment, keeping the brake caliper stationary (8.8025ms)
✔ curved graded route preserves arc length, periodic seams and reversible vehicle coordinates (77.8441ms)
✔ A2 landscape: finite, continuous, bounded slopes across every environment and negative world coordinates (1683.392ms)
✔ A2 road ground stays below the travelled lane through bends and grades (64.1129ms)
✔ A2 recycled world tiles stay beyond the fully faded distance for forward and backward driving (8.5093ms)
✔ A2 sky retains complete imagery while loading and blends monotonically; rapid requests retain referenced textures (11.6606ms)
✔ A2 outdoor camera cannot enter the floor, car shell or distant scenery after repeated pan/zoom/orbit (1.6461ms)
✔ volume texture keeps every queried point and both channels in WebGL storage order (7.4969ms)
✔ spatial smoothing operates on mean-square energy, not a mean of dB or RGB (1.0243ms)
✔ improvement is the signed, same-point same-frame difference; worsening is retained (0.7638ms)
✔ detail range includes both channels and has a nonzero span even for a flat frame (1.1139ms)
✔ improvement detail keeps zero centered and includes real worsening and improvement (0.9554ms)
✔ camera moves around the car and reaches an exact endpoint without overshoot (2.1074ms)
✔ manual input cancels motion; a rapid replacement starts at the currently visible pose (1.0374ms)
✔ dense queries yield in bounded batches and publish the original point order at one window (99.0922ms)
✔ a late query is cancelled before more chunks are submitted (12.5901ms)
✔ different windows, weighting, positions and layout cannot be merged into one field (46.9498ms)
✔ an invalid warm-up grid stays invalid instead of becoming a coloured result (141.6725ms)
✔ three slice meshes use the original 280 queried positions, including their fixed physical planes (4.0364ms)
✔ a reordered, truncated or non-finite B field frame cannot color the old locations (0.9596ms)
✔ moving each sampled plane requests its physical position and refuses the previous field frame (4.5045ms)
✔ 12 coincident projections remain separate and inside the narrow supported viewer (4.4324ms)
✔ four source illustrations can share a narrow view with all 12 hardware labels (2.7357ms)
✔ labels at viewport edges and densely grouped hardware remain clickable (20.6874ms)
✔ lab callouts stay beside the projected hardware instead of the full viewport edges (2.8004ms)
✔ near-car labels remain separate and clickable in a narrow 360 px viewer (0.9437ms)
✔ 720p structure panels and transport never cover the 16 hardware callouts (1.2258ms)
✔ a completely obstructed viewport does not put an invisible clickable label behind its panel (0.3366ms)
✔ P7+ canopy, liftback glazing and rear bumper are separately owned assemblies (2506.1938ms)
✔ P7+ hidden shell exposes actual seat picking, and clipping rejects the removed half (1923.612ms)
✔ P7+ intermediate explosion poses remain finite and return to identical world transforms (1537.7821ms)
✔ P7+ paint and shell presentation preserve independent glass, tires and cabin materials (1460.6097ms)
✔ P7 detailed EV assemblies and acoustic diaphragms own their reversible geometry (1421.5913ms)
✔ featured structures exist in each generated architecture and explain its actual drive path (525.1399ms)
✔ true mesh-plane sections preserve area, plane position and outward normal after transforms (9.7686ms)
✔ section through exact edges is closed; tangencies and existing coplanar faces are not duplicated (11.9307ms)
✔ ring sections keep their holes and disconnected islands; open surfaces never get a solid cap (45.8311ms)
✔ section display updates from exploded geometry, respects ancestor visibility and material opacity (6.3684ms)
✔ bundled showroom SUV is the attributed, offline CC BY asset within the geometry budget (11.2971ms)
✔ BEV showroom keeps the original attribution and bundles a decodable offline model (23.1356ms)
✔ contoured upholstery remains finite, smoothly shaded and inside the assembled seat envelope (200.6627ms)
✔ GX seat detail retains part ownership, reversibility and shared micrograin lifetime (2820.2447ms)
✔ four drivetrains preserve their physical differences and five-seat cabin (500.576ms)
✔ vehicle geometry is finite and every owned GPU resource is disposed once (544.8805ms)
✔ the BEV and EREV battery enclosure remains directly visible from the underbody (350.6809ms)
✔ the closed side sill hides the floor and battery at door level on all four vehicles (301.9149ms)
✔ xpeng-p7plus: independent layout, full cross paths, both sources and live/batch/field agreement (460.3003ms)
✔ xpeng-p7plus: observer seats and acoustic attachment nodes exist in the actual detachable model (2001.7956ms)
✔ xpeng-x9: independent layout, full cross paths, both sources and live/batch/field agreement (357.4598ms)
✔ xpeng-x9: observer seats and acoustic attachment nodes exist in the actual detachable model (2424.0072ms)
✔ xpeng-l03: independent layout, full cross paths, both sources and live/batch/field agreement (325.8047ms)
✔ xpeng-l03: observer seats and acoustic attachment nodes exist in the actual detachable model (1944.498ms)
✔ xpeng-m03: independent layout, full cross paths, both sources and live/batch/field agreement (285.0318ms)
✔ xpeng-m03: observer seats and acoustic attachment nodes exist in the actual detachable model (1824.2553ms)
✔ xpeng-gx: independent layout, full cross paths, both sources and live/batch/field agreement (213.8281ms)
✔ xpeng-gx: observer seats and acoustic attachment nodes exist in the actual detachable model (1667.3925ms)
✔ x9: P7-level structural coverage and correctly separated battery layers (3144.7363ms)
✔ x9: interior ray picking and sampled disassembly restore world transforms (2636.3694ms)
✔ l03: P7-level structural coverage and correctly separated battery layers (1968.5154ms)
✔ l03: interior ray picking and sampled disassembly restore world transforms (1882.9542ms)
✔ m03: P7-level structural coverage and correctly separated battery layers (1740.5871ms)
✔ m03: interior ray picking and sampled disassembly restore world transforms (1574.7845ms)
✔ gx: P7-level structural coverage and correctly separated battery layers (1344.619ms)
✔ gx: interior ray picking and sampled disassembly restore world transforms (1347.3637ms)
✔ Verified drivetrain and suspension differences survive shared construction helpers (4478.4723ms)
✔ A2 XPeng x9: real proportions, semantic rows and finite geometry (3443.0252ms)
✔ A2 XPeng x9: explosion is reversible, clamped and above floor (2668.649ms)
✔ A2 XPeng p7plus: real proportions, semantic rows and finite geometry (1732.7788ms)
✔ A2 XPeng p7plus: explosion is reversible, clamped and above floor (1478.6075ms)
✔ A2 XPeng l03: real proportions, semantic rows and finite geometry (1920.5567ms)
✔ A2 XPeng l03: explosion is reversible, clamped and above floor (1481.1747ms)
✔ A2 XPeng m03: real proportions, semantic rows and finite geometry (1565.0714ms)
✔ A2 XPeng m03: explosion is reversible, clamped and above floor (1357.0746ms)
✔ A2 XPeng gx: real proportions, semantic rows and finite geometry (1456.5788ms)
✔ A2 XPeng gx: explosion is reversible, clamped and above floor (1133.2108ms)
✔ A2 XPeng paint affects exterior clones only; resources dispose exactly once (992.7265ms)
✔ B2-003 async: Web Crypto produces the same container and detached data as sync API (96.8235ms)
✔ B2-003 async: encoding snapshots config, run identity, samples and budgets before awaiting (63.4921ms)
✔ B2-003 async: decode owns a snapshot across Buffer mutation, offset views and transfer (67.0444ms)
✔ B2-003 async: hash rejections and invalid digests propagate without a partial result (53.7524ms)
✔ B2-003 async: malformed, nonfinite and over-budget inputs reject before invoking crypto (23.0472ms)
✔ B2-003: default binary roundtrip, recipe recompute and Python oracle (1073.8053ms)
✔ B2-003: seed29 binary roundtrip, recipe recompute and Python oracle (1067.2904ms)
✔ B2-003: seed47 binary roundtrip, recipe recompute and Python oracle (907.2579ms)
✔ B2-003: taps32 binary roundtrip, recipe recompute and Python oracle (708.2443ms)
✔ B2-003: mu0 binary roundtrip, recipe recompute and Python oracle (628.5721ms)
✔ B2-003: registered source hashes match the numerical implementation (2.5437ms)
✔ B2-003: preserve reference identity, little-endian edge bits and offset views (394.0111ms)
✔ B2-003: silent and zero-denominator metrics retain nonfinite tags and unavailable measurements (136.0985ms)
✔ B2-003: genuine zero/negative reductions and tagged negative zero stay distinct from silence (121.2151ms)
✔ B2-003: malformed/truncated headers, overflow lengths, trailing bytes and padding are rejected (9.9113ms)
✔ B2-003: schema, channel mapping, units, metadata, normalized config and metrics are validated (46.4935ms)
✔ B2-003: integrity mismatch and hash-correct nonfinite payload cannot import (29.3566ms)
✔ B2-003: budgets refuse before hashing/large output and count UTF-8 bytes (18.2246ms)
✔ B2-003: unknown numerical models are read-only; recipe recompute revalidates identity and fresh id (19.4734ms)
✔ B2-003: recipes reject extra scripts/URLs/arrays, bad text/config and different schemas (2.0229ms)
✔ B2-003: live snapshots, partial results, bad dimensions and invalid samples are not batches (25.6306ms)
✔ B2-003 lab recipe: ice, both sources and 1/4/8 reference topology (1193.9768ms)
✔ B2-003 lab recipe: bev, both sources and 1/4/8 reference topology (1010.7164ms)
✔ B2-003 lab recipe: hev, both sources and 1/4/8 reference topology (1047.3744ms)
✔ B2-003 lab recipe: erev, both sources and 1/4/8 reference topology (941.7085ms)
✔ B2-003 lab recipe: model/source/recording identities match current files (3.4663ms)
✔ B2-003 lab recipe: preserve legacy absence and normalize shaped/layout/offset defaults explicitly (149.1626ms)
✔ B2-003 lab recipe: RNC off, zero step, speaker disable, seed/taps changes and negative gains retain exact behavior (295.4613ms)
✔ B2-003 lab recipe: actual divergence is a finite prefix, never padded or called complete (196.1849ms)
✔ B2-003 lab recipe: unknown layouts cannot encode/recompute and unknown model is only parsed (3.4553ms)
✔ B2-003 lab recipe: recording asset is mandatory, full-byte hash checked, never random fallback (6.1045ms)
✔ B2-003 lab recipe: snapshot config/id/budget and asset before await, propagate resolver/hash failures (103.094ms)
✔ B2-003 lab recipe: reject bad config, dimensions, identities, extra scripts, live mode and altered defaults (2.216ms)
✔ B2-003 lab recipe: byte and recompute budgets reject before asset loading or calculation (0.9602ms)
✔ B2-003 lab result: ice, both sources and 1/4/8 references sync/async exact roundtrip (514.5451ms)
✔ B2-003 lab result: bev, both sources and 1/4/8 references sync/async exact roundtrip (445.4263ms)
✔ B2-003 lab result: hev, both sources and 1/4/8 references sync/async exact roundtrip (424.2562ms)
✔ B2-003 lab result: erev, both sources and 1/4/8 references sync/async exact roundtrip (457.1028ms)
✔ B2-003 lab result: divergence, disabled RNC/output, mu0 and legacy absence retain status and identities (266.3185ms)
✔ B2-003 lab result: tagged invalid metrics survive, disagreeing summary is quarantined (74.9327ms)
✔ B2-003 lab result: silence and empty divergence never become valid zero dB, real mu0 does (16.1149ms)
✔ B2-003 lab result: finite edge bits and offset views survive with independent arrays (51.4146ms)
✔ B2-003 lab result: unknown model/layout remain read-only without verified metrics (30.2681ms)
✔ B2-003 lab result: hostile manifest identities, dimensions, units, clocks, state and scalar tags reject before hashing (35.8943ms)
✔ B2-003 lab result: truncation, trailing data, lengths, padding, UTF-8 and nonfinite samples reject (39.0972ms)
✔ B2-003 lab result: explicit batch, complete/prefix rules, array shape, UTF-8 identity and budgets reject before crypto (21.6876ms)
✔ B2-003 lab result: async encoder captures all signals/metadata/limits before await (20.2216ms)
✔ B2-003 lab result: async import owns Buffer/offset views across mutation or transfer; SHA failures propagate (52.689ms)
✔ B2-003 registered export: xpeng-p7plus-bev-v1, both sources, 1/4/8 references (542.3782ms)
✔ B2-003 registered export: xpeng-x9-erev-v1, both sources, 1/4/8 references (586.4969ms)
✔ B2-003 registered export: xpeng-l03-bev-v1, both sources, 1/4/8 references (463.3836ms)
✔ B2-003 registered export: xpeng-m03-bev-v1, both sources, 1/4/8 references (542.4251ms)
✔ B2-003 registered export: xpeng-gx-erev-v1, both sources, 1/4/8 references (493.3485ms)
✔ B2-003 registered export: actual historical model-1 files remain read-only and cannot load assets (4.5231ms)
✔ B2-003 registered export: unknown, asset aliases and powertrain mismatches parse without enabling execution (26.0503ms)
✔ B2-003 registered export: unsupported layouts still reject invalid config and normalization before hashing (32.1473ms)
✔ Hann Welch one-sided PSD integrates to tone mean-square and has the correct peak (7.2328ms)
✔ B2-002: RMS uses exactly the trailing 1000 samples, including first and final windows (3.5829ms)
✔ B2-002: same-window reduction preserves negative gains and aggregates powers before dB (2.5096ms)
✔ B2-002: silence and near-floor pressure never report valid zero-dB benefit (6.0487ms)
✔ B2-002: non-finite pressure is unavailable, never a valid analysis frame (7.466ms)
✔ B2-002: power rejects invalid ranges and PSD clamps finite sample cursors to actual data (1.3909ms)
✔ B2-002: PSD rejects non-finite samples in its complete windows and ignores future samples (1.7032ms)
✔ B2-002: non-finite PSD cursors cannot trap a caller in an unbounded loop (209.7512ms)
✔ B2-002: shared PSD preserves lab pressure weighting and vibration/drive/source units (13.7467ms)
✔ B2-002: asymmetric signal Welch bins match direct DFT, 50% overlap and incomplete-tail handling (116.8437ms)
✔ B2-002: DC and Nyquist are not doubled; PSD scales as signal-unit squared per Hz (9.5466ms)
✔ analysis warming-up, window boundary, channel identity and pressure calibration (0.9457ms)
✔ step size accepts every nonnegative finite value and finite drives exceed the former 100 threshold (323.5787ms)
✔ batch and chunked overflow stop at the same Float32 boundary, keeping the last finite samples and spectra (505.0437ms)
✔ overflow on the first weight update gives an empty finite prefix and a terminal diagnostic (30.6075ms)
✔ new lab experiments learn before two seconds without changing sources or superposition (847.1776ms)
✔ lab FxLMS produces finite true superposition, baseline then learned reduction at all microphones (12.9093ms)
✔ all 16 secondary paths have causal cross coupling and every source reaches every mic (2.9252ms)
✔ first adaptive output matches an independent all-error normalized gradient calculation (37.2184ms)
✔ RNC off, zero step and all disabled speakers retain original noise exactly (898.8521ms)
✔ one and eight references and disabled output actually change controller dimensions and results (1696.4746ms)
✔ recording-shaped sources retain high finite values and return the valid prefix on overflow (3072.8525ms)
✔ field at microphone positions equals independently measured trace power in the same window (25.109ms)
✔ off-microphone field is recalculated from wheel q and speaker u, not microphone interpolation (145.6646ms)
✔ vehicle paths vary, seed is reproducible and speed/roughness trends are source-driven (1151.6676ms)
✔ warm-up, zero-speed energy floor and bad configurations are explicit (635.8359ms)
✔ q selection analyzes each actual wheel source independently of reference layout (366.7156ms)
✔ A weighting matches reference corrections and applies power rather than amplitude to PSD (32.433ms)
✔ teaching calibration anchors pooled 40 km/h baseline at 60 dBA; offset changes H only (740.7647ms)
✔ A/Z analysis and field agree at microphones, including first window and wrapped live history (3215.3989ms)
✔ duration budget rejects invalid allocations; short runs have finite metrics and long runs share streaming samples (4848.689ms)
✔ pressure density levels use 20uPa while other signals keep unit reference; manual waveform bounds never reveal future samples (414.017ms)
✔ NFxLMS joint normalization scales inversely with filtered-reference power and regularizes silence (0.4737ms)
✔ stateful first 16 seconds match the unchanged batch q/x/u/d/a/e bit for bit (2245.1187ms)
✔ arbitrary block sizes preserve source/filter/weight state beyond 16 seconds and repeated history wraps (7152.844ms)
✔ RNC off, zero step, disabled speakers and eight references retain the batch semantics across blocks (3807.7309ms)
✔ wrapped snapshots use one absolute clock and yield the same field window at mic and off-mic points (1470.9084ms)
✔ resident storage stays bounded through two minutes and invalid requests do not advance the stream (3238.9813ms)
✔ live RNC OFF freezes learned weights and zeros drive; ON resumes from those weights without restarting sources (513.4927ms)
✔ an initially disabled live controller can start adapting later (151.4356ms)
✔ wrapped live history retains five seconds at the audible clock despite producer prefetch (1375.4033ms)
✔ numeric overflow returns the finite prefix, preserves history, and cannot resume (9.863ms)
✔ live generation ignores replay duration, preserves bounded adaptation for ten minutes and refuses overflow atomically (19899.4379ms)
✔ P7 layout has its own cabin and paths; legacy layout unchanged and unsupported IDs rejected (6.0149ms)
✔ P7 arbitrary stream blocks match batch q/x/u/d/a/e bit for bit (442.8168ms)
✔ P7 field equals independent microphone trace power at the same point and window (36.2492ms)
✔ P7 recorded-source branch shares fractional paths between batch, streaming and field (514.1814ms)
✔ a pure delayed gain has constant magnitude and exact analytic group delay (3.0747ms)
✔ response zeros are undefined rather than false finite phase/delay; all sixteen paths remain selectable (54.1697ms)
✔ recorded sources use the four primary-noise ears, validate assets and require explicit data (75.5071ms)
✔ recorded source samples retain shared timing and gain, crossfade synchronously and do not become random or pitch shifted (86.4958ms)
✔ recorded batch and irregular live blocks agree exactly through two source loops; storage and adaptation remain continuous (7359.3445ms)
✔ recorded primary paths stay causal and fully coupled, match the passenger 48dBA/Hz peak anchor, and match microphone fields (351.514ms)
✔ recording-derived data keeps all references and uncalibrated provenance; spectra distinguish vibration and cabin noise (1527.5237ms)
✔ spectral stretch remains causal, normalized and exactly shared by batch/stream at temperature-pressure limits (1962.4412ms)
✔ B1-002: unchanged core in test harness matches normal production entry sample-for-sample (629.0892ms)
✔ B1-002: asymmetric matrices and independent recurrence detect sign/index/cross-path/timing faults (4483.1069ms)
✔ B1-002: every one of 16 output/reference controller routes contributes with the correct update (1579.0553ms)
✔ B1-002: modifying future x/d cannot change any past output (557.3644ms)
✔ B1-003: invalid shapes, every missing/fixed field and nonfinite values return structured config errors (5.2385ms)
✔ B1-003: all 12 legal configurations have finite isolated Float32 channels and exact zero-step identities (2293.4489ms)
✔ B1-003: nonfinite data, short arrays, drive failure and Float32 overflow never return partial success (1015.2672ms)
✔ B1-003: a failed call preserves prior results and cannot poison the next run (600.4369ms)
✔ B1-001: default all 640000 samples and metrics match independent Python; exact repeat (538.5867ms)
✔ B1-001: seed29 all 640000 samples and metrics match independent Python; exact repeat (532.0877ms)
✔ B1-001: seed47 all 640000 samples and metrics match independent Python; exact repeat (459.6736ms)
✔ B1-001: taps32 all 640000 samples and metrics match independent Python; exact repeat (348.9233ms)
✔ B1-001: mu0 all 640000 samples and metrics match independent Python; exact repeat (234.8245ms)
✔ B1-001: comparison rejects sign, time shift, zeroed output, NaN and near-zero overflow (2.0104ms)
✔ B01/B03: all 640,000 samples match immutable Python Float32 golden and e=d+a (23.5306ms)
✔ B02/B04/B05: five configurations match Python metrics; repeat is deterministic (776.7075ms)
✔ B06: every output reaches every mic; removing one cross-path removes only that response (0.306ms)
✔ B07: rejects invalid taps, negative/NaN step, wrong fixed dimensions, null config (0.2562ms)
✔ B2-001: independent unsigned PRNG oracle preserves all three seeds and distinct channel streams (0.8596ms)
✔ B2-001: three-seed shaped references and primary pressure match every Python Float32 sample (108.6336ms)
✔ B2-001: all primary and secondary FIRs retain oracle taps, causal delays and complete cross-coupling (0.5212ms)
✔ B2-001: original pressure includes the documented independent disturbance after causal P*x (58.0097ms)
✔ B2-001: exported demo-v2 identity, units and last-sample time stay explicit (0.1846ms)
✔ audio paths use the same linear gain and sinc resampling (37.4092ms)
ℹ tests 319
ℹ suites 0
ℹ pass 319
ℹ fail 0
ℹ cancelled 0
ℹ skipped 0
ℹ todo 0
ℹ duration_ms 42468.0947
$ tsc --noEmit && vite build
vite v7.1.7 building for production...
transforming...
✓ 110 modules transformed.
rendering chunks...
computing gzip size...
dist/index.html                                            1.03 kB │ gzip:     0.57 kB
dist/assets/engine.worker-Sv3u2Fdq.js                      4.29 kB
dist/assets/rnc-serif-DH6On44C.woff2                      17.78 kB
dist/assets/gallery-desert-B0GsNK42.webp                  19.07 kB
dist/assets/gallery-mountain-B9cQlO9E.webp                19.91 kB
dist/assets/gallery-snow-nXhd3GdG.webp                    22.82 kB
dist/assets/gallery-coast-Dl7q4u_l.webp                   26.81 kB
dist/assets/lab.worker-C7FgpgE2.js                        30.88 kB
dist/assets/rnc-sans-vf96sMn8.woff2                      235.82 kB
dist/assets/recorded-primary-BSu6qUp_.f32              1,280.02 kB
dist/assets/layout-BJyQje-f.png                        1,671.89 kB
dist/assets/gallery-champagne-sunset-v2-DNZvigIO.png   1,944.61 kB
dist/assets/paths-C9jf-qv9.png                         1,989.86 kB
dist/assets/field-CNNqPcDN.png                         2,388.10 kB
dist/assets/aerial_grass_rock_diff_2k-BtlOO1j7.jpg     2,624.64 kB
dist/assets/golden_browser_fixture-BhKaGSeS.json       3,414.19 kB │ gzip: 2,407.80 kB
dist/assets/lakes_8k-Cpp28BEr.jpg                      4,742.10 kB
dist/assets/asphalt_02_nor_gl_2k-UEyVbT-h.jpg          4,943.95 kB
dist/assets/goegap_2k-Jq4FxBej.hdr                     5,445.36 kB
dist/assets/range-rover-sport-svr-4ykCwhl8.glb         5,726.33 kB
dist/assets/lakes_2k-Cp9fVIm5.hdr                      5,918.43 kB
dist/assets/goegap_8k-BpN4yx3b.jpg                     6,050.86 kB
dist/assets/gravel_floor_nor_gl_2k-DtygZ1JK.jpg        6,139.01 kB
dist/assets/tesla-model-y.meshopt-DxsAdN_g.glb        10,353.64 kB
dist/assets/asphalt_02_diff_4k-ztmUkEFu.jpg           11,654.13 kB
dist/assets/gravel_floor_diff_4k-B_Xe7M1M.jpg         18,167.19 kB
dist/assets/lago_disola_4k-CMa_-4Rz.hdr               26,197.09 kB
dist/assets/alps_field_4k-DL9vOQ3t.hdr                26,520.86 kB
dist/assets/lago_disola_8k-C31ajjrJ.jpg               50,106.04 kB
dist/assets/alps_field_8k-BrpRqQi6.jpg                53,871.22 kB
dist/assets/index-Di_b5R-_.css                             6.73 kB │ gzip:     2.23 kB
dist/assets/viewer-BKEBPkNH.css                           14.36 kB │ gzip:     3.45 kB
dist/assets/index-CEnrRz2D.css                            88.66 kB │ gzip:    19.32 kB
dist/assets/contracts-nWp9BSjY.js                          0.09 kB │ gzip:     0.11 kB │ map:     2.22 kB
dist/assets/preload-helper-PPVm8Dsz.js                     1.28 kB │ gzip:     0.75 kB │ map:     0.11 kB
dist/assets/path-analysis-COwjqcbF.js                      1.48 kB │ gzip:     0.85 kB │ map:     5.24 kB
dist/assets/index-BJJq3Ru5.js                              2.00 kB │ gzip:     1.05 kB │ map:     7.96 kB
dist/assets/lab-contracts-BIycLH2B.js                      3.25 kB │ gzip:     1.52 kB │ map:    15.85 kB
dist/assets/index-D6aLQ0Hy.js                              3.69 kB │ gzip:     1.83 kB │ map:     6.85 kB
dist/assets/lab-engine-Ci4Y6_4r.js                         4.22 kB │ gzip:     1.90 kB │ map:    14.44 kB
dist/assets/asset-inspection-A6BxV3UA.js                   4.45 kB │ gzip:     1.92 kB │ map:    14.95 kB
dist/assets/paths-C-m_HCM-.js                             11.02 kB │ gzip:     5.42 kB │ map:    28.52 kB
dist/assets/index-CtZ-usB_.js                             17.96 kB │ gzip:     8.12 kB │ map:    70.68 kB
dist/assets/index-Do7CI1og.js                             20.53 kB │ gzip:     9.22 kB │ map:    53.78 kB
dist/assets/xpeng-model-CB4kg_Af.js                       60.84 kB │ gzip:    24.85 kB │ map:   215.05 kB
dist/assets/showroom-model-DxJnaPt5.js                    77.19 kB │ gzip:    23.25 kB │ map:   254.48 kB
dist/assets/index-1GwQsHKe.js                            578.93 kB │ gzip:   225.94 kB │ map: 1,459.65 kB
dist/assets/viewer-ZSuDN3NB.js                           601.36 kB │ gzip:   154.75 kB │ map: 2,920.75 kB

(!) Some chunks are larger than 500 kB after minification. Consider:
- Using dynamic import() to code-split the application
- Use build.rollupOptions.output.manualChunks to improve chunking: https://rollupjs.org/configuration-options/#output-manualchunks
- Adjust chunk size limit for this warning via build.chunkSizeWarningLimit.
✓ built in 2.71s
