$ pnpm typecheck && pnpm check:boundaries && pnpm test && pnpm build
$ tsc --noEmit
$ node scripts/check-boundaries.mjs
源码边界通过：A/B 互不导入；shared 独立；integration 负责装配。
$ tsx --test tests/*.test.ts
✔ one road change compares the same weighted window without keeping mutable config (3.2311ms)
✔ changed operating conditions block numeric deltas even when values are present (0.5808ms)
✔ multiple configuration changes remain visible and missing seat values stay unavailable (1.0267ms)
✔ legacy teaching layout compares with explicit teaching ID but another layout suppresses deltas (0.5099ms)
✔ exported A/B summary survives JSON roundtrip and recomputes deltas (5.1111ms)
✔ condition mismatch imports but suppresses unsupported deltas (3.1387ms)
✔ rejects oversized, forged, malformed and nonfinite evidence (4.2656ms)
✔ foreign layouts remain readable but never acquire a numeric comparison (4.9507ms)
✔ older rnc-case-v1 without layout identity imports as teaching layout (1.2851ms)
✔ one-variable review reports measured direction without assigning cause or approval (2.5263ms)
✔ confounded or mismatched cases never receive a causal or numeric verdict (0.7546ms)
✔ an unregistered layout is labeled as file-reported evidence without a verdict (1.348ms)
✔ new human fields roundtrip, legacy v1 imports blank, computed facts ignore human claims (5.8609ms)
✔ A1: unavailable convergence values leave gaps rather than zero gain or connecting across missing data (3.081ms)
✔ A1: original noise draws once in grey, residual compares against the same original channel (0.9853ms)
✔ paired spatial evidence distinguishes quieter, louder and near-zero samples without claiming a volume mean (2.3331ms)
✔ invalid, mismatched and nonfinite samples cannot produce a stale or invented spatial verdict (0.4499ms)
✔ A1: vehicle depth pass ignores transparent body, keeps seats and restores renderer/hierarchy on failure (20.5655ms)
✔ A1: transparent contour styling returns the exact source colour, side and geometry in solid mode (6.9879ms)
✔ A1: same-frame slice preview preserves main field blend, signed range, slice and clipping (6.1687ms)
✔ A1: overview snapshot preserves lab quantity, slice, range and interpolation even when rendering fails (11.1068ms)
✔ A1: one-second field cadence keeps moving past the old 350 ms plateau (3.4495ms)
✔ A1: slices and volume share the same energy blend, including interrupted frames (2.977ms)
✔ A1: paused same-window quantity changes crossfade without replacing physical textures (1.9778ms)
✔ A1: pause settles both slice textures and new identities cannot inherit a mode crossfade (4.8886ms)
✔ guide requires actual baseline and candidate runs before showing comparison evidence (2.5511ms)
✔ changed operating condition or multiple edits block the guided verdict (0.7347ms)
✔ invalid candidate and stale field never unlock listening (0.4474ms)
✔ a candidate field unlocks guidance only at the comparison window end (0.3493ms)
✔ lab playback applies one gain to all eight signals, preserves d/e ratios and does not mutate physics (53.7465ms)
✔ actual extreme valid lab experiment has no clipped samples after shared preparation (1347.1408ms)
✔ sinc overshoot is covered by the strict bound; silence and low-level legacy gain remain unchanged (3.0962ms)
✔ live Worker cancellation rejects pending work and late old errors cannot kill the new run (29.7067ms)
✔ field failure is recoverable but a processor failure rejects every pending query (6.6284ms)
✔ start cancellation and foreign run identities fail explicitly; batch mode cannot produce live chunks (2.1287ms)
✔ live RNC control returns the exact sample boundary and a rejected switch preserves the running worker (4.2287ms)
✔ legacy layout is stamped and unimplemented layouts fail before replacing a running experiment (1.5387ms)
✔ field frames without the active physical layout are rejected without killing the experiment (1.8978ms)
✔ a field reply cannot substitute another time, weighting or sampling plane within the same run (1.8797ms)
✔ batch results and live packets cannot switch physical layout inside an accepted run (1.5759ms)
✔ same-layout responses cannot substitute another vehicle or physical experiment configuration (1.7146ms)
✔ Worker replies without the active run identity cannot enter results or field views (1.405ms)
✔ log frequency coordinates give equal spacing to equal ratios and omit DC (2.6023ms)
✔ seat curves preserve full-run SPL history and missing values while excluding future frames (1.7827ms)
✔ physical traces share Pa scale, show original and use absolute sample time after a live history wrap (1.4524ms)
✔ the initial waveform uses the same five-second scale as a full rolling window (0.6063ms)
✔ PSD comparisons use actual FFT bin positions and original selection is not drawn twice (0.8239ms)
✔ first valid point is visible and null SPL gaps never create fake zero levels (0.3775ms)
✔ acceleration and speaker drive never masquerade as pressure on a common axis (0.4609ms)
✔ manual plot bounds and hidden primary traces apply independently without changing samples (0.7287ms)
✔ divergent but finite Float32 pressure is bounded only in the audition copies (76.132ms)
✔ streaming sinc is independent of chunk partition and matches continuous interpolation before the real lookahead tail (297.2398ms)
✔ common lookahead safety envelope preserves all eight d/e ratios, bounds peaks and retains bounded memory (1519.0328ms)
✔ finishing releases exactly the real lookahead tail, including a run shorter than that tail (18.1183ms)
✔ live queue validates complete finite contiguous chunks without changing accepted state on rejection (112.0796ms)
✔ one audio clock freezes on starvation and resumes at the missing sample instead of skipping wall time (12.1562ms)
✔ queued chunks are gapless and all comparisons share one eight-channel buffer without a new clock on switching (14.5445ms)
✔ pause preserves partly consumed audio and a cold allocation never advances the simulation clock (5.8138ms)
✔ async resume cannot revive pause/reset/dispose or clear a newer request, and failure is retryable (11.1194ms)
✔ continuous enqueue stays bounded for ten minutes and finishes exactly without a false underrun or restart (11549.3958ms)
✔ pause and resume while draining keeps the final samples and exact endpoint (16.8358ms)
✔ offline package verifier accepts the exact build and rejects changed, extra or missing files (1222.583ms)
✔ A1 overview: paused microphone levels survive display-only page and field changes (2.3445ms)
✔ A1 overview: invalidated experiment, warm-up and unavailable microphone never show stale levels (0.3998ms)
✔ A1 detailed passengers: concurrent duplicate seats share download but own clip and disposable meshes (14.1361ms)
✔ A1 detailed passengers: late response after library destruction releases source once; failures can retry (10.5061ms)
✔ A1 detailed passengers: driver swap, clear, vehicle change and destruction cannot resurrect stale loads (6844.2904ms)
✔ A1 detailed passengers: missing local asset keeps driver selectable and reports basic status (2265.6417ms)
✔ A1 detailed passengers: measured six GLBs fit all five authored seat layouts and preserve pelvis support (7924.946ms)
✔ A1 passengers: real finite geometry, bounded draw count, unique silhouette and single lap hat (406.5993ms)
✔ A1 passengers: all five models use actual cushion anchors including driver (11781.9099ms)
✔ A1 passengers: independent seats allow duplicates; per-vehicle preferences cannot create stale seats (0.5157ms)
✔ A1 passengers: swap, empty, detach and clip preserve the car and acoustic layout (1788.7169ms)
✔ A1 passengers: head/horns stay below each current cabin roof; geometry follows matching seats (6929.0811ms)
✔ A1 passengers: repeat frame is stable, reduced motion neutral, resources dispose exactly once (11.0903ms)
✔ A1: preparing first audio buffer does not skip the requested playback position (40.4599ms)
✔ A1: pause cancels pending audio resume; repeated play creates one start (32.6898ms)
✔ A1: loading a new experiment cancels an earlier pending play (0.6948ms)
✔ A1: reaching the end stays stopped when seeking, including before ended is delivered (39.6994ms)
✔ A1: seeking to the end stops; replay starts only on explicit play (31.8647ms)
✔ A1: cold seat/mode switches prepare audio before fading, keep time and use the same gain (593.8894ms)
✔ A1: audio resume failure leaves a retryable paused player (28.1111ms)
✔ A1: an obsolete resume cannot clear or start a newer play request (26.8663ms)
✔ A1: seeking while playing continues at the new position without a retired ended event stopping it (26.2125ms)
✔ A1: a cold comparison prepared across the end never restarts the clip (50.733ms)
✔ variable duration playback seeks past 16s, switches modes and stops exactly at each loaded clip end (123.9392ms)
✔ A1: batching preserves per-part ownership, named hardware, transformed bounds and exterior isolation (21.8387ms)
✔ A1: sculpted dashboard normals are finite, unit length and continuous at duplicated vertices (36.6847ms)
✔ A1: detailed cabins remain separately detachable while materials and microtextures dispose once (5131.1725ms)
✔ A1: render observations are bounded and never mix different vehicles or suspended frames (0.7036ms)
✔ asset shell modes isolate shared interior materials and restore original ownership once (13.9317ms)
✔ authored asset sections follow actual moving meshes without inventing solid caps or changing coordinates (5.8244ms)
✔ asset picking skips hidden ancestors and discarded section surfaces, and selection bounds follow disassembly (6.313ms)
✔ selection excludes hidden descendants and follows ancestor transforms without a section (1.9487ms)
✔ selection is restricted to retained section bounds and disappears when fully clipped (3.3678ms)
✔ actual ICE asset keeps all 74127 triangles and 30 groups through inspection, disassembly and full restoration (359.9525ms)
✔ CP controlled comparison blocks road/source/seed/operating changes; scenario states differences (3.9072ms)
✔ CP declared controller changes retain negative outcomes and do not change input snapshots (0.7342ms)
✔ CP scenario cannot cross layout or absolute analysis window (0.5783ms)
✔ CP mode survives summary roundtrip; old summaries retain historical comparison meaning (4.4798ms)
✔ CP nonfinite external readings never become displayed delta (0.4397ms)
✔ separate curved sheets have continuous boundary normals and finite UV coordinates (12.959ms)
✔ rounded lamp apertures preserve the original silhouette bounds without repeated sharp corners (0.8572ms)
✔ P7 shoulder-to-window gap is closed by paint owned by the removable front door (2844.9655ms)
✔ dense grid queries 1989 distinct locations across the original spatial extent (5.9482ms)
✔ dense texture retains the exact engine point order and paired channel energy (8.5016ms)
✔ volume mode contains no visible planar slices; explicit slices remain available (13.8903ms)
✔ temporal transition blends energy and a replacement starts at the displayed energy (10.4128ms)
✔ rewind, weighting, layout and point changes never blend incompatible frames (10.194ms)
✔ driving distance uses the experiment clock, including pause and backward seek (1.4432ms)
✔ road segments cover a continuous range and preserve world identity while passing the car (3.7546ms)
✔ four cabin eyes share P7 seat coordinates and are distinct from the microphones (0.8022ms)
✔ cabin look rotates around the eye without translating it and clamps pitch (1.6517ms)
✔ wheel spin preserves its axle and semantic attachment, keeping the brake caliper stationary (6.6801ms)
✔ curved graded route preserves arc length, periodic seams and reversible vehicle coordinates (49.5906ms)
✔ A2 landscape: finite, continuous, bounded slopes across every environment and negative world coordinates (1613.4851ms)
✔ A2 road ground stays below the travelled lane through bends and grades (76.7949ms)
✔ A2 recycled world tiles stay beyond the fully faded distance for forward and backward driving (17.5525ms)
✔ A2 sky retains complete imagery while loading and blends monotonically; rapid requests retain referenced textures (37.6449ms)
✔ A2 outdoor camera cannot enter the floor, car shell or distant scenery after repeated pan/zoom/orbit (3.2576ms)
✔ volume texture keeps every queried point and both channels in WebGL storage order (8.1219ms)
✔ spatial smoothing operates on mean-square energy, not a mean of dB or RGB (1.0956ms)
✔ improvement is the signed, same-point same-frame difference; worsening is retained (0.7176ms)
✔ detail range includes both channels and has a nonzero span even for a flat frame (0.8328ms)
✔ improvement detail keeps zero centered and includes real worsening and improvement (0.6525ms)
✔ camera moves around the car and reaches an exact endpoint without overshoot (1.819ms)
✔ manual input cancels motion; a rapid replacement starts at the currently visible pose (0.9097ms)
✔ dense queries yield in bounded batches and publish the original point order at one window (162.1419ms)
✔ a late query is cancelled before more chunks are submitted (2.3325ms)
✔ different windows, weighting, positions and layout cannot be merged into one field (51.5972ms)
✔ an invalid warm-up grid stays invalid instead of becoming a coloured result (122.7715ms)
✔ three slice meshes use the original 280 queried positions, including their fixed physical planes (3.7617ms)
✔ a reordered, truncated or non-finite B field frame cannot color the old locations (1.1889ms)
✔ moving each sampled plane requests its physical position and refuses the previous field frame (5.9922ms)
✔ 12 coincident projections remain separate and inside the narrow supported viewer (5.6067ms)
✔ four source illustrations can share a narrow view with all 12 hardware labels (3.1056ms)
✔ labels at viewport edges and densely grouped hardware remain clickable (11.5739ms)
✔ lab callouts stay beside the projected hardware instead of the full viewport edges (3.0096ms)
✔ near-car labels remain separate and clickable in a narrow 360 px viewer (0.7264ms)
✔ 720p structure panels and transport never cover the 16 hardware callouts (1.2955ms)
✔ a completely obstructed viewport does not put an invisible clickable label behind its panel (0.4081ms)
✔ P7+ canopy, liftback glazing and rear bumper are separately owned assemblies (2784.1058ms)
✔ P7+ hidden shell exposes actual seat picking, and clipping rejects the removed half (2127.5331ms)
✔ P7+ intermediate explosion poses remain finite and return to identical world transforms (1637.2575ms)
✔ P7+ paint and shell presentation preserve independent glass, tires and cabin materials (1536.42ms)
✔ P7 detailed EV assemblies and acoustic diaphragms own their reversible geometry (1472.1141ms)
✔ featured structures exist in each generated architecture and explain its actual drive path (537.6735ms)
✔ true mesh-plane sections preserve area, plane position and outward normal after transforms (10.5089ms)
✔ section through exact edges is closed; tangencies and existing coplanar faces are not duplicated (10.6128ms)
✔ ring sections keep their holes and disconnected islands; open surfaces never get a solid cap (47.321ms)
✔ section display updates from exploded geometry, respects ancestor visibility and material opacity (7.6919ms)
✔ bundled showroom SUV is the attributed, offline CC BY asset within the geometry budget (11.1974ms)
✔ BEV showroom keeps the original attribution and bundles a decodable offline model (13.4355ms)
✔ contoured upholstery remains finite, smoothly shaded and inside the assembled seat envelope (267.0695ms)
✔ GX seat detail retains part ownership, reversibility and shared micrograin lifetime (3188.0751ms)
✔ four drivetrains preserve their physical differences and five-seat cabin (545.6164ms)
✔ vehicle geometry is finite and every owned GPU resource is disposed once (510.0674ms)
✔ the BEV and EREV battery enclosure remains directly visible from the underbody (299.6173ms)
✔ the closed side sill hides the floor and battery at door level on all four vehicles (340.0232ms)
✔ xpeng-p7plus: independent layout, full cross paths, both sources and live/batch/field agreement (532.8654ms)
✔ xpeng-p7plus: observer seats and acoustic attachment nodes exist in the actual detachable model (2270.0817ms)
✔ xpeng-x9: independent layout, full cross paths, both sources and live/batch/field agreement (382.1299ms)
✔ xpeng-x9: observer seats and acoustic attachment nodes exist in the actual detachable model (2654.0488ms)
✔ xpeng-l03: independent layout, full cross paths, both sources and live/batch/field agreement (326.5695ms)
✔ xpeng-l03: observer seats and acoustic attachment nodes exist in the actual detachable model (2112.0381ms)
✔ xpeng-m03: independent layout, full cross paths, both sources and live/batch/field agreement (296.0555ms)
✔ xpeng-m03: observer seats and acoustic attachment nodes exist in the actual detachable model (1947.3925ms)
✔ xpeng-gx: independent layout, full cross paths, both sources and live/batch/field agreement (240.642ms)
✔ xpeng-gx: observer seats and acoustic attachment nodes exist in the actual detachable model (1765.2253ms)
✔ x9: P7-level structural coverage and correctly separated battery layers (3552.2241ms)
✔ x9: interior ray picking and sampled disassembly restore world transforms (2922.4864ms)
✔ l03: P7-level structural coverage and correctly separated battery layers (2057.0606ms)
✔ l03: interior ray picking and sampled disassembly restore world transforms (1989.9596ms)
✔ m03: P7-level structural coverage and correctly separated battery layers (1764.5612ms)
✔ m03: interior ray picking and sampled disassembly restore world transforms (1703.9063ms)
✔ gx: P7-level structural coverage and correctly separated battery layers (1419.326ms)
✔ gx: interior ray picking and sampled disassembly restore world transforms (1456.873ms)
✔ Verified drivetrain and suspension differences survive shared construction helpers (4482.0924ms)
✔ A2 XPeng x9: real proportions, semantic rows and finite geometry (3829.5836ms)
✔ A2 XPeng x9: explosion is reversible, clamped and above floor (2912.0785ms)
✔ A2 XPeng p7plus: real proportions, semantic rows and finite geometry (1715.662ms)
✔ A2 XPeng p7plus: explosion is reversible, clamped and above floor (1605.7617ms)
✔ A2 XPeng l03: real proportions, semantic rows and finite geometry (1998.9952ms)
✔ A2 XPeng l03: explosion is reversible, clamped and above floor (1624.7171ms)
✔ A2 XPeng m03: real proportions, semantic rows and finite geometry (1725.2143ms)
✔ A2 XPeng m03: explosion is reversible, clamped and above floor (1501.7816ms)
✔ A2 XPeng gx: real proportions, semantic rows and finite geometry (1493.7359ms)
✔ A2 XPeng gx: explosion is reversible, clamped and above floor (1137.3208ms)
✔ A2 XPeng paint affects exterior clones only; resources dispose exactly once (1042.5518ms)
✔ B2-003 async: Web Crypto produces the same container and detached data as sync API (87.1731ms)
✔ B2-003 async: encoding snapshots config, run identity, samples and budgets before awaiting (60.8798ms)
✔ B2-003 async: decode owns a snapshot across Buffer mutation, offset views and transfer (60.1599ms)
✔ B2-003 async: hash rejections and invalid digests propagate without a partial result (63.7882ms)
✔ B2-003 async: malformed, nonfinite and over-budget inputs reject before invoking crypto (23.764ms)
✔ B2-003: default binary roundtrip, recipe recompute and Python oracle (1187.1484ms)
✔ B2-003: seed29 binary roundtrip, recipe recompute and Python oracle (1109.5022ms)
✔ B2-003: seed47 binary roundtrip, recipe recompute and Python oracle (1002.5771ms)
✔ B2-003: taps32 binary roundtrip, recipe recompute and Python oracle (728.6813ms)
✔ B2-003: mu0 binary roundtrip, recipe recompute and Python oracle (682.299ms)
✔ B2-003: registered source hashes match the numerical implementation (2.2386ms)
✔ B2-003: preserve reference identity, little-endian edge bits and offset views (407.9329ms)
✔ B2-003: silent and zero-denominator metrics retain nonfinite tags and unavailable measurements (137.5588ms)
✔ B2-003: genuine zero/negative reductions and tagged negative zero stay distinct from silence (117.6761ms)
✔ B2-003: malformed/truncated headers, overflow lengths, trailing bytes and padding are rejected (9.5551ms)
✔ B2-003: schema, channel mapping, units, metadata, normalized config and metrics are validated (43.4737ms)
✔ B2-003: integrity mismatch and hash-correct nonfinite payload cannot import (23.5246ms)
✔ B2-003: budgets refuse before hashing/large output and count UTF-8 bytes (17.703ms)
✔ B2-003: unknown numerical models are read-only; recipe recompute revalidates identity and fresh id (20.0062ms)
✔ B2-003: recipes reject extra scripts/URLs/arrays, bad text/config and different schemas (1.4477ms)
✔ B2-003: live snapshots, partial results, bad dimensions and invalid samples are not batches (28.5636ms)
✔ B2-003 lab recipe: ice, both sources and 1/4/8 reference topology (1221.8277ms)
✔ B2-003 lab recipe: bev, both sources and 1/4/8 reference topology (1141.9629ms)
✔ B2-003 lab recipe: hev, both sources and 1/4/8 reference topology (1019.332ms)
✔ B2-003 lab recipe: erev, both sources and 1/4/8 reference topology (908.4542ms)
✔ B2-003 lab recipe: model/source/recording identities match current files (6.3254ms)
✔ B2-003 lab recipe: preserve legacy absence and normalize shaped/layout/offset defaults explicitly (225.057ms)
✔ B2-003 lab recipe: RNC off, zero step, speaker disable, seed/taps changes and negative gains retain exact behavior (297.099ms)
✔ B2-003 lab recipe: actual divergence is a finite prefix, never padded or called complete (195.3794ms)
✔ B2-003 lab recipe: unknown layouts cannot encode/recompute and unknown model is only parsed (3.3697ms)
✔ B2-003 lab recipe: recording asset is mandatory, full-byte hash checked, never random fallback (5.3223ms)
✔ B2-003 lab recipe: snapshot config/id/budget and asset before await, propagate resolver/hash failures (103.3182ms)
✔ B2-003 lab recipe: reject bad config, dimensions, identities, extra scripts, live mode and altered defaults (3.0586ms)
✔ B2-003 lab recipe: byte and recompute budgets reject before asset loading or calculation (1.5053ms)
✔ B2-003 lab result: ice, both sources and 1/4/8 references sync/async exact roundtrip (462.5259ms)
✔ B2-003 lab result: bev, both sources and 1/4/8 references sync/async exact roundtrip (522.5425ms)
✔ B2-003 lab result: hev, both sources and 1/4/8 references sync/async exact roundtrip (526.7671ms)
✔ B2-003 lab result: erev, both sources and 1/4/8 references sync/async exact roundtrip (488.232ms)
✔ B2-003 lab result: divergence, disabled RNC/output, mu0 and legacy absence retain status and identities (288.8172ms)
✔ B2-003 lab result: tagged invalid metrics survive, disagreeing summary is quarantined (65.918ms)
✔ B2-003 lab result: silence and empty divergence never become valid zero dB, real mu0 does (28.9997ms)
✔ B2-003 lab result: finite edge bits and offset views survive with independent arrays (46.1306ms)
✔ B2-003 lab result: unknown model/layout remain read-only without verified metrics (35.8885ms)
✔ B2-003 lab result: hostile manifest identities, dimensions, units, clocks, state and scalar tags reject before hashing (45.2513ms)
✔ B2-003 lab result: truncation, trailing data, lengths, padding, UTF-8 and nonfinite samples reject (31.7053ms)
✔ B2-003 lab result: explicit batch, complete/prefix rules, array shape, UTF-8 identity and budgets reject before crypto (25.0072ms)
✔ B2-003 lab result: async encoder captures all signals/metadata/limits before await (22.7548ms)
✔ B2-003 lab result: async import owns Buffer/offset views across mutation or transfer; SHA failures propagate (40.2277ms)
✔ B2-003 registered export: xpeng-p7plus-bev-v1, both sources, 1/4/8 references (654.1629ms)
✔ B2-003 registered export: xpeng-x9-erev-v1, both sources, 1/4/8 references (555.6275ms)
✔ B2-003 registered export: xpeng-l03-bev-v1, both sources, 1/4/8 references (484.3966ms)
✔ B2-003 registered export: xpeng-m03-bev-v1, both sources, 1/4/8 references (526.283ms)
✔ B2-003 registered export: xpeng-gx-erev-v1, both sources, 1/4/8 references (607.6921ms)
✔ B2-003 registered export: actual historical model-1 files remain read-only and cannot load assets (10.2749ms)
✔ B2-003 registered export: unknown, asset aliases and powertrain mismatches parse without enabling execution (48.0558ms)
✔ B2-003 registered export: unsupported layouts still reject invalid config and normalization before hashing (41.6297ms)
✔ Hann Welch one-sided PSD integrates to tone mean-square and has the correct peak (7.0003ms)
✔ B2-002: RMS uses exactly the trailing 1000 samples, including first and final windows (4.6998ms)
✔ B2-002: same-window reduction preserves negative gains and aggregates powers before dB (2.38ms)
✔ B2-002: silence and near-floor pressure never report valid zero-dB benefit (7.6694ms)
✔ B2-002: non-finite pressure is unavailable, never a valid analysis frame (7.7315ms)
✔ B2-002: power rejects invalid ranges and PSD clamps finite sample cursors to actual data (1.5006ms)
✔ B2-002: PSD rejects non-finite samples in its complete windows and ignores future samples (1.49ms)
✔ B2-002: non-finite PSD cursors cannot trap a caller in an unbounded loop (198.7915ms)
✔ B2-002: shared PSD preserves lab pressure weighting and vibration/drive/source units (7.5214ms)
✔ B2-002: asymmetric signal Welch bins match direct DFT, 50% overlap and incomplete-tail handling (115.0207ms)
✔ B2-002: DC and Nyquist are not doubled; PSD scales as signal-unit squared per Hz (9.4523ms)
✔ analysis warming-up, window boundary, channel identity and pressure calibration (0.953ms)
✔ step size accepts every nonnegative finite value and finite drives exceed the former 100 threshold (323.6701ms)
✔ batch and chunked overflow stop at the same Float32 boundary, keeping the last finite samples and spectra (538.3657ms)
✔ overflow on the first weight update gives an empty finite prefix and a terminal diagnostic (45.0638ms)
✔ new lab experiments learn before two seconds without changing sources or superposition (945.3717ms)
✔ lab FxLMS produces finite true superposition, baseline then learned reduction at all microphones (12.6667ms)
✔ all 16 secondary paths have causal cross coupling and every source reaches every mic (2.036ms)
✔ first adaptive output matches an independent all-error normalized gradient calculation (53.5698ms)
✔ RNC off, zero step and all disabled speakers retain original noise exactly (990.4244ms)
✔ one and eight references and disabled output actually change controller dimensions and results (1774.5129ms)
✔ recording-shaped sources retain high finite values and return the valid prefix on overflow (3196.3397ms)
✔ field at microphone positions equals independently measured trace power in the same window (37.5541ms)
✔ off-microphone field is recalculated from wheel q and speaker u, not microphone interpolation (128.776ms)
✔ vehicle paths vary, seed is reproducible and speed/roughness trends are source-driven (1223.8861ms)
✔ warm-up, zero-speed energy floor and bad configurations are explicit (677.2895ms)
✔ q selection analyzes each actual wheel source independently of reference layout (337.8214ms)
✔ A weighting matches reference corrections and applies power rather than amplitude to PSD (40.0256ms)
✔ teaching calibration anchors pooled 40 km/h baseline at 60 dBA; offset changes H only (777.0836ms)
✔ A/Z analysis and field agree at microphones, including first window and wrapped live history (3529.4768ms)
✔ duration budget rejects invalid allocations; short runs have finite metrics and long runs share streaming samples (5047.2966ms)
✔ pressure density levels use 20uPa while other signals keep unit reference; manual waveform bounds never reveal future samples (425.2337ms)
✔ NFxLMS joint normalization scales inversely with filtered-reference power and regularizes silence (0.3036ms)
✔ stateful first 16 seconds match the unchanged batch q/x/u/d/a/e bit for bit (2299.2271ms)
✔ arbitrary block sizes preserve source/filter/weight state beyond 16 seconds and repeated history wraps (7444.5463ms)
✔ RNC off, zero step, disabled speakers and eight references retain the batch semantics across blocks (4408.3083ms)
✔ wrapped snapshots use one absolute clock and yield the same field window at mic and off-mic points (1683.4975ms)
✔ resident storage stays bounded through two minutes and invalid requests do not advance the stream (3301.4136ms)
✔ live RNC OFF freezes learned weights and zeros drive; ON resumes from those weights without restarting sources (510.746ms)
✔ an initially disabled live controller can start adapting later (137.112ms)
✔ wrapped live history retains five seconds at the audible clock despite producer prefetch (1418.9531ms)
✔ numeric overflow returns the finite prefix, preserves history, and cannot resume (9.4185ms)
✔ live generation ignores replay duration, preserves bounded adaptation for ten minutes and refuses overflow atomically (21531.4521ms)
✔ P7 layout has its own cabin and paths; legacy layout unchanged and unsupported IDs rejected (5.7568ms)
✔ P7 arbitrary stream blocks match batch q/x/u/d/a/e bit for bit (465.4985ms)
✔ P7 field equals independent microphone trace power at the same point and window (33.0182ms)
✔ P7 recorded-source branch shares fractional paths between batch, streaming and field (550.1336ms)
✔ a pure delayed gain has constant magnitude and exact analytic group delay (2.9887ms)
✔ response zeros are undefined rather than false finite phase/delay; all sixteen paths remain selectable (75.0605ms)
✔ recorded sources use the four primary-noise ears, validate assets and require explicit data (60.113ms)
✔ recorded source samples retain shared timing and gain, crossfade synchronously and do not become random or pitch shifted (100.2939ms)
✔ recorded batch and irregular live blocks agree exactly through two source loops; storage and adaptation remain continuous (7789.2466ms)
✔ recorded primary paths stay causal and fully coupled, match the passenger 48dBA/Hz peak anchor, and match microphone fields (335.614ms)
✔ recording-derived data keeps all references and uncalibrated provenance; spectra distinguish vibration and cabin noise (1406.3562ms)
✔ spectral stretch remains causal, normalized and exactly shared by batch/stream at temperature-pressure limits (2100.3749ms)
✔ B1-002: unchanged core in test harness matches normal production entry sample-for-sample (853.6927ms)
✔ B1-002: asymmetric matrices and independent recurrence detect sign/index/cross-path/timing faults (5234.8ms)
✔ B1-002: every one of 16 output/reference controller routes contributes with the correct update (1576.897ms)
✔ B1-002: modifying future x/d cannot change any past output (589.763ms)
✔ B1-003: invalid shapes, every missing/fixed field and nonfinite values return structured config errors (3.4088ms)
✔ B1-003: all 12 legal configurations have finite isolated Float32 channels and exact zero-step identities (2231.946ms)
✔ B1-003: nonfinite data, short arrays, drive failure and Float32 overflow never return partial success (1061.6021ms)
✔ B1-003: a failed call preserves prior results and cannot poison the next run (645.4005ms)
✔ B1-001: default all 640000 samples and metrics match independent Python; exact repeat (554.5157ms)
✔ B1-001: seed29 all 640000 samples and metrics match independent Python; exact repeat (565.0318ms)
✔ B1-001: seed47 all 640000 samples and metrics match independent Python; exact repeat (465.5279ms)
✔ B1-001: taps32 all 640000 samples and metrics match independent Python; exact repeat (292.8438ms)
✔ B1-001: mu0 all 640000 samples and metrics match independent Python; exact repeat (267.0867ms)
✔ B1-001: comparison rejects sign, time shift, zeroed output, NaN and near-zero overflow (3.0395ms)
✔ B01/B03: all 640,000 samples match immutable Python Float32 golden and e=d+a (32.2083ms)
✔ B02/B04/B05: five configurations match Python metrics; repeat is deterministic (783.4355ms)
✔ B06: every output reaches every mic; removing one cross-path removes only that response (0.3496ms)
✔ B07: rejects invalid taps, negative/NaN step, wrong fixed dimensions, null config (0.3226ms)
✔ B2-001: independent unsigned PRNG oracle preserves all three seeds and distinct channel streams (3.916ms)
✔ B2-001: three-seed shaped references and primary pressure match every Python Float32 sample (123.7039ms)
✔ B2-001: all primary and secondary FIRs retain oracle taps, causal delays and complete cross-coupling (0.9986ms)
✔ B2-001: original pressure includes the documented independent disturbance after causal P*x (52.3901ms)
✔ B2-001: exported demo-v2 identity, units and last-sample time stay explicit (0.1914ms)
✔ audio paths use the same linear gain and sinc resampling (18.8158ms)
ℹ tests 324
ℹ suites 0
ℹ pass 324
ℹ fail 0
ℹ cancelled 0
ℹ skipped 0
ℹ todo 0
ℹ duration_ms 45499.2785
$ tsc --noEmit && vite build
vite v7.1.7 building for production...
transforming...
✓ 111 modules transformed.
rendering chunks...
computing gzip size...
dist/index.html                                            1.03 kB │ gzip:     0.57 kB
dist/assets/engine.worker-Sv3u2Fdq.js                      4.29 kB
dist/assets/rnc-serif-DH6On44C.woff2                      17.78 kB
dist/assets/gallery-desert-B0GsNK42.webp                  19.07 kB
dist/assets/gallery-mountain-B9cQlO9E.webp                19.91 kB
dist/assets/gallery-snow-nXhd3GdG.webp                    22.82 kB
dist/assets/gallery-coast-Dl7q4u_l.webp                   26.81 kB
dist/assets/lab.worker-C7FgpgE2.js                        30.88 kB
dist/assets/rnc-sans-vf96sMn8.woff2                      235.82 kB
dist/assets/recorded-primary-BSu6qUp_.f32              1,280.02 kB
dist/assets/layout-BJyQje-f.png                        1,671.89 kB
dist/assets/gallery-champagne-sunset-v2-DNZvigIO.png   1,944.61 kB
dist/assets/paths-C9jf-qv9.png                         1,989.86 kB
dist/assets/field-CNNqPcDN.png                         2,388.10 kB
dist/assets/aerial_grass_rock_diff_2k-BtlOO1j7.jpg     2,624.64 kB
dist/assets/golden_browser_fixture-BhKaGSeS.json       3,414.19 kB │ gzip: 2,407.80 kB
dist/assets/lakes_8k-Cpp28BEr.jpg                      4,742.10 kB
dist/assets/asphalt_02_nor_gl_2k-UEyVbT-h.jpg          4,943.95 kB
dist/assets/goegap_2k-Jq4FxBej.hdr                     5,445.36 kB
dist/assets/range-rover-sport-svr-4ykCwhl8.glb         5,726.33 kB
dist/assets/lakes_2k-Cp9fVIm5.hdr                      5,918.43 kB
dist/assets/goegap_8k-BpN4yx3b.jpg                     6,050.86 kB
dist/assets/gravel_floor_nor_gl_2k-DtygZ1JK.jpg        6,139.01 kB
dist/assets/tesla-model-y.meshopt-DxsAdN_g.glb        10,353.64 kB
dist/assets/asphalt_02_diff_4k-ztmUkEFu.jpg           11,654.13 kB
dist/assets/gravel_floor_diff_4k-B_Xe7M1M.jpg         18,167.19 kB
dist/assets/lago_disola_4k-CMa_-4Rz.hdr               26,197.09 kB
dist/assets/alps_field_4k-DL9vOQ3t.hdr                26,520.86 kB
dist/assets/lago_disola_8k-C31ajjrJ.jpg               50,106.04 kB
dist/assets/alps_field_8k-BrpRqQi6.jpg                53,871.22 kB
dist/assets/index-Di_b5R-_.css                             6.73 kB │ gzip:     2.23 kB
dist/assets/viewer-BKEBPkNH.css                           14.36 kB │ gzip:     3.45 kB
dist/assets/index-zebzp2gV.css                            88.83 kB │ gzip:    19.36 kB
dist/assets/contracts-nWp9BSjY.js                          0.09 kB │ gzip:     0.11 kB │ map:     2.22 kB
dist/assets/preload-helper-PPVm8Dsz.js                     1.28 kB │ gzip:     0.75 kB │ map:     0.11 kB
dist/assets/path-analysis-COwjqcbF.js                      1.48 kB │ gzip:     0.85 kB │ map:     5.24 kB
dist/assets/index-BJJq3Ru5.js                              2.00 kB │ gzip:     1.05 kB │ map:     7.96 kB
dist/assets/lab-contracts-BIycLH2B.js                      3.25 kB │ gzip:     1.52 kB │ map:    15.85 kB
dist/assets/index-D1dF3fTJ.js                              3.69 kB │ gzip:     1.83 kB │ map:     6.85 kB
dist/assets/lab-engine-Ci4Y6_4r.js                         4.22 kB │ gzip:     1.90 kB │ map:    14.44 kB
dist/assets/asset-inspection-C8XEJQc0.js                   4.45 kB │ gzip:     1.91 kB │ map:    14.95 kB
dist/assets/paths-C-m_HCM-.js                             11.02 kB │ gzip:     5.42 kB │ map:    28.52 kB
dist/assets/index-CtZ-usB_.js                             17.96 kB │ gzip:     8.12 kB │ map:    70.68 kB
dist/assets/index-Co6l6lnn.js                             20.53 kB │ gzip:     9.21 kB │ map:    53.78 kB
dist/assets/showroom-model-DldXCgbv.js                    33.44 kB │ gzip:    10.57 kB │ map:    68.00 kB
dist/assets/GLTFLoader-AKRYz9cd.js                        44.06 kB │ gzip:    13.01 kB │ map:   186.62 kB
dist/assets/xpeng-model-CWXboaZ0.js                       60.84 kB │ gzip:    24.85 kB │ map:   215.05 kB
dist/assets/index-lZgt8rZO.js                            582.43 kB │ gzip:   227.15 kB │ map: 1,471.40 kB
dist/assets/viewer-UZqGWtIN.js                           601.36 kB │ gzip:   154.75 kB │ map: 2,920.75 kB

(!) Some chunks are larger than 500 kB after minification. Consider:
- Using dynamic import() to code-split the application
- Use build.rollupOptions.output.manualChunks to improve chunking: https://rollupjs.org/configuration-options/#output-manualchunks
- Adjust chunk size limit for this warning via build.chunkSizeWarningLimit.
✓ built in 2.75s
